03-03 18:19:43.969  8651        8651 I 00800/Gallery2_Common_AbsPhotoBrowser: update photo: 34, active: false, //storage/emulated/0/Pictures/**ots**/Screenshot_20260227_114735_com.ss.android.ugc.aweme.jpg
03-03 18:19:43.970  8651        8651 I 00800/Gallery2_Common_SinglePhotoBrowseFacade:  hideLoadingProgressBar:
03-03 18:19:43.970  8651        8651 I 00800/Gallery2_Common_PhotoBrowserViewProxy: setScreenNail() TiledScreenNail@aba76c0{mBitmap=[Bitmap@3cac043, colorSpace: sRGB IEC61966-2.1 (id=0, model=RGB), config: ARGB_8888, nativePtr: 482928721344], mLevel=REQUEST_IMAGE, mMediaItem=Screenshot_20260227_114735_com.ss.android.ugc.aweme.jpg, mDecodeSource='ImagePipeline', mDisplayVersion=0, mGainMap=null, mMetaData=null, mIsRecycle=false}
03-03 18:19:43.970  8651        8651 I 00800/Gallery2_Common_AbsScreenNail: update screenNail
03-03 18:19:43.970  8651        8651 I 00800/Gallery2_Common_PhotoBrowserRenderBean: PhotoBrowserRenderBean@52ee325 setScreenNail() ===start===
03-03 18:19:43.970  8651        8651 I 00800/Gallery2_Common_PhotoBrowserRenderBean: old: null
03-03 18:19:43.970  8651        8651 I 00800/Gallery2_Common_PhotoBrowserRenderBean: new: TiledScreenNail@aba76c0{mBitmap=[Bitmap@3cac043, colorSpace: sRGB IEC61966-2.1 (id=0, model=RGB), config: ARGB_8888, nativePtr: 482928721344], mLevel=REQUEST_IMAGE, mMediaItem=Screenshot_20260227_114735_com.ss.android.ugc.aweme.jpg, mDecodeSource='ImagePipeline', mDisplayVersion=0, mGainMap=null, mMetaData=null, mIsRecycle=false}
03-03 18:19:43.970  8651        8651 I 00800/Gallery2_Common_PhotoBrowserRenderBean: PhotoBrowserRenderBean@52ee325 setScreenNail() ====end====
03-03 18:19:43.970  8651        9020 I 00800/Gallery2_Common_DecodeUtils: ensureGL_step2 copy config ARGB_8888,color_space Display P3 (id=7, model=RGB), bitmap: android.graphics.Bitmap@1ca2cfa
03-03 18:19:43.970  8651        9020 I 00800/Gallery2_Common_DecodeUtils: ensureGL_step3 bitmap android.graphics.Bitmap@1ca2cfa
03-03 18:19:43.970  8651        8651 I 00800/Gallery2_Common_PhotoBrowserViewProxy: onImageLoaded @Screenshot_20260227_114735_com.ss.android.ugc.aweme.jpg
03-03 18:19:43.970  8651        9020 I 00800/Gallery2_Common_DiskCacheReadProcessor: cache hit: **1772457856400.jpg**, opt: Options{decodeOptions={0, ARGB_8888}, type=17, shouldResize=true}
03-03 18:19:43.970  8651        8651 I 00800/Gallery2_Common_PhotoBrowserViewProxy: getThumbData cost: 0
03-03 18:19:43.970  8651        9020 I 00800/Gallery2_Common_DiskCacheReadProcessor: cache hit: **1772457856400.jpg**, bitmap: android.graphics.Bitmap@1ca2cfa
03-03 18:19:43.970  8651        8651 I 00800/Gallery2_Common_PhotoBrowserViewProxy: onImageLoaded ScreenNail : TiledScreenNail@aba76c0{mBitmap=[Bitmap@3cac043, colorSpace: sRGB IEC61966-2.1 (id=0, model=RGB), config: ARGB_8888, nativePtr: 482928721344], mLevel=REQUEST_IMAGE, mMediaItem=Screenshot_20260227_114735_com.ss.android.ugc.aweme.jpg, mDecodeSource='ImagePipeline', mDisplayVersion=0, mGainMap=null, mMetaData=null, mIsRecycle=false}
03-03 18:19:43.970  8651        9020 I 00800/Gallery2_Common_RotateProcessor: rotate bitmap rotation: 0,android.graphics.Bitmap@1ca2cfa -> android.graphics.Bitmap@1ca2cfa, **1772457856400.jpg**
03-03 18:19:43.970  8651        8651 I 00800/PhotoBrowseController: mScaleMax: 2.0
03-03 18:19:43.970  8651        8651 I 00800/CloudPhotoBrowserManager: setPhotoBrowserSreenNailDone: Screenshot_20260227_114735_com.ss.android.ugc.aweme.jpg
03-03 18:19:43.970  8651        9020 I 00800/Gallery2_Common_AbsScreenNail: construct TiledScreenNail@2582ab{mBitmap=[Bitmap@1ca2cfa, colorSpace: Display P3 (id=7, model=RGB), config: ARGB_8888, nativePtr: 482928721536], mLevel=REQUEST_IMAGE, mMediaItem=**1772457856400.jpg**, mDecodeSource='ImagePipeline', mDisplayVersion=0, mGainMap=null, mMetaData=null, mIsRecycle=false}
03-03 18:19:43.970  8651        8651 I 00800/CloudEnhanceStateMachine: before State: StateStart
03-03 18:19:43.970  8651        8651 I 00800/CloudEnhanceStateMachine: now State: StateStart
03-03 18:19:43.971  8651        9020 I 00800/Gallery2_Common_TiledScreenNail: TiledScreenNail, the bitmap.size = 8286720, mWidth = 1079, mHeight = 1920
03-03 18:19:43.971  8651        8651 I 00800/Gallery2_Common_TileImageViewAdapter: clear()
03-03 18:19:43.971  8651        9020 I 00800/Gallery2_Common_LegacyThumbnailStrategy: decode finish schedule_cost: 47, task_cost: 26, prefer_cfg: ARGB_8888, bitmap: 1079x1920, cfg: ARGB_8888, task: LEGACY, **1772457856400.jpg**
03-03 18:19:43.972  8651        9020 I 00800/Gallery2_Common_PerformanceTracker: **1772457856400.jpg** processRecord: {StorageVisitProcessor=TimeRecord{cost=0}, RotateProcessor=TimeRecord{cost=0}, DiskCacheReadProcessor=TimeRecord{cost=25}, ScreenNailWrapper=TimeRecord{cost=1}, DrmProcessor=TimeRecord{cost=0}, ReadyToUseProcessor=TimeRecord{cost=0}, PrepareToDrawProcessor=TimeRecord{cost=0}}
03-03 18:19:43.972 20578  8751  8751 D 03F00/ArkCompiler: [gc] AddRegion:24 Add region:0x7776d00000 to semi space
03-03 18:19:43.972  8651        9020 I 00800/Gallery2_Common_RequestContext: start job: **1772125292864.jpg** specialFileType: 0 originPriority: -2 currentPriority: -8
03-03 18:19:43.973  8651        8651 I 00800/Gallery2_Common_ActionBarCommonContainerManager: initActionBarContainer top:80, bottom:220
03-03 18:19:43.974  8651        9020 I 00800/Gallery2_Common_DecodeUtils: decodeThumbnail file exists, filePath://storage/emulated/0/Pictures/***in***/**1772125292864.jpg** size:106323
03-03 18:19:43.978  8651        8651 I 00800/Gallery2_Common_GifBrowser: No need to play, stop gif playing and hide gif view.
03-03 18:19:43.978  8651        8651 I 00800/Gallery2_Common_ActionBarCommonContainerManager: initActionBarContainer top:80, bottom:220
03-03 18:19:43.981  8651        8651 I 00800/Gallery2_Common_SinglePhotoBrowseFacade: setCurrentMediaItem() **1772457856400.jpg** SinglePhotoBrowseFacade is com.huawei.gallery.view.app.singlephoto.SinglePhotoBrowseFacade@a9c2ed9,mIsActive false
03-03 18:19:43.981  8651        8651 I 00800/Gallery2_Common_PhotoBrowserViewProxy:  file **1772457856400.jpg**, rotation 0
03-03 18:19:43.981  8651        8651 I 00800/Gallery2_Common_PhotoBrowserViewProxy: the same PhotobrowseView display different image,so clear finger rotation
03-03 18:19:43.981  8651        8651 I 00800/PhotoBrowseController: resetViewState,isRecovering()=false
03-03 18:19:43.981  8651        8651 I 00800/PhotoBrowseController: mScaleMax: Infinity
03-03 18:19:43.981  8651        8651 I 00800/Gallery2_Common_AbsPhotoBrowser: update photo: 32, active: false, //storage/emulated/0/Pictures/***in***/**1772457856400.jpg**
03-03 18:19:43.981  8651        8651 I 00800/Gallery2_Common_SinglePhotoBrowseFacade:  hideLoadingProgressBar:
03-03 18:19:43.982  8651        8651 I 00800/Gallery2_Common_PhotoBrowserViewProxy: setScreenNail() TiledScreenNail@2582ab{mBitmap=[Bitmap@1ca2cfa, colorSpace: Display P3 (id=7, model=RGB), config: ARGB_8888, nativePtr: 482928721536], mLevel=REQUEST_IMAGE, mMediaItem=**1772457856400.jpg**, mDecodeSource='ImagePipeline', mDisplayVersion=0, mGainMap=null, mMetaData=null, mIsRecycle=false}
03-03 18:19:43.982  8651        8651 I 00800/Gallery2_Common_AbsScreenNail: update screenNail
03-03 18:19:43.982  8651        8651 I 00800/Gallery2_Common_PhotoBrowserRenderBean: PhotoBrowserRenderBean@f9c409e setScreenNail() ===start===
03-03 18:19:43.982  8651        8651 I 00800/Gallery2_Common_PhotoBrowserRenderBean: old: null
03-03 18:19:43.982  8651        8651 I 00800/Gallery2_Common_PhotoBrowserRenderBean: new: TiledScreenNail@2582ab{mBitmap=[Bitmap@1ca2cfa, colorSpace: Display P3 (id=7, model=RGB), config: ARGB_8888, nativePtr: 482928721536], mLevel=REQUEST_IMAGE, mMediaItem=**1772457856400.jpg**, mDecodeSource='ImagePipeline', mDisplayVersion=0, mGainMap=null, mMetaData=null, mIsRecycle=false}
03-03 18:19:43.982  8651        8651 I 00800/Gallery2_Common_PhotoBrowserRenderBean: PhotoBrowserRenderBean@f9c409e setScreenNail() ====end====
03-03 18:19:43.982  8651        8651 I 00800/Gallery2_Common_PhotoBrowserViewProxy: onImageLoaded @**1772457856400.jpg**
03-03 18:19:43.982  8651        8651 I 00800/Gallery2_Common_PhotoBrowserViewProxy: getThumbData cost: 0
03-03 18:19:43.982  8651        8651 I 00800/Gallery2_Common_PhotoBrowserViewProxy: onImageLoaded ScreenNail : TiledScreenNail@2582ab{mBitmap=[Bitmap@1ca2cfa, colorSpace: Display P3 (id=7, model=RGB), config: ARGB_8888, nativePtr: 482928721536], mLevel=REQUEST_IMAGE, mMediaItem=**1772457856400.jpg**, mDecodeSource='ImagePipeline', mDisplayVersion=0, mGainMap=null, mMetaData=null, mIsRecycle=false}
03-03 18:19:43.982  8651        8651 I 00800/PhotoBrowseController: mScaleMax: 2.2242818
03-03 18:19:43.982  8651        8651 I 00800/CloudPhotoBrowserManager: setPhotoBrowserSreenNailDone: mmexport1772457856400.jpg
03-03 18:19:43.982  8651        8651 I 00800/CloudEnhanceStateMachine: before State: StateStart
03-03 18:19:43.983  8651        8651 I 00800/CloudEnhanceStateMachine: now State: StateStart
03-03 18:19:43.983  8651        9021 I 00800/Gallery2_Common_DecodeUtils: safeDecodeFileDescriptor end isJustDecodeBounds: false, prefer: ARGB_8888, bitmap: android.graphics.Bitmap@9cda34c, color_space: sRGB IEC61966-2.1 (id=0, model=RGB), cfg: ARGB_8888
03-03 18:19:43.983  8651        9020 I 00800/Gallery2_Common_DecodeUtils: safeDecodeFileDescriptor start, YUV config ARGB_8888
03-03 18:19:43.983  8651        9021 I 00800/Gallery2_Common_DecodeUtils: ensureGL_step1 config: ARGB_8888, color_space: sRGB IEC61966-2.1 (id=0, model=RGB), bitmap: android.graphics.Bitmap@9cda34c
03-03 18:19:43.983  8651        8651 I 00800/Gallery2_Common_ActionBarCommonContainerManager: initActionBarContainer top:80, bottom:220
03-03 18:19:43.984  8651        9020 I 00800/Gallery2_Common_DecodeUtils: safeDecodeFileDescriptor end isJustDecodeBounds: true, prefer: ARGB_8888, bitmap: null
03-03 18:19:43.984  8651        9020 I 00800/Gallery2_Common_DecodeUtils: CUVA decodeThumbnail3 colorspace sRGB IEC61966-2.1 (id=0, model=RGB)
03-03 18:19:43.984  8651        9020 I 00800/Gallery2_Common_DecodeUtils: safeDecodeFileDescriptor start, YUV config ARGB_8888
03-03 18:19:43.984  8651        8651 I 00800/Gallery2_Common_GifBrowser: No need to play, stop gif playing and hide gif view.
03-03 18:19:43.988  8651        9021 I 00800/Gallery2_Common_DecodeUtils: ensureGL_step2 copy config ARGB_8888,color_space sRGB IEC61966-2.1 (id=0, model=RGB), bitmap: android.graphics.Bitmap@d17df95
03-03 18:19:43.988  8651        9021 I 00800/Gallery2_Common_DecodeUtils: ensureGL_step3 bitmap android.graphics.Bitmap@d17df95
03-03 18:19:43.988  8651        9021 I 00800/Gallery2_Common_ImageDecodeProcessor: onDecodeOriginal filePath://storage/emulated/0/Pictures/***in***/**1772455531067_edit_170061929241373.jpg** type:17 time:58
03-03 18:19:43.988  8651        9021 I 00800/Gallery2_Common_ImageDecodeProcessor: decode origin: android.graphics.Bitmap@d17df95, **1772455531067_edit_170061929241373.jpg**
03-03 18:19:43.989  8651        9021 I 00800/Gallery2_Common_ResizeProcessor: resize bitmap: android.graphics.Bitmap@d17df95 -> android.graphics.Bitmap@d17df95, **1772455531067_edit_170061929241373.jpg**
03-03 18:19:43.989  8651        8651 I 00800/Gallery2_Common_ActionBarCommonContainerManager: initActionBarContainer top:80, bottom:220
03-03 18:19:43.989  8651        9021 I 00800/Gallery2_Common_RotateProcessor: rotate bitmap rotation: 0,android.graphics.Bitmap@d17df95 -> android.graphics.Bitmap@d17df95, **1772455531067_edit_170061929241373.jpg**
03-03 18:19:43.989  8651        9021 I 00800/Gallery2_Common_AbsScreenNail: construct TiledScreenNail@5706c9b{mBitmap=[Bitmap@d17df95, colorSpace: sRGB IEC61966-2.1 (id=0, model=RGB), config: ARGB_8888, nativePtr: 484425414976], mLevel=REQUEST_IMAGE, mMediaItem=**1772455531067_edit_170061929241373.jpg**, mDecodeSource='ImagePipeline', mDisplayVersion=0, mGainMap=null, mMetaData=null, mIsRecycle=false}
03-03 18:19:43.990  8651        9021 I 00800/Gallery2_Common_TiledScreenNail: TiledScreenNail, the bitmap.size = 1971216, mWidth = 702, mHeight = 702
03-03 18:19:43.990  8651        9021 I 00800/Gallery2_Common_LegacyThumbnailStrategy: decode finish schedule_cost: 66, task_cost: 66, prefer_cfg: ARGB_8888, bitmap: 702x702, cfg: ARGB_8888, task: LEGACY, **1772455531067_edit_170061929241373.jpg**
03-03 18:19:43.990  8651        8651 I 00800/PerformanceRadarUtils$Reporter: JLID_CAMERA_SEE_TO_REVIEW_END Can't end reporter, wrong state 1
03-03 18:19:43.991  8651        8651 I 00800/Gallery2_Common_TileImageRender: update image width: 702, height: 702levelCount: 1
03-03 18:19:43.991  8651        9021 I 00800/Gallery2_Common_PerformanceTracker: **1772455531067_edit_170061929241373.jpg** processRecord: {ImageDecodeProcessor=TimeRecord{cost=58}, StorageVisitProcessor=TimeRecord{cost=0}, ResizeProcessor=TimeRecord{cost=0}, RotateProcessor=TimeRecord{cost=0}, DiskCacheReadProcessor=TimeRecord{cost=6}, ScreenNailWrapper=TimeRecord{cost=1}, DrmProcessor=TimeRecord{cost=0}, ReadyToUseProcessor=TimeRecord{cost=0}, PrepareToDrawProcessor=TimeRecord{cost=0}}
03-03 18:19:43.991  8651        8651 I 00800/Gallery2_Common_PhotoDataAdapter: set file://storage/emulated/0/Pictures/***in***/**1772455531067_edit_170061929241373.jpg**
03-03 18:19:43.991  8651        8651 I 00800/Gallery2_Common_SinglePhotoBrowseFacade: setCurrentMediaItem() mediaItem not changed, do nothing
03-03 18:19:43.991  8651        8651 I 00800/Gallery2_Common_SinglePhotoBrowseFacade: setCurrentMediaItem() **1772455531067_edit_170061929241373.jpg** SinglePhotoBrowseFacade is com.huawei.gallery.view.app.singlephoto.SinglePhotoBrowseFacade@569fc06,mIsActive true
03-03 18:19:43.991  8651        8651 I 00800/Gallery2_Common_PhotoBrowserViewProxy:  file **1772455531067_edit_170061929241373.jpg**, rotation 0
03-03 18:19:43.991  8651        8651 I 00800/Gallery2_Common_AbsPhotoBrowser: update photo: 33, active: true, //storage/emulated/0/Pictures/***in***/**1772455531067_edit_170061929241373.jpg**
03-03 18:19:43.991  8651        8651 I 00800/Gallery2_Common_SinglePhotoBrowseFacade:  hideLoadingProgressBar:
03-03 18:19:43.991  8651        8651 I 00800/Gallery2_Common_PhotoBrowserViewProxy: setScreenNail() TiledScreenNail@5706c9b{mBitmap=[Bitmap@d17df95, colorSpace: sRGB IEC61966-2.1 (id=0, model=RGB), config: ARGB_8888, nativePtr: 484425414976], mLevel=REQUEST_IMAGE, mMediaItem=**1772455531067_edit_170061929241373.jpg**, mDecodeSource='ImagePipeline', mDisplayVersion=0, mGainMap=null, mMetaData=null, mIsRecycle=false}
03-03 18:19:43.991  8651        8651 I 00800/Gallery2_Common_AbsScreenNail: update for better clarity
03-03 18:19:43.991  8651        8651 I 00800/Gallery2_Common_PhotoBrowserRenderBean: PhotoBrowserRenderBean@ac0ac8f setScreenNail() ===start===
03-03 18:19:43.991  8651        8651 I 00800/Gallery2_Common_PhotoBrowserRenderBean: old: TiledScreenNail@bd6b63a{mBitmap=[Bitmap@d5ec965, colorSpace: sRGB IEC61966-2.1 (id=0, model=RGB), config: ARGB_8888, nativePtr: 484425429120], mLevel=OPEN_ANIM_IMAGE, mMediaItem=**1772455531067_edit_170061929241373.jpg**, mDecodeSource='EnterAnimationSetter.run', mDisplayVersion=0, mGainMap=null, mMetaData=null, mIsRecycle=false}
03-03 18:19:43.991  8651        8651 I 00800/Gallery2_Common_PhotoBrowserRenderBean: new: TiledScreenNail@5706c9b{mBitmap=[Bitmap@d17df95, colorSpace: sRGB IEC61966-2.1 (id=0, model=RGB), config: ARGB_8888, nativePtr: 484425414976], mLevel=REQUEST_IMAGE, mMediaItem=**1772455531067_edit_170061929241373.jpg**, mDecodeSource='ImagePipeline', mDisplayVersion=0, mGainMap=null, mMetaData=null, mIsRecycle=false}
03-03 18:19:43.991  8651        8651 I 00800/Gallery2_Common_PhotoBrowserRenderBean: PhotoBrowserRenderBean@ac0ac8f setScreenNail() ====end====
03-03 18:19:43.991  8651        8651 I 00800/Gallery2_Common_PhotoBrowserViewProxy: onImageLoaded @**1772455531067_edit_170061929241373.jpg**
03-03 18:19:43.991  8651        8651 I 00800/Gallery2_Common_PhotoBrowserViewProxy: onImageLoaded ScreenNail : TiledScreenNail@5706c9b{mBitmap=[Bitmap@d17df95, colorSpace: sRGB IEC61966-2.1 (id=0, model=RGB), config: ARGB_8888, nativePtr: 484425414976], mLevel=REQUEST_IMAGE, mMediaItem=**1772455531067_edit_170061929241373.jpg**, mDecodeSource='ImagePipeline', mDisplayVersion=0, mGainMap=null, mMetaData=null, mIsRecycle=false}
03-03 18:19:43.991  8651        9021 I 00800/Gallery2_Common_RequestContext: start job: **1772457858238.jpg** specialFileType: 0 originPriority: -2 currentPriority: -8
03-03 18:19:43.992  8651        8651 I 00800/Gallery2_Common_PhotoBrowserViewProxy: from cache: false, file save complete ? true, is animation ? false, is show place holder false
03-03 18:19:43.992  8651        8651 I 00800/PhotoBrowseController: mScaleMax: 5.4700856
03-03 18:19:43.992  8651        8651 I 00800/PhotoBrowseController: initMatrix getInitScale 2.2792022,dst1600.0
03-03 18:19:43.992  8651        8651 I 00800/Gallery2_Common_PhotoBrowserViewProxy: imageSize(702x702) 0,file **1772455531067_edit_170061929241373.jpg**
03-03 18:19:43.992  8651        8651 I 00800/Gallery2_Common_CuvaHdrVivid: setHdrVividVisibility isShow true,isWithAnim false
03-03 18:19:43.992  8651        8651 I 00800/CloudPhotoBrowserManager: setPhotoBrowserSreenNailDone: mmexport1772455531067_edit_170061929241373.jpg
03-03 18:19:43.992  8651        8651 I 00800/CloudEnhanceStateMachine: before State: StateStart
03-03 18:19:43.992  8651        8651 I 00800/CloudEnhanceStateMachine: now State: StateStart
03-03 18:19:43.995  2261        2761 E 00202/WifiEnhanceServiceImpl: ctrlHwWifiNetwork pkgName: WIFIPRO_SERVICE interfaceId: 8
03-03 18:19:43.995  8651        9020 I 00800/Gallery2_Common_DecodeUtils: safeDecodeFileDescriptor end isJustDecodeBounds: false, prefer: ARGB_8888, bitmap: android.graphics.Bitmap@63e011, color_space: sRGB IEC61966-2.1 (id=0, model=RGB), cfg: ARGB_8888
03-03 18:19:43.995  8651        9020 I 00800/Gallery2_Common_DecodeUtils: ensureGL_step1 config: ARGB_8888, color_space: sRGB IEC61966-2.1 (id=0, model=RGB), bitmap: android.graphics.Bitmap@63e011
03-03 18:19:43.996  2261        2761 E 00202/WifiEnhanceServiceImpl: ctrlHwWifiNetwork pkgName: WIFIPRO_SERVICE interfaceId: 8
03-03 18:19:43.997  8651        8651 I 00800/Gallery2_Common_ActionBarCommonContainerManager: initActionBarContainer top:80, bottom:220
03-03 18:19:44.000  8651        9020 I 00800/Gallery2_Common_DecodeUtils: ensureGL_step2 copy config ARGB_8888,color_space sRGB IEC61966-2.1 (id=0, model=RGB), bitmap: android.graphics.Bitmap@e5f3777
03-03 18:19:44.000  8651        9020 I 00800/Gallery2_Common_DecodeUtils: ensureGL_step3 bitmap android.graphics.Bitmap@e5f3777
03-03 18:19:44.000  8651        9020 I 00800/Gallery2_Common_ImageDecodeProcessor: onDecodeOriginal filePath://storage/emulated/0/Pictures/***in***/**1772125292864.jpg** type:17 time:27
03-03 18:19:44.000  8651        9020 I 00800/Gallery2_Common_ImageDecodeProcessor: decode origin: android.graphics.Bitmap@e5f3777, **1772125292864.jpg**
03-03 18:19:44.000  8651        9020 I 00800/Gallery2_Common_ResizeProcessor: resize bitmap: android.graphics.Bitmap@e5f3777 -> android.graphics.Bitmap@e5f3777, **1772125292864.jpg**
03-03 18:19:44.000  8651        9020 I 00800/Gallery2_Common_RotateProcessor: rotate bitmap rotation: 0,android.graphics.Bitmap@e5f3777 -> android.graphics.Bitmap@e5f3777, **1772125292864.jpg**
03-03 18:19:44.001  8651        9020 I 00800/Gallery2_Common_AbsScreenNail: construct TiledScreenNail@e7b0fe4{mBitmap=[Bitmap@e5f3777, colorSpace: sRGB IEC61966-2.1 (id=0, model=RGB), config: ARGB_8888, nativePtr: 482928721664], mLevel=REQUEST_IMAGE, mMediaItem=**1772125292864.jpg**, mDecodeSource='ImagePipeline', mDisplayVersion=0, mGainMap=null, mMetaData=null, mIsRecycle=false}
03-03 18:19:44.001  8651        9020 I 00800/Gallery2_Common_TiledScreenNail: TiledScreenNail, the bitmap.size = 5308416, mWidth = 864, mHeight = 1536
03-03 18:19:44.001  8651        9020 I 00800/Gallery2_Common_LegacyThumbnailStrategy: decode finish schedule_cost: 77, task_cost: 29, prefer_cfg: ARGB_8888, bitmap: 864x1536, cfg: ARGB_8888, task: LEGACY, **1772125292864.jpg**
03-03 18:19:44.001  8651        8651 I 00800/Gallery2_Common_SinglePhotoBrowseFacade: setCurrentMediaItem() **1772125292864.jpg** SinglePhotoBrowseFacade is com.huawei.gallery.view.app.singlephoto.SinglePhotoBrowseFacade@7956c4d,mIsActive false
03-03 18:19:44.001  8651        8651 I 00800/Gallery2_Common_PhotoBrowserViewProxy:  file **1772125292864.jpg**, rotation 0
03-03 18:19:44.002  8651        8651 I 00800/Gallery2_Common_PhotoBrowserViewProxy: the same PhotobrowseView display different image,so clear finger rotation
03-03 18:19:44.002  8651        8651 I 00800/PhotoBrowseController: resetViewState,isRecovering()=false
03-03 18:19:44.002  8651        8651 I 00800/PhotoBrowseController: mScaleMax: Infinity
03-03 18:19:44.002  8651        8651 I 00800/Gallery2_Common_AbsPhotoBrowser: update photo: 35, active: false, //storage/emulated/0/Pictures/***in***/**1772125292864.jpg**
03-03 18:19:44.002  8651        8651 I 00800/Gallery2_Common_SinglePhotoBrowseFacade:  hideLoadingProgressBar:
03-03 18:19:44.002  8651        8651 I 00800/Gallery2_Common_PhotoBrowserViewProxy: setScreenNail() TiledScreenNail@e7b0fe4{mBitmap=[Bitmap@e5f3777, colorSpace: sRGB IEC61966-2.1 (id=0, model=RGB), config: ARGB_8888, nativePtr: 482928721664], mLevel=REQUEST_IMAGE, mMediaItem=**1772125292864.jpg**, mDecodeSource='ImagePipeline', mDisplayVersion=0, mGainMap=null, mMetaData=null, mIsRecycle=false}
03-03 18:19:44.002  8651        8651 I 00800/Gallery2_Common_AbsScreenNail: update screenNail
03-03 18:19:44.002  8651        8651 I 00800/Gallery2_Common_PhotoBrowserRenderBean: PhotoBrowserRenderBean@22cc302 setScreenNail() ===start===
03-03 18:19:44.002  8651        8651 I 00800/Gallery2_Common_PhotoBrowserRenderBean: old: null
03-03 18:19:44.002  8651        8651 I 00800/Gallery2_Common_PhotoBrowserRenderBean: new: TiledScreenNail@e7b0fe4{mBitmap=[Bitmap@e5f3777, colorSpace: sRGB IEC61966-2.1 (id=0, model=RGB), config: ARGB_8888, nativePtr: 482928721664], mLevel=REQUEST_IMAGE, mMediaItem=**1772125292864.jpg**, mDecodeSource='ImagePipeline', mDisplayVersion=0, mGainMap=null, mMetaData=null, mIsRecycle=false}
03-03 18:19:44.002  8651        8651 I 00800/Gallery2_Common_PhotoBrowserRenderBean: PhotoBrowserRenderBean@22cc302 setScreenNail() ====end====
03-03 18:19:44.002  8651        8651 I 00800/Gallery2_Common_PhotoBrowserViewProxy: onImageLoaded @**1772125292864.jpg**
03-03 18:19:44.002  8651        8651 I 00800/Gallery2_Common_PhotoBrowserViewProxy: getThumbData cost: 0
03-03 18:19:44.003  8651        9020 I 00800/Gallery2_Common_PerformanceTracker: **1772125292864.jpg** processRecord: {ImageDecodeProcessor=TimeRecord{cost=27}, StorageVisitProcessor=TimeRecord{cost=0}, ResizeProcessor=TimeRecord{cost=0}, RotateProcessor=TimeRecord{cost=0}, DiskCacheReadProcessor=TimeRecord{cost=1}, ScreenNailWrapper=TimeRecord{cost=1}, DrmProcessor=TimeRecord{cost=0}, ReadyToUseProcessor=TimeRecord{cost=0}, PrepareToDrawProcessor=TimeRecord{cost=0}}
03-03 18:19:44.003  8651        8651 I 00800/Gallery2_Common_PhotoBrowserViewProxy: onImageLoaded ScreenNail : TiledScreenNail@e7b0fe4{mBitmap=[Bitmap@e5f3777, colorSpace: sRGB IEC61966-2.1 (id=0, model=RGB), config: ARGB_8888, nativePtr: 482928721664], mLevel=REQUEST_IMAGE, mMediaItem=**1772125292864.jpg**, mDecodeSource='ImagePipeline', mDisplayVersion=0, mGainMap=null, mMetaData=null, mIsRecycle=false}
03-03 18:19:44.003  8651        8651 I 00800/PhotoBrowseController: mScaleMax: 2.7777777
03-03 18:19:44.003  8651        8651 I 00800/CloudPhotoBrowserManager: setPhotoBrowserSreenNailDone: mmexport1772125292864.jpg
03-03 18:19:44.003  8651        9020 I 00800/Gallery2_Common_RequestContext: start job: **1772125291260.jpg** specialFileType: 0 originPriority: -2 currentPriority: -8
03-03 18:19:44.003  8651        8651 I 00800/CloudEnhanceStateMachine: before State: StateStart
03-03 18:19:44.003  8651        8651 I 00800/CloudEnhanceStateMachine: now State: StateStart
03-03 18:19:44.003  8651        8651 I 00800/Gallery2_Common_GifBrowser: No need to play, stop gif playing and hide gif view.
03-03 18:19:44.004  8651        9021 I 00800/Gallery2_Common_DecodeUtils: decodeThumbnail file exists, filePath://storage/emulated/0/Pictures/***in***/**1772457858238.jpg** size:88376
03-03 18:19:44.005  8651        9020 I 00800/Gallery2_Common_DecodeUtils: decodeThumbnail file exists, filePath://storage/emulated/0/Pictures/***in***/**1772125291260.jpg** size:461505
03-03 18:19:44.006  8651        8651 I 00800/Gallery2_Common_ActionBarCommonContainerManager: initActionBarContainer top:80, bottom:220
03-03 18:19:44.006  2261        2761 E 00202/WifiEnhanceServiceImpl: ctrlHwWifiNetwork pkgName: WIFIPRO_SERVICE interfaceId: 8
03-03 18:19:44.007  8651        9020 I 00800/Gallery2_Common_DecodeUtils: safeDecodeFileDescriptor start, YUV config ARGB_8888
03-03 18:19:44.008  8651        9020 I 00800/Gallery2_Common_DecodeUtils: safeDecodeFileDescriptor end isJustDecodeBounds: true, prefer: ARGB_8888, bitmap: null
03-03 18:19:44.009  8651        9020 I 00800/Gallery2_Common_DecodeUtils: CUVA decodeThumbnail3 colorspace Display P3 (id=7, model=RGB)
03-03 18:19:44.009  8651        9020 I 00800/Gallery2_Common_DecodeUtils: safeDecodeFileDescriptor start, YUV config ARGB_8888
03-03 18:19:44.010  8651        9021 I 00800/Gallery2_Common_DecodeUtils: safeDecodeFileDescriptor start, YUV config ARGB_8888
03-03 18:19:44.011  8651        9021 I 00800/Gallery2_Common_DecodeUtils: safeDecodeFileDescriptor end isJustDecodeBounds: true, prefer: ARGB_8888, bitmap: null
03-03 18:19:44.011  8651        9021 I 00800/Gallery2_Common_DecodeUtils: CUVA decodeThumbnail3 colorspace Display P3 (id=7, model=RGB)
03-03 18:19:44.011  8651        9021 I 00800/Gallery2_Common_DecodeUtils: safeDecodeFileDescriptor start, YUV config ARGB_8888
03-03 18:19:44.014  8651        8651 I 00800/Gallery2_Common_ActionBarCommonContainerManager: initActionBarContainer top:80, bottom:220
03-03 18:19:44.021  8651        9021 I 00800/Gallery2_Common_DecodeUtils: safeDecodeFileDescriptor end isJustDecodeBounds: false, prefer: ARGB_8888, bitmap: android.graphics.Bitmap@230d805, color_space: Display P3 (id=7, model=RGB), cfg: ARGB_8888
03-03 18:19:44.021  8651        9021 I 00800/Gallery2_Common_DecodeUtils: ensureGL_step1 config: ARGB_8888, color_space: Display P3 (id=7, model=RGB), bitmap: android.graphics.Bitmap@230d805
03-03 18:19:44.022  8651        8651 I 00800/Gallery2_Common_ActionBarCommonContainerManager: initActionBarContainer top:80, bottom:220
03-03 18:19:44.023  8651        9020 I 00800/Gallery2_Common_DecodeUtils: safeDecodeFileDescriptor end isJustDecodeBounds: false, prefer: ARGB_8888, bitmap: android.graphics.Bitmap@901b28b, color_space: Display P3 (id=7, model=RGB), cfg: ARGB_8888
03-03 18:19:44.024  8651        9020 I 00800/Gallery2_Common_DecodeUtils: ensureGL_step1 config: ARGB_8888, color_space: Display P3 (id=7, model=RGB), bitmap: android.graphics.Bitmap@901b28b
03-03 18:19:44.030  8651        9021 I 00800/Gallery2_Common_DecodeUtils: ensureGL_step2 copy config ARGB_8888,color_space Display P3 (id=7, model=RGB), bitmap: android.graphics.Bitmap@cebef81
03-03 18:19:44.030  8651        9021 I 00800/Gallery2_Common_DecodeUtils: ensureGL_step3 bitmap android.graphics.Bitmap@cebef81
03-03 18:19:44.030  8651        9020 I 00800/Gallery2_Common_DecodeUtils: ensureGL_step2 copy config ARGB_8888,color_space Display P3 (id=7, model=RGB), bitmap: android.graphics.Bitmap@ca18f68
03-03 18:19:44.030  8651        9020 I 00800/Gallery2_Common_DecodeUtils: ensureGL_step3 bitmap android.graphics.Bitmap@ca18f68
03-03 18:19:44.030  8651        8651 I 00800/Gallery2_Common_ActionBarCommonContainerManager: initActionBarContainer top:80, bottom:220
03-03 18:19:44.032  8651        9021 I 00800/Gallery2_Common_ImageDecodeProcessor: onDecodeOriginal filePath://storage/emulated/0/Pictures/***in***/**1772457858238.jpg** type:17 time:33
03-03 18:19:44.033  8651        9021 I 00800/Gallery2_Common_ImageDecodeProcessor: decode origin: android.graphics.Bitmap@cebef81, **1772457858238.jpg**
03-03 18:19:44.033  8651        9020 I 00800/Gallery2_Common_ImageDecodeProcessor: onDecodeOriginal filePath://storage/emulated/0/Pictures/***in***/**1772125291260.jpg** type:17 time:29
03-03 18:19:44.033  8651        9020 I 00800/Gallery2_Common_ImageDecodeProcessor: decode origin: android.graphics.Bitmap@ca18f68, **1772125291260.jpg**
03-03 18:19:44.034  8651        9021 I 00800/Gallery2_Common_ResizeProcessor: resize bitmap: android.graphics.Bitmap@cebef81 -> android.graphics.Bitmap@cebef81, **1772457858238.jpg**
03-03 18:19:44.035  8651        9021 I 00800/Gallery2_Common_RotateProcessor: rotate bitmap rotation: 0,android.graphics.Bitmap@cebef81 -> android.graphics.Bitmap@cebef81, **1772457858238.jpg**
03-03 18:19:44.036  8651        9020 I 00800/Gallery2_Common_ResizeProcessor: resize bitmap: android.graphics.Bitmap@ca18f68 -> android.graphics.Bitmap@ca18f68, **1772125291260.jpg**
03-03 18:19:44.036  8651        9020 I 00800/Gallery2_Common_RotateProcessor: rotate bitmap rotation: 0,android.graphics.Bitmap@ca18f68 -> android.graphics.Bitmap@ca18f68, **1772125291260.jpg**
03-03 18:19:44.036  8651        9020 I 00800/Gallery2_Common_AbsScreenNail: construct TiledScreenNail@e860db9{mBitmap=[Bitmap@ca18f68, colorSpace: Display P3 (id=7, model=RGB), config: ARGB_8888, nativePtr: 482928721600], mLevel=REQUEST_IMAGE, mMediaItem=**1772125291260.jpg**, mDecodeSource='ImagePipeline', mDisplayVersion=0, mGainMap=null, mMetaData=null, mIsRecycle=false}
03-03 18:19:44.036  8651        9020 I 00800/Gallery2_Common_TiledScreenNail: TiledScreenNail, the bitmap.size = 6553600, mWidth = 1280, mHeight = 1280
03-03 18:19:44.037  8651        9020 I 00800/Gallery2_Common_LegacyThumbnailStrategy: decode finish schedule_cost: 112, task_cost: 34, prefer_cfg: ARGB_8888, bitmap: 1280x1280, cfg: ARGB_8888, task: LEGACY, **1772125291260.jpg**
03-03 18:19:44.037  8651        9021 I 00800/Gallery2_Common_AbsScreenNail: construct TiledScreenNail@d5865fe{mBitmap=[Bitmap@cebef81, colorSpace: Display P3 (id=7, model=RGB), config: ARGB_8888, nativePtr: 482044389952], mLevel=REQUEST_IMAGE, mMediaItem=**1772457858238.jpg**, mDecodeSource='ImagePipeline', mDisplayVersion=0, mGainMap=null, mMetaData=null, mIsRecycle=false}
03-03 18:19:44.037  8651        9021 I 00800/Gallery2_Common_TiledScreenNail: TiledScreenNail, the bitmap.size = 7454720, mWidth = 1024, mHeight = 1820
03-03 18:19:44.037  8651        9021 I 00800/Gallery2_Common_LegacyThumbnailStrategy: decode finish schedule_cost: 112, task_cost: 46, prefer_cfg: ARGB_8888, bitmap: 1024x1820, cfg: ARGB_8888, task: LEGACY, **1772457858238.jpg**
03-03 18:19:44.038  8651        9021 I 00800/Gallery2_Common_PerformanceTracker: **1772457858238.jpg** processRecord: {ImageDecodeProcessor=TimeRecord{cost=35}, StorageVisitProcessor=TimeRecord{cost=0}, ResizeProcessor=TimeRecord{cost=1}, RotateProcessor=TimeRecord{cost=0}, DiskCacheReadProcessor=TimeRecord{cost=7}, ScreenNailWrapper=TimeRecord{cost=2}, DrmProcessor=TimeRecord{cost=0}, ReadyToUseProcessor=TimeRecord{cost=0}, PrepareToDrawProcessor=TimeRecord{cost=0}}
03-03 18:19:44.038  8651        9021 I 00800/Gallery2_Common_RequestContext: start job: **1772457870030.jpg** specialFileType: 0 originPriority: -2 currentPriority: -8
03-03 18:19:44.038  8651        9020 I 00800/Gallery2_Common_PerformanceTracker: **1772125291260.jpg** processRecord: {ImageDecodeProcessor=TimeRecord{cost=32}, StorageVisitProcessor=TimeRecord{cost=0}, ResizeProcessor=TimeRecord{cost=0}, RotateProcessor=TimeRecord{cost=0}, DiskCacheReadProcessor=TimeRecord{cost=1}, ScreenNailWrapper=TimeRecord{cost=0}, DrmProcessor=TimeRecord{cost=0}, ReadyToUseProcessor=TimeRecord{cost=0}, PrepareToDrawProcessor=TimeRecord{cost=0}}
03-03 18:19:44.039  8651        8651 I 00800/Gallery2_Common_ActionBarCommonContainerManager: initActionBarContainer top:80, bottom:220
03-03 18:19:44.039  8651        9021 I 00800/Gallery2_Common_DecodeUtils: decodeThumbnail file exists, filePath://storage/emulated/0/Pictures/***in***/**1772457870030.jpg** size:81880
03-03 18:19:44.040  8651        9021 I 00800/Gallery2_Common_DecodeUtils: safeDecodeFileDescriptor start, YUV config ARGB_8888
03-03 18:19:44.041  8651        9021 I 00800/Gallery2_Common_DecodeUtils: safeDecodeFileDescriptor end isJustDecodeBounds: true, prefer: ARGB_8888, bitmap: null
03-03 18:19:44.041  8651        9021 I 00800/Gallery2_Common_DecodeUtils: CUVA decodeThumbnail3 colorspace Display P3 (id=7, model=RGB)
03-03 18:19:44.041  8651        9021 I 00800/Gallery2_Common_DecodeUtils: safeDecodeFileDescriptor start, YUV config ARGB_8888
03-03 18:19:44.046  8651        8651 I 00800/Gallery2_Common_SinglePhotoBrowseFacade: setCurrentMediaItem() **1772457858238.jpg** SinglePhotoBrowseFacade is com.huawei.gallery.view.app.singlephoto.SinglePhotoBrowseFacade@728547b,mIsActive false
03-03 18:19:44.046  8651        8651 I 00800/Gallery2_Common_PhotoBrowserViewProxy:  file **1772457858238.jpg**, rotation 0
03-03 18:19:44.046  8651        8651 I 00800/Gallery2_Common_PhotoBrowserViewProxy: the same PhotobrowseView display different image,so clear finger rotation
03-03 18:19:44.046  8651        8651 I 00800/PhotoBrowseController: resetViewState,isRecovering()=false
03-03 18:19:44.046  8651        8651 I 00800/PhotoBrowseController: mScaleMax: Infinity
03-03 18:19:44.050  8651        9021 I 00800/Gallery2_Common_DecodeUtils: safeDecodeFileDescriptor end isJustDecodeBounds: false, prefer: ARGB_8888, bitmap: android.graphics.Bitmap@80ba298, color_space: Display P3 (id=7, model=RGB), cfg: ARGB_8888
03-03 18:19:44.050  8651        9021 I 00800/Gallery2_Common_DecodeUtils: ensureGL_step1 config: ARGB_8888, color_space: Display P3 (id=7, model=RGB), bitmap: android.graphics.Bitmap@80ba298
03-03 18:19:44.053  8651        9021 I 00800/Gallery2_Common_DecodeUtils: ensureGL_step2 copy config ARGB_8888,color_space Display P3 (id=7, model=RGB), bitmap: android.graphics.Bitmap@20ebaf1
03-03 18:19:44.053  8651        9021 I 00800/Gallery2_Common_DecodeUtils: ensureGL_step3 bitmap android.graphics.Bitmap@20ebaf1
03-03 18:19:44.054  8651        9021 I 00800/Gallery2_Common_ImageDecodeProcessor: onDecodeOriginal filePath://storage/emulated/0/Pictures/***in***/**1772457870030.jpg** type:17 time:15
03-03 18:19:44.054  8651        9021 I 00800/Gallery2_Common_ImageDecodeProcessor: decode origin: android.graphics.Bitmap@20ebaf1, **1772457870030.jpg**
03-03 18:19:44.054  8651        9021 I 00800/Gallery2_Common_ResizeProcessor: resize bitmap: android.graphics.Bitmap@20ebaf1 -> android.graphics.Bitmap@20ebaf1, **1772457870030.jpg**
03-03 18:19:44.054  8651        9021 I 00800/Gallery2_Common_RotateProcessor: rotate bitmap rotation: 0,android.graphics.Bitmap@20ebaf1 -> android.graphics.Bitmap@20ebaf1, **1772457870030.jpg**
03-03 18:19:44.054  8651        9021 I 00800/Gallery2_Common_AbsScreenNail: construct TiledScreenNail@4a136d6{mBitmap=[Bitmap@20ebaf1, colorSpace: Display P3 (id=7, model=RGB), config: ARGB_8888, nativePtr: 482044390592], mLevel=REQUEST_IMAGE, mMediaItem=**1772457870030.jpg**, mDecodeSource='ImagePipeline', mDisplayVersion=0, mGainMap=null, mMetaData=null, mIsRecycle=false}
03-03 18:19:44.054  8651        9021 I 00800/Gallery2_Common_TiledScreenNail: TiledScreenNail, the bitmap.size = 7454720, mWidth = 1024, mHeight = 1820
03-03 18:19:44.054  8651        9021 I 00800/Gallery2_Common_LegacyThumbnailStrategy: decode finish schedule_cost: 129, task_cost: 16, prefer_cfg: ARGB_8888, bitmap: 1024x1820, cfg: ARGB_8888, task: LEGACY, **1772457870030.jpg**
03-03 18:19:44.054  8651        9021 I 00800/Gallery2_Common_PerformanceTracker: **1772457870030.jpg** processRecord: {ImageDecodeProcessor=TimeRecord{cost=16}, StorageVisitProcessor=TimeRecord{cost=0}, ResizeProcessor=TimeRecord{cost=0}, RotateProcessor=TimeRecord{cost=0}, DiskCacheReadProcessor=TimeRecord{cost=0}, ScreenNailWrapper=TimeRecord{cost=0}, DrmProcessor=TimeRecord{cost=0}, ReadyToUseProcessor=TimeRecord{cost=0}, PrepareToDrawProcessor=TimeRecord{cost=0}}
03-03 18:19:44.080  8651        8651 I 00800/Gallery2_Common_AbsPhotoBrowser: update photo: 31, active: false, //storage/emulated/0/Pictures/***in***/**1772457858238.jpg**
03-03 18:19:44.080  8651        8651 I 00800/Gallery2_Common_SinglePhotoBrowseFacade:  hideLoadingProgressBar:
03-03 18:19:44.081  8651        8651 I 00800/Gallery2_Common_PhotoBrowserViewProxy: setScreenNail() TiledScreenNail@d5865fe{mBitmap=[Bitmap@cebef81, colorSpace: Display P3 (id=7, model=RGB), config: ARGB_8888, nativePtr: 482044389952], mLevel=REQUEST_IMAGE, mMediaItem=**1772457858238.jpg**, mDecodeSource='ImagePipeline', mDisplayVersion=0, mGainMap=null, mMetaData=null, mIsRecycle=false}
03-03 18:19:44.081  8651        8651 I 00800/Gallery2_Common_AbsScreenNail: update screenNail
03-03 18:19:44.081  8651        8651 I 00800/Gallery2_Common_PhotoBrowserRenderBean: PhotoBrowserRenderBean@6ddbd57 setScreenNail() ===start===
03-03 18:19:44.081  8651        8651 I 00800/Gallery2_Common_PhotoBrowserRenderBean: old: null
03-03 18:19:44.081  8651        8651 I 00800/Gallery2_Common_PhotoBrowserRenderBean: new: TiledScreenNail@d5865fe{mBitmap=[Bitmap@cebef81, colorSpace: Display P3 (id=7, model=RGB), config: ARGB_8888, nativePtr: 482044389952], mLevel=REQUEST_IMAGE, mMediaItem=**1772457858238.jpg**, mDecodeSource='ImagePipeline', mDisplayVersion=0, mGainMap=null, mMetaData=null, mIsRecycle=false}
03-03 18:19:44.081  8651        8651 I 00800/Gallery2_Common_PhotoBrowserRenderBean: PhotoBrowserRenderBean@6ddbd57 setScreenNail() ====end====
03-03 18:19:44.081  8651        8651 I 00800/Gallery2_Common_PhotoBrowserViewProxy: onImageLoaded @**1772457858238.jpg**
03-03 18:19:44.081  8651        8651 I 00800/Gallery2_Common_PhotoBrowserViewProxy: getThumbData cost: 0
03-03 18:19:44.081  8651        8651 I 00800/Gallery2_Common_PhotoBrowserViewProxy: onImageLoaded ScreenNail : TiledScreenNail@d5865fe{mBitmap=[Bitmap@cebef81, colorSpace: Display P3 (id=7, model=RGB), config: ARGB_8888, nativePtr: 482044389952], mLevel=REQUEST_IMAGE, mMediaItem=**1772457858238.jpg**, mDecodeSource='ImagePipeline', mDisplayVersion=0, mGainMap=null, mMetaData=null, mIsRecycle=false}
03-03 18:19:44.081  8651        8651 I 00800/PhotoBrowseController: mScaleMax: 2.34375
03-03 18:19:44.081  8651        8651 I 00800/CloudPhotoBrowserManager: setPhotoBrowserSreenNailDone: mmexport1772457858238.jpg
03-03 18:19:44.081  8651        8651 I 00800/CloudEnhanceStateMachine: before State: StateStart
03-03 18:19:44.081  8651        8651 I 00800/CloudEnhanceStateMachine: now State: StateStart
03-03 18:19:44.082  8651        8651 I 00800/Gallery2_Common_ActionBarCommonContainerManager: initActionBarContainer top:80, bottom:220
03-03 18:19:44.083  8651        8651 I 00800/Gallery2_Common_SinglePhotoBrowseFacade: setCurrentMediaItem() **1772125291260.jpg** SinglePhotoBrowseFacade is com.huawei.gallery.view.app.singlephoto.SinglePhotoBrowseFacade@7c3152d,mIsActive false
03-03 18:19:44.083  8651        8651 I 00800/Gallery2_Common_PhotoBrowserViewProxy:  file **1772125291260.jpg**, rotation 0
03-03 18:19:44.083  8651        8651 I 00800/Gallery2_Common_PhotoBrowserViewProxy: the same PhotobrowseView display different image,so clear finger rotation
03-03 18:19:44.083  8651        8651 I 00800/PhotoBrowseController: resetViewState,isRecovering()=false
03-03 18:19:44.084  8651        8651 I 00800/PhotoBrowseController: mScaleMax: Infinity
03-03 18:19:44.084  8651        8651 I 00800/Gallery2_Common_AbsPhotoBrowser: update photo: 36, active: false, //storage/emulated/0/Pictures/***in***/**1772125291260.jpg**
03-03 18:19:44.084  8651        8651 I 00800/Gallery2_Common_SinglePhotoBrowseFacade:  hideLoadingProgressBar:
03-03 18:19:44.084  8651        8651 I 00800/Gallery2_Common_PhotoBrowserViewProxy: setScreenNail() TiledScreenNail@e860db9{mBitmap=[Bitmap@ca18f68, colorSpace: Display P3 (id=7, model=RGB), config: ARGB_8888, nativePtr: 482928721600], mLevel=REQUEST_IMAGE, mMediaItem=**1772125291260.jpg**, mDecodeSource='ImagePipeline', mDisplayVersion=0, mGainMap=null, mMetaData=null, mIsRecycle=false}
03-03 18:19:44.084  8651        8651 I 00800/Gallery2_Common_AbsScreenNail: update screenNail
03-03 18:19:44.084  8651        8651 I 00800/Gallery2_Common_PhotoBrowserRenderBean: PhotoBrowserRenderBean@c51ea62 setScreenNail() ===start===
03-03 18:19:44.084  8651        8651 I 00800/Gallery2_Common_PhotoBrowserRenderBean: old: null
03-03 18:19:44.084  8651        8651 I 00800/Gallery2_Common_PhotoBrowserRenderBean: new: TiledScreenNail@e860db9{mBitmap=[Bitmap@ca18f68, colorSpace: Display P3 (id=7, model=RGB), config: ARGB_8888, nativePtr: 482928721600], mLevel=REQUEST_IMAGE, mMediaItem=**1772125291260.jpg**, mDecodeSource='ImagePipeline', mDisplayVersion=0, mGainMap=null, mMetaData=null, mIsRecycle=false}
03-03 18:19:44.084  8651        8651 I 00800/Gallery2_Common_PhotoBrowserRenderBean: PhotoBrowserRenderBean@c51ea62 setScreenNail() ====end====
03-03 18:19:44.084  8651        8651 I 00800/Gallery2_Common_PhotoBrowserViewProxy: onImageLoaded @**1772125291260.jpg**
03-03 18:19:44.085  8651        8651 I 00800/Gallery2_Common_PhotoBrowserViewProxy: getThumbData cost: 0
03-03 18:19:44.085  8651        8651 I 00800/Gallery2_Common_PhotoBrowserViewProxy: onImageLoaded ScreenNail : TiledScreenNail@e860db9{mBitmap=[Bitmap@ca18f68, colorSpace: Display P3 (id=7, model=RGB), config: ARGB_8888, nativePtr: 482928721600], mLevel=REQUEST_IMAGE, mMediaItem=**1772125291260.jpg**, mDecodeSource='ImagePipeline', mDisplayVersion=0, mGainMap=null, mMetaData=null, mIsRecycle=false}
03-03 18:19:44.085  8651        8651 I 00800/PhotoBrowseController: mScaleMax: 3.0
03-03 18:19:44.085  8651        8651 I 00800/CloudPhotoBrowserManager: setPhotoBrowserSreenNailDone: mmexport1772125291260.jpg
03-03 18:19:44.085  8651        8651 I 00800/CloudEnhanceStateMachine: before State: StateStart
03-03 18:19:44.085  8651        8651 I 00800/CloudEnhanceStateMachine: now State: StateStart
03-03 18:19:44.085  8651        8651 I 00800/Gallery2_Common_TileImageRender: setPosition: cx(NaN->0.0), cy(NaN->0.0), rotation(0->0), scale(NaN->1.0)
03-03 18:19:44.085  8651        8651 I 00800/Gallery2_Common_TileImageRender: recycle tiles
03-03 18:19:44.086  8651        8651 I 00800/Gallery2_Common_GifBrowser: No need to play, stop gif playing and hide gif view.
03-03 18:19:44.086  8651        8651 I 00800/Gallery2_Common_SinglePhotoBrowseFacade: setCurrentMediaItem() **1772457870030.jpg** SinglePhotoBrowseFacade is com.huawei.gallery.view.app.singlephoto.SinglePhotoBrowseFacade@7c3152d,mIsActive false
03-03 18:19:44.086  8651        8651 I 00800/PhotoBrowseController: mScaleMax: Infinity
03-03 18:19:44.086  8651        8651 I 00800/Gallery2_Common_AbsScreenNail: update screenNail
03-03 18:19:44.086  8651        8651 I 00800/Gallery2_Common_PhotoBrowserRenderBean: PhotoBrowserRenderBean@c51ea62 setScreenNail() ===start===
03-03 18:19:44.086  8651        8651 I 00800/Gallery2_Common_PhotoBrowserRenderBean: old: TiledScreenNail@e860db9{mBitmap=[Bitmap@ca18f68, colorSpace: Display P3 (id=7, model=RGB), config: ARGB_8888, nativePtr: 482928721600], mLevel=REQUEST_IMAGE, mMediaItem=**1772125291260.jpg**, mDecodeSource='ImagePipeline', mDisplayVersion=0, mGainMap=null, mMetaData=null, mIsRecycle=false}
03-03 18:19:44.086  8651        8651 I 00800/Gallery2_Common_PhotoBrowserRenderBean: new: null
03-03 18:19:44.086  8651        8651 I 00800/Gallery2_Common_PhotoBrowserRenderBean: PhotoBrowserRenderBean@c51ea62 setScreenNail() ====end====
03-03 18:19:44.086  8651        8651 I 00800/Gallery2_Common_PhotoBrowserViewProxy:  file **1772457870030.jpg**, rotation 0
03-03 18:19:44.086  8651        8651 I 00800/Gallery2_Common_PhotoBrowserViewProxy: the same PhotobrowseView display different image,so clear finger rotation
03-03 18:19:44.087  8651        8651 I 00800/PhotoBrowseController: resetViewState,isRecovering()=false
03-03 18:19:44.087  8651        8651 I 00800/PhotoBrowseController: mScaleMax: Infinity
03-03 18:19:44.087  8651        8651 I 00800/Gallery2_Common_AbsPhotoBrowser: update photo: 30, active: false, //storage/emulated/0/Pictures/***in***/**1772457870030.jpg**
03-03 18:19:44.087  8651        8651 I 00800/Gallery2_Common_SinglePhotoBrowseFacade:  hideLoadingProgressBar:
03-03 18:19:44.087  8651        8651 I 00800/Gallery2_Common_PhotoBrowserViewProxy: setScreenNail() TiledScreenNail@4a136d6{mBitmap=[Bitmap@20ebaf1, colorSpace: Display P3 (id=7, model=RGB), config: ARGB_8888, nativePtr: 482044390592], mLevel=REQUEST_IMAGE, mMediaItem=**1772457870030.jpg**, mDecodeSource='ImagePipeline', mDisplayVersion=0, mGainMap=null, mMetaData=null, mIsRecycle=false}
03-03 18:19:44.087  8651        8651 I 00800/Gallery2_Common_AbsScreenNail: update screenNail
03-03 18:19:44.087  8651        8651 I 00800/Gallery2_Common_PhotoBrowserRenderBean: PhotoBrowserRenderBean@c51ea62 setScreenNail() ===start===
03-03 18:19:44.087  8651        8651 I 00800/Gallery2_Common_PhotoBrowserRenderBean: old: null
03-03 18:19:44.087  8651        8651 I 00800/Gallery2_Common_PhotoBrowserRenderBean: new: TiledScreenNail@4a136d6{mBitmap=[Bitmap@20ebaf1, colorSpace: Display P3 (id=7, model=RGB), config: ARGB_8888, nativePtr: 482044390592], mLevel=REQUEST_IMAGE, mMediaItem=**1772457870030.jpg**, mDecodeSource='ImagePipeline', mDisplayVersion=0, mGainMap=null, mMetaData=null, mIsRecycle=false}
03-03 18:19:44.087  8651        8651 I 00800/Gallery2_Common_PhotoBrowserRenderBean: PhotoBrowserRenderBean@c51ea62 setScreenNail() ====end====
03-03 18:19:44.087  8651        8651 I 00800/Gallery2_Common_PhotoBrowserViewProxy: onImageLoaded @**1772457870030.jpg**
03-03 18:19:44.088  8651        8651 I 00800/Gallery2_Common_PhotoBrowserViewProxy: getThumbData cost: 0
03-03 18:19:44.088  8651        8651 I 00800/Gallery2_Common_PhotoBrowserViewProxy: onImageLoaded ScreenNail : TiledScreenNail@4a136d6{mBitmap=[Bitmap@20ebaf1, colorSpace: Display P3 (id=7, model=RGB), config: ARGB_8888, nativePtr: 482044390592], mLevel=REQUEST_IMAGE, mMediaItem=**1772457870030.jpg**, mDecodeSource='ImagePipeline', mDisplayVersion=0, mGainMap=null, mMetaData=null, mIsRecycle=false}
03-03 18:19:44.088  8651        8651 I 00800/PhotoBrowseController: mScaleMax: 2.34375
03-03 18:19:44.088  8651        8651 I 00800/CloudPhotoBrowserManager: setPhotoBrowserSreenNailDone: mmexport1772457870030.jpg
03-03 18:19:44.088  8651        8651 I 00800/CloudEnhanceStateMachine: before State: StateStart
03-03 18:19:44.088  8651        8651 I 00800/CloudEnhanceStateMachine: now State: StateStart
03-03 18:19:44.088  8651        8651 I 00800/Gallery2_Common_GifBrowser: No need to play, stop gif playing and hide gif view.
03-03 18:19:44.088  8651        8651 I 00800/Gallery2_Common_GifBrowser: No need to play, stop gif playing and hide gif view.
03-03 18:19:44.089  8651        8651 I 00800/Gallery2_Common_ActionBarCommonContainerManager: initActionBarContainer top:80, bottom:220
03-03 18:19:44.139  8651        8651 I chatty  : uid=10180(com.huawei.photos) identical 6 lines
03-03 18:19:44.148  8651        8651 I 00800/Gallery2_Common_ActionBarCommonContainerManager: initActionBarContainer top:80, bottom:220
03-03 18:19:44.155 20578  8751  8751 I 0FEFE/JsApp: [HTTP] loopOnce running=true inflight=true url=http://192.168.81.100:81/?action=snapshot
03-03 18:19:44.156  8651        8651 I 00800/Gallery2_Common_ActionBarCommonContainerManager: initActionBarContainer top:80, bottom:220
03-03 18:19:44.156 20578  8751  8751 I 02B2B/AVPlayerNapi: {JsReset():532} JsReset In
03-03 18:19:44.156 20578  8751  8751 D 02B2B/CommonNapi: {MediaAsyncContext():515} MediaAsyncContext Create 0xF4E780
03-03 18:19:44.156 20578  8751  8751 D 02B2B/CommonNapi: {CreatePromise():276} napi_create_promise
03-03 18:19:44.156 20578  8751  8751 I 02B2B/TaskQueue: {CancelNotExecutedTaskLocked():115} All task not executed are being cancelled..........[AVPlayerNapi]
03-03 18:19:44.157 20578  8751  8784 I 02B2B/AVPlayerNapi: {operator()():493} Reset Task In
03-03 18:19:44.157 20578  8751  8773 I 02B2B/AVPlayerNapi: {operator()():555} Wait Reset Task Start
03-03 18:19:44.157 20578  8751  8784 I 02B2B/AVPlayerNapi: {operator()():502} current state is idle, invalid operation
03-03 18:19:44.157 20578  8751  8784 I 02B2B/AVPlayerNapi: {operator()():515} Reset Task Out
03-03 18:19:44.157 20578  8751  8773 I 02B2B/AVPlayerNapi: {operator()():557} Wait Reset Task Stop
03-03 18:19:44.157 20578  8751  8751 I 02B2B/AVPlayerNapi: {JsReset():563} JsReset Out
03-03 18:19:44.157 20578  8751  8751 D 01300/Runtime: [js_runtime.cpp(OnReadable:428)]UvLoopHandler::OnReadable is triggered
03-03 18:19:44.157 20578  8751  8751 D 01300/Runtime: [js_runtime.cpp(OnTriggered:441)]UvLoopHandler::OnTriggered is triggered
03-03 18:19:44.157 20578  8751  8751 D 02B2B/CommonNapi: {CompleteCallback():534} CompleteCallback In
03-03 18:19:44.157 20578  8751  8751 D 02B2B/CommonNapi: {CompleteCallback():540} MediaAsyncContext Create 0xF4E780 memoryTag = safememory
03-03 18:19:44.157 20578  8751  8751 D 02B2B/CommonNapi: {CompleteCallback():556} async callback success
03-03 18:19:44.157 20578  8751  8751 D 02B2B/CommonNapi: {Callback():582} promise napi_resolve_deferred
03-03 18:19:44.157 20578  8751  8751 I 02B2B/AVPlayerNapi: {JsSetUrl():856} JsSetUrl In
03-03 18:19:44.157 20578  8751  8751 D 02B2B/CommonNapi: {GetStringArgument():38} argument = rtsp://192.168.81.100:554/stream
03-03 18:19:44.157 20578  8751  8751 I 02B2B/AVPlayerNapi: {SetSource():812} input url is rtsp://192.168.81.100:554/stream!
