03-03 18:10:25.377 12468  7696  7696 I 01300/AbilityManagerService: [ability_command.cpp(RunAsForceStop:626)][../../foundation/ability/ability_runtime/tools/aa/src/ability_command.cpp(RunAsForceStop)] enter
03-03 18:10:25.377 12468  7696  7696 I 01300/AbilityManagerService: [ability_command.cpp(RunAsForceStop:631)]Bundle name : com.example.car
03-03 18:10:25.377 12468  7696  7696 I 01300/AbilityManagerService: [ability_manager_client.cpp(KillProcess:380)][../../foundation/ability/ability_runtime/services/abilitymgr/src/ability_manager_client.cpp(KillProcess)] enter
03-03 18:10:25.377 27399     6    61 D 01300/AbilityManagerService: [ability_manager_service.cpp(KillProcess:3470)]Kill process, bundleName: com.example.car
03-03 18:10:25.377 27399     6    61 I 01300/AbilityManagerService: [ability_manager_service.cpp(GetUserId:3139)]GetUserId, userId is 100
03-03 18:10:25.377 27399     6    61 D 01120/BundleMgrService: [bundle_mgr_host_impl.cpp(GetBundleInfo):153] start GetBundleInfo, bundleName : com.example.car, flags : 0, userId : 100
03-03 18:10:25.377 27399     6    61 D 01120/BundleMgrService: [bundle_mgr_host_impl.cpp(VerifySystemApi):2460] begin to verify system app
03-03 18:10:25.377 27399     6    61 D 01120/BundleMgrService: [bundle_permission_mgr.cpp(VerifySystemApp):709] verifying systemApp
03-03 18:10:25.377 27399     6    61 D 02F01/AccessTokenKit: [GetTokenTypeFlag]:called, tokenID=672050185
03-03 18:10:25.377 27399     6    61 D 01120/BundleMgrService: [bundle_permission_mgr.cpp(VerifySystemApp):718] caller tokenType is native, verify success
03-03 18:10:25.377 27399     6    61 D 01120/BundleMgrService: [bundle_mgr_host_impl.cpp(GetBundleNameForUid):306] start GetBundleNameForUid, uid : 5523
03-03 18:10:25.377 27399     6    61 D 01120/BundleMgrService: [inner_bundle_info.cpp(InnerBundleInfo):386] inner bundle info instance is created
03-03 18:10:25.377 27399     6    61 D 01120/BundleMgrService: [bundle_data_mgr.cpp(GetInnerBundleInfoByUid):1744] the uid(5523) is not exists.
03-03 18:10:25.377 27399     6    61 W 01120/BundleMgrService: [bundle_data_mgr.cpp(GetBundleNameForUid):1703] get innerBundleInfo from bundleInfo_ by uid failed.
03-03 18:10:25.377 27399     6    61 I 01120/BundleMgrService: [bundle_sandbox_app_helper.cpp(GetInnerBundleInfoByUid):153] enter GetInnerBundleInfoByUid
03-03 18:10:25.377 27399     6    61 I 01120/BundleMgrService: [bundle_sandbox_data_mgr.cpp(GetInnerBundleInfoByUid):236] GetInnerBundleInfoByUid with uid is 5523
03-03 18:10:25.377 27399     6    61 D 01120/BundleMgrService: [bundle_sandbox_data_mgr.cpp(GetInnerBundleInfoByUid):238] GetInnerBundleInfoByUid with userId is 0
03-03 18:10:25.377 27399     6    61 E 01120/BundleMgrService: [bundle_sandbox_data_mgr.cpp(GetInnerBundleInfoByUid):247] sandboxAppInfos_ is empty
03-03 18:10:25.377 27399     6    61 E 01120/BundleMgrService: [bundle_data_mgr.cpp(GetBundleNameForUid):1709] get innerBundleInfo by uid failed.
03-03 18:10:25.377 27399     6    61 D 01120/BundleMgrService: [inner_bundle_info.cpp(~InnerBundleInfo):442] inner bundle info instance is destroyed
03-03 18:10:25.377 27399     6    61 D 01120/BundleMgrService: [bundle_mgr_host_impl.cpp(VerifyQueryPermission):1891] callingBundleName : 
03-03 18:10:25.377 27399     6    61 D 01120/BundleMgrService: [bundle_permission_mgr.cpp(VerifyCallingPermission):592] VerifyCallingPermission permission ohos.permission.GET_BUNDLE_INFO
03-03 18:10:25.377 27399     6    61 D 01120/BundleMgrService: [bundle_permission_mgr.cpp(VerifyCallingPermission):594] callerToken : <private>
03-03 18:10:25.377 27399     6    61 D 02F01/AccessTokenKit: [GetTokenTypeFlag]:called, tokenID=672050185
03-03 18:10:25.377 27399     6    61 D 01120/BundleMgrService: [bundle_permission_mgr.cpp(VerifyCallingPermission):598] caller tokenType is native, verify success
03-03 18:10:25.377 27399     6    61 D 01120/BundleMgrService: [bundle_mgr_host_impl.cpp(VerifyQueryPermission):1901] verify query permission successfully
03-03 18:10:25.377 27399     6    61 D 01120/BundleMgrService: [bundle_mgr_host_impl.cpp(GetBundleInfo):162] verify permission success, begin to GetBundleInfo
03-03 18:10:25.377 27399     6    61 D 01120/BundleMgrService: [inner_bundle_info.cpp(InnerBundleInfo):386] inner bundle info instance is created
03-03 18:10:25.377 27399     6    61 D 01120/BundleMgrService: [bundle_data_mgr.cpp(GetInnerBundleInfoWithFlags):2116] GetInnerBundleInfoWithFlags: com.example.car
03-03 18:10:25.377 27399     6    61 D 01120/BundleMgrService: [app_control_manager.cpp(GetAppInstallControlRule):66] GetAppInstallControlRule
03-03 18:10:25.377 27399     6    61 D 01120/BundleMgrService: [rdb_data_manager.cpp(QueryData):213] QueryData start
03-03 18:10:25.377 27399     6    61 D 01650/NativeRDB: RdbStoreImpl::Query: RdbStoreImpl::Query on called.
03-03 18:10:25.377 27399     6    61 D 01650/NativeRDB: SqliteConnectionPool::AcquireConnection: AcquireReadConnection
03-03 18:10:25.378 27399     6    61 W 01650/NativeRDB: ::FillSharedBlockOpt: Processed all rows after optimization.
03-03 18:10:25.378 27399     6    61 I 01120/BundleMgrService: [app_control_manager_rdb.cpp(GetAppInstallControlRule):157] GetAppInstallControlRule size 0
03-03 18:10:25.378 27399     6    61 W 01650/APP_DATA_FWK_NATIVE: SharedBlock: close ashmem
03-03 18:10:25.378 27399     6    61 D 01120/BundleMgrService: [app_control_manager.cpp(GetAppInstallControlRule):66] GetAppInstallControlRule
03-03 18:10:25.378 27399     6    61 D 01120/BundleMgrService: [rdb_data_manager.cpp(QueryData):213] QueryData start
03-03 18:10:25.378 27399     6    61 D 01650/NativeRDB: RdbStoreImpl::Query: RdbStoreImpl::Query on called.
03-03 18:10:25.378 27399     6    61 D 01650/NativeRDB: SqliteConnectionPool::AcquireConnection: AcquireReadConnection
03-03 18:10:25.378 27399     6    61 W 01650/NativeRDB: ::FillSharedBlockOpt: Processed all rows after optimization.
03-03 18:10:25.378 27399     6    61 I 01120/BundleMgrService: [app_control_manager_rdb.cpp(GetAppInstallControlRule):157] GetAppInstallControlRule size 0
03-03 18:10:25.378 27399     6    61 W 01650/APP_DATA_FWK_NATIVE: SharedBlock: close ashmem
03-03 18:10:25.378 27399     6    61 D 01120/BundleMgrService: [inner_bundle_info.cpp(GetBundleWithAbilities):2402] bundleName:com.example.car userid:100
03-03 18:10:25.378 27399     6    61 D 01120/BundleMgrService: [inner_bundle_info.cpp(GetBundleWithExtension):2423] get bundleInfo with extensionInfo begin
03-03 18:10:25.378 27399     6    61 D 01120/BundleMgrService: [inner_bundle_info.cpp(GetBundleWithExtension):2433] get bundleInfo with extensionInfo end
03-03 18:10:25.378 27399     6    61 D 01120/BundleMgrService: [bundle_data_mgr.cpp(GetBundleInfo):1417] get bundleInfo(com.example.car) successfully in user(100)
03-03 18:10:25.378 27399     6    61 D 01120/BundleMgrService: [inner_bundle_info.cpp(~InnerBundleInfo):442] inner bundle info instance is destroyed
03-03 18:10:25.378 27399     6    61 I 01300/AbilityManagerService: [app_scheduler.cpp(KillApplication:214)][../../foundation/ability/ability_runtime/services/abilitymgr/src/app_scheduler.cpp(KillApplication)] enter
03-03 18:10:25.378 27399     6    61 I 01300/AppMgrService: [ams_mgr_scheduler.cpp(KillApplication:233)]bundleName = com.example.car
03-03 18:10:25.378 27399     6    61 D 01300/AbilityManagerService: [permission_verification.cpp(IsSACall:43)]IsSACall: is called.
03-03 18:10:25.378 27399     6    61 D 01300/AbilityManagerService: [permission_verification.cpp(GetCallingTokenID:297)]callerToken : <private>
03-03 18:10:25.378 27399     6    61 D 02F01/AccessTokenKit: [GetTokenTypeFlag]:called, tokenID=2000
03-03 18:10:25.378 27399     6    61 D 01300/AbilityManagerService: [permission_verification.cpp(IsSACall:50)]Not SA called.
03-03 18:10:25.378 27399     6    61 D 01300/AbilityManagerService: [permission_verification.cpp(IsShellCall:56)]IsShellCall: is called.
03-03 18:10:25.378 27399     6    61 D 01300/AbilityManagerService: [permission_verification.cpp(GetCallingTokenID:297)]callerToken : <private>
03-03 18:10:25.378 27399     6    61 D 02F01/AccessTokenKit: [GetTokenTypeFlag]:called, tokenID=2000
03-03 18:10:25.378 27399     6    61 D 01300/AbilityManagerService: [permission_verification.cpp(IsShellCall:63)]Not shell called.
03-03 18:10:25.378 27399     6    61 E 01300/AppMgrService: [app_mgr_service_inner.cpp(VerifyAPL:2657)]Get app running record by calling pid failed. callingPId: 7696
03-03 18:10:25.378 27399     6    61 D 01300/AbilityManagerService: [permission_verification.cpp(VerifyCallingPermission:30)]VerifyCallingPermission permission ohos.permission.CLEAN_BACKGROUND_PROCESSES
03-03 18:10:25.378 27399     6    61 D 01300/AbilityManagerService: [permission_verification.cpp(GetCallingTokenID:297)]callerToken : <private>
03-03 18:10:25.378 27399     6    61 D 02F01/AccessTokenKit: [VerifyAccessToken]:called, tokenID=2000, permissionName=ohos.permission.CLEAN_BACKGROUND_PROCESSES
03-03 18:10:25.378 27404     9     9 D 02F01/ATMStub: [OnRemoteRequest]:code 65296 token 672050185
03-03 18:10:25.378 27404     9     9 I 02F01/PermissionManagerImpl: [VerifyAccessToken]:VerifyAccessToken called, tokenID: 2000, permissionName: ohos.permission.CLEAN_BACKGROUND_PROCESSES
03-03 18:10:25.378 27404     9     9 I 02F01/PermissionManagerImpl: [VerifyAccessToken]:caller in white list is granted.permissionName: <private>
03-03 18:10:25.378 27404     9     9 D 02F01/ATMServ: [VerifyAccessToken]:tokenID: 2000, permission: ohos.permission.CLEAN_BACKGROUND_PROCESSES, res 0
03-03 18:10:25.378 27399     6    61 D 02F01/ATMProxy: [VerifyAccessToken]:result from server data = 0
03-03 18:10:25.378 27399     6    61 D 01300/AbilityManagerService: [permission_verification.cpp(VerifyCallingPermission:37)]verify AccessToken success
03-03 18:10:25.378 27399     6    61 D 01300/AbilityManagerService: [permission_verification.cpp(VerifyCallingPermission:30)]VerifyCallingPermission permission ohos.permission.MANAGER_ABILITY_FROM_GATEWAY
03-03 18:10:25.378 27399     6    61 D 01300/AbilityManagerService: [permission_verification.cpp(GetCallingTokenID:297)]callerToken : <private>
03-03 18:10:25.378 27399     6    61 D 02F01/AccessTokenKit: [VerifyAccessToken]:called, tokenID=2000, permissionName=ohos.permission.MANAGER_ABILITY_FROM_GATEWAY
03-03 18:10:25.378 27404     9     9 D 02F01/ATMStub: [OnRemoteRequest]:code 65296 token 672050185
03-03 18:10:25.378 27404     9     9 I 02F01/PermissionManagerImpl: [VerifyAccessToken]:VerifyAccessToken called, tokenID: 2000, permissionName: ohos.permission.MANAGER_ABILITY_FROM_GATEWAY
03-03 18:10:25.378 27404     9     9 I 02F01/PermissionManagerImpl: [VerifyAccessToken]:caller in white list is granted.permissionName: <private>
03-03 18:10:25.379 27404     9     9 D 02F01/ATMServ: [VerifyAccessToken]:tokenID: 2000, permission: ohos.permission.MANAGER_ABILITY_FROM_GATEWAY, res 0
03-03 18:10:25.379 27399     6    61 D 02F01/ATMProxy: [VerifyAccessToken]:result from server data = 0
03-03 18:10:25.379 27399     6    61 D 01300/AbilityManagerService: [permission_verification.cpp(VerifyCallingPermission:37)]verify AccessToken success
03-03 18:10:25.379 27399     6    61 D 01300/AbilityManagerService: [permission_verification.cpp(IsGatewayCall:70)]IsGatewayCall: Permission verification succeeded.
03-03 18:10:25.391 27395     3     3 D 02D08/HISYSEVENT: size=187, sysevent={"domain_":"STARTUP","name_":"PROCESS_EXIT","type_":4,"time_":1772532625391,"tz_":"+0800","pid_":3,"tid_":3,"uid_":0,"PROCESS_NAME":"com.example.car","PID":7650,"UID":20040005,"STATUS":0}
03-03 18:10:25.391 27399     6    61 D 01300/AppMgrService: [app_mgr_service_inner.cpp(KillApplicationByBundleName:608)]The remote process exited successfully 
03-03 18:10:25.391 27395     3     3 D 02D08/HISYSEVENT: reset send buffer size old=212992, new=786432
03-03 18:10:25.391 27399     6    61 I 01300/AppMgrService: [app_mgr_service_inner.cpp(NotifyAppStatus:1962)]NotifyAppStatus called, bundle name is com.example.car, event is usual.event.PACKAGE_RESTARTED
03-03 18:10:25.391 27395     3     3 D 02D08/HISYSEVENT: HiSysEvent send data successful
03-03 18:10:25.391 27399     6    61 I 01200/Ces: [common_event_manager.cpp:(PublishCommonEventAsUser):70] enter
03-03 18:10:25.391 27399     6    61 I 01200/Ces: [common_event_manager.cpp:(NewPublishCommonEventAsUser):78] enter
03-03 18:10:25.391 27399     6    61 I 01200/Ces: [common_event.cpp:(PublishCommonEventAsUser):48] enter
03-03 18:10:25.391 27399     6    61 I 01200/Ces: [common_event.cpp:(PublishParameterCheck):91] enter
03-03 18:10:25.391 27398     5    75 D 02D10/HiView-EventServer: ReceiveMsg: receive data from client <private>
03-03 18:10:25.391 27398     5    75 D 02D10/HiView-EventServer: TransferEvent: event need to transfer: {"domain_":"STARTUP","name_":"PROCESS_EXIT","type_":4,"time_":1772532625391,"tz_":"+0800","pid_":3,"tid_":3,"uid_":0,"PROCESS_NAME":"com.example.car","PID":7650,"UID":20040005,"STATUS":0}
03-03 18:10:25.391 27398     5    75 I 02D10/HiView-EventServer: InitSocketBuf: reset buffer size old=212992, new=786432
03-03 18:10:25.391 27398     5    75 D 02D10/HiView-EventServer: TransferEvent: send data successful
03-03 18:10:25.391 27398     5    75 D 02D10/HiView-SysEventSource: Parser: parser raw message size=187, {"domain_":"STARTUP","name_":"PROCESS_EXIT","type_":4,"time_":1772532625391,"tz_":"+0800","pid_":3,"tid_":3,"uid_":0,"PROCESS_NAME":"com.example.car","PID":7650,"UID":20040005,"STATUS":0}
03-03 18:10:25.391 27398     5    75 I 02D10/HiView-SysEventSource: Parser: parser result domain_=STARTUP eventName_=PROCESS_EXIT
03-03 18:10:25.391 27398     5    75 D 02D10/HiView-EventSource: PublishPipelineEvent: EventSource PublishPipelineEvent
03-03 18:10:25.391 27398     5    85 I 02D10/HiView-SysEventService: Convert2SysEvent: domain is STARTUP, eventName is PROCESS_EXIT.
03-03 18:10:25.391  1875        2029 D 02D10/HiView-EventServer: Start: receive data from client <private>
03-03 18:10:25.392  1875        2029 D 02D10/HiView-SysEventSource: Parser: parser raw message size=202, {"domain_":"STARTUP","name_":"PROCESS_EXIT","type_":4,"time_":1772532625391,"tz_":"+0800","pid_":3,"tid_":3,"uid_":0,"PROCESS_NAME":"com.example.car","PID":7650,"UID":20040005,"STATUS":0, "transfer_":1}
03-03 18:10:25.392  1875        2029 I 02D10/HiView-SysEventSource: Parser: parser result domain_=STARTUP eventName_=PROCESS_EXIT
03-03 18:10:25.392 27398     5    85 D 02D10/HiView-SysEventDao: Insert: insert db file /data/log/hiview/sys_event_db/behavior.db with PROCESS_EXIT
03-03 18:10:25.392 27398     5    85 D 02D10/HiView-DOCDB: put data to doc store success, coll=collection
03-03 18:10:25.392 27398     5    85 D 02D10/HiView-SysEventDbMgr: SaveToStore: save sys event 1685, PROCESS_EXIT
03-03 18:10:25.392 27398     5    85 D 02D10/HiView-HiviewEventReport: UpdatePluginStats pluginName=SysEventService, procName=PROCESS_EXIT, time=276
03-03 18:10:25.392  1875        2031 I 02D10/HiView-SysEventService: Convert2SysEvent: domain is STARTUP, eventName is PROCESS_EXIT.
03-03 18:10:25.392 27398     5    74 D 02D10/HiView-HiviewEventReport: UpdatePluginStats pluginName=Faultlogger, procName=PROCESS_EXIT, time=0
03-03 18:10:25.392 27398     5    74 D 02D10/HiView-Monitor: CollectCostTime: onceTotalCnt_=7, onceTotalRealTime_=4668, onceTotalProcTime_=6025, onceTotalWaitTime_=1357, overRealTotalCount_=0, overProcessTotalCount_=0, finishedCount_=212
03-03 18:10:25.392  1875        2031 E 02D10/Event-JsonParser: HandleEventJson: System has not eventJson domain STARTUP name PROCESS_EXIT
03-03 18:10:25.392  1875        2031 E 02D10/HiView-SysEventService: OnEvent: HandleEventJson fail
03-03 18:10:25.392  1875        2031 D 02D10/HiView-SysEventConvertor: OnEvent: receive sys event
03-03 18:10:25.392  1875        2031 D 02D10/HiView-SysEventConvertor: OnEvent: does not need to convert domain=STARTUP, eventName=PROCESS_EXIT
03-03 18:10:25.392  1875        2090 I 02D02/CrashCollector: OnEvent: path empty or event already processed: 
03-03 18:10:25.392  1875        2090 I 02D01/EventLogger: OnEvent: event coming! id:0x0, eventName:PROCESS_EXIT
03-03 18:10:25.392  1875        2090 I 02D01/EventLogger: OnEvent: event jsonExtraInfo is {"domain_":"STARTUP","name_":"PROCESS_EXIT","type_":4,"time_":1772532625391,"tz_":"+0800","pid_":3,"tid_":3,"uid_":0,"PROCESS_NAME":"com.example.car","PID":7650,"UID":20040005,"STATUS":0, "transfer_":1}
03-03 18:10:25.393  1875        2090 I 02D10/EventLogger-EventLoggerConfig: FindConfigLine: called
03-03 18:10:25.393 27399     6   276 W 01510/IPCObjectProxy: 466: SendObituary: handle = 23 call OnRemoteDied
03-03 18:10:25.393 27399     6   276 E 01300/AbilityManagerService: [ability_scheduler_stub.cpp(OnRemoteDied:632)]recv AbilitySchedulerRecipient death notice
03-03 18:10:25.393 27399     6   276 W 01300/AbilityManagerService: [ability_record.cpp(OnSchedulerDied:1775)]On scheduler died.
03-03 18:10:25.393 27399     6   276 W 01300/AbilityManagerService: [ability_record.cpp(OnSchedulerDied:1778)]On scheduler died. Is app not response Reason:0
03-03 18:10:25.393 27399     6   276 I 01300/AbilityManagerService: [ability_record.cpp(OnSchedulerDied:1808)]Ability on scheduler died: 'EntryAbility'
03-03 18:10:25.393  1875        2090 I 02D10/EventLogger-EventLoggerConfig: FindConfigVersion: version: 1.0
03-03 18:10:25.393 27399     6   129 I 01300/AbilityManagerService: [ability_manager_service.cpp(GetUserId:3139)]GetUserId, userId is 100
03-03 18:10:25.393 27399     6   129 I 01300/AbilityManagerService: [mission_list_manager.cpp(OnAbilityDied:2061)]On ability died.
03-03 18:10:25.393 27399     6   129 D 01300/AbilityManagerService: [mission_list_manager.cpp(OnAbilityDied:2067)]OnAbilityDied come, ability is /com.example.car/entry/EntryAbility
03-03 18:10:25.393 27399     6   129 I 01300/AbilityManagerService: [mission_list_manager.cpp(HandleAbilityDied:2197)]Handle Ability Died.
03-03 18:10:25.393 27399     6   129 I 01300/AbilityManagerService: [mission_list_manager.cpp(HandleAbilityDiedByDefault:2241)]Handle Ability DiedByDefault.
03-03 18:10:25.393 27399     6   129 I 01300/AbilityManagerService: [mission_list_manager.cpp(HandleAbilityDiedByDefault:2286)]active ability died, start launcher later, 2286
03-03 18:10:25.393 27399     6   129 W 01300/AbilityManagerService: [ability_record.cpp(SaveResultToCallers:1326)]callerRecordList is empty.
03-03 18:10:25.393 27399     6   129 D 01300/AbilityManagerService: [mission_list_manager.cpp(operator():2299)]The launcher needs to be restarted.
03-03 18:10:25.393 27399     6    61 I 01200/Ces: [common_event.cpp:(GetCommonEventProxy):279] enter
03-03 18:10:25.393 27399     6   129 I 01300/AbilityManagerService: [mission_list_manager.cpp(BackToLauncher:2310)]Back to launcher.
03-03 18:10:25.393 27399     6   129 W 01300/AbilityManagerService: [mission_list_manager.cpp(BackToLauncher:2316)]no root launcher ability, no need back to launcher.
03-03 18:10:25.393 27399     6    61 D 01200/Ces: [common_event.cpp:(PublishCommonEventAsUser):54] before PublishCommonEvent proxy valid state is 1
03-03 18:10:25.394 27399     6   132 I 01300/AbilityManagerService: [mission_listener_controller.cpp(operator():229)]notify listeners mission is closed, missionId:53.
03-03 18:10:25.394 27399     6    61 I 01200/Ces: [common_event_manager_service.cpp:(PublishCommonEvent):98] enter
03-03 18:10:25.394 27399     6    61 I 01200/Ces: [common_event_manager_service.cpp:(PublishCommonEventDetailed):139] enter
03-03 18:10:25.394 27399     6    61 I 01200/Ces: [common_event_manager_service.cpp:(PublishCommonEventDetailed):141] clientToken = 2000
03-03 18:10:25.394 27399     6    61 D 02F01/AccessTokenKit: [GetTokenTypeFlag]:called, tokenID=2000
03-03 18:10:25.394 27399     6    61 D 02F01/AccessTokenKit: [GetHapTokenInfo]:called, tokenID=2000
03-03 18:10:25.394  2261       29200 D 01510/BinderInvoker: OnBinderDied 384: enter
03-03 18:10:25.394  2261       29200 W 01510/IPCObjectProxy: SendObituary 393: handle:248 desc:
03-03 18:10:25.394  2261       29200 W 01510/IPCObjectProxy: MarkObjectDied 291: handle:248 desc:
03-03 18:10:25.394  2261       29200 D 01510/IPCObjectProxy: SendObituary 422: handle:248 call OnRemoteDied begin
03-03 18:10:25.394  2261       29200 I 01510/IPCJni: OnRemoteDied 291: called
03-03 18:10:25.394  2261       29200 I 01510/RemoteProxy: Java sendObituary called
03-03 18:10:25.395  2261       29200 D 01510/IPCJni: Java_ohos_rpc_RemoteProxy_nativeGetHandle 961: handle:246
03-03 18:10:25.395  2261       29200 I chatty  : uid=1000(system) Thread-3061 identical 1 line
03-03 18:10:25.395  2261       29200 D 01510/IPCJni: Java_ohos_rpc_RemoteProxy_nativeGetHandle 961: handle:246
03-03 18:10:25.396  2261       29200 D 01510/IPCJni: Java_ohos_rpc_RemoteProxy_nativeRemoveDeathRecipient 866: enter
03-03 18:10:25.396  2261       29200 D 01510/IPCObjectProxy: RemoveDeathRecipient 353: proxy is already dead, handle:248 desc:
03-03 18:10:25.396  1875        2090 E 02D01/EventLogger: OnEvent: event: id:0x0, eventName:PROCESS_EXIT does not exist in the EventLoggerConfig
03-03 18:10:25.396  2261       29200 D 01510/IPCJni: Java_ohos_rpc_RemoteProxy_nativeGetHandle 961: handle:248
03-03 18:10:25.396  1875        2090 D 02D10/HiView-EventDispatchQueue: Enqueue: EventDispatchQueue Enqueue
03-03 18:10:25.396  1875        2090 D 02D10/HiView-Pipeline: OnContinue: OnContinue end.
03-03 18:10:25.396  1875        2090 I 02D10/HiView-SysEventSource: Recycle: recycle resource
03-03 18:10:25.396  2261       29200 D 01510/IPCObjectProxy: SendObituary 424: handle:248 call OnRemoteDied end
03-03 18:10:25.396  2261       29200 D 01510/IPCJni: ~JDeathRecipient 337: enter
03-03 18:10:25.396 27394     2    45 W 01510/IPCObjectProxy: 466: SendObituary: handle = 4 call OnRemoteDied
03-03 18:10:25.397 27399     6    59 W 01510/IPCObjectProxy: 466: SendObituary: handle = 22 call OnRemoteDied
03-03 18:10:25.397 27404     9     9 D 02F01/ATMStub: [OnRemoteRequest]:code 65317 token 672050185
03-03 18:10:25.397 27404     9     9 I 02F01/ATMServ: [GetTokenType]:tokenID: 0x280eac09
03-03 18:10:25.397 27399     6   131 E 01300/AppMgrService: [app_mgr_service_inner.cpp(OnRemoteDied:1556)]On remote died.
03-03 18:10:25.397 27399     6   131 I 01300/AppMgrService: [app_running_manager.cpp(OnRemoteDied:250)]On remot died.
03-03 18:10:25.397 27404     9     9 I 02F01/ATMServ: [GetHapTokenInfo]:tokenID: 0x7d0
03-03 18:10:25.397 27399     6   131 I 01300/AppMgrService: [app_mgr_service_inner.cpp(FinishUserTestLocked:2194)]Enter
03-03 18:10:25.397 27399     6   131 W 01300/AppMgrService: [app_mgr_service_inner.cpp(FinishUserTestLocked:2203)]not start user test
03-03 18:10:25.397 27404     9     9 E 02F01/AccessTokenInfoManager: [GetHapTokenInfoInner]:token 2000 is invalid.
03-03 18:10:25.397 27404     9     9 E 02F01/AccessTokenInfoManager: [GetHapTokenInfo]:token 2000 is invalid.
03-03 18:10:25.397 27399     6   134 I 01300/AppMgrService: [app_state_observer_manager.cpp(operator():242)]StateChangedNotifyObserver come.
03-03 18:10:25.397 27399     6   134 D 01300/AppMgrService: [app_state_observer_manager.cpp(HandleStateChangedNotifyObserver:295)]Handle state change, module:entry, bundle:com.example.car, ability:EntryAbility, state:5,pid:7650 ,uid:20040005, abilityType:1, isAbility:1
03-03 18:10:25.397 27399     6   134 I 01300/AppMgrService: [app_state_observer_manager.cpp(operator():128)]OnProcessDied come.
03-03 18:10:25.397 27399     6   134 D 01300/AppMgrService: [app_state_observer_manager.cpp(HandleOnAppProcessDied:392)]Process died, bundle:com.example.car, pid:7650, uid:20040005
03-03 18:10:25.397 27399     6   134 W 01300/AbilityManagerService: [connection_state_manager.cpp(RemoveDiedCaller:377)]can not find target item, connection caller pid:7650, may already handled.
03-03 18:10:25.397 27399     6   134 W 01300/AbilityManagerService: [connection_state_manager.cpp(HandleCallerDied:351)]no connectionStateItem, may already handled.
03-03 18:10:25.398  2261       29200 D 01510/IPCJni: Java_ohos_rpc_MessageParcel_nativeReadRemoteObject 178: enter
03-03 18:10:25.398 27399     6    61 I 02F01/ATMProxy: [GetHapTokenInfo]:result from server data = -1
03-03 18:10:25.398  2261       29200 D 01510/IPCProcessSkeleton: FindOrNewObject 164: handle:246 proto:0 new:0
03-03 18:10:25.398 27399     6    61 I 01200/Ces: [bundle_manager_helper.cpp:(GetBundleName):40] enter
03-03 18:10:25.398 27399     6    61 D 01200/Ces: [bundle_manager_helper.cpp:(GetBundleMgrProxy):153] enter
03-03 18:10:25.398 27399     6    61 D 01120/BundleMgrService: [bundle_mgr_host_impl.cpp(GetBundleNameForUid):306] start GetBundleNameForUid, uid : 2000
03-03 18:10:25.398  2261       29200 D 01510/IPCJni: Java_ohos_rpc_RemoteProxy_nativeGetHandle 961: handle:246
03-03 18:10:25.398 27399     6    61 D 01120/BundleMgrService: [inner_bundle_info.cpp(InnerBundleInfo):386] inner bundle info instance is created
03-03 18:10:25.398 27399     6    61 E LOGLIMIT: process  drop log, threshold:13050
03-03 18:10:25.398  2261       29200 D 01510/IPCJni: Java_ohos_rpc_RemoteProxy_nativeGetHandle 961: handle:246
03-03 18:10:25.398  2261       29200 I chatty  : uid=1000(system) Thread-3061 identical 1 line
03-03 18:10:25.398  2261       29200 D 01510/IPCJni: Java_ohos_rpc_RemoteProxy_nativeGetHandle 961: handle:246
03-03 18:10:25.398 12468  7696  7696 I 01300/AbilityManagerService: [ability_command.cpp(RunAsForceStop:635)]force stop process successfully.
03-03 18:10:25.398  2261       29200 D 01510/IPCJni: Java_ohos_rpc_RemoteProxy_nativeGetHandle 961: handle:246
03-03 18:10:25.401 27398     5    75 D 02D10/HiView-EventServer: ReceiveMsg: receive data from client <private>
03-03 18:10:25.401 27398     5    75 D 02D10/HiView-EventServer: TransferEvent: event need to transfer: {"domain_":"COMMONEVENT","name_":"PUBLISH_ERROR","type_":1,"time_":1772532625400,"tz_":"+0800","pid_":6,"tid_":130,"uid_":5523,"USER_ID":0,"PUBLISHER_BUNDLE_NAME":"","PID":7696,"UID":2000,"EVENT_NAME":"usual.event.PACKAGE_RESTARTED"}
03-03 18:10:25.401 27398     5    75 I 02D10/HiView-EventServer: InitSocketBuf: reset buffer size old=212992, new=786432
03-03 18:10:25.401 27398     5    75 D 02D10/HiView-EventServer: TransferEvent: send data successful
03-03 18:10:25.401 27398     5    75 D 02D10/HiView-SysEventSource: Parser: parser raw message size=233, {"domain_":"COMMONEVENT","name_":"PUBLISH_ERROR","type_":1,"time_":1772532625400,"tz_":"+0800","pid_":6,"tid_":130,"uid_":5523,"USER_ID":0,"PUBLISHER_BUNDLE_NAME":"","PID":7696,"UID":2000,"EVENT_NAME":"usual.event.PACKAGE_RESTARTED"}
03-03 18:10:25.401 27398     5    75 I 02D10/HiView-SysEventSource: Parser: parser result domain_=COMMONEVENT eventName_=PUBLISH_ERROR
03-03 18:10:25.401 27398     5    75 D 02D10/HiView-EventSource: PublishPipelineEvent: EventSource PublishPipelineEvent
03-03 18:10:25.402 27398     5    85 I 02D10/HiView-SysEventService: Convert2SysEvent: domain is COMMONEVENT, eventName is PUBLISH_ERROR.
03-03 18:10:25.402  1875        2029 D 02D10/HiView-EventServer: Start: receive data from client <private>
03-03 18:10:25.402  1875        2029 D 02D10/HiView-SysEventSource: Parser: parser raw message size=248, {"domain_":"COMMONEVENT","name_":"PUBLISH_ERROR","type_":1,"time_":1772532625400,"tz_":"+0800","pid_":6,"tid_":130,"uid_":5523,"USER_ID":0,"PUBLISHER_BUNDLE_NAME":"","PID":7696,"UID":2000,"EVENT_NAME":"usual.event.PACKAGE_RESTARTED", "transfer_":1}
03-03 18:10:25.402 27398     5    85 D 02D10/HiView-SysEventDao: Insert: insert db file /data/log/hiview/sys_event_db/fault.db with PUBLISH_ERROR
03-03 18:10:25.402  1875        2029 I 02D10/HiView-SysEventSource: Parser: parser result domain_=COMMONEVENT eventName_=PUBLISH_ERROR
03-03 18:10:25.404  2261        2322 W 00202/HiData_HwAppQoeResourceManagerImpl: checkIsMonitorGameScenes input :com.huawei.android.launcher
03-03 18:10:25.404 27398     5    85 D 02D10/HiView-DOCDB: put data to doc store success, coll=collection
03-03 18:10:25.404 27398     5    85 D 02D10/HiView-SysEventDbMgr: SaveToStore: save sys event 149, PUBLISH_ERROR
03-03 18:10:25.404 27398     5    85 D 02D10/HiView-HiviewEventReport: UpdatePluginStats pluginName=SysEventService, procName=PUBLISH_ERROR, time=2297
03-03 18:10:25.404 27398     5    85 D 02D10/HiView-Monitor: CollectCostTime: onceTotalCnt_=8, onceTotalRealTime_=7026, onceTotalProcTime_=8664, onceTotalWaitTime_=1638, overRealTotalCount_=0, overProcessTotalCount_=0, finishedCount_=213
03-03 18:10:25.404  1875        2031 I 02D10/HiView-SysEventService: Convert2SysEvent: domain is COMMONEVENT, eventName is PUBLISH_ERROR.
03-03 18:10:25.404  2261        2322 I 00202/TcpRecoverMonitor: Top package name: com.huawei.android.launcher uid:10109
03-03 18:10:25.404  1875        2031 E 02D10/Event-JsonParser: HandleEventJson: System has not eventJson domain COMMONEVENT name PUBLISH_ERROR
03-03 18:10:25.404  1875        2031 E 02D10/HiView-SysEventService: OnEvent: HandleEventJson fail
03-03 18:10:25.406  1875        2031 D 02D10/HiView-SysEventConvertor: OnEvent: receive sys event
03-03 18:10:25.406  1875        2031 D 02D10/HiView-SysEventConvertor: OnEvent: does not need to convert domain=COMMONEVENT, eventName=PUBLISH_ERROR
03-03 18:10:25.407  1875        2090 I 02D02/CrashCollector: OnEvent: path empty or event already processed: 
03-03 18:10:25.407  1875        2090 I 02D01/EventLogger: OnEvent: event coming! id:0x0, eventName:PUBLISH_ERROR
03-03 18:10:25.407  1875        2090 I 02D01/EventLogger: OnEvent: event jsonExtraInfo is {"domain_":"COMMONEVENT","name_":"PUBLISH_ERROR","type_":1,"time_":1772532625400,"tz_":"+0800","pid_":6,"tid_":130,"uid_":5523,"USER_ID":0,"PUBLISHER_BUNDLE_NAME":"","PID":7696,"UID":2000,"EVENT_NAME":"usual.event.PACKAGE_RESTARTED", "transfer_":1}
03-03 18:10:25.407  1875        2090 I 02D10/EventLogger-EventLoggerConfig: FindConfigLine: called
03-03 18:10:25.407  1875        2090 I 02D10/EventLogger-EventLoggerConfig: FindConfigVersion: version: 1.0
03-03 18:10:25.410  1875        2090 E 02D01/EventLogger: OnEvent: event: id:0x0, eventName:PUBLISH_ERROR does not exist in the EventLoggerConfig
03-03 18:10:25.410  1875        2090 D 02D10/HiView-EventDispatchQueue: Enqueue: EventDispatchQueue Enqueue
03-03 18:10:25.411  1875        2090 D 02D10/HiView-Pipeline: OnContinue: OnContinue end.
03-03 18:10:25.412  1875        2090 I 02D10/HiView-SysEventSource: Recycle: recycle resource
03-03 18:10:25.415  2261        2322 W 00202/HiData_HwAppQoeResourceManagerImpl: checkIsMonitorGameScenes input :com.huawei.android.launcher
03-03 18:10:25.415  2261        2322 W 00202/HiData_HwAppQoeActivityMonitor: handleActivityChange, curPackage:com.huawei.android.launcher, curClass:com.huawei.android.launcher.unihome.UniHomeLauncher
03-03 18:10:25.416  2261        2680 W 00202/RxListenArbitration: NOT LowLatency SCENE, mArbitraCond: 0
03-03 18:10:25.416  2261        2680 W 00202/RxListenArbitration: checkFastSleepSwitch, mArbitraCond: 0
03-03 18:10:25.416  2261        2680 W 00202/TcpArbitration: checkTcpAckSwitch, mArbitraCond: 3
03-03 18:10:25.417  2261        2760 W 00202/HiData_HwAppQoeActivityMonitor: HwAppQoeActivityMonitor handleMessage: 2
03-03 18:10:25.417  2261        2760 W 00202/HiData_HwAppQoeActivityMonitor: handleActivityChange,  curPackage:com.huawei.android.launcher, curClass:com.huawei.android.launcher.unihome.UniHomeLauncher
03-03 18:10:25.417  2261        2760 W 00202/HiData_HwAppQoeResourceManagerImpl: checkIsMonitorApkScenes input :com.huawei.android.launcher
03-03 18:10:25.417  2261        2760 E 00202/HiData_HwAppQoeActivityMonitor: handleActivityChange tempAppConfig is null
03-03 18:10:25.419  2261        2760 W 00202/HiData_HwAppQoeResourceManagerImpl: checkIsMonitorVideoScenes input :com.huawei.android.launcher,com.huawei.android.launcher.unihome.UniHomeLauncher
03-03 18:10:25.419  2261        2760 W 00202/HiData_HwAppQoeResourceManagerImpl: checkIsMonitorGameScenes input :com.huawei.android.launcher
03-03 18:10:25.419  2261        2760 W 00202/HiData_HwAppQoeResourceManagerImpl: checkIsMonitorGameScenes input :com.huawei.android.launcher
03-03 18:10:25.419  2261        2760 W 00202/HiData_HwAppQoeActivityMonitor: handleActivityChange, it is not a care app or scenes
03-03 18:10:25.419  2261        2760 W 00202/HiData_HwAppQoeActivityMonitor: handleActivityChange, curr mAppType:-1, last mAppType:-1
03-03 18:10:25.420  2261        2322 W 00202/HiData_HwAppQoeResourceManagerImpl: checkIsMonitorGameScenes input :com.huawei.android.launcher
03-03 18:10:25.420  2261        2322 W 00202/HiData_HwAppQoeResourceManagerImpl: checkIsMonitorBlackListScenes input :com.huawei.android.launcher
03-03 18:10:25.420  2261        2322 W 00202/HiData_HwAppQoeResourceManagerImpl: checkIsMonitorWhiteListScenes input :com.huawei.android.launcher
03-03 18:10:25.420  2261        2322 W 00202/FsMonitor: switch to foreground is com.huawei.android.launcher, LOWLATENCY_SCENE: false, BLACKLIST_SCENE: false, WHITELIST_SCENE: false
03-03 18:10:25.421  2261        2322 W 00202/CompetitionModeMonitor: setCompetitionMode, pkgName: com.huawei.android.launcher
03-03 18:10:25.423  2261        2680 W 00202/FSArbitration: Now is chariot application?: 0
03-03 18:10:25.423  2261        2680 W 00202/FSArbitration: fastsleep 2.0 don't open
03-03 18:10:25.423  2261        2680 W 00202/FSArbitration: Foreground SCENE judgement, mArbitraCond: 65
03-03 18:10:25.423  2261        2680 W 00202/FSArbitration: updateFastSleepArbitraCond, fsArbitraCond: 1
03-03 18:10:25.423  2261        2680 W 00202/FSArbitration: checkFastSleepSwitch, mArbitraCond: 65
03-03 18:10:25.424  5692        6537 W 00600/HwLauncher: ExitAppAnimationManager getAnimationInfoMyself, mAnimationInfo = com.huawei.android.launcher.exitapp.ExitAnimationInfo@a4019ec
03-03 18:10:25.442  5692        5760 I 00400/HwLauncher: LocalTaskList loadTasksInBackground:5 numTasks:16 currentUserId:0
03-03 18:10:25.449  3349        6215 E 02F07/HSC_SEC_AI_PLUGIN_BG_AppBASMngServiceUtils: AI is not supported, current platform is:kona
03-03 18:10:25.455  1875        2117 D 02D01/EngineEventSource: CreateAndPublishEvent: 1102, trace flag:null
03-03 18:10:25.455  1875        2117 D 02D01/EngineEventSource: CreateAndPublishEvent: 991310254, trace flag:null
03-03 18:10:25.455  1875        2117 D 02D01/EngineEventVerify: CanProcessEvent: EngineEventVerify can NOT process event:991310254 .
03-03 18:10:25.457  3349        3759 D 02F07/HSC_SEC_AI_PLUGIN_BG_SecurityThreatsService: handleMessage msg=4
03-03 18:10:25.458  3109        3123 I 01710/ContinuousTaskMgrService: process has died: 12278
03-03 18:10:25.459  1875        2117 D 02D01/EngineEventSource: CreateAndPublishEvent: 5005, trace flag:null
03-03 18:10:25.459  1875        2117 D 02D01/EngineEventVerify: CanProcessEvent: EngineEventVerify can NOT process event:5005 .
03-03 18:10:25.459  1875        2117 D 02D01/UeEventVerify: CanProcessEvent: UeEventVerify can NOT process event:5005.
03-03 18:10:25.461  1326        2353 I 02701/SensorUidPolicy: onUidIdle begin
03-03 18:10:25.461  1326        2353 I 02702/SensorUidPolicy: SetSensorStatus begin, state : 0
03-03 18:10:25.461  1326        2353 D 02702/ClientInfo: GetSensorChannelByUid begin, uid : 10270
03-03 18:10:25.461  1326        2353 D 02702/ClientInfo: GetSensorChannelByUid end
03-03 18:10:25.461  1326        2353 I 02702/SensorUidPolicy: SetSensorStatus end
03-03 18:10:25.462  1326        2353 I 02701/SensorUidPolicy: onUidIdle end
03-03 18:10:25.462  1326        2353 I 02701/SensorUidPolicy: onUidGone begin
03-03 18:10:25.462  1326        2353 I 02701/SensorUidPolicy: onUidIdle begin
03-03 18:10:25.462  1326        2353 I 02701/SensorUidPolicy: onUidIdle end
03-03 18:10:25.462  1326        2353 I 02701/SensorUidPolicy: onUidGone end
03-03 18:10:25.462  1875        2117 D 02D01/StatisticsCollect: CanProcessEvent: Can NOT process event:5005 .
03-03 18:10:25.462  1875        2043 D 02D01/Common: OnEvent: Common can not process event 5005
03-03 18:10:25.463  1875        2043 D 02D10/HiView-EngineEventDispatcher: OnEvent: DispatchEvent:5005
03-03 18:10:25.468  1875        2085 W 02D01/CaLog: PreWriteLog: invalid level: 2.
03-03 18:10:25.468  1875        2042 D 02D01/EventDatabase: OnEvent: reveive fold stat event:1102 is:{"STR1":"com.example.car","STR2":0,"STR3":0,"LONG1":11,"LONG2":1000000,"LONG3":1772532625454,"LONG4":317}
03-03 18:10:25.468  1875        2042 D 02D01/EventDatabase: OnEvent: event:1102 is: package com.example.car to 11
03-03 18:10:25.470  3109        3123 D 01710/BgTask: [haware_action_callback.cpp] SendEventInfo# on Receive sendEventInfo : eventId : 1 intArgs_ : [ 10109 10270], stringArgs_ : [ com.huawei.android.launcher com.example.car]
03-03 18:10:25.470  3109        3123 D 01710/BgTask: [haware_action_listener_proxy.cpp] OnEventReceived# on Receive onEventReceived : eventId : 1 intArgs_ : [ 10109 10270], stringArgs_ : [ com.huawei.android.launcher com.example.car]
03-03 18:10:25.470  3109        3123 D 01710/BgTaskService: [input_manager.cpp] SendEventInfo# Send event info: eventId : 1 intArgs_ : [ 10109 10270], stringArgs_ : [ com.huawei.android.launcher com.example.car]
03-03 18:10:25.470  3109        3677 D 01710/BgTaskService: [input_manager.cpp] ProcessEvent# Process event, eventId: 1
03-03 18:10:25.471  2261        4295 I 02D03/HiTraceC: HiTraceBegin name:App_Hot_Launch flags:11.
03-03 18:10:25.471  2261        4295 E 02D03/HiTraceC: HiTraceEnd error: invalid thread id.
03-03 18:10:25.473  5692       12496 I 03900/Ace: [js_task_executor.cpp(ThreadMain)-(-1)] new js thread start
03-03 18:10:25.477  5692        5692 E 02D03/HiTraceC: HiTraceEnd error: invalid thread id.
03-03 18:10:25.478  1875        2117 D 02D01/EngineEventSource: CreateAndPublishEvent: 991384001, trace flag:null
03-03 18:10:25.478  1875        2117 D 02D01/EngineEventVerify: CanProcessEvent: EngineEventVerify can NOT process event:991384001 .
03-03 18:10:25.479  5692        5692 I 00A00/HwLauncher: Model loadWidgetsAfterUserUnlockIfNeeded, sLoadWidgetOnResume is false!
03-03 18:10:25.479  1875        2085 W 02D01/DailyControl: OnEvent: threshold exceeded:991384001
03-03 18:10:25.481  5692        5692 W 00700/HwLauncher: RecentsView onWindowVisibilityChanged executed invalid
03-03 18:10:25.482  5692       10228 W 00200/HwLauncher: AbilityFormUtil isVisible: false, parent = {LauncherAbilityFormInfo: id=131 formId=58111964323649841 title=小艺建议 FormLayout=2 intent=Intent { cmp=com.huawei.ohos.suggestion/.xiaoyirecommender.XiaoyiRecAbility (has extras) } CellIndex:Container:130, ScreenId:0, ScreenIndex:-1, Cell(0, 0) Spans(2, 2) com.huawei.android.launcher.abilityform.AbilityFormHostView{4667b8d VFE....L. ......ID 0,0-429,600 #7f0a001d app:id/ability_form_host_view}} is not in current screen
03-03 18:10:25.484  5692        5760 I 00600/HwLauncher: LocalTaskList loadTasksInBackground:5 numTasks:16 currentUserId:0
03-03 18:10:25.484  5692       10228 W 00300/HwLauncher: AbilityFormUtil isVisible: false, parent = {LauncherAbilityFormInfo: id=2 formId=58111966125445072 title=小艺建议 FormLayout=2 intent=Intent { act=android.intent.action.VIEW cmp=com.huawei.ohos.suggestion/.xiaoyirecommender.XiaoyiRecAbility (has extras) } CellIndex:Container:130, ScreenId:0, ScreenIndex:-1, Cell(0, 1) Spans(2, 2) com.huawei.android.launcher.abilityform.AbilityFormHostView{555c142 VFE....L. ......ID 0,0-429,600 #7f0a001d app:id/ability_form_host_view}} is not in current screen
03-03 18:10:25.487  5692       12495 I 03900/Ace: [js_task_executor.cpp(ThreadMain)-(-1)] new js thread start
03-03 18:10:25.491 23639       23639 I 00600/HwSystemUIApplication: onTrimMemory 80
03-03 18:10:25.492 17444       17444 D 01100/AbilityShell: AbilityShellProvider::onTrimMemory called
03-03 18:10:25.492 17444       17444 I chatty  : uid=10029(com.huawei.ohos.suggestion) identical 8 lines
03-03 18:10:25.492 17444       17444 D 01100/AbilityShell: AbilityShellProvider::onTrimMemory called
03-03 18:10:25.493  3109        3123 I 01100/AppExecFwk: ActivityStatusChangeNotifier called
03-03 18:10:25.493  3109        3123 I 01100/AppExecFwk: ActivityStatusChangeNotifier call native state= onResume
03-03 18:10:25.493  3109        3123 D 01100/AppExecFwk: call native comp= com.huawei.android.launcher, com.huawei.android.launcher.unihome.UniHomeLauncher, 1772532625493
03-03 18:10:25.493  3109        3123 W 01120/BundleMgrService: [data_mgr.cpp(CheckIsOpenharmonyApp)] bundle: com.huawei.android.launcher with user 0 not exist
03-03 18:10:25.495  2261        2309 W 00202/HiDATA_ContentAware: mForegroundAppPackageName: com.huawei.android.launcher, score: 0
03-03 18:10:25.495  2261        2309 W 00202/HiDATA: onForegroundAppWifiSleepChange: config:false, sleeptime:-1,type: 28, appname:com.huawei.android.launcher
03-03 18:10:25.495  2261        2309 W 00202/HiDATA: APP type: 28 appName= com.huawei.android.launcher
03-03 18:10:25.495  2261        2309 W 00202/HiDATA: no game, APP_TYPE_GAME, appName =com.huawei.android.launcher
03-03 18:10:25.500  3349        8299 D 02F07/HSC_SEC_AI_PLUGIN_BG_SecurityThreatsService: onForegroundActivitiesChanged: 5692, 10109, true
03-03 18:10:25.501  5692       12497 I 03900/Ace: [js_task_executor.cpp(ThreadMain)-(-1)] new js thread start
03-03 18:10:25.502  5692       12497 I 03900/Ace: [js_task_executor.cpp(~JsTaskThread)-(-1)] [Dump js-thread] duration(ms): 2310,tasksCount: 3,coupleCount: 0
03-03 18:10:25.502  5692       12500 I 03900/Ace: [js_task_executor.cpp(ThreadMain)-(-1)] new js thread for delay task start
03-03 18:10:25.502  8651        8651 I 00800/Gallery2_Common_GalleryAppImpl: onTrimMemory 60
03-03 18:10:25.516  5692        5744 I 00600/HwLauncher: Themes initResource shadowColor = 0 ,colorDate = -11381672 ,colorWeek = -16098825
03-03 18:10:25.522  5692        7828 I 00700/HwLauncher: LauncherAnimationRunner RemoteAnimation start
03-03 18:10:25.523  5692        6504 W 03C01/TotemWeather: WidgetDataServiceManager: init unbindService IllegalArgumentException, Service not registered. e = java.lang.IllegalArgumentException: Service not registered: c9$a@1f38ef8
03-03 18:10:25.527  5692        5692 W 00400/HwLauncher: IconBitmapUtils checkAdaptiveIconValid failed. adaptiveIconDrawable is null.
03-03 18:10:25.529  5692        5692 W 00A00/HwLauncher: IconBitmapUtils checkAdaptiveIconValid failed. adaptiveIconDrawable is null.
03-03 18:10:25.536  5692        5692 W 00600/HwLauncher: BubbleTextView setDescriptionForBubbleText shortcutInfo is null
03-03 18:10:25.537  5692        5692 W 00600/HwLauncher: BubbleTextView setDescriptionForBubbleText shortcutInfo is null
03-03 18:10:25.538  5692        6504 W 03C01/TotemWeather: WidgetDataServiceManager: init unbindService IllegalArgumentException, Service not registered. e = java.lang.IllegalArgumentException: Service not registered: c9$a@1f38ef8
03-03 18:10:25.538  5692        5692 I 00200/HwLauncher: CalenderDynamicUpdater setHasUpdateSuccess, success: true
03-03 18:10:25.539  5692        5692 I 00300/HwLauncher: CalenderDynamicUpdater setHasUpdateSuccess, success: true
03-03 18:10:25.539  5692        5692 I 00400/HwLauncher: CalenderDynamicUpdater setHasUpdateSuccess, success: true
03-03 18:10:25.539  5692        5692 I 00A00/HwLauncher: CalenderDynamicUpdater setHasUpdateSuccess, success: true
03-03 18:10:25.551  5692        5692 W 03C01/TotemWeather: TempHighLowView: temperature is error
03-03 18:10:25.551  5692        5692 E 03C01/TotemWeather: SingleCityWidgetHomeView:setWeatherIcon equals and ==
03-03 18:10:25.555  2261        2322 W 00202/HwQoEAccAppAware: uid = 10109, pktname = com.huawei.android.launcher, className = com.huawei.android.launcher.unihome.UniHomeLauncher
03-03 18:10:25.560  5692        5692 W 03C01/TotemWeather: TempHighLowView: temperature is error
03-03 18:10:25.561  5692        5692 E 03C01/TotemWeather: SingleCityWidgetHomeView:setWeatherIcon equals and ==
03-03 18:10:25.712  3128       10359 I 00B00/HwMSDPMovementService: handleGetSupportedModule
03-03 18:10:25.712  3128       10359 I 00B00/HwMSDPMovementImpl: mWaitCount  10
03-03 18:10:25.712  3128       10359 I 00B00/HwMSDPMovementImpl: mSupportedModule= 0
03-03 18:10:25.804  5692        5718 W 00700/HwLauncher: AbilityReleaseAndRestoreUtil restoreAbilityFormWithAbilityFormList restoreList isEmpty !
03-03 18:10:25.822  5692        5692 W 00200/HwLauncher: MultiDevicesTaskCenterReporterUtils getRemoteDevicesTypesString remoteDevicesList is empty.
03-03 18:10:25.823  1875        2117 D 02D01/EngineEventSource: CreateAndPublishEvent: 990200931, trace flag:null
03-03 18:10:25.823  1875        2117 D 02D01/EngineEventVerify: CanProcessEvent: EngineEventVerify can NOT process event:990200931 .
03-03 18:10:25.823  1875        2085 W 02D01/DailyControl: OnEvent: threshold exceeded:990200931
03-03 18:10:25.936  2261        2679 I 00202/HwWifiScoreReportEx: Score = 60, wifiConnectivityManagerEnabled = false, lowScoreCount = 0
03-03 18:10:26.002  5692       12496 I 03900/Ace: [js_task_executor.cpp(ThreadMain)-(-1)] js thread end
03-03 18:10:26.003  5692       12495 I 03900/Ace: [js_task_executor.cpp(ThreadMain)-(-1)] js thread end
03-03 18:10:26.003  5692       12497 I 03900/Ace: [js_task_executor.cpp(ThreadMain)-(-1)] js thread end
03-03 18:10:26.003  5692       12500 I 03900/Ace: [js_task_executor.cpp(~JsTaskThread)-(-1)] [Dump js-thread] duration(ms): 502,tasksCount: 1,coupleCount: 1
03-03 18:10:26.003  5692       12500 I 03900/Ace: [js_task_executor.cpp(~JsTaskThread)-(-1)] [Dump js-thread] duration(ms): 516,tasksCount: 1,coupleCount: 1
03-03 18:10:26.003  5692       12500 I 03900/Ace: [js_task_executor.cpp(~JsTaskThread)-(-1)] [Dump js-thread] duration(ms): 530,tasksCount: 3,coupleCount: 3
03-03 18:10:26.216  1875        2117 D 02D01/EngineEventSource: CreateAndPublishEvent: 1101, trace flag:null
03-03 18:10:26.217  1875        2117 D 02D01/EngineEventSource: CreateAndPublishEvent: 991310253, trace flag:null
03-03 18:10:26.217  1875        2117 D 02D01/EngineEventVerify: CanProcessEvent: EngineEventVerify can NOT process event:991310253 .
03-03 18:10:26.222  1875        2085 W 02D01/CaLog: PreWriteLog: invalid level: 2.
03-03 18:10:26.222  1875        2085 W 02D01/DailyControl: OnEvent: threshold exceeded:991310253
03-03 18:10:26.223  1875        2042 D 02D01/EventDatabase: OnEvent: reveive fold stat event:1101 is:{"STR1":"com.huawei.android.launcher","STR2":0,"STR3":0,"LONG1":11,"LONG2":140000921,"LONG3":1772532626215,"LONG4":22}
03-03 18:10:26.223  1875        2042 D 02D01/EventDatabase: OnEvent: event:1101 is: package com.huawei.android.launcher to 11
03-03 18:10:26.282 27399     6    61 I 01300/AppexecfwkCore: [app_mgr_stub.cpp(OnRemoteRequest:119)]AppMgrStub::OnReceived, code = 27, flags= 0.
03-03 18:10:26.282 27399     6    61 I 01300/AppMgrService: [app_mgr_service_inner.cpp(NotifyMemoryLevel:798)]AppMgrServiceInner start
03-03 18:10:26.282 27399     6    61 D 01300/AbilityManagerService: [permission_verification.cpp(IsSACall:43)]IsSACall: is called.
03-03 18:10:26.282 27399     6    61 D 01300/AbilityManagerService: [permission_verification.cpp(GetCallingTokenID:297)]callerToken : <private>
03-03 18:10:26.282 27399     6    61 D 02F01/AccessTokenKit: [GetTokenTypeFlag]:called, tokenID=1000
03-03 18:10:26.282 27399     6    61 D 01300/AbilityManagerService: [permission_verification.cpp(IsSACall:50)]Not SA called.
03-03 18:10:26.282 27399     6    61 D 01300/AbilityManagerService: [permission_verification.cpp(VerifyCallingPermission:30)]VerifyCallingPermission permission ohos.permission.MANAGER_ABILITY_FROM_GATEWAY
03-03 18:10:26.282 27399     6    61 D 01300/AbilityManagerService: [permission_verification.cpp(GetCallingTokenID:297)]callerToken : <private>
03-03 18:10:26.282 27399     6    61 D 02F01/AccessTokenKit: [VerifyAccessToken]:called, tokenID=1000, permissionName=ohos.permission.MANAGER_ABILITY_FROM_GATEWAY
03-03 18:10:26.283 27404     9     9 D 02F01/ATMStub: [OnRemoteRequest]:code 65296 token 672050185
03-03 18:10:26.283 27404     9     9 I 02F01/PermissionManagerImpl: [VerifyAccessToken]:VerifyAccessToken called, tokenID: 1000, permissionName: ohos.permission.MANAGER_ABILITY_FROM_GATEWAY
03-03 18:10:26.283 27404     9     9 I 02F01/PermissionManagerImpl: [VerifyAccessToken]:caller in white list is granted
03-03 18:10:26.283 27404     9     9 D 02F01/ATMServ: [VerifyAccessToken]:tokenID: 1000, permission: ohos.permission.MANAGER_ABILITY_FROM_GATEWAY, res 0
03-03 18:10:26.283 27399     6    61 D 02F01/ATMProxy: [VerifyAccessToken]:result from server data = 0
03-03 18:10:26.283 27399     6    61 D 01300/AbilityManagerService: [permission_verification.cpp(VerifyCallingPermission:37)]verify AccessToken success
03-03 18:10:26.283 27399     6    61 D 01300/AbilityManagerService: [permission_verification.cpp(IsGatewayCall:70)]IsGatewayCall: Permission verification succeeded.
03-03 18:10:26.283 27399     6    61 I 01300/AppMgrService: [app_running_manager.cpp(NotifyMemoryLevel:569)]call NotifyMemoryLevel, current app size 0
03-03 18:10:26.285  2261        2335 D 01510/IPCJni: Java_ohos_rpc_RemoteProxy_nativeSendRequest 818: success
03-03 18:10:26.501  3349        3759 D 02F07/HSC_SEC_AI_PLUGIN_BG_SecurityThreatsService: handleMessage msg=2
03-03 18:10:26.501  3349        3759 I 02F07/HSC_SEC_AI_PLUGIN_BG_SecurityThreatsService: notifyRiskAppWhenStartUp, pid = 5692, uid = 10109
03-03 18:10:26.501  3349        3759 E 02F07/HSC_SEC_AI_PLUGIN_BG_AiProtectionUtils: AI is not supported, current platform is:kona
03-03 18:10:26.501  3349        3759 D 02F07/HSC_SEC_AI_PLUGIN_BG_VirusNotifyControl: notifyVirusWhenStartUp pkgs is empty
03-03 18:10:26.502  5692       12500 I 03900/Ace: [js_task_executor.cpp(ThreadMain)-(-1)] js thread for delay task end
03-03 18:10:26.654 12518  7701  7701 D 02B03/PluginServer: PluginFW path: /system/etc/multimediaplugin/image.
