03-03 18:19:44.157 20578  8751  8751 E 02B2B/AVPlayerCallback: {OnErrorCb():295} OnErrorCb:errorCode 401, errorMsg Invalid Parameter: invalid parameters, The input parameter is not fd:// or network address
03-03 18:19:44.158 20578  8751  8751 I 02B2B/AVPlayerNapi: {JsSetUrl():879} JsSetUrl Out
03-03 18:19:44.158 20578  8751  8751 I 02B2B/AVPlayerNapi: {JsPrepare():224} JsPrepare In
03-03 18:19:44.158 20578  8751  8751 D 02B2B/CommonNapi: {MediaAsyncContext():515} MediaAsyncContext Create 0x5E0C20
03-03 18:19:44.158 20578  8751  8751 D 02B2B/CommonNapi: {CreatePromise():276} napi_create_promise
03-03 18:19:44.158 20578  8751  8751 E 02B2B/CommonNapi: {SignError():529} SignError: current state is not stopped or initialized, unsupport prepare operation
03-03 18:19:44.158 20578  8751  8771 I 02B2B/AVPlayerNapi: {operator()():248} Wait Prepare Task Start
03-03 18:19:44.158 20578  8751  8771 I 02B2B/AVPlayerNapi: {operator()():252} Wait Prepare Task End
03-03 18:19:44.158 20578  8751  8751 I 02B2B/AVPlayerNapi: {JsPrepare():257} JsPrepare Out
03-03 18:19:44.158 20578  8751  8751 D 02B2B/CommonNapi: {~MediaAsyncContext():520} MediaAsyncContext Destroy 0xF4E780
03-03 18:19:44.158 20578  8751  8751 I 02B2B/AVPlayerCallback: {operator()():252} JsCallBack error, uv_queue_work start
03-03 18:19:44.158 20578  8751  8751 D 03F00/ArkCompiler: [ecmascript] Throw error: Invalid Parameter: invalid parameters, The input parameter is not fd:// or network address
03-03 18:19:44.159 20578  8751  8751 D 03F00/ArkCompiler: [ecmascript] =====================Backtrace========================
03-03 18:19:44.159 20578  8751  8751 D 03F00/ArkCompiler: # 1:  /system/lib64/libark_jsruntime.so(+245e4b)
03-03 18:19:44.159 20578  8751  8751 D 03F00/ArkCompiler: # 2:  /system/lib64/libark_jsruntime.so(+15bdaf)
03-03 18:19:44.159 20578  8751  8751 D 03F00/ArkCompiler: # 3:  /system/lib64/libark_jsruntime.so(+389ec7)
03-03 18:19:44.159 20578  8751  8751 D 03F00/ArkCompiler: # 4:  /system/lib64/libark_jsruntime.so(+3801bb)
03-03 18:19:44.159 20578  8751  8751 D 03F00/ArkCompiler: # 5:  /system/lib64/libace_napi_ark.z.so(+1dbeb)
03-03 18:19:44.159 20578  8751  8751 D 03F00/ArkCompiler: # 6:  /system/lib64/libace_napi.z.so(+184bb)
03-03 18:19:44.159 20578  8751  8751 D 03F00/ArkCompiler: # 7:  /system/lib64/libmedia_avplayer.z.so(+1e1c3)
03-03 18:19:44.159 20578  8751  8751 D 03F00/ArkCompiler: # 8:  /system/lib64/libmedia_avplayer.z.so(+ec87)
03-03 18:19:44.159 20578  8751  8751 D 03F00/ArkCompiler: # 9:  /system/lib64/libmedia_avplayer.z.so(+f01f)
03-03 18:19:44.159 20578  8751  8751 D 03F00/ArkCompiler: #10:  /system/lib64/libuv.so(+11c87)
03-03 18:19:44.159 20578  8751  8751 D 03F00/ArkCompiler: #11:  /system/lib64/libuv.so(+15daf)
03-03 18:19:44.159 20578  8751  8751 D 03F00/ArkCompiler: #12:  /system/lib64/libuv.so(+15753)
03-03 18:19:44.159 20578  8751  8751 D 03F00/ArkCompiler: #13:  /system/lib64/libuv.so(+1622b)
03-03 18:19:44.159 20578  8751  8751 D 03F00/ArkCompiler: #14:  /system/lib64/libruntime.z.so(+2b87b)
03-03 18:19:44.159 20578  8751  8751 D 03F00/ArkCompiler: #15:  /system/lib64/platformsdk/libeventhandler.z.so(+14f0f)
03-03 18:19:44.159 20578  8751  8751 D 02B2B/CommonNapi: {CompleteCallback():534} CompleteCallback In
03-03 18:19:44.160 20578  8751  8751 D 02B2B/CommonNapi: {CompleteCallback():540} MediaAsyncContext Create 0x5E0C20 memoryTag = safememory
03-03 18:19:44.160 20578  8751  8751 D 02B2B/CommonNapi: {CompleteCallback():552} async callback failed
03-03 18:19:44.160 20578  8751  8751 D 03F00/ArkCompiler: [ecmascript] Throw error: current state is not stopped or initialized, unsupport prepare operation
03-03 18:19:44.160 20578  8751  8751 D 03F00/ArkCompiler: [ecmascript] =====================Backtrace========================
03-03 18:19:44.160 20578  8751  8751 D 03F00/ArkCompiler: # 1:  /system/lib64/libark_jsruntime.so(+245e4b)
03-03 18:19:44.160 20578  8751  8751 D 03F00/ArkCompiler: # 2:  /system/lib64/libark_jsruntime.so(+15bdaf)
03-03 18:19:44.160 20578  8751  8751 D 03F00/ArkCompiler: # 3:  /system/lib64/libark_jsruntime.so(+389ec7)
03-03 18:19:44.160 20578  8751  8751 D 03F00/ArkCompiler: # 4:  /system/lib64/libark_jsruntime.so(+3801bb)
03-03 18:19:44.160 20578  8751  8751 D 03F00/ArkCompiler: # 5:  /system/lib64/libace_napi_ark.z.so(+1dbeb)
03-03 18:19:44.160 20578  8751  8751 D 03F00/ArkCompiler: # 6:  /system/lib64/libace_napi.z.so(+184bb)
03-03 18:19:44.160 20578  8751  8751 D 03F00/ArkCompiler: # 7:  /system/lib64/libmedia_avplayer.z.so(+1e1c3)
03-03 18:19:44.160 20578  8751  8751 D 03F00/ArkCompiler: # 8:  /system/lib64/libmedia_avplayer.z.so(+1f243)
03-03 18:19:44.160 20578  8751  8751 D 03F00/ArkCompiler: # 9:  /system/lib64/libace_napi.z.so(+1dc4b)
03-03 18:19:44.160 20578  8751  8751 D 03F00/ArkCompiler: #10:  /system/lib64/libuv.so(+11c87)
03-03 18:19:44.160 20578  8751  8751 D 03F00/ArkCompiler: #11:  /system/lib64/libuv.so(+15daf)
03-03 18:19:44.160 20578  8751  8751 D 03F00/ArkCompiler: #12:  /system/lib64/libuv.so(+15753)
03-03 18:19:44.160 20578  8751  8751 D 03F00/ArkCompiler: #13:  /system/lib64/libuv.so(+1622b)
03-03 18:19:44.160 20578  8751  8751 D 03F00/ArkCompiler: #14:  /system/lib64/libruntime.z.so(+2b87b)
03-03 18:19:44.160 20578  8751  8751 D 03F00/ArkCompiler: #15:  /system/lib64/platformsdk/libeventhandler.z.so(+14f0f)
03-03 18:19:44.160 20578  8751  8751 E 02B2B/CommonNapi: {Callback():579} promise napi_reject_deferred
03-03 18:19:44.161 20578  8751  8751 D 02B2B/CommonNapi: {~MediaAsyncContext():520} MediaAsyncContext Destroy 0x5E0C20
03-03 18:19:44.164  8651        8651 I chatty  : uid=10180(com.huawei.photos) identical 1 line
03-03 18:19:44.172  8651        8651 I 00800/Gallery2_Common_ActionBarCommonContainerManager: initActionBarContainer top:80, bottom:220
03-03 18:19:44.178  8651        8651 I 00800/Gallery2_Common_SupportDisplayEngineTileImageRender: enter prepareTextures()
03-03 18:19:44.178  8651        8651 I 00800/Gallery2_Common_TileImageRender: threadpool: {"exe":{"queue":0,"active":0},"rd":{"queue":0,"active":0},"vid":{"queue":0,"active":0},"hp":{"queue":0,"active":0},"vid_c":{"queue":0,"active":0},"low":{"queue":0,"active":0},"dis":{}}
03-03 18:19:44.178  8651        8651 I 00800/Gallery2_Common_TileImageRender: submit tileDecoder com.android.gallery3d.util.ThreadPool$Worker@e1e5274 @com.huawei.gallery.view.ui.SupportDisplayEngineTileImageRender@9c0a39d
03-03 18:19:44.179  8651        8651 I 00800/Gallery2_Common_TileImageRender: prepareTexture @com.huawei.gallery.view.ui.SupportDisplayEngineTileImageRender@9c0a39d name:**1772455531067_edit_170061929241373.jpg**
03-03 18:19:44.179  8651        8651 I 00800/Gallery2_Common_TileImageRender: recycle tiles
03-03 18:19:44.179  8651        8651 I 00800/Gallery2_Common_SupportDisplayEngineTileImageRender: exit prepareTextures()
03-03 18:19:44.179  8651       21477 I 00800/Gallery2_Common_TileImageRender: TileDecoder run
03-03 18:19:44.179  8651       21478 I 00800/Gallery2_Common_SupportDisplayEngineTileImageRender: enter tileViewEngineInit()
03-03 18:19:44.179  8651       21478 I 00800/Gallery2_Common_SupportDisplayEngineTileImageRender: initTileEngine() type=NON_SR
03-03 18:19:44.179  8651       21478 I 00800/Gallery2_Common_DisplayEngine: createTileProcessEngine type=NON_SR
03-03 18:19:44.179  8651       21478 I 00800/Gallery2_Common_DisplayEngine: createTileProcessEngine success, handle=0
03-03 18:19:44.179  8651       21478 I 00800/Gallery2_Common_DisplayEngine: createTileProcessEngine type=NON_SR
03-03 18:19:44.179  8651       21478 I 00800/Gallery2_Common_DisplayEngine: createTileProcessEngine success, handle=0
03-03 18:19:44.180  8651       21478 I 00800/Gallery2_Common_TileImageRender: threadpool: {"exe":{"queue":0,"active":0},"rd":{"queue":0,"active":1},"vid":{"queue":0,"active":0},"hp":{"queue":0,"active":0},"vid_c":{"queue":0,"active":0},"low":{"queue":0,"active":0},"dis":{}}
03-03 18:19:44.180  8651       21478 I 00800/Gallery2_Common_SupportDisplayEngineTileImageRender: initTileEngine() type=SR
03-03 18:19:44.180  8651       21478 I 00800/Gallery2_Common_DisplayEngine: createTileProcessEngine type=SR
03-03 18:19:44.180  8651       21479 I 00800/Gallery2_Common_TileImageRender: TileDecoder run
03-03 18:19:44.180  8651        8651 I 00800/Gallery2_Common_ActionBarCommonContainerManager: initActionBarContainer top:80, bottom:220
03-03 18:19:44.189  8651        8651 I 00800/Gallery2_Common_ActionBarCommonContainerManager: initActionBarContainer top:80, bottom:220
03-03 18:19:44.197  8651       21478 I 00800/Gallery2_Common_DisplayEngine: createTileProcessEngine success, handle=482382417984
03-03 18:19:44.197  8651       21478 I 00800/Gallery2_Common_DisplayEngine: createTileProcessEngine type=SR
03-03 18:19:44.197  8651        8651 I 00800/Gallery2_Common_ActionBarCommonContainerManager: initActionBarContainer top:80, bottom:220
03-03 18:19:44.205  8651       21478 I 00800/Gallery2_Common_DisplayEngine: createTileProcessEngine success, handle=481891557440
03-03 18:19:44.205  8651       21478 I 00800/Gallery2_Common_TileImageRender: threadpool: {"exe":{"queue":0,"active":0},"rd":{"queue":0,"active":2},"vid":{"queue":0,"active":0},"hp":{"queue":0,"active":0},"vid_c":{"queue":0,"active":0},"low":{"queue":0,"active":0},"dis":{}}
03-03 18:19:44.205  8651       21478 I 00800/Gallery2_Common_TileImageRender: threadpool: {"exe":{"queue":0,"active":0},"rd":{"queue":1,"active":2},"vid":{"queue":0,"active":0},"hp":{"queue":0,"active":0},"vid_c":{"queue":0,"active":0},"low":{"queue":0,"active":0},"dis":{}}
03-03 18:19:44.205  8651       21478 I 00800/Gallery2_Common_SupportDisplayEngineTileImageRender: exit tileViewEngineInit()
03-03 18:19:44.206  8651        9053 I 00800/Gallery2_Common_SupportDisplayEngineTileImageRender: TileScaler run
03-03 18:19:44.206  8651        9072 I 00800/Gallery2_Common_SupportDisplayEngineTileImageRender: TileScaler run
03-03 18:19:44.206  8651        8651 I 00800/Gallery2_Common_ActionBarCommonContainerManager: initActionBarContainer top:80, bottom:220
03-03 18:19:44.247  8651        8651 I chatty  : uid=10180(com.huawei.photos) identical 5 lines
03-03 18:19:44.256  8651        8651 I 00800/Gallery2_Common_ActionBarCommonContainerManager: initActionBarContainer top:80, bottom:220
03-03 18:19:44.260  8651        8651 I 00800/Gallery2_Common_AbsPhotoBrowser: isAnimationStart = true
03-03 18:19:44.261  8651        8651 I 00800/AnimatorFull: AGPService startEnterAnim onAnimationEnd() 120.00001
03-03 18:19:44.261  8651        8651 I 00800/Gallery2_Common_FrameUtils: AGPService notifyAnimationState() scene: PHOTOS_PBV_ENTER state: 0 instanceId 210518067 result -1
03-03 18:19:44.261  8651        8651 I 00800/Gallery2_Common_AbsPhotoBrowser: setting BrowseView Visible.
03-03 18:19:44.261  8651        8651 I 00800/Gallery2_Common_AbsPhotoBrowser: setInAnimation, mIsInAnimation: true,isInAnim: false
03-03 18:19:44.261  8651        8651 I 00800/WindowFakeAnimHelper: isInAnimate=false
03-03 18:19:44.261  8651        8651 I 00800/Gallery2_Common_AbsPhotoBrowser:  visiblePhotoBrowse:com.huawei.gallery.ui.PhoneGalleryViewPager{21cc0a7 GFED..... ......ID 0,0-0,0 #7f0a051d app:id/photo_browse_viewpager}
03-03 18:19:44.262  8651        8651 I 00800/Gallery2_Common_AbsPhotoBrowser: mViewPager Rect:Rect(0, 0 - 0, 0) , isPort:true
03-03 18:19:44.262  8651        8651 I 00800/AnimatorFull: onEnterAnimationEnd: mExpandedView set Gone
03-03 18:19:44.263  8651        8651 I 00800/Gallery2_Common_PhotoBrowsePaperAdapter: instantiateItem, position: 33, cur: 33, total: 41, path_before: , pos_before: -2, item: ItemInfo{facade=SinglePhotoBrowseFacade@569fc06, path='/gallery/image/item/9', container=null, view=null, photoView=null, position=-2, isAdded=false, isUsing=false}
03-03 18:19:44.264  8651        8651 I 00800/Gallery2_Common_SinglePhotoBrowseFacade: setCurrentMediaItem() mediaItem not changed, do nothing
03-03 18:19:44.264  8651        8651 I 00800/Gallery2_Common_SinglePhotoBrowseFacade: setCurrentMediaItem() **1772455531067_edit_170061929241373.jpg** SinglePhotoBrowseFacade is com.huawei.gallery.view.app.singlephoto.SinglePhotoBrowseFacade@569fc06,mIsActive true
03-03 18:19:44.264  8651        8651 I 00800/Gallery2_Common_PhotoBrowserViewProxy:  file **1772455531067_edit_170061929241373.jpg**, rotation 0
03-03 18:19:44.264  8651        8651 I 00800/Gallery2_Common_AbsPhotoBrowser: update photo: 33, active: true, //storage/emulated/0/Pictures/***in***/**1772455531067_edit_170061929241373.jpg**
03-03 18:19:44.264  8651        8651 I 00800/Gallery2_Common_SinglePhotoBrowseFacade:  hideLoadingProgressBar:
03-03 18:19:44.264  8651        8651 I 00800/Gallery2_Common_PhotoBrowserViewProxy: setScreenNail() TiledScreenNail@5706c9b{mBitmap=[Bitmap@d17df95, colorSpace: sRGB IEC61966-2.1 (id=0, model=RGB), config: ARGB_8888, nativePtr: 484425414976], mLevel=REQUEST_IMAGE, mMediaItem=**1772455531067_edit_170061929241373.jpg**, mDecodeSource='ImagePipeline', mDisplayVersion=0, mGainMap=null, mMetaData=null, mIsRecycle=false}
03-03 18:19:44.264  8651        8651 I 00800/Gallery2_Common_PhotoBrowserViewProxy: onImageLoaded @**1772455531067_edit_170061929241373.jpg**
03-03 18:19:44.265  8651        8651 I 00800/Gallery2_Common_PhotoBrowserViewProxy: onImageLoaded ScreenNail : TiledScreenNail@5706c9b{mBitmap=[Bitmap@d17df95, colorSpace: sRGB IEC61966-2.1 (id=0, model=RGB), config: ARGB_8888, nativePtr: 484425414976], mLevel=REQUEST_IMAGE, mMediaItem=**1772455531067_edit_170061929241373.jpg**, mDecodeSource='ImagePipeline', mDisplayVersion=0, mGainMap=null, mMetaData=null, mIsRecycle=false}
03-03 18:19:44.265  8651        8651 I 00800/Gallery2_Common_PhotoBrowserViewProxy: from cache: false, file save complete ? true, is animation ? false, is show place holder false
03-03 18:19:44.265  8651        8651 I 00800/PhotoBrowseController: mScaleMax: 5.4700856
03-03 18:19:44.265  8651        8651 I 00800/PhotoBrowseController: initMatrix getInitScale 2.2792022,dst1600.0
03-03 18:19:44.265  8651        8651 I 00800/Gallery2_Common_PhotoBrowserViewProxy: imageSize(702x702) 0,file **1772455531067_edit_170061929241373.jpg**
03-03 18:19:44.265  8651        8651 I 00800/Gallery2_Common_CuvaHdrVivid: setHdrVividVisibility isShow true,isWithAnim false
03-03 18:19:44.265  8651        8651 I 00800/Gallery2_Common_PhotoBrowsePaperAdapter: instantiateItem, position: 32, cur: 33, total: 41, path_before: , pos_before: -2, item: ItemInfo{facade=SinglePhotoBrowseFacade@a9c2ed9, path='/gallery/image/item/10', container=null, view=null, photoView=null, position=-2, isAdded=false, isUsing=false}
03-03 18:19:44.265  8651        8651 I 00800/Gallery2_Common_SinglePhotoBrowseFacade: setCurrentMediaItem() mediaItem not changed, do nothing
03-03 18:19:44.265  8651        8651 I 00800/Gallery2_Common_SinglePhotoBrowseFacade: setCurrentMediaItem() **1772457856400.jpg** SinglePhotoBrowseFacade is com.huawei.gallery.view.app.singlephoto.SinglePhotoBrowseFacade@a9c2ed9,mIsActive false
03-03 18:19:44.265  8651        8651 I 00800/Gallery2_Common_PhotoBrowserViewProxy:  file **1772457856400.jpg**, rotation 0
03-03 18:19:44.265  8651        8651 I 00800/Gallery2_Common_AbsPhotoBrowser: update photo: 32, active: false, //storage/emulated/0/Pictures/***in***/**1772457856400.jpg**
03-03 18:19:44.266  8651        8651 I 00800/Gallery2_Common_SinglePhotoBrowseFacade:  hideLoadingProgressBar:
03-03 18:19:44.266  8651        8651 I 00800/Gallery2_Common_PhotoBrowserViewProxy: setScreenNail() TiledScreenNail@2582ab{mBitmap=[Bitmap@1ca2cfa, colorSpace: Display P3 (id=7, model=RGB), config: ARGB_8888, nativePtr: 482928721536], mLevel=REQUEST_IMAGE, mMediaItem=**1772457856400.jpg**, mDecodeSource='ImagePipeline', mDisplayVersion=0, mGainMap=null, mMetaData=null, mIsRecycle=false}
03-03 18:19:44.266  8651        8651 I 00800/Gallery2_Common_PhotoBrowserViewProxy: onImageLoaded @**1772457856400.jpg**
03-03 18:19:44.266  8651        8651 I 00800/Gallery2_Common_PhotoBrowserViewProxy: onImageLoaded ScreenNail : TiledScreenNail@2582ab{mBitmap=[Bitmap@1ca2cfa, colorSpace: Display P3 (id=7, model=RGB), config: ARGB_8888, nativePtr: 482928721536], mLevel=REQUEST_IMAGE, mMediaItem=**1772457856400.jpg**, mDecodeSource='ImagePipeline', mDisplayVersion=0, mGainMap=null, mMetaData=null, mIsRecycle=false}
03-03 18:19:44.266  8651        8651 I 00800/PhotoBrowseController: mScaleMax: 2.2242818
03-03 18:19:44.266  8651        8651 I 00800/Gallery2_Common_PhotoBrowsePaperAdapter: instantiateItem, position: 31, cur: 33, total: 41, path_before: , pos_before: -2, item: ItemInfo{facade=SinglePhotoBrowseFacade@728547b, path='/gallery/image/item/11', container=null, view=null, photoView=null, position=-2, isAdded=false, isUsing=false}
03-03 18:19:44.266  8651        8651 I 00800/Gallery2_Common_SinglePhotoBrowseFacade: setCurrentMediaItem() mediaItem not changed, do nothing
03-03 18:19:44.266  8651        8651 I 00800/Gallery2_Common_SinglePhotoBrowseFacade: setCurrentMediaItem() **1772457858238.jpg** SinglePhotoBrowseFacade is com.huawei.gallery.view.app.singlephoto.SinglePhotoBrowseFacade@728547b,mIsActive false
03-03 18:19:44.266  8651        8651 I 00800/Gallery2_Common_PhotoBrowserViewProxy:  file **1772457858238.jpg**, rotation 0
03-03 18:19:44.266  8651        8651 I 00800/Gallery2_Common_AbsPhotoBrowser: update photo: 31, active: false, //storage/emulated/0/Pictures/***in***/**1772457858238.jpg**
03-03 18:19:44.266  8651        8651 I 00800/Gallery2_Common_SinglePhotoBrowseFacade:  hideLoadingProgressBar:
03-03 18:19:44.267  8651        8651 I 00800/Gallery2_Common_PhotoBrowserViewProxy: setScreenNail() TiledScreenNail@d5865fe{mBitmap=[Bitmap@cebef81, colorSpace: Display P3 (id=7, model=RGB), config: ARGB_8888, nativePtr: 482044389952], mLevel=REQUEST_IMAGE, mMediaItem=**1772457858238.jpg**, mDecodeSource='ImagePipeline', mDisplayVersion=0, mGainMap=null, mMetaData=null, mIsRecycle=false}
03-03 18:19:44.267  8651        8651 I 00800/Gallery2_Common_PhotoBrowserViewProxy: onImageLoaded @**1772457858238.jpg**
03-03 18:19:44.267  8651        8651 I 00800/Gallery2_Common_PhotoBrowserViewProxy: onImageLoaded ScreenNail : TiledScreenNail@d5865fe{mBitmap=[Bitmap@cebef81, colorSpace: Display P3 (id=7, model=RGB), config: ARGB_8888, nativePtr: 482044389952], mLevel=REQUEST_IMAGE, mMediaItem=**1772457858238.jpg**, mDecodeSource='ImagePipeline', mDisplayVersion=0, mGainMap=null, mMetaData=null, mIsRecycle=false}
03-03 18:19:44.267  8651        8651 I 00800/PhotoBrowseController: mScaleMax: 2.34375
03-03 18:19:44.267  8651        8651 I 00800/Gallery2_Common_PhotoBrowsePaperAdapter: instantiateItem, position: 34, cur: 33, total: 41, path_before: , pos_before: -2, item: ItemInfo{facade=SinglePhotoBrowseFacade@e373b1c, path='/gallery/image/item/7', container=null, view=null, photoView=null, position=-2, isAdded=false, isUsing=false}
03-03 18:19:44.267  8651        8651 I 00800/Gallery2_Common_SinglePhotoBrowseFacade: setCurrentMediaItem() mediaItem not changed, do nothing
03-03 18:19:44.267  8651        8651 I 00800/Gallery2_Common_SinglePhotoBrowseFacade: setCurrentMediaItem() Screenshot_20260227_114735_com.ss.android.ugc.aweme.jpg SinglePhotoBrowseFacade is com.huawei.gallery.view.app.singlephoto.SinglePhotoBrowseFacade@e373b1c,mIsActive false
03-03 18:19:44.267  8651        8651 I 00800/Gallery2_Common_PhotoBrowserViewProxy:  file Screenshot_20260227_114735_com.ss.android.ugc.aweme.jpg, rotation 0
03-03 18:19:44.267  8651        8651 I 00800/Gallery2_Common_AbsPhotoBrowser: update photo: 34, active: false, //storage/emulated/0/Pictures/**ots**/Screenshot_20260227_114735_com.ss.android.ugc.aweme.jpg
03-03 18:19:44.267  8651        8651 I 00800/Gallery2_Common_SinglePhotoBrowseFacade:  hideLoadingProgressBar:
03-03 18:19:44.267  8651        8651 I 00800/Gallery2_Common_PhotoBrowserViewProxy: setScreenNail() TiledScreenNail@aba76c0{mBitmap=[Bitmap@3cac043, colorSpace: sRGB IEC61966-2.1 (id=0, model=RGB), config: ARGB_8888, nativePtr: 482928721344], mLevel=REQUEST_IMAGE, mMediaItem=Screenshot_20260227_114735_com.ss.android.ugc.aweme.jpg, mDecodeSource='ImagePipeline', mDisplayVersion=0, mGainMap=null, mMetaData=null, mIsRecycle=false}
03-03 18:19:44.268  8651        8651 I 00800/Gallery2_Common_PhotoBrowserViewProxy: onImageLoaded @Screenshot_20260227_114735_com.ss.android.ugc.aweme.jpg
03-03 18:19:44.268  8651        8651 I 00800/Gallery2_Common_PhotoBrowserViewProxy: onImageLoaded ScreenNail : TiledScreenNail@aba76c0{mBitmap=[Bitmap@3cac043, colorSpace: sRGB IEC61966-2.1 (id=0, model=RGB), config: ARGB_8888, nativePtr: 482928721344], mLevel=REQUEST_IMAGE, mMediaItem=Screenshot_20260227_114735_com.ss.android.ugc.aweme.jpg, mDecodeSource='ImagePipeline', mDisplayVersion=0, mGainMap=null, mMetaData=null, mIsRecycle=false}
03-03 18:19:44.268  8651        8651 I 00800/PhotoBrowseController: mScaleMax: 2.0
03-03 18:19:44.268  8651        8651 I 00800/Gallery2_Common_PhotoBrowsePaperAdapter: instantiateItem, position: 35, cur: 33, total: 41, path_before: , pos_before: -2, item: ItemInfo{facade=SinglePhotoBrowseFacade@7956c4d, path='/gallery/image/item/6', container=null, view=null, photoView=null, position=-2, isAdded=false, isUsing=false}
03-03 18:19:44.268  8651        8651 I 00800/Gallery2_Common_SinglePhotoBrowseFacade: setCurrentMediaItem() mediaItem not changed, do nothing
03-03 18:19:44.268  8651        8651 I 00800/Gallery2_Common_SinglePhotoBrowseFacade: setCurrentMediaItem() **1772125292864.jpg** SinglePhotoBrowseFacade is com.huawei.gallery.view.app.singlephoto.SinglePhotoBrowseFacade@7956c4d,mIsActive false
03-03 18:19:44.268  8651        8651 I 00800/Gallery2_Common_PhotoBrowserViewProxy:  file **1772125292864.jpg**, rotation 0
03-03 18:19:44.268  8651        8651 I 00800/Gallery2_Common_AbsPhotoBrowser: update photo: 35, active: false, //storage/emulated/0/Pictures/***in***/**1772125292864.jpg**
03-03 18:19:44.268  8651        8651 I 00800/Gallery2_Common_SinglePhotoBrowseFacade:  hideLoadingProgressBar:
03-03 18:19:44.268  8651        8651 I 00800/Gallery2_Common_PhotoBrowserViewProxy: setScreenNail() TiledScreenNail@e7b0fe4{mBitmap=[Bitmap@e5f3777, colorSpace: sRGB IEC61966-2.1 (id=0, model=RGB), config: ARGB_8888, nativePtr: 482928721664], mLevel=REQUEST_IMAGE, mMediaItem=**1772125292864.jpg**, mDecodeSource='ImagePipeline', mDisplayVersion=0, mGainMap=null, mMetaData=null, mIsRecycle=false}
03-03 18:19:44.268  8651        8651 I 00800/Gallery2_Common_PhotoBrowserViewProxy: onImageLoaded @**1772125292864.jpg**
03-03 18:19:44.268  8651        8651 I 00800/Gallery2_Common_PhotoBrowserViewProxy: onImageLoaded ScreenNail : TiledScreenNail@e7b0fe4{mBitmap=[Bitmap@e5f3777, colorSpace: sRGB IEC61966-2.1 (id=0, model=RGB), config: ARGB_8888, nativePtr: 482928721664], mLevel=REQUEST_IMAGE, mMediaItem=**1772125292864.jpg**, mDecodeSource='ImagePipeline', mDisplayVersion=0, mGainMap=null, mMetaData=null, mIsRecycle=false}
03-03 18:19:44.269  8651        8651 I 00800/PhotoBrowseController: mScaleMax: 2.7777777
03-03 18:19:44.270  8651        8651 I 00800/PhotoBrowseRegionDecoderManager: force layout once 
03-03 18:19:44.270  8651        8651 I 00800/Gallery2_Common_TileImageRender: recycle tiles
03-03 18:19:44.271  8651        8651 I 00800/Gallery2_Common_ActionBarCommonContainerManager: initActionBarContainer top:80, bottom:220
03-03 18:19:44.271  8651        8651 I 00800/PhotoBrowseController: preDraw width 1600
03-03 18:19:44.271  8651        8651 I 00800/PhotoBrowseController: mScaleMax: 5.4700856
03-03 18:19:44.271  8651        8651 I 00800/PhotoBrowseController: initMatrix getInitScale 2.2792022,dst1600.0
03-03 18:19:44.272  8651        8651 I 00800/PhotoBrowserRenderManager: renderStart()
03-03 18:19:44.272  8651        8651 I 00800/PhotoBrowserRenderManager: drawScreenNail() TiledScreenNail@5706c9b{mBitmap=[Bitmap@d17df95, colorSpace: sRGB IEC61966-2.1 (id=0, model=RGB), config: ARGB_8888, nativePtr: 484425414976], mLevel=REQUEST_IMAGE, mMediaItem=**1772455531067_edit_170061929241373.jpg**, mDecodeSource='ImagePipeline', mDisplayVersion=0, mGainMap=null, mMetaData=null, mIsRecycle=false} PhotoBrowserRenderBean@ac0ac8f{mCurrentMatrix=Matrix{[1.0, 0.0, 0.0][0.0, 1.0, 0.0][0.0, 0.0, 1.0]}, mState=NOT_DRAW} RecordingCanvas@2deb54e
03-03 18:19:44.272  8651        8651 I 00800/PhotoBrowserRenderManager: drawScreenNail() end TiledScreenNail@5706c9b setState PhotoBrowserRenderBean@ac0ac8f{mCurrentMatrix=Matrix{[2.2792022, 0.0, 0.0][0.0, 2.2792022, 480.0][0.0, 0.0, 1.0]}, mState=DRAW_COMPLETE}
03-03 18:19:44.272  8651        8651 I 00800/PhotoBrowserRenderManager: renderFinished()
03-03 18:19:44.272  8651        8651 I 00800/Gallery2_Common_TileImageRender: setPosition: cx(0.0->351.0), cy(0.0->351.0), rotation(0->0), scale(1.0->2.2792022)
03-03 18:19:44.272  8651        8651 I 00800/Gallery2_Common_TileImageRender: recycle tiles
03-03 18:19:44.274  8651        8651 I 00800/WindowFakeAnimHelper: isPhotoBrowseViewReady=true
03-03 18:19:44.274  8651        8651 I 00800/WindowFakeAnimHelper: requestRemoveWindowDefaultAnim
03-03 18:19:44.279  8651       21477 I 00800/Gallery2_Common_DecodeUtils: ensureGL_step1 config: ARGB_8888, color_space: sRGB IEC61966-2.1 (id=0, model=RGB), bitmap: android.graphics.Bitmap@20091c5
03-03 18:19:44.281  8651       21477 I 00800/Gallery2_Common_DecodeUtils: ensureGL_step2 copy config ARGB_8888,color_space sRGB IEC61966-2.1 (id=0, model=RGB), bitmap: android.graphics.Bitmap@a06471a
03-03 18:19:44.281  8651       21477 I 00800/Gallery2_Common_DecodeUtils: ensureGL_step3 bitmap android.graphics.Bitmap@a06471a
03-03 18:19:44.282  8651       21477 I 00800/Gallery2_Common_TileImageRender: it took 10 ms to decode: android.graphics.Bitmap@a06471a
03-03 18:19:44.282  8651       21477 I 00800/Gallery2_MnoteDetail_MnoteDetail: try to open test file and do exif parse
03-03 18:19:44.284  8651        8651 I 00800/Gallery2_Common_ActionBarCommonContainerManager: initActionBarContainer top:80, bottom:220
03-03 18:19:44.285  8651       21477 I 00800/Gallery2_MnoteDetail_MnoteDetail: open file and do exif successfully
03-03 18:19:44.285  8651       21477 I 00800/Gallery2_MnoteDetail_MnoteDetail: hwmnote is null
03-03 18:19:44.285  8651       21477 I 00800/Gallery2_MnoteDetail_MnoteDetail: There is no HW maker note(Perception info).
03-03 18:19:44.301  3128       15260 I 00B00/HwMSDPMovementService: handleUnregisterSink package=com.huawei.hiai
03-03 18:19:44.307  3128       15260 I 00B00/HwMSDPMovementService: handleRegisterSink, package=com.huawei.hiai
03-03 18:19:44.308  3128       15260 I 00B00/HwMSDPMovementService: handleGetSupportedModule
03-03 18:19:44.308  3128       15260 I 00B00/HwMSDPMovementImpl: mWaitCount  10
03-03 18:19:44.308  3128       15260 I 00B00/HwMSDPMovementImpl: mSupportedModule= 0
03-03 18:19:44.372  8651        8651 I 00800/PhotoBrowserRenderManager: renderStart()
03-03 18:19:44.372  8651        8651 I 00800/PhotoBrowserRenderManager: drawScreenNail() TiledScreenNail@5706c9b{mBitmap=[Bitmap@d17df95, colorSpace: sRGB IEC61966-2.1 (id=0, model=RGB), config: ARGB_8888, nativePtr: 484425414976], mLevel=REQUEST_IMAGE, mMediaItem=**1772455531067_edit_170061929241373.jpg**, mDecodeSource='ImagePipeline', mDisplayVersion=0, mGainMap=null, mMetaData=null, mIsRecycle=false} PhotoBrowserRenderBean@ac0ac8f{mCurrentMatrix=Matrix{[2.2792022, 0.0, 0.0][0.0, 2.2792022, 480.0][0.0, 0.0, 1.0]}, mState=DRAW_COMPLETE} RecordingCanvas@7eecd41
03-03 18:19:44.372  8651        8651 I 00800/PhotoBrowserRenderManager: drawScreenNail() end TiledScreenNail@5706c9b setState PhotoBrowserRenderBean@ac0ac8f{mCurrentMatrix=Matrix{[2.2792022, 0.0, 0.0][0.0, 2.2792022, 480.0][0.0, 0.0, 1.0]}, mState=DRAW_COMPLETE}
03-03 18:19:44.372  8651        8651 I 00800/PhotoBrowserRenderManager: renderFinished()
03-03 18:19:44.414  8651       21470 I 00800/Gallery2_Common_Interval: execute task com.huawei.gallery.util.uiutils.-$$Lambda$LayoutHelper$cGmMqk7P2dKnw1TSGs5ntVOzRJ4@51fdf40
03-03 18:19:44.414  8651       21470 I 00800/LayoutHelper: barHeight:80, homeVision:false, newMultiWindow:false, multiWindow:false, port:true
03-03 18:19:44.816  8651        8651 I 00800/Gallery2_Common_SelectionPreviewPhotoBrowser: don't need download files
03-03 18:19:44.842  2261        2304 D 01510/IPCJni: Java_ohos_rpc_MessageParcel_nativeWriteRemoteObject 155: enter
03-03 18:19:44.850 27399     6    61 D 01300/AbilityManagerService: [ability_manager_service.cpp(SendResultToAbilityByToken:6003)]SendResultToAbilityByToken, requestCode: 1, resultCode: 0
03-03 18:19:44.850 27399     6    61 D 01300/AbilityManagerService: [permission_verification.cpp(VerifyCallingPermission:30)]VerifyCallingPermission permission ohos.permission.MANAGER_ABILITY_FROM_GATEWAY
03-03 18:19:44.850 27399     6    61 D 01300/AbilityManagerService: [permission_verification.cpp(GetCallingTokenID:297)]callerToken : <private>
03-03 18:19:44.850 27399     6    61 D 02F01/AccessTokenKit: [VerifyAccessToken]:called, tokenID=1000, permissionName=ohos.permission.MANAGER_ABILITY_FROM_GATEWAY
03-03 18:19:44.851 27404     9     9 D 02F01/ATMStub: [OnRemoteRequest]:code 65296 token 672050185
03-03 18:19:44.851 27404     9     9 I 02F01/PermissionManagerImpl: [VerifyAccessToken]:VerifyAccessToken called, tokenID: 1000, permissionName: ohos.permission.MANAGER_ABILITY_FROM_GATEWAY
03-03 18:19:44.851 27404     9     9 I 02F01/PermissionManagerImpl: [VerifyAccessToken]:caller in white list is granted
03-03 18:19:44.851 27404     9     9 D 02F01/ATMServ: [VerifyAccessToken]:tokenID: 1000, permission: ohos.permission.MANAGER_ABILITY_FROM_GATEWAY, res 0
03-03 18:19:44.852 27399     6    61 D 02F01/ATMProxy: [VerifyAccessToken]:result from server data = 0
03-03 18:19:44.852 27399     6    61 D 01300/AbilityManagerService: [permission_verification.cpp(VerifyCallingPermission:37)]verify AccessToken success
03-03 18:19:44.852 27399     6    61 D 01300/AbilityManagerService: [permission_verification.cpp(IsGatewayCall:70)]IsGatewayCall: Permission verification succeeded.
03-03 18:19:44.852 27399     6    61 I 01300/AbilityManagerService: [ability_record.cpp(SendResult:1290)]Send result to the caller, ability:EntryAbility.
03-03 18:19:44.852 27399     6    61 D 01300/AbilityDepsWrapper: [os_account_manager_wrapper.cpp(QueryActiveOsAccountIds:40)]execute QueryActiveOsAccountIds with os account subsystem.
03-03 18:19:44.852 27399     6    61 D 01800/SA_CLIENT: GetSystemAbilityWrapper:Waiting for sa 401, 
03-03 18:19:44.852 27399     6    61 D 01800/SA_CLIENT: CheckSystemAbility called, ability id is 401, isExist is 0
03-03 18:19:44.853   907       21402 I 01800/SAM: C:12
03-03 18:19:44.853   907       21402 I 01800/SAM: F:10401.
03-03 18:19:44.853 27399     6    61 D 01300/AbilityManagerService: [ability_record.cpp(GrantUriPermission:2248)]GrantUriPermission uriVec size: 1
03-03 18:19:44.853 27399     6    61 I 01300/AbilityManagerService: [ability_record.cpp(GrantUriPermission:2255)]uri scheme is datashare.
03-03 18:19:44.854 27399     6    61 W 01300/AbilityManagerService: [ability_record.cpp(GrantUriPermission:2258)]only support file uri.
03-03 18:19:44.854  2261        2304 D 01510/IPCJni: Java_ohos_rpc_RemoteProxy_nativeSendRequest 818: success
03-03 18:19:44.862  8651        8651 I 00800/Gallery2_Select_SelectSlotAlbumHost: action = OK
03-03 18:19:44.864  8651        8651 W 00800/Gallery2_Common_GalleryAppImpl: unhold video editor
03-03 18:19:44.864  8651        8651 I 00800/Gallery2_Common_IntentChooser: [pause] unregisterReceiver
03-03 18:19:44.865  8651        8651 I 00800/Gallery2_Common_AbsAlbumFragment: onPause working ?  true
03-03 18:19:44.865  8651        8651 I 00800/Gallery2_Common_AbsPhotoBrowser: onPause
03-03 18:19:44.865  8651        8651 I 00800/Gallery2_Common_PerfUtil: restoreGcTask()
03-03 18:19:44.865  8651        8651 E 00800/Gallery2_Story_GalleryMapUtils: map is empty
03-03 18:19:44.865  8651        8651 I 00800/Gallery2_Common_PhotoDataAdapter: PDA pause
03-03 18:19:44.865 20578  8751  8756 D 01300/Ability: [ability_thread.cpp(SendResult:884)]AbilityThread::SendResult begin
03-03 18:19:44.865  8651        8651 I 00800/Gallery2_Common_TiledScreenNail: recycleBitmap TiledScreenNail@e7b0fe4{mBitmap=[Bitmap@e5f3777, colorSpace: sRGB IEC61966-2.1 (id=0, model=RGB), config: ARGB_8888, nativePtr: 482928721664], mLevel=REQUEST_IMAGE, mMediaItem=**1772125292864.jpg**, mDecodeSource='ImagePipeline', mDisplayVersion=0, mGainMap=null, mMetaData=null, mIsRecycle=true}
03-03 18:19:44.866  8651       21496 I 00800/Gallery2_Common_PerfUtil: restoreGcTask() return as already restore
03-03 18:19:44.866  8651        8651 I 00800/Gallery2_Common_TiledScreenNail: recycleBitmap TiledScreenNail@4a136d6{mBitmap=[Bitmap@20ebaf1, colorSpace: Display P3 (id=7, model=RGB), config: ARGB_8888, nativePtr: 482044390592], mLevel=REQUEST_IMAGE, mMediaItem=**1772457870030.jpg**, mDecodeSource='ImagePipeline', mDisplayVersion=0, mGainMap=null, mMetaData=null, mIsRecycle=true}
03-03 18:19:44.866 20578  8751  8756 D 01300/Ability: [ability_thread.cpp(SendResult:910)]AbilityThread::SendResult end
03-03 18:19:44.866 20578  8751  8751 D 01300/Ability: [ability_impl.cpp(SendResult:295)]SendResult begin.
03-03 18:19:44.866 20578  8751  8751 D 01300/Ability: [js_ability.cpp(OnAbilityResult:775)]OnAbilityResult begin.
03-03 18:19:44.866  8651        8651 W 00800/Gallery2_Common_BitmapPool: [Bitmap@20ebaf1, colorSpace: Display P3 (id=7, model=RGB), config: ARGB_8888, nativePtr: 482044390592] will be recycled[mWidth=1024, mHeight=1820] in synchronized block
03-03 18:19:44.866 20578  8751  8751 D 01300/AbilityManagerService: [ability_context_impl.cpp(OnAbilityResult:262)]OnAbilityResult. Start calling OnAbilityResult.
03-03 18:19:44.866 20578  8751  8751 I 01300/Ability: [js_ability_context.cpp(operator():490)]OnStartAbilityForResult async callback is called
03-03 18:19:44.866 20578  8751  8751 D 01300/Ability: [napi_common_want.cpp(InnerWrapWantParamsArray:610)]InnerWrapWantParamsArray called. key=select-item-list
03-03 18:19:44.866 20578  8751  8751 D 01300/Runtime: [js_runtime_utils.cpp(Resolve:180)]AsyncTask::Resolve is called
03-03 18:19:44.867 20578  8751  8751 I 0FEFE/JsApp: [picker] result: {"resultCode":0,"want":{"deviceId":"","bundleName":"","abilityName":"","moduleName":"","uri":"datashare:///media/image/304","type":"","flags":1,"action":"","parameters":{"isOriginal":false,"media-path":"/gallery/image/item/9","moduleName":"","select-item-list":["datashare:///media/image/304"]},"entities":[]}}
03-03 18:19:44.867  8651        8651 I 00800/Gallery2_Common_TiledScreenNail: recycleBitmap TiledScreenNail@d5865fe{mBitmap=[Bitmap@cebef81, colorSpace: Display P3 (id=7, model=RGB), config: ARGB_8888, nativePtr: 482044389952], mLevel=REQUEST_IMAGE, mMediaItem=**1772457858238.jpg**, mDecodeSource='ImagePipeline', mDisplayVersion=0, mGainMap=null, mMetaData=null, mIsRecycle=true}
03-03 18:19:44.867  8651        8651 W 00800/Gallery2_Common_BitmapPool: [Bitmap@cebef81, colorSpace: Display P3 (id=7, model=RGB), config: ARGB_8888, nativePtr: 482044389952] will be recycled[mWidth=1024, mHeight=1820] in synchronized block
03-03 18:19:44.868  8651        8651 I 00800/Gallery2_Common_TiledScreenNail: recycleBitmap TiledScreenNail@e860db9{mBitmap=[Bitmap@ca18f68, colorSpace: Display P3 (id=7, model=RGB), config: ARGB_8888, nativePtr: 482928721600], mLevel=REQUEST_IMAGE, mMediaItem=**1772125291260.jpg**, mDecodeSource='ImagePipeline', mDisplayVersion=0, mGainMap=null, mMetaData=null, mIsRecycle=true}
03-03 18:19:44.868  8651        8651 W 00800/Gallery2_Common_BitmapPool: [Bitmap@ca18f68, colorSpace: Display P3 (id=7, model=RGB), config: ARGB_8888, nativePtr: 482928721600] will be recycled[mWidth=1280, mHeight=1280] in synchronized block
03-03 18:19:44.869  8651        8651 I 00800/Gallery2_Common_PhotoDataAdapter: pause, put image info in mImageCache of path: **1772457856400.jpg**
03-03 18:19:44.869  8651        8651 I 00800/Gallery2_Common_PhotoDataAdapter: pause, put image info in mImageCache of path: Screenshot_20260227_114735_com.ss.android.ugc.aweme.jpg
03-03 18:19:44.869  8651        8651 I 00800/Gallery2_Common_PhotoDataAdapter: pause, put image info in mImageCache of path: **1772455531067_edit_170061929241373.jpg**
03-03 18:19:44.869  8651        8651 I 00800/Gallery2_Common_SupportDisplayEngineTileImageRender: enter freeTextures()
03-03 18:19:44.870  8651        8651 I 00800/Gallery2_Common_SupportDisplayEngineTileImageRender: waitTileViewEngineInitEnd start!
03-03 18:19:44.870  8651        8651 I 00800/Gallery2_Common_SupportDisplayEngineTileImageRender: waitTileViewEngineInitEnd end!
03-03 18:19:44.870  8651       21479 I 00800/Gallery2_Common_TileImageRender: TileDecoder run end conceled!
03-03 18:19:44.870  8651        8651 I 00800/Gallery2_Common_TileImageRender: freeTexture com.android.gallery3d.util.ThreadPool$Worker@e1e5274 @com.huawei.gallery.view.ui.SupportDisplayEngineTileImageRender@9c0a39d
03-03 18:19:44.870  8651        8651 I 00800/Gallery2_Common_TileImageRender: freeTexture end:null @com.huawei.gallery.view.ui.SupportDisplayEngineTileImageRender@9c0a39d
03-03 18:19:44.870  8651        8651 I 00800/Gallery2_Common_TileImageRender: free tile end
03-03 18:19:44.870  8651        8651 W 00800/Gallery2_Common_BitmapPool: bitmap(android.graphics.Bitmap@a06471a) will be recycled[mWidth=1024, mHeight=1024] in clear block
03-03 18:19:44.870  8651        8651 I 00800/Gallery2_Common_TileImageRender: clear end
03-03 18:19:44.870  8651        8651 I 00800/Gallery2_Common_SupportDisplayEngineTileImageRender: destroyTileEngine() type=NON_SR
03-03 18:19:44.870  8651        8651 I 00800/Gallery2_Common_SupportDisplayEngineTileImageRender: destroyTileEngine() type=SR
03-03 18:19:44.870  8651        8651 I 00800/Gallery2_Common_DisplayEngine: destroyTileProcessEngine handle=482382417984
03-03 18:19:44.871  8651       21477 I 00800/Gallery2_Common_TileImageRender: TileDecoder run end conceled!
03-03 18:19:44.871  8651        8651 I 00800/Gallery2_Common_DisplayEngine: destroyTileProcessEngine handle=481891557440
03-03 18:19:44.872  8651        8651 I 00800/Gallery2_Common_SupportDisplayEngineTileImageRender: exit freeTextures()
03-03 18:19:44.872  8651        9072 I 00800/Gallery2_Common_SupportDisplayEngineTileImageRender: TileScaler run end conceled!
03-03 18:19:44.872  8651        8651 I 00800/WindowFakeAnimHelper: mIsActive=false
03-03 18:19:44.872  8651        9053 I 00800/Gallery2_Common_SupportDisplayEngineTileImageRender: TileScaler run end conceled!
03-03 18:19:44.872  8651        8651 I 00800/WindowFakeAnimHelper: requestRecoverWindowDefaultAnim
03-03 18:19:44.873  8651        8651 I 00800/Gallery2_Common_MenuExecutor: remove MSG_TASK_SHOW_DIALOG
03-03 18:19:44.873 20578  8751  8751 I 01300/AbilityManagerService: [ability_manager_client.cpp(ConnectAbility:257)]Connect ability called, bundleName:, abilityName:, userId:-1.
03-03 18:19:44.873  8651        8651 I 00800/Gallery2_Common_AbsPhotoBrowser: setFileDataToDisplayEngine {"0":"//storage/emulated/0/Pictures/***in***/**1772457856400.jpg**","1":"//storage/emulated/0/Pictures/***in***/**1772455531067_edit_170061929241373.jpg**","2":"//storage/emulated/0/Pictures/**ots**/Screenshot_20260227_114735_com.ss.android.ugc.aweme.jpg"}
03-03 18:19:44.874  8651        8651 I 00800/Gallery2_Common_DisplayEngine: setScene() THUMBNAIL
03-03 18:19:44.874  8651        8651 I 00800/Gallery2_Common_AbsPhotoBrowser: onPause set Settings.System.fingerprint_slide_switch to 0 
03-03 18:19:44.874 20578  8751  8751 D 01510/IPCObjectStub: 390: IPCObjectStub::ProcessProto called, type = 0, normal stub object
03-03 18:19:44.874 20578  8751  8751 D 01510/IPCObjectStub: 390: IPCObjectStub::ProcessProto called, type = 0, normal stub object
03-03 18:19:44.875 27399     6    61 D 01300/AbilityManagerService: [ability_manager_service.cpp(ConnectAbilityCommon:1627)]Connect ability called, element uri: ///.
03-03 18:19:44.875 27399     6    61 D 02D08/HISYSEVENT: size=187, sysevent={"domain_":"AAFWK","name_":"CONNECT_SERVICE","type_":4,"time_":1772533184875,"tz_":"+0800","pid_":6,"tid_":61,"uid_":5523,"USER_ID":-1,"BUNDLE_NAME":"","MODULE_NAME":"","ABILITY_NAME":""}
03-03 18:19:44.875 27399     6    61 D 02D08/HISYSEVENT: reset send buffer size old=212992, new=786432
03-03 18:19:44.875  8651        8651 I 00800/Gallery2_Common_PhotoBrowserViewProxy: setCurrent false, isSlide: false @com.huawei.gallery.view.ui.photobrowserhelper.CommonPhotoBrowserViewProxy@b8e52c7
03-03 18:19:44.875  8651        8651 I 00800/Gallery2_Common_PhotoBrowserViewProxy: setActive() isActive: false, current item is: **1772455531067_edit_170061929241373.jpg**
03-03 18:19:44.875 27399     6    61 D 02D08/HISYSEVENT: HiSysEvent send data successful
03-03 18:19:44.875 27399     6    61 E 01300/AbilityManagerService: [ability_record.cpp(GetAbilityRecordByToken:120)]Input token is not an AbilityToken, token->GetObjectDescriptor(): IPCObjectProxy25
03-03 18:19:44.875 27399     6    61 I 01300/AbilityManagerService: [ability_manager_service.cpp(GetUserId:3139)]GetUserId, userId is 100
03-03 18:19:44.875 27399     6    61 D 01800/SA_CLIENT: GetSystemAbilityWrapper:Waiting for sa 401, 
03-03 18:19:44.875 27399     6    61 D 01800/SA_CLIENT: CheckSystemAbility called, ability id is 401, isExist is 0
03-03 18:19:44.876  8651        8651 I 00800/Gallery2_Common_PhotoBrowserReportHelper: photoBrowser report: {"photoBrowserCount":1,"photoSwitchTimeOne":0,"photoSwitchTimeThree":0,"photoSwitchTimeFive":0,"photoSwitchTimeTen":0,"photoSwitchTimeOther":0,"thumbCount":0,"phase1PhotoCount":0,"fullPhotoCount":0,"cloudTake101Count":0,"cloudTake119Count":0,"cloudTake120Count":0,"cloudTake111Count":0,"photoCountWithPosition":0,"photoCountWithoutPosition":0,"isFromCamera":0,"thumbnailOverTimeCount":0,"averageThumbnailDecodeCost":35,"yuvDecodeFailCount":0,"totalLoadingTimes":0,"averageLoadingCost":0,"loading100msTimes":0,"loading300msTimes":0,"loading500msTimes":0,"loadingOtherTimes":0,"ImageDecodeProcessorAverageCost":33,"ImageDecodeProcessor30msTimes":2,"ImageDecodeProcessor50msTimes":2,"ImageDecodeProcessor100msTimes":1,"DiskCacheReadProcessorAverageCost":8,"DiskCacheReadProcessor30msTimes":7}
03-03 18:19:44.876   907       21402 I 01800/SAM: C:12
03-03 18:19:44.876 27398     5    75 D 02D10/HiView-EventServer: ReceiveMsg: receive data from client <private>
03-03 18:19:44.876   907       21402 I 01800/SAM: F:10401.
03-03 18:19:44.876 27398     5    75 D 02D10/HiView-EventServer: TransferEvent: event need to transfer: {"domain_":"AAFWK","name_":"CONNECT_SERVICE","type_":4,"time_":1772533184875,"tz_":"+0800","pid_":6,"tid_":61,"uid_":5523,"USER_ID":-1,"BUNDLE_NAME":"","MODULE_NAME":"","ABILITY_NAME":""}
03-03 18:19:44.876 27398     5    75 I 02D10/HiView-EventServer: InitSocketBuf: reset buffer size old=212992, new=786432
03-03 18:19:44.876  8651        8651 I 00800/CloudEnhanceStateMachine: before State: StateStart
03-03 18:19:44.876  8651        8651 I 00800/CloudEnhanceStateMachine: now State: StateStart
03-03 18:19:44.876 27399     6    61 D 01120/BundleMgrService: [bundle_mgr_host_impl.cpp(GetApplicationInfo):55] start GetApplicationInfo, bundleName : , flags : 0, userId : 100
03-03 18:19:44.876  8651        8651 I 00800/CloudEnhanceStateMachine: before State: StateStart
03-03 18:19:44.876 27399     6    61 D 01120/BundleMgrService: [bundle_mgr_host_impl.cpp(VerifySystemApi):2460] begin to verify system app
03-03 18:19:44.876 27398     5    75 D 02D10/HiView-EventServer: TransferEvent: send data successful
03-03 18:19:44.876 27399     6    61 D 01120/BundleMgrService: [bundle_permission_mgr.cpp(VerifySystemApp):709] verifying systemApp
03-03 18:19:44.876  8651        8651 I 00800/CloudEnhanceStateMachine: now State: StateStart
03-03 18:19:44.876 27399     6    61 D 02F01/AccessTokenKit: [GetTokenTypeFlag]:called, tokenID=672050185
03-03 18:19:44.876  8651        8651 I 00800/CloudPhotoBrowserManager: resetClickMediaItem
03-03 18:19:44.876 27399     6    61 D 01120/BundleMgrService: [bundle_permission_mgr.cpp(VerifySystemApp):718] caller tokenType is native, verify success
03-03 18:19:44.876 27399     6    61 D 01120/BundleMgrService: [bundle_mgr_host_impl.cpp(GetBundleNameForUid):306] start GetBundleNameForUid, uid : 5523
03-03 18:19:44.876 27399     6    61 D 01120/BundleMgrService: [inner_bundle_info.cpp(InnerBundleInfo):386] inner bundle info instance is created
03-03 18:19:44.876  8651        8651 I 00800/Gallery2_Common_FastScrollerDataLoader: FastScrollerDataLoader pause
03-03 18:19:44.876 27399     6    61 D 01120/BundleMgrService: [bundle_data_mgr.cpp(GetInnerBundleInfoByUid):1744] the uid(5523) is not exists.
03-03 18:19:44.876  8651       21394 I 00800/Gallery2_Common_CommonAlbumDataLoader: waitWithoutInterrupt end
03-03 18:19:44.876 27399     6    61 W 01120/BundleMgrService: [bundle_data_mgr.cpp(GetBundleNameForUid):1703] get innerBundleInfo from bundleInfo_ by uid failed.
03-03 18:19:44.876  8651        8651 I 00800/Gallery2_Common_SlotAlbumHost: slot album fragment pause
03-03 18:19:44.876 27399     6    61 I 01120/BundleMgrService: [bundle_sandbox_app_helper.cpp(GetInnerBundleInfoByUid):153] enter GetInnerBundleInfoByUid
03-03 18:19:44.876 27399     6    61 I 01120/BundleMgrService: [bundle_sandbox_data_mgr.cpp(GetInnerBundleInfoByUid):236] GetInnerBundleInfoByUid with uid is 5523
03-03 18:19:44.876 27399     6    61 D 01120/BundleMgrService: [bundle_sandbox_data_mgr.cpp(GetInnerBundleInfoByUid):238] GetInnerBundleInfoByUid with userId is 0
03-03 18:19:44.877 27399     6    61 E 01120/BundleMgrService: [bundle_sandbox_data_mgr.cpp(GetInnerBundleInfoByUid):247] sandboxAppInfos_ is empty
03-03 18:19:44.877 27399     6    61 E 01120/BundleMgrService: [bundle_data_mgr.cpp(GetBundleNameForUid):1709] get innerBundleInfo by uid failed.
03-03 18:19:44.877  8651       21395 I 00800/Gallery2_Common_FastScrollerDataLoader: waitWithoutInterrupt end
03-03 18:19:44.877 27399     6    61 D 01120/BundleMgrService: [inner_bundle_info.cpp(~InnerBundleInfo):442] inner bundle info instance is destroyed
03-03 18:19:44.877 27399     6    61 D 01120/BundleMgrService: [bundle_mgr_host_impl.cpp(VerifyQueryPermission):1891] callingBundleName : 
03-03 18:19:44.877 27399     6    61 D 01120/BundleMgrService: [bundle_permission_mgr.cpp(VerifyCallingPermission):592] VerifyCallingPermission permission ohos.permission.GET_BUNDLE_INFO
03-03 18:19:44.877 27399     6    61 D 01120/BundleMgrService: [bundle_permission_mgr.cpp(VerifyCallingPermission):594] callerToken : <private>
03-03 18:19:44.877 27399     6    61 D 02F01/AccessTokenKit: [GetTokenTypeFlag]:called, tokenID=672050185
03-03 18:19:44.877 27399     6    61 D 01120/BundleMgrService: [bundle_permission_mgr.cpp(VerifyCallingPermission):598] caller tokenType is native, verify success
03-03 18:19:44.877 27399     6    61 D 01120/BundleMgrService: [bundle_mgr_host_impl.cpp(VerifyQueryPermission):1901] verify query permission successfully
03-03 18:19:44.877 27399     6    61 D 01120/BundleMgrService: [bundle_mgr_host_impl.cpp(GetApplicationInfo):64] verify permission success, begin to GetApplicationInfo
03-03 18:19:44.877 27399     6    61 D 01120/BundleMgrService: [inner_bundle_info.cpp(InnerBundleInfo):386] inner bundle info instance is created
03-03 18:19:44.878  8651        8651 I 00800/Gallery2_Common_AbstractGalleryActivity: setSceneToDisplayEngine EXIT_THUMBNAIL
03-03 18:19:44.878 27399     6    61 D 01120/BundleMgrService: [bundle_data_mgr.cpp(GetInnerBundleInfoWithFlags):2116] GetInnerBundleInfoWithFlags: 
03-03 18:19:44.878  8651        8651 I 00800/Gallery2_Common_DisplayEngine: setScene() sThubnailCnt=0
03-03 18:19:44.878 27399     6    61 E 01120/BundleMgrService: [bundle_data_mgr.cpp(GetInnerBundleInfoWithFlags):2119] GetInnerBundleInfoWithFlags: bundleName not find
03-03 18:19:44.878 27399     6    61 E 01120/BundleMgrService: [bundle_data_mgr.cpp(GetApplicationInfo):1280] GetApplicationInfo failed
03-03 18:19:44.878  8651        8651 I 00800/Gallery2_Common_DisplayEngine: setScene() EXIT
03-03 18:19:44.878 27399     6    61 D 01120/BundleMgrService: [inner_bundle_info.cpp(~InnerBundleInfo):442] inner bundle info instance is destroyed
03-03 18:19:44.878 27399     6    61 E 01300/AbilityManagerService: [ability_interceptor.cpp(CheckCrowdtest:82)]GetApplicaionInfo from bms failed.
03-03 18:19:44.878 27399     6    61 D 01800/SA_CLIENT: GetSystemAbilityWrapper:Waiting for sa 401, 
03-03 18:19:44.878 27399     6    61 D 01800/SA_CLIENT: CheckSystemAbility called, ability id is 401, isExist is 0
03-03 18:19:44.878   907       21402 I 01800/SAM: C:12
03-03 18:19:44.878   907       21402 I 01800/SAM: F:10401.
03-03 18:19:44.878  8651        8651 I 00800/Gallery2_Common_AsyncService: SearchService onStartCommand:Intent { cmp=com.huawei.photos/com.huawei.gallery.media.services.StorageService (has extras) }
03-03 18:19:44.878  8651        8651 I 00800/Gallery2_Common_AbstractGalleryActivity: com.huawei.gallery.app.materialselect.ThirdSelectSlotAlbumActivity@c855c24 sDrawableCache had cleared!
03-03 18:19:44.877  1875        2029 D 02D10/HiView-EventServer: Start: receive data from client <private>
03-03 18:19:44.878 27399     6    61 D 01120/BundleMgrService: [inner_bundle_info.cpp(InnerBundleInfo):386] inner bundle info instance is created
03-03 18:19:44.878  8651        8993 I 00800/Gallery2_Common_StorageService: update file //storage/emulated/0/Pictures/***in***/**1772455531067_edit_170061929241373.jpg**
03-03 18:19:44.878 27399     6    61 D 01120/BundleMgrService: [bundle_data_mgr.cpp(GetInnerBundleInfoWithBundleFlagsV9):2189] GetInnerBundleInfoWithFlagsV9: 
