03-03 18:24:01.560 28034  9345  9345 D 01800/SA_CLIENT: CheckSystemAbility called
03-03 18:24:01.561   907         907 I 01800/SAM: C:2
03-03 18:24:01.561   907         907 I 01800/SAM: F:11212.
03-03 18:24:01.561   720  3730  3730 D 01510/IPCObjectStub: 390: IPCObjectStub::ProcessProto called, type = 0, normal stub object
03-03 18:24:01.561 28034  9345  9345 D 02902/DumperClient: Connect# debug|connected
03-03 18:24:01.561   720  3730  3730 D 02901/DumperZIDL: OnRemoteRequest# debug|RequestFileFdStub
03-03 18:24:01.561   720  3730  3730 D 02903/DumperService: Request# debug|sum=0
03-03 18:24:01.562   720  3730  3730 D 02900/DumperCommon: Init# Init enter|
03-03 18:24:01.562   720  3730  3730 D 02900/DumperCommon: EraseLogs# EraseLogs enter|
03-03 18:24:01.562   720  3730  3730 D 02900/DumperCommon: EraseLogs# EraseLogs debug|sum=-10
03-03 18:24:01.562   720  3730  3730 D 02900/DumperCommon: EraseLogs# EraseLogs leave|
03-03 18:24:01.562   720  3730  3730 D 02900/DumperCommon: Init# Init leave|
03-03 18:24:01.562   720  3730  3730 D 02903/DumperService: Request# enter|
03-03 18:24:01.562   720  3730  3730 D 02903/DumperService: AddRequestRawParam# debug|requestId=526, calllingUid=2000, calllingPid=9345
03-03 18:24:01.562   720  3730  3730 D 02903/DumperService: RawParam# create|pid=9345, reqId=526
03-03 18:24:01.562   720  3730  3730 D 02903/DumperService: Init# enter|
03-03 18:24:01.562   720  3730  3730 D 02903/DumperService: Init# debug|argc=5
03-03 18:24:01.562   720  3730  3730 D 02903/DumperService: Init# leave|true
03-03 18:24:01.562   720  3730  3730 D 02903/DumperService: RequestMain# enter|
03-03 18:24:01.562   720  3730  3730 D 02900/DumperCommon: CreateTmpFolder# CreateTmpFolder enter|id=526
03-03 18:24:01.563   720  3730  3730 D 02900/DumperCommon: CreateTmpFolder# CreateTmpFolder leave|ret=/data/log/hidumper/tmp/526/, res=[1]
03-03 18:24:01.563   720  3730  3730 D 02903/DumperService: RequestMain# debug|enter task, argC=5
03-03 18:24:01.563   720  3730  3730 D 02903/DumperService: RequestMain# debug|argV[0]=hidumper
03-03 18:24:01.563   720  3730  3730 D 02903/DumperService: RequestMain# debug|argV[1]=-s
03-03 18:24:01.563   720  3730  3730 D 02903/DumperService: RequestMain# debug|argV[2]=11201
03-03 18:24:01.563   720  3730  3730 D 02903/DumperService: RequestMain# debug|argV[3]=-a
03-03 18:24:01.563   720  3730  3730 D 02903/DumperService: RequestMain# debug|argV[4]=-p Faultlogger
03-03 18:24:01.563   720  3730  3730 D 02900/DumperCommon: DumperParameter# enter|
03-03 18:24:01.563   720  3730  3730 D 02900/DumperCommon: DumperParameter# leave|
03-03 18:24:01.563   720  3730  3730 D 02900/DumperCommon: CmdParseWithParameter# enter|
03-03 18:24:01.563   720  3730  3730 D 02900/DumperCommon: SetCmdParameter# debug|SetCmdParameter optind is 3 argc is  5
03-03 18:24:01.563   720  3730  3730 D 02900/DumperCommon: CmdParseWithParameter# leave|ret=0
03-03 18:24:01.563   720  3730  3730 D 02900/DumperCommon: GetDumperConfigs# enter|
03-03 18:24:01.563   720  3730  3730 D 02900/DumperCommon: GetDumperConfigs# enter|
03-03 18:24:01.567   720  3730  3730 D 02900/DumperCommon: GetDumperConfigs# debug|pidInfos=12, cpuInfos=8
03-03 18:24:01.567   720  3730  3730 D 02900/DumperCommon: HandleDumpAbility# debug|ability
03-03 18:24:01.567   720  3730  3730 D 02900/DumperCommon: GetConfig# debug|group, name=group_ability
03-03 18:24:01.567   720  3730  3730 D 02900/DumperCommon: GetDumperConfigs# debug|dumpCfgs=3
03-03 18:24:01.567   720  3730  3730 D 02900/DumperCommon: GetDumperConfigs# leave|
03-03 18:24:01.567   720  3730  3730 D 02900/DumperCommon: Dump# debug|*********[0]********
03-03 18:24:01.567   720  3730  3730 D 02900/DumperCommon: Dump# debug|section=, class=1[group], level=0[none], name=group_ability, type=0[none], expand_=0, target=, desc=group of ability dumper, filterCfg=
03-03 18:24:01.567   720  3730  3730 D 02900/DumperCommon: Dump# debug|*********[0]********
03-03 18:24:01.568   720  3730  3730 D 02900/DumperCommon: Dump# debug|section=ability, class=11[sa_dumper], level=0[none], name=dumper_system_ability, type=0[none], expand_=0, target=ability, desc=System Ability Information, filterCfg=
03-03 18:24:01.568   720  3730  3730 D 02900/DumperCommon: Dump# debug|    names[0]=11201
03-03 18:24:01.568   720  3730  3730 D 02900/DumperCommon: Dump# debug|    args[0]=-p
03-03 18:24:01.568   720  3730  3730 D 02900/DumperCommon: Dump# debug|    args[1]=Faultlogger
03-03 18:24:01.568   720  3730  3730 D 02900/DumperCommon: Dump# debug|parent...name=group_ability, desc=group of ability dumper
03-03 18:24:01.568   720  3730  3730 D 02900/DumperCommon: Dump# debug|*********[0]********
03-03 18:24:01.568   720  3730  3730 D 02900/DumperCommon: Dump# debug|section=, class=22[fd_output], level=0[none], name=, type=0[none], expand_=0, target=, desc=, filterCfg=
03-03 18:24:01.568   720  3730  3730 D 02900/DumperCommon: Dump# debug|parent...name=group_ability, desc=group of ability dumper
03-03 18:24:01.568   720  3730  3730 D 02900/DumperCommon: GetDumperConfigs# leave|ret=0
03-03 18:24:01.568   720  3730  3730 D 02900/DumperCommon: Main# debug|Main configs size is 3
03-03 18:24:01.568   720  3730  3730 D 01800/SA_CLIENT: CheckSystemAbility called
03-03 18:24:01.569   907         907 I 01800/SAM: C:2
03-03 18:24:01.569   907         907 I 01800/SAM: GetRealContainerSaId saId:11201 is not in map
03-03 18:24:01.569   907         907 I 01800/SAM: F:11201.
03-03 18:24:01.569 27398     5     5 D 01510/IPCObjectStub: 390: IPCObjectStub::ProcessProto called, type = 0, normal stub object
03-03 18:24:01.569 27398     5     5 D 02F01/AccessTokenKit: [VerifyAccessToken]:called, tokenID=2000, permissionName=ohos.permission.DUMP
03-03 18:24:01.570 27404     9     9 D 02F01/ATMStub: [OnRemoteRequest]:code 65296 token 671972893
03-03 18:24:01.570 27404     9     9 I 02F01/PermissionManagerImpl: [VerifyAccessToken]:VerifyAccessToken called, tokenID: 2000, permissionName: ohos.permission.DUMP
03-03 18:24:01.570 27404     9     9 I 02F01/PermissionManagerImpl: [VerifyAccessToken]:caller in white list is granted.permissionName: <private>
03-03 18:24:01.570 27404     9     9 D 02F01/ATMServ: [VerifyAccessToken]:tokenID: 2000, permission: ohos.permission.DUMP, res 0
03-03 18:24:01.570 27398     5     5 D 02F01/ATMProxy: [VerifyAccessToken]:result from server data = 0
03-03 18:24:01.570 27398     5     5 I 02D10/Faultlogger: Dump: DumpRequest: detail:<private>, list:<private>, file:<private>, name:<private>, time:-<private>
03-03 18:24:01.573   720  3730  3730 D 02900/DumperCommon: ~DumperParameter# enter|
03-03 18:24:01.573   720  3730  3730 D 02900/DumperCommon: ~DumperParameter# leave|
03-03 18:24:01.573   720  3730  3730 D 02903/DumperService: RequestMain# debug|leave task
03-03 18:24:01.573   720  3730  3730 D 02900/DumperCommon: EraseTmpFolder# EraseTmpFolder enter|id=526
03-03 18:24:01.573   720  3730  3730 D 02900/DumperCommon: EraseTmpFolder# EraseTmpFolder leave|ret=[1]
03-03 18:24:01.573   720  3730  3730 D 02900/DumperCommon: EraseLogs# EraseLogs enter|
03-03 18:24:01.573   720  3730  3730 D 02900/DumperCommon: EraseLogs# EraseLogs debug|sum=-10
03-03 18:24:01.573   720  3730  3730 D 02900/DumperCommon: EraseLogs# EraseLogs leave|
03-03 18:24:01.573   720  3730  3730 D 02903/DumperService: CloseOutputFd# enter|outfd=9
03-03 18:24:01.573   720  3730  3730 D 02903/DumperService: CloseOutputFd# debug|outfd=9
03-03 18:24:01.573   720  3730  3730 D 02903/DumperService: CloseOutputFd# leave|outfd=-1
03-03 18:24:01.574   720  3730  3730 D 02903/DumperService: EraseRequestRawParam# enter|
03-03 18:24:01.574   720  3730  3730 D 02903/DumperService: EraseRequestRawParam# debug|requestId=526
03-03 18:24:01.574   720  3730  3730 D 02903/DumperService: EraseRequestRawParam# debug|erase
03-03 18:24:01.574   720  3730  3730 D 02903/DumperService: EraseRequestRawParam# leave|
03-03 18:24:01.574   720  3730  3730 D 02903/DumperService: RequestMain# leave|
03-03 18:24:01.574   720  3730  3730 D 02903/DumperService: Request# leave|ret=0
03-03 18:24:01.574   720  3730  3730 D 02903/DumperService: ~RawParam# release|pid=9345, reqId=526
03-03 18:24:01.574   720  3730  3730 D 02903/DumperService: Uninit# enter|
03-03 18:24:01.574   720  3730  3730 D 02903/DumperService: CloseOutputFd# enter|outfd=-1
03-03 18:24:01.574   720  3730  3730 D 02903/DumperService: CloseOutputFd# leave|outfd=-1
03-03 18:24:01.574   720  3730  3730 D 02903/DumperService: Uninit# leave|
03-03 18:24:01.574 28034  9345  9345 D 02902/DumperClient: Request# debug|ret=0
03-03 18:24:01.705  3349        3759 D 02F07/HSC_SEC_AI_PLUGIN_BG_SecurityThreatsService: handleMessage msg=2
03-03 18:24:01.705  3349        3759 I 02F07/HSC_SEC_AI_PLUGIN_BG_SecurityThreatsService: notifyRiskAppWhenStartUp, pid = 26616, uid = 10270
03-03 18:24:01.706  3349        3759 E 02F07/HSC_SEC_AI_PLUGIN_BG_AiProtectionUtils: AI is not supported, current platform is:kona
03-03 18:24:01.706  3349        3759 D 02F07/HSC_SEC_AI_PLUGIN_BG_VirusNotifyControl: notifyVirusWhenStartUp pkgs is empty
03-03 18:24:01.903 27399     6    61 I 01300/AppexecfwkCore: [app_mgr_stub.cpp(OnRemoteRequest:119)]AppMgrStub::OnReceived, code = 27, flags= 0.
03-03 18:24:01.903 27399     6    61 I 01300/AppMgrService: [app_mgr_service_inner.cpp(NotifyMemoryLevel:798)]AppMgrServiceInner start
03-03 18:24:01.904 27399     6    61 D 01300/AbilityManagerService: [permission_verification.cpp(IsSACall:43)]IsSACall: is called.
03-03 18:24:01.904 27399     6    61 D 01300/AbilityManagerService: [permission_verification.cpp(GetCallingTokenID:297)]callerToken : <private>
03-03 18:24:01.904 27399     6    61 D 02F01/AccessTokenKit: [GetTokenTypeFlag]:called, tokenID=1000
03-03 18:24:01.904 27399     6    61 D 01300/AbilityManagerService: [permission_verification.cpp(IsSACall:50)]Not SA called.
03-03 18:24:01.904 27399     6    61 D 01300/AbilityManagerService: [permission_verification.cpp(VerifyCallingPermission:30)]VerifyCallingPermission permission ohos.permission.MANAGER_ABILITY_FROM_GATEWAY
03-03 18:24:01.904 27399     6    61 D 01300/AbilityManagerService: [permission_verification.cpp(GetCallingTokenID:297)]callerToken : <private>
03-03 18:24:01.904 27399     6    61 D 02F01/AccessTokenKit: [VerifyAccessToken]:called, tokenID=1000, permissionName=ohos.permission.MANAGER_ABILITY_FROM_GATEWAY
03-03 18:24:01.905 27404     9     9 D 02F01/ATMStub: [OnRemoteRequest]:code 65296 token 672050185
03-03 18:24:01.905 27404     9     9 I 02F01/PermissionManagerImpl: [VerifyAccessToken]:VerifyAccessToken called, tokenID: 1000, permissionName: ohos.permission.MANAGER_ABILITY_FROM_GATEWAY
03-03 18:24:01.905 27404     9     9 I 02F01/PermissionManagerImpl: [VerifyAccessToken]:caller in white list is granted
03-03 18:24:01.905 27404     9     9 D 02F01/ATMServ: [VerifyAccessToken]:tokenID: 1000, permission: ohos.permission.MANAGER_ABILITY_FROM_GATEWAY, res 0
03-03 18:24:01.905 27399     6    61 D 02F01/ATMProxy: [VerifyAccessToken]:result from server data = 0
03-03 18:24:01.905 27399     6    61 D 01300/AbilityManagerService: [permission_verification.cpp(VerifyCallingPermission:37)]verify AccessToken success
03-03 18:24:01.905 27399     6    61 D 01300/AbilityManagerService: [permission_verification.cpp(IsGatewayCall:70)]IsGatewayCall: Permission verification succeeded.
03-03 18:24:01.905 27399     6    61 I 01300/AppMgrService: [app_running_manager.cpp(NotifyMemoryLevel:569)]call NotifyMemoryLevel, current app size 1
03-03 18:24:01.905 27399     6    61 I 01300/AppMgrService: [app_running_manager.cpp(NotifyMemoryLevel:572)]Notification app [com.example.car]
03-03 18:24:01.906  2261        2335 D 01510/IPCJni: Java_ohos_rpc_RemoteProxy_nativeSendRequest 818: success
03-03 18:24:02.003 26742  9282  9305 D 01400/OHOS::ROSEN: RSRenderThread ProcessCommands size: 1
03-03 18:24:02.003 26742  9282  9305 D 01400/OHOS::ROSEN: RSRenderThread DrawFrame(203169853735812) in GPU
03-03 18:24:02.003 26742  9282  9305 D 01400/OHOS::ROSEN: SetPartialRenderStatus: 1->1, isRenderForced_=0, isEglSetDamageRegion_=1, isOpDropped_=0
03-03 18:24:02.003 26742  9282  9305 D 01400/OHOS::ROSEN: RSSurfaceOhosGl:RequestFrame, width is 1600, height is 2560
03-03 18:24:02.003 26742  9282  9305 D 01402/2DGraphics: SetUpGrContext: grContext has already created!!
03-03 18:24:02.003 26742  9282  9305 D 01402/2DGraphics: AcquireSurface: CreateCanvas successfully!!! (0xb4000077778a7000)
03-03 18:24:02.003 26742  9282  9305 D 01400/OHOS::ROSEN: UpdateDirtyAndSetEGLDamageRegion dirtyRect = [23, 928, 1554, 1218]
03-03 18:24:02.004 26742  9282  9305 D 01400/OHOS::ROSEN: RSRenderThreadVisitor FlushImplicitTransactionFromRT uiTimestamp = 203169837079721
03-03 18:24:02.004 26742  9282  9305 D 01400/OHOS::ROSEN: RSRenderThreadVisitor FlushFrame surfaceNodeId = 39865886441472, uiTimestamp = 203169837079721
03-03 18:24:02.004 26742  9282  9305 D 01402/2DGraphics: RenderFrame: RenderFrame: Canvas is 0xb4000077778a7000
03-03 18:24:02.007 26742  9282  9305 D 01402/2DGraphics: SwapBuffers: SwapBuffers successfully, surface is 0xb40000773f8ed680
03-03 18:24:02.007 26742  9282  9305 D 01400/OHOS::ROSEN: RSSurfaceOhosGl: FlushFrame success
03-03 18:24:02.010 26742  9282  9282 I 03900/Ace: [js_view_abstract.cpp(ParseBorderStyle)-(0)] args(undefined) is invalid, use default value.
03-03 18:24:02.017 26742  9282  9282 W 03900/Ace: [text_field_pattern.cpp(UpdateCaretPosition)-(0)] Not on focus, cannot update caret
03-03 18:24:02.018 26742  9282  9282 W 03900/Ace: [scroll_paint_method.cpp(PaintScrollEffect)-(0)] scrollEdgeEffect is null, return on line 53
03-03 18:24:02.018 26742  9282  9282 W 03900/Ace: [scroll_paint_method.cpp(PaintScrollEffect)-(0)] scrollEdgeEffect is null, return on line 53
03-03 18:24:02.019 26742  9282  9305 D 01400/OHOS::ROSEN: RSRenderThread ProcessCommands size: 1
03-03 18:24:02.020 26742  9282  9305 D 01400/OHOS::ROSEN: RSRenderThread DrawFrame(203169870399956) in GPU
03-03 18:24:02.020 26742  9282  9305 D 01400/OHOS::ROSEN: SetPartialRenderStatus: 1->1, isRenderForced_=0, isEglSetDamageRegion_=1, isOpDropped_=0
03-03 18:24:02.020 26742  9282  9305 D 01400/OHOS::ROSEN: RSSurfaceOhosGl:RequestFrame, width is 1600, height is 2560
03-03 18:24:02.020 26742  9282  9282 W 03900/Ace: [scroll_paint_method.cpp(PaintScrollEffect)-(0)] scrollEdgeEffect is null, return on line 53
03-03 18:24:02.020 26742  9282  9305 D 01402/2DGraphics: SetUpGrContext: grContext has already created!!
03-03 18:24:02.020 26742  9282  9282 W 03900/Ace: [scroll_paint_method.cpp(PaintScrollEffect)-(0)] scrollEdgeEffect is null, return on line 53
03-03 18:24:02.020 26742  9282  9305 D 01402/2DGraphics: AcquireSurface: CreateCanvas successfully!!! (0xb4000077778a7000)
03-03 18:24:02.020 26742  9282  9305 D 01400/OHOS::ROSEN: UpdateDirtyAndSetEGLDamageRegion dirtyRect = [23, 928, 1554, 1218]
03-03 18:24:02.021 26742  9282  9305 D 01400/OHOS::ROSEN: RSRenderThreadVisitor FlushImplicitTransactionFromRT uiTimestamp = 203169853735812
03-03 18:24:02.021 26742  9282  9305 D 01400/OHOS::ROSEN: RSRenderThreadVisitor FlushFrame surfaceNodeId = 39865886441472, uiTimestamp = 203169853735812
03-03 18:24:02.021 26742  9282  9305 D 01402/2DGraphics: RenderFrame: RenderFrame: Canvas is 0xb4000077778a7000
03-03 18:24:02.023 26742  9282  9305 D 01402/2DGraphics: SwapBuffers: SwapBuffers successfully, surface is 0xb40000773f8ed680
03-03 18:24:02.023 26742  9282  9305 D 01400/OHOS::ROSEN: RSSurfaceOhosGl: FlushFrame success
03-03 18:24:02.036 26742  9282  9305 D 01400/OHOS::ROSEN: RSRenderThread ProcessCommands size: 1
03-03 18:24:02.036 26742  9282  9305 D 01400/OHOS::ROSEN: RSRenderThread DrawFrame(203169887054477) in GPU
03-03 18:24:02.036 26742  9282  9305 D 01400/OHOS::ROSEN: SetPartialRenderStatus: 1->1, isRenderForced_=0, isEglSetDamageRegion_=1, isOpDropped_=0
03-03 18:24:02.036 26742  9282  9282 W 03900/Ace: [scroll_paint_method.cpp(PaintScrollEffect)-(0)] scrollEdgeEffect is null, return on line 53
03-03 18:24:02.036 26742  9282  9305 D 01400/OHOS::ROSEN: RSSurfaceOhosGl:RequestFrame, width is 1600, height is 2560
03-03 18:24:02.036 26742  9282  9282 W 03900/Ace: [scroll_paint_method.cpp(PaintScrollEffect)-(0)] scrollEdgeEffect is null, return on line 53
03-03 18:24:02.036 26742  9282  9305 D 01402/2DGraphics: SetUpGrContext: grContext has already created!!
03-03 18:24:02.037 26742  9282  9305 D 01402/2DGraphics: AcquireSurface: CreateCanvas successfully!!! (0xb4000077778a7000)
03-03 18:24:02.037 26742  9282  9305 D 01400/OHOS::ROSEN: UpdateDirtyAndSetEGLDamageRegion dirtyRect = [23, 928, 1554, 1218]
03-03 18:24:02.038 26742  9282  9305 D 01400/OHOS::ROSEN: RSRenderThreadVisitor FlushImplicitTransactionFromRT uiTimestamp = 203169870399956
03-03 18:24:02.038 26742  9282  9305 D 01400/OHOS::ROSEN: RSRenderThreadVisitor FlushFrame surfaceNodeId = 39865886441472, uiTimestamp = 203169870399956
03-03 18:24:02.038 26742  9282  9305 D 01402/2DGraphics: RenderFrame: RenderFrame: Canvas is 0xb4000077778a7000
03-03 18:24:02.040 26742  9282  9305 D 01402/2DGraphics: SwapBuffers: SwapBuffers successfully, surface is 0xb40000773f8ed680
03-03 18:24:02.040 26742  9282  9305 D 01400/OHOS::ROSEN: RSSurfaceOhosGl: FlushFrame success
03-03 18:24:02.053 26742  9282  9305 D 01400/OHOS::ROSEN: RSRenderThread ProcessCommands size: 1
03-03 18:24:02.053 26742  9282  9305 D 01400/OHOS::ROSEN: RSRenderThread DrawFrame(203169903760446) in GPU
03-03 18:24:02.053 26742  9282  9305 D 01400/OHOS::ROSEN: SetPartialRenderStatus: 1->1, isRenderForced_=0, isEglSetDamageRegion_=1, isOpDropped_=0
03-03 18:24:02.053 26742  9282  9282 W 03900/Ace: [scroll_paint_method.cpp(PaintScrollEffect)-(0)] scrollEdgeEffect is null, return on line 53
03-03 18:24:02.053 26742  9282  9305 D 01400/OHOS::ROSEN: RSSurfaceOhosGl:RequestFrame, width is 1600, height is 2560
03-03 18:24:02.053 26742  9282  9282 W 03900/Ace: [scroll_paint_method.cpp(PaintScrollEffect)-(0)] scrollEdgeEffect is null, return on line 53
03-03 18:24:02.053 26742  9282  9305 D 01402/2DGraphics: SetUpGrContext: grContext has already created!!
03-03 18:24:02.053 26742  9282  9305 D 01402/2DGraphics: AcquireSurface: CreateCanvas successfully!!! (0xb4000077778a7000)
03-03 18:24:02.053 26742  9282  9305 D 01400/OHOS::ROSEN: UpdateDirtyAndSetEGLDamageRegion dirtyRect = [23, 928, 1554, 1218]
03-03 18:24:02.054 26742  9282  9305 D 01400/OHOS::ROSEN: RSRenderThreadVisitor FlushImplicitTransactionFromRT uiTimestamp = 203169887054477
03-03 18:24:02.054 26742  9282  9305 D 01400/OHOS::ROSEN: RSRenderThreadVisitor FlushFrame surfaceNodeId = 39865886441472, uiTimestamp = 203169887054477
03-03 18:24:02.054 26742  9282  9305 D 01402/2DGraphics: RenderFrame: RenderFrame: Canvas is 0xb4000077778a7000
03-03 18:24:02.057 26742  9282  9305 D 01402/2DGraphics: SwapBuffers: SwapBuffers successfully, surface is 0xb40000773f8ed680
03-03 18:24:02.057 26742  9282  9305 D 01400/OHOS::ROSEN: RSSurfaceOhosGl: FlushFrame success
03-03 18:24:02.069 26742  9282  9305 D 01400/OHOS::ROSEN: RSRenderThread ProcessCommands size: 1
03-03 18:24:02.069 26742  9282  9305 D 01400/OHOS::ROSEN: RSRenderThread DrawFrame(203169920427117) in GPU
03-03 18:24:02.069 26742  9282  9305 D 01400/OHOS::ROSEN: SetPartialRenderStatus: 1->1, isRenderForced_=0, isEglSetDamageRegion_=1, isOpDropped_=0
03-03 18:24:02.070 26742  9282  9282 W 03900/Ace: [scroll_paint_method.cpp(PaintScrollEffect)-(0)] scrollEdgeEffect is null, return on line 53
03-03 18:24:02.070 26742  9282  9305 D 01400/OHOS::ROSEN: RSSurfaceOhosGl:RequestFrame, width is 1600, height is 2560
03-03 18:24:02.070 26742  9282  9305 D 01402/2DGraphics: SetUpGrContext: grContext has already created!!
03-03 18:24:02.070 26742  9282  9282 W 03900/Ace: [scroll_paint_method.cpp(PaintScrollEffect)-(0)] scrollEdgeEffect is null, return on line 53
03-03 18:24:02.070 26742  9282  9305 D 01402/2DGraphics: AcquireSurface: CreateCanvas successfully!!! (0xb4000077778a7000)
03-03 18:24:02.070 26742  9282  9305 D 01400/OHOS::ROSEN: UpdateDirtyAndSetEGLDamageRegion dirtyRect = [23, 928, 1554, 1218]
03-03 18:24:02.071 26742  9282  9305 D 01400/OHOS::ROSEN: RSRenderThreadVisitor FlushImplicitTransactionFromRT uiTimestamp = 203169903760446
03-03 18:24:02.071 26742  9282  9305 D 01400/OHOS::ROSEN: RSRenderThreadVisitor FlushFrame surfaceNodeId = 39865886441472, uiTimestamp = 203169903760446
03-03 18:24:02.071 26742  9282  9305 D 01402/2DGraphics: RenderFrame: RenderFrame: Canvas is 0xb4000077778a7000
03-03 18:24:02.074 26742  9282  9305 D 01402/2DGraphics: SwapBuffers: SwapBuffers successfully, surface is 0xb40000773f8ed680
03-03 18:24:02.074 26742  9282  9305 D 01400/OHOS::ROSEN: RSSurfaceOhosGl: FlushFrame success
03-03 18:24:02.086 26742  9282  9305 D 01400/OHOS::ROSEN: RSRenderThread ProcessCommands size: 1
03-03 18:24:02.086 26742  9282  9305 D 01400/OHOS::ROSEN: RSRenderThread DrawFrame(203169937093806) in GPU
03-03 18:24:02.086 26742  9282  9305 D 01400/OHOS::ROSEN: SetPartialRenderStatus: 1->1, isRenderForced_=0, isEglSetDamageRegion_=1, isOpDropped_=0
03-03 18:24:02.086 26742  9282  9282 W 03900/Ace: [scroll_paint_method.cpp(PaintScrollEffect)-(0)] scrollEdgeEffect is null, return on line 53
03-03 18:24:02.086 26742  9282  9282 W 03900/Ace: [scroll_paint_method.cpp(PaintScrollEffect)-(0)] scrollEdgeEffect is null, return on line 53
03-03 18:24:02.087 26742  9282  9305 D 01400/OHOS::ROSEN: RSSurfaceOhosGl:RequestFrame, width is 1600, height is 2560
03-03 18:24:02.087 26742  9282  9305 D 01402/2DGraphics: SetUpGrContext: grContext has already created!!
03-03 18:24:02.087 26742  9282  9305 D 01402/2DGraphics: AcquireSurface: CreateCanvas successfully!!! (0xb4000077778a7000)
03-03 18:24:02.087 26742  9282  9305 D 01400/OHOS::ROSEN: UpdateDirtyAndSetEGLDamageRegion dirtyRect = [23, 928, 1554, 1218]
03-03 18:24:02.088 26742  9282  9305 D 01400/OHOS::ROSEN: RSRenderThreadVisitor FlushImplicitTransactionFromRT uiTimestamp = 203169920427117
03-03 18:24:02.088 26742  9282  9305 D 01400/OHOS::ROSEN: RSRenderThreadVisitor FlushFrame surfaceNodeId = 39865886441472, uiTimestamp = 203169920427117
03-03 18:24:02.088 26742  9282  9305 D 01402/2DGraphics: RenderFrame: RenderFrame: Canvas is 0xb4000077778a7000
03-03 18:24:02.090 26742  9282  9305 D 01402/2DGraphics: SwapBuffers: SwapBuffers successfully, surface is 0xb40000773f8ed680
03-03 18:24:02.090 26742  9282  9305 D 01400/OHOS::ROSEN: RSSurfaceOhosGl: FlushFrame success
03-03 18:24:02.103 26742  9282  9305 D 01400/OHOS::ROSEN: RSRenderThread ProcessCommands size: 1
03-03 18:24:02.103 26742  9282  9305 D 01400/OHOS::ROSEN: RSRenderThread DrawFrame(203169953761515) in GPU
03-03 18:24:02.103 26742  9282  9305 D 01400/OHOS::ROSEN: SetPartialRenderStatus: 1->1, isRenderForced_=0, isEglSetDamageRegion_=1, isOpDropped_=0
03-03 18:24:02.103 26742  9282  9282 W 03900/Ace: [scroll_paint_method.cpp(PaintScrollEffect)-(0)] scrollEdgeEffect is null, return on line 53
03-03 18:24:02.103 26742  9282  9282 W 03900/Ace: [scroll_paint_method.cpp(PaintScrollEffect)-(0)] scrollEdgeEffect is null, return on line 53
03-03 18:24:02.103 26742  9282  9305 D 01400/OHOS::ROSEN: RSSurfaceOhosGl:RequestFrame, width is 1600, height is 2560
03-03 18:24:02.103 26742  9282  9305 D 01402/2DGraphics: SetUpGrContext: grContext has already created!!
03-03 18:24:02.103 26742  9282  9305 D 01402/2DGraphics: AcquireSurface: CreateCanvas successfully!!! (0xb4000077778a7000)
03-03 18:24:02.103 26742  9282  9305 D 01400/OHOS::ROSEN: UpdateDirtyAndSetEGLDamageRegion dirtyRect = [23, 928, 1554, 1218]
03-03 18:24:02.104 26742  9282  9305 D 01400/OHOS::ROSEN: RSRenderThreadVisitor FlushImplicitTransactionFromRT uiTimestamp = 203169937093806
03-03 18:24:02.104 26742  9282  9305 D 01400/OHOS::ROSEN: RSRenderThreadVisitor FlushFrame surfaceNodeId = 39865886441472, uiTimestamp = 203169937093806
03-03 18:24:02.104 26742  9282  9305 D 01402/2DGraphics: RenderFrame: RenderFrame: Canvas is 0xb4000077778a7000
03-03 18:24:02.107 26742  9282  9305 D 01402/2DGraphics: SwapBuffers: SwapBuffers successfully, surface is 0xb40000773f8ed680
03-03 18:24:02.107 26742  9282  9305 D 01400/OHOS::ROSEN: RSSurfaceOhosGl: FlushFrame success
03-03 18:24:02.119 26742  9282  9305 D 01400/OHOS::ROSEN: RSRenderThread ProcessCommands size: 1
03-03 18:24:02.120 26742  9282  9305 D 01400/OHOS::ROSEN: RSRenderThread DrawFrame(203169970426004) in GPU
03-03 18:24:02.120 26742  9282  9305 D 01400/OHOS::ROSEN: SetPartialRenderStatus: 1->1, isRenderForced_=0, isEglSetDamageRegion_=1, isOpDropped_=0
03-03 18:24:02.120 26742  9282  9282 W 03900/Ace: [scroll_paint_method.cpp(PaintScrollEffect)-(0)] scrollEdgeEffect is null, return on line 53
03-03 18:24:02.120 26742  9282  9282 W 03900/Ace: [scroll_paint_method.cpp(PaintScrollEffect)-(0)] scrollEdgeEffect is null, return on line 53
03-03 18:24:02.120 26742  9282  9305 D 01400/OHOS::ROSEN: RSSurfaceOhosGl:RequestFrame, width is 1600, height is 2560
03-03 18:24:02.120 26742  9282  9305 D 01402/2DGraphics: SetUpGrContext: grContext has already created!!
03-03 18:24:02.120 26742  9282  9305 D 01402/2DGraphics: AcquireSurface: CreateCanvas successfully!!! (0xb4000077778a7000)
03-03 18:24:02.120 26742  9282  9305 D 01400/OHOS::ROSEN: UpdateDirtyAndSetEGLDamageRegion dirtyRect = [23, 928, 1554, 1218]
03-03 18:24:02.122 26742  9282  9305 D 01400/OHOS::ROSEN: RSRenderThreadVisitor FlushImplicitTransactionFromRT uiTimestamp = 203169953761515
03-03 18:24:02.122 26742  9282  9305 D 01400/OHOS::ROSEN: RSRenderThreadVisitor FlushFrame surfaceNodeId = 39865886441472, uiTimestamp = 203169953761515
03-03 18:24:02.122 26742  9282  9305 D 01402/2DGraphics: RenderFrame: RenderFrame: Canvas is 0xb4000077778a7000
03-03 18:24:02.125 26742  9282  9305 D 01402/2DGraphics: SwapBuffers: SwapBuffers successfully, surface is 0xb40000773f8ed680
03-03 18:24:02.126 26742  9282  9305 D 01400/OHOS::ROSEN: RSSurfaceOhosGl: FlushFrame success
03-03 18:24:02.136 26742  9282  9305 D 01400/OHOS::ROSEN: RSRenderThread ProcessCommands size: 1
03-03 18:24:02.136 26742  9282  9305 D 01400/OHOS::ROSEN: RSRenderThread DrawFrame(203169987092449) in GPU
03-03 18:24:02.136 26742  9282  9305 D 01400/OHOS::ROSEN: SetPartialRenderStatus: 1->1, isRenderForced_=0, isEglSetDamageRegion_=1, isOpDropped_=0
03-03 18:24:02.136 26742  9282  9282 W 03900/Ace: [scroll_paint_method.cpp(PaintScrollEffect)-(0)] scrollEdgeEffect is null, return on line 53
03-03 18:24:02.136 26742  9282  9282 W 03900/Ace: [scroll_paint_method.cpp(PaintScrollEffect)-(0)] scrollEdgeEffect is null, return on line 53
03-03 18:24:02.137 26742  9282  9305 D 01400/OHOS::ROSEN: RSSurfaceOhosGl:RequestFrame, width is 1600, height is 2560
03-03 18:24:02.137 26742  9282  9305 D 01402/2DGraphics: SetUpGrContext: grContext has already created!!
03-03 18:24:02.137 26742  9282  9305 D 01402/2DGraphics: AcquireSurface: CreateCanvas successfully!!! (0xb4000077778a7000)
03-03 18:24:02.137 26742  9282  9305 D 01400/OHOS::ROSEN: UpdateDirtyAndSetEGLDamageRegion dirtyRect = [23, 928, 1554, 1218]
03-03 18:24:02.138 26742  9282  9305 D 01400/OHOS::ROSEN: RSRenderThreadVisitor FlushImplicitTransactionFromRT uiTimestamp = 203169970426004
03-03 18:24:02.138 26742  9282  9305 D 01400/OHOS::ROSEN: RSRenderThreadVisitor FlushFrame surfaceNodeId = 39865886441472, uiTimestamp = 203169970426004
03-03 18:24:02.138 26742  9282  9305 D 01402/2DGraphics: RenderFrame: RenderFrame: Canvas is 0xb4000077778a7000
03-03 18:24:02.143 26742  9282  9305 D 01402/2DGraphics: SwapBuffers: SwapBuffers successfully, surface is 0xb40000773f8ed680
03-03 18:24:02.143 26742  9282  9305 D 01400/OHOS::ROSEN: RSSurfaceOhosGl: FlushFrame success
03-03 18:24:02.153 26742  9282  9305 D 01400/OHOS::ROSEN: RSRenderThread ProcessCommands size: 1
03-03 18:24:02.153 26742  9282  9305 D 01400/OHOS::ROSEN: RSRenderThread DrawFrame(203170003757628) in GPU
03-03 18:24:02.153 26742  9282  9305 D 01400/OHOS::ROSEN: SetPartialRenderStatus: 1->1, isRenderForced_=0, isEglSetDamageRegion_=1, isOpDropped_=0
03-03 18:24:02.153 26742  9282  9282 W 03900/Ace: [scroll_paint_method.cpp(PaintScrollEffect)-(0)] scrollEdgeEffect is null, return on line 53
03-03 18:24:02.153 26742  9282  9282 W 03900/Ace: [scroll_paint_method.cpp(PaintScrollEffect)-(0)] scrollEdgeEffect is null, return on line 53
03-03 18:24:02.153 26742  9282  9305 D 01400/OHOS::ROSEN: RSSurfaceOhosGl:RequestFrame, width is 1600, height is 2560
03-03 18:24:02.153 26742  9282  9305 D 01402/2DGraphics: SetUpGrContext: grContext has already created!!
03-03 18:24:02.154 26742  9282  9305 D 01402/2DGraphics: AcquireSurface: CreateCanvas successfully!!! (0xb4000077778a7000)
03-03 18:24:02.154 26742  9282  9305 D 01400/OHOS::ROSEN: UpdateDirtyAndSetEGLDamageRegion dirtyRect = [23, 928, 1554, 1218]
03-03 18:24:02.155 26742  9282  9305 D 01400/OHOS::ROSEN: RSRenderThreadVisitor FlushImplicitTransactionFromRT uiTimestamp = 203169987092449
03-03 18:24:02.155  2261        2680 W 00202/hw_netstat: total/30193/31093,com.ss.android.ugc.aweme/19883/21983,android.uid.cloudservice:5513/7460/4484,com.huawei.appmarket/1231/2549,android.uid.system:1000/973/1523,com.huawei.photos/646/194,unknown:40040005/0/360
03-03 18:24:02.155 26742  9282  9305 D 01400/OHOS::ROSEN: RSRenderThreadVisitor FlushFrame surfaceNodeId = 39865886441472, uiTimestamp = 203169987092449
03-03 18:24:02.155 26742  9282  9305 D 01402/2DGraphics: RenderFrame: RenderFrame: Canvas is 0xb4000077778a7000
03-03 18:24:02.159 26742  9282  9305 D 01402/2DGraphics: SwapBuffers: SwapBuffers successfully, surface is 0xb40000773f8ed680
03-03 18:24:02.159 26742  9282  9305 D 01400/OHOS::ROSEN: RSSurfaceOhosGl: FlushFrame success
03-03 18:24:02.170 26742  9282  9305 D 01400/OHOS::ROSEN: RSRenderThread ProcessCommands size: 1
03-03 18:24:02.170 26742  9282  9282 W 03900/Ace: [scroll_paint_method.cpp(PaintScrollEffect)-(0)] scrollEdgeEffect is null, return on line 53
03-03 18:24:02.170 26742  9282  9305 D 01400/OHOS::ROSEN: RSRenderThread DrawFrame(203170020421557) in GPU
03-03 18:24:02.170 26742  9282  9282 W 03900/Ace: [scroll_paint_method.cpp(PaintScrollEffect)-(0)] scrollEdgeEffect is null, return on line 53
03-03 18:24:02.170 26742  9282  9305 D 01400/OHOS::ROSEN: SetPartialRenderStatus: 1->1, isRenderForced_=0, isEglSetDamageRegion_=1, isOpDropped_=0
03-03 18:24:02.170 26742  9282  9305 D 01400/OHOS::ROSEN: RSSurfaceOhosGl:RequestFrame, width is 1600, height is 2560
03-03 18:24:02.170 26742  9282  9305 D 01402/2DGraphics: SetUpGrContext: grContext has already created!!
03-03 18:24:02.171 26742  9282  9305 D 01402/2DGraphics: AcquireSurface: CreateCanvas successfully!!! (0xb4000077778a7000)
03-03 18:24:02.171 26742  9282  9305 D 01400/OHOS::ROSEN: UpdateDirtyAndSetEGLDamageRegion dirtyRect = [23, 928, 1554, 1218]
03-03 18:24:02.172 26742  9282  9305 D 01400/OHOS::ROSEN: RSRenderThreadVisitor FlushImplicitTransactionFromRT uiTimestamp = 203170003757628
03-03 18:24:02.172 26742  9282  9305 D 01400/OHOS::ROSEN: RSRenderThreadVisitor FlushFrame surfaceNodeId = 39865886441472, uiTimestamp = 203170003757628
03-03 18:24:02.172 26742  9282  9305 E LOGLIMIT: process car drop log, threshold:13050
03-03 18:24:02.430  3128       10359 I 00B00/HwMSDPMovementService: handleGetSupportedModule
03-03 18:24:02.430  3128       10359 I 00B00/HwMSDPMovementImpl: mWaitCount  10
03-03 18:24:02.431  3128       10359 I 00B00/HwMSDPMovementImpl: mSupportedModule= 0
03-03 18:24:02.488 26742  9282  9282 I 0FEFE/JsApp: [HTTP] loopOnce running=true inflight=true url=http://192.168.81.100:81/?action=snapshot
03-03 18:24:02.704  2261        2325 W 00202/HiDATA: onForegroundAppWifiSleepChange: config:false, sleeptime:-1,type: -1, appname:com.example.car
03-03 18:24:02.706  2261        2325 W 00202/HiDATA: APP type: -1 appName= com.example.car
03-03 18:24:02.708  2261        2325 W 00202/HiDATA: no game, APP_TYPE_GAME, appName =com.example.car
03-03 18:24:02.944 27399     6    61 I 01300/AppexecfwkCore: [app_mgr_stub.cpp(OnRemoteRequest:119)]AppMgrStub::OnReceived, code = 27, flags= 0.
03-03 18:24:02.944 27399     6    61 I 01300/AppMgrService: [app_mgr_service_inner.cpp(NotifyMemoryLevel:798)]AppMgrServiceInner start
03-03 18:24:02.944 27399     6    61 D 01300/AbilityManagerService: [permission_verification.cpp(IsSACall:43)]IsSACall: is called.
03-03 18:24:02.944 27399     6    61 D 01300/AbilityManagerService: [permission_verification.cpp(GetCallingTokenID:297)]callerToken : <private>
03-03 18:24:02.944 27399     6    61 D 02F01/AccessTokenKit: [GetTokenTypeFlag]:called, tokenID=1000
03-03 18:24:02.944 27399     6    61 D 01300/AbilityManagerService: [permission_verification.cpp(IsSACall:50)]Not SA called.
03-03 18:24:02.944 27399     6    61 D 01300/AbilityManagerService: [permission_verification.cpp(VerifyCallingPermission:30)]VerifyCallingPermission permission ohos.permission.MANAGER_ABILITY_FROM_GATEWAY
03-03 18:24:02.944 27399     6    61 D 01300/AbilityManagerService: [permission_verification.cpp(GetCallingTokenID:297)]callerToken : <private>
03-03 18:24:02.944 27399     6    61 D 02F01/AccessTokenKit: [VerifyAccessToken]:called, tokenID=1000, permissionName=ohos.permission.MANAGER_ABILITY_FROM_GATEWAY
03-03 18:24:02.945 27404     9     9 D 02F01/ATMStub: [OnRemoteRequest]:code 65296 token 672050185
03-03 18:24:02.945 27404     9     9 I 02F01/PermissionManagerImpl: [VerifyAccessToken]:VerifyAccessToken called, tokenID: 1000, permissionName: ohos.permission.MANAGER_ABILITY_FROM_GATEWAY
03-03 18:24:02.945 27404     9     9 I 02F01/PermissionManagerImpl: [VerifyAccessToken]:caller in white list is granted
03-03 18:24:02.945 27404     9     9 D 02F01/ATMServ: [VerifyAccessToken]:tokenID: 1000, permission: ohos.permission.MANAGER_ABILITY_FROM_GATEWAY, res 0
03-03 18:24:02.945 27399     6    61 D 02F01/ATMProxy: [VerifyAccessToken]:result from server data = 0
03-03 18:24:02.945 27399     6    61 D 01300/AbilityManagerService: [permission_verification.cpp(VerifyCallingPermission:37)]verify AccessToken success
03-03 18:24:02.945 27399     6    61 D 01300/AbilityManagerService: [permission_verification.cpp(IsGatewayCall:70)]IsGatewayCall: Permission verification succeeded.
03-03 18:24:02.945 27399     6    61 I 01300/AppMgrService: [app_running_manager.cpp(NotifyMemoryLevel:569)]call NotifyMemoryLevel, current app size 1
03-03 18:24:02.945 27399     6    61 I 01300/AppMgrService: [app_running_manager.cpp(NotifyMemoryLevel:572)]Notification app [com.example.car]
03-03 18:24:02.947  2261        2335 D 01510/IPCJni: Java_ohos_rpc_RemoteProxy_nativeSendRequest 818: success
03-03 18:24:03.004 26742  9282  9282 I 03900/Ace: [js_view_abstract.cpp(ParseJsMedia)-(0)] input value is not string or number, using PixelMap
03-03 18:24:03.004 26742  9282  9282 E 03900/Ace: [view_stack_processor.cpp(Finish)-(0)] ViewStackProcessor Finish failed, input empty render or invalid root component
03-03 18:24:03.005 26742  9282  9282 W 03900/Ace: [view_stack_processor.cpp(FlushRerenderTask)-(0)] node is null, return on line 92
03-03 18:24:03.005 26742  9282  9305 D 01400/OHOS::ROSEN: RSRenderThread ProcessCommands size: 1
03-03 18:24:03.005 26742  9282  9305 D 01400/OHOS::ROSEN: RSRenderThread DrawFrame(203170853806216) in GPU
03-03 18:24:03.005 26742  9282  9305 D 01400/OHOS::ROSEN: SetPartialRenderStatus: 1->1, isRenderForced_=0, isEglSetDamageRegion_=1, isOpDropped_=0
03-03 18:24:03.006 26742  9282  9305 D 01400/OHOS::ROSEN: RSSurfaceOhosGl:RequestFrame, width is 1600, height is 2560
03-03 18:24:03.006 26742  9282  9305 D 01402/2DGraphics: SetUpGrContext: grContext has already created!!
03-03 18:24:03.006 26742  9282  9305 D 01402/2DGraphics: AcquireSurface: CreateCanvas successfully!!! (0xb4000077778a7000)
03-03 18:24:03.006 26742  9282  9305 D 01400/OHOS::ROSEN: UpdateDirtyAndSetEGLDamageRegion dirtyRect = [0, 0, 1600, 2560]
03-03 18:24:03.007 26742  9282  9305 D 01400/OHOS::ROSEN: RSRenderThreadVisitor FlushImplicitTransactionFromRT uiTimestamp = 203170837138034
03-03 18:24:03.007 26742  9282  9305 D 01400/OHOS::ROSEN: RSRenderThreadVisitor FlushFrame surfaceNodeId = 39865886441472, uiTimestamp = 203170837138034
03-03 18:24:03.008 26742  9282  9305 D 01402/2DGraphics: RenderFrame: RenderFrame: Canvas is 0xb4000077778a7000
03-03 18:24:03.011 26742  9282  9305 D 01402/2DGraphics: SwapBuffers: SwapBuffers successfully, surface is 0xb40000773f8ed680
03-03 18:24:03.011 26742  9282  9305 D 01400/OHOS::ROSEN: RSSurfaceOhosGl: FlushFrame success
03-03 18:24:03.018 26742  9282  9282 W 03900/Ace: [rosen_render_context.cpp(ClearFocusState)-(0)] focusStateModifier_ is null, return on line 1084
03-03 18:24:03.018 26742  9282  9282 W 03900/Ace: [text_field_pattern.cpp(UpdateCaretPosition)-(0)] Not on focus, cannot update caret
03-03 18:24:03.022 26742  9282  9282 W 03900/Ace: [scroll_paint_method.cpp(PaintScrollEffect)-(0)] scrollEdgeEffect is null, return on line 53
03-03 18:24:03.022 26742  9282  9282 W 03900/Ace: [scroll_paint_method.cpp(PaintScrollEffect)-(0)] scrollEdgeEffect is null, return on line 53
03-03 18:24:03.028 26742  9282  9282 D 03F00/ArkCompiler: [gc] AddRegion:24 Add region:0x777a200000 to semi space
03-03 18:24:03.032 26742  9282  9282 I 03900/Ace: [js_view_abstract.cpp(ParseBorderStyle)-(0)] args(undefined) is invalid, use default value.
03-03 18:24:03.036 26742  9282  9305 D 01400/OHOS::ROSEN: RSRenderThread ProcessCommands size: 1
03-03 18:24:03.037 26742  9282  9305 D 01400/OHOS::ROSEN: RSRenderThread DrawFrame(203170887119712) in GPU
03-03 18:24:03.037 26742  9282  9305 D 01400/OHOS::ROSEN: SetPartialRenderStatus: 1->1, isRenderForced_=0, isEglSetDamageRegion_=1, isOpDropped_=0
03-03 18:24:03.037 26742  9282  9305 D 01400/OHOS::ROSEN: RSSurfaceOhosGl:RequestFrame, width is 1600, height is 2560
03-03 18:24:03.037 26742  9282  9305 D 01402/2DGraphics: SetUpGrContext: grContext has already created!!
03-03 18:24:03.037 26742  9282  9305 D 01402/2DGraphics: AcquireSurface: CreateCanvas successfully!!! (0xb4000077778a7000)
03-03 18:24:03.038 26742  9282  9305 D 01400/OHOS::ROSEN: UpdateDirtyAndSetEGLDamageRegion dirtyRect = [0, 0, 1600, 2560]
03-03 18:24:03.039 26742  9282  9305 D 01400/OHOS::ROSEN: RSRenderThreadVisitor FlushImplicitTransactionFromRT uiTimestamp = 203170853806216
03-03 18:24:03.039 26742  9282  9282 W 03900/Ace: [text_field_pattern.cpp(UpdateCaretPosition)-(0)] Not on focus, cannot update caret
03-03 18:24:03.039 26742  9282  9305 D 01400/OHOS::ROSEN: RSRenderThreadVisitor FlushFrame surfaceNodeId = 39865886441472, uiTimestamp = 203170853806216
03-03 18:24:03.039 26742  9282  9305 D 01402/2DGraphics: RenderFrame: RenderFrame: Canvas is 0xb4000077778a7000
03-03 18:24:03.040 26742  9282  9282 I 03900/Ace: [image_loading_context.cpp(OnMakeCanvasImage)-(0)] CanvasImage cache miss, start MakeCanvasImage: pixmapID: 0xb40000779a94f780 -> modifyID: 
03-03 18:24:03.040 26742  9282  9282 W 03900/Ace: [scroll_paint_method.cpp(PaintScrollEffect)-(0)] scrollEdgeEffect is null, return on line 53
03-03 18:24:03.040 26742  9282  9282 W 03900/Ace: [scroll_paint_method.cpp(PaintScrollEffect)-(0)] scrollEdgeEffect is null, return on line 53
03-03 18:24:03.041 26742  9282  9305 D 01402/2DGraphics: SwapBuffers: SwapBuffers successfully, surface is 0xb40000773f8ed680
03-03 18:24:03.041 26742  9282  9305 D 01400/OHOS::ROSEN: RSSurfaceOhosGl: FlushFrame success
03-03 18:24:03.043 26742  9282  9282 W 03900/Ace: [scroll_paint_method.cpp(PaintScrollEffect)-(0)] scrollEdgeEffect is null, return on line 53
03-03 18:24:03.053 26742  9282  9305 D 01400/OHOS::ROSEN: RSRenderThread ProcessCommands size: 2
03-03 18:24:03.053 26742  9282  9282 W 03900/Ace: [scroll_paint_method.cpp(PaintScrollEffect)-(0)] scrollEdgeEffect is null, return on line 53
03-03 18:24:03.054 26742  9282  9305 D 01400/OHOS::ROSEN: RSRenderThread DrawFrame(203170903786430) in GPU
03-03 18:24:03.054 26742  9282  9305 D 01400/OHOS::ROSEN: SetPartialRenderStatus: 1->1, isRenderForced_=0, isEglSetDamageRegion_=1, isOpDropped_=0
03-03 18:24:03.054 26742  9282  9305 D 01400/OHOS::ROSEN: RSSurfaceOhosGl:RequestFrame, width is 1600, height is 2560
03-03 18:24:03.054 26742  9282  9305 D 01402/2DGraphics: SetUpGrContext: grContext has already created!!
03-03 18:24:03.054 26742  9282  9305 D 01402/2DGraphics: AcquireSurface: CreateCanvas successfully!!! (0xb4000077778a7000)
03-03 18:24:03.054 26742  9282  9305 D 01400/OHOS::ROSEN: UpdateDirtyAndSetEGLDamageRegion dirtyRect = [0, 0, 1600, 2560]
03-03 18:24:03.055 26742  9282  9305 D 01400/OHOS::ROSEN: RSRenderThreadVisitor FlushImplicitTransactionFromRT uiTimestamp = 203170887119712
03-03 18:24:03.056 26742  9282  9305 D 01400/OHOS::ROSEN: RSRenderThreadVisitor FlushFrame surfaceNodeId = 39865886441472, uiTimestamp = 203170887119712
03-03 18:24:03.056 26742  9282  9305 D 01402/2DGraphics: RenderFrame: RenderFrame: Canvas is 0xb4000077778a7000
03-03 18:24:03.057 26742  9282  9305 D 01402/2DGraphics: SwapBuffers: SwapBuffers successfully, surface is 0xb40000773f8ed680
03-03 18:24:03.057 26742  9282  9305 D 01400/OHOS::ROSEN: RSSurfaceOhosGl: FlushFrame success
03-03 18:24:03.069 26742  9282  9305 D 01400/OHOS::ROSEN: RSRenderThread ProcessCommands size: 1
03-03 18:24:03.069 26742  9282  9305 D 01400/OHOS::ROSEN: RSRenderThread DrawFrame(203170920442769) in GPU
03-03 18:24:03.069 26742  9282  9305 D 01400/OHOS::ROSEN: SetPartialRenderStatus: 1->1, isRenderForced_=0, isEglSetDamageRegion_=1, isOpDropped_=0
03-03 18:24:03.070 26742  9282  9305 D 01400/OHOS::ROSEN: RSSurfaceOhosGl:RequestFrame, width is 1600, height is 2560
03-03 18:24:03.070 26742  9282  9305 D 01402/2DGraphics: SetUpGrContext: grContext has already created!!
03-03 18:24:03.070 26742  9282  9305 D 01402/2DGraphics: AcquireSurface: CreateCanvas successfully!!! (0xb4000077778a7000)
03-03 18:24:03.070 26742  9282  9305 D 01400/OHOS::ROSEN: UpdateDirtyAndSetEGLDamageRegion dirtyRect = [0, 0, 1600, 2560]
03-03 18:24:03.070 26742  9282  9282 W 03900/Ace: [scroll_paint_method.cpp(PaintScrollEffect)-(0)] scrollEdgeEffect is null, return on line 53
03-03 18:24:03.070 26742  9282  9305 D 01400/OHOS::ROSEN: RSRenderThreadVisitor FlushImplicitTransactionFromRT uiTimestamp = 203170903786430
03-03 18:24:03.070 26742  9282  9305 D 01400/OHOS::ROSEN: RSRenderThreadVisitor FlushFrame surfaceNodeId = 39865886441472, uiTimestamp = 203170903786430
03-03 18:24:03.070 26742  9282  9305 D 01402/2DGraphics: RenderFrame: RenderFrame: Canvas is 0xb4000077778a7000
03-03 18:24:03.072 26742  9282  9305 D 01402/2DGraphics: SwapBuffers: SwapBuffers successfully, surface is 0xb40000773f8ed680
03-03 18:24:03.072 26742  9282  9305 D 01400/OHOS::ROSEN: RSSurfaceOhosGl: FlushFrame success
03-03 18:24:03.086 26742  9282  9305 D 01400/OHOS::ROSEN: RSRenderThread ProcessCommands size: 1
03-03 18:24:03.086 26742  9282  9305 D 01400/OHOS::ROSEN: RSRenderThread DrawFrame(203170937104636) in GPU
03-03 18:24:03.086 26742  9282  9305 D 01400/OHOS::ROSEN: SetPartialRenderStatus: 1->1, isRenderForced_=0, isEglSetDamageRegion_=1, isOpDropped_=0
03-03 18:24:03.086 26742  9282  9282 W 03900/Ace: [scroll_paint_method.cpp(PaintScrollEffect)-(0)] scrollEdgeEffect is null, return on line 53
03-03 18:24:03.087 26742  9282  9305 D 01400/OHOS::ROSEN: RSSurfaceOhosGl:RequestFrame, width is 1600, height is 2560
03-03 18:24:03.087 26742  9282  9305 D 01402/2DGraphics: SetUpGrContext: grContext has already created!!
03-03 18:24:03.087 26742  9282  9305 D 01402/2DGraphics: AcquireSurface: CreateCanvas successfully!!! (0xb4000077778a7000)
03-03 18:24:03.087 26742  9282  9305 D 01400/OHOS::ROSEN: UpdateDirtyAndSetEGLDamageRegion dirtyRect = [0, 0, 1600, 2560]
03-03 18:24:03.087 26742  9282  9305 D 01400/OHOS::ROSEN: RSRenderThreadVisitor FlushImplicitTransactionFromRT uiTimestamp = 203170920442769
03-03 18:24:03.088 26742  9282  9305 D 01400/OHOS::ROSEN: RSRenderThreadVisitor FlushFrame surfaceNodeId = 39865886441472, uiTimestamp = 203170920442769
03-03 18:24:03.088 26742  9282  9305 D 01402/2DGraphics: RenderFrame: RenderFrame: Canvas is 0xb4000077778a7000
03-03 18:24:03.090 26742  9282  9305 D 01402/2DGraphics: SwapBuffers: SwapBuffers successfully, surface is 0xb40000773f8ed680
03-03 18:24:03.090 26742  9282  9305 D 01400/OHOS::ROSEN: RSSurfaceOhosGl: FlushFrame success
03-03 18:24:03.103 26742  9282  9305 D 01400/OHOS::ROSEN: RSRenderThread ProcessCommands size: 1
03-03 18:24:03.103 26742  9282  9305 D 01400/OHOS::ROSEN: RSRenderThread DrawFrame(203170953770402) in GPU
03-03 18:24:03.103 26742  9282  9305 D 01400/OHOS::ROSEN: SetPartialRenderStatus: 1->1, isRenderForced_=0, isEglSetDamageRegion_=1, isOpDropped_=0
03-03 18:24:03.103 26742  9282  9282 W 03900/Ace: [scroll_paint_method.cpp(PaintScrollEffect)-(0)] scrollEdgeEffect is null, return on line 53
03-03 18:24:03.104 26742  9282  9305 D 01400/OHOS::ROSEN: RSSurfaceOhosGl:RequestFrame, width is 1600, height is 2560
03-03 18:24:03.104 26742  9282  9305 D 01402/2DGraphics: SetUpGrContext: grContext has already created!!
03-03 18:24:03.104 26742  9282  9305 D 01402/2DGraphics: AcquireSurface: CreateCanvas successfully!!! (0xb4000077778a7000)
03-03 18:24:03.104 26742  9282  9305 D 01400/OHOS::ROSEN: UpdateDirtyAndSetEGLDamageRegion dirtyRect = [0, 0, 1600, 2560]
03-03 18:24:03.105 26742  9282  9305 D 01400/OHOS::ROSEN: RSRenderThreadVisitor FlushImplicitTransactionFromRT uiTimestamp = 203170937104636
03-03 18:24:03.105 26742  9282  9305 D 01400/OHOS::ROSEN: RSRenderThreadVisitor FlushFrame surfaceNodeId = 39865886441472, uiTimestamp = 203170937104636
03-03 18:24:03.105 26742  9282  9305 D 01402/2DGraphics: RenderFrame: RenderFrame: Canvas is 0xb4000077778a7000
03-03 18:24:03.110 26742  9282  9305 D 01402/2DGraphics: SwapBuffers: SwapBuffers successfully, surface is 0xb40000773f8ed680
03-03 18:24:03.110 26742  9282  9305 D 01400/OHOS::ROSEN: RSSurfaceOhosGl: FlushFrame success
03-03 18:24:03.119 26742  9282  9305 D 01400/OHOS::ROSEN: RSRenderThread ProcessCommands size: 1
03-03 18:24:03.119 26742  9282  9305 D 01400/OHOS::ROSEN: RSRenderThread DrawFrame(203170970432150) in GPU
03-03 18:24:03.120 26742  9282  9305 D 01400/OHOS::ROSEN: SetPartialRenderStatus: 1->1, isRenderForced_=0, isEglSetDamageRegion_=1, isOpDropped_=0
03-03 18:24:03.120 26742  9282  9282 W 03900/Ace: [scroll_paint_method.cpp(PaintScrollEffect)-(0)] scrollEdgeEffect is null, return on line 53
03-03 18:24:03.120 26742  9282  9305 D 01400/OHOS::ROSEN: RSSurfaceOhosGl:RequestFrame, width is 1600, height is 2560
03-03 18:24:03.120 26742  9282  9305 D 01402/2DGraphics: SetUpGrContext: grContext has already created!!
03-03 18:24:03.120 26742  9282  9305 D 01402/2DGraphics: AcquireSurface: CreateCanvas successfully!!! (0xb4000077778a7000)
03-03 18:24:03.120 26742  9282  9305 D 01400/OHOS::ROSEN: UpdateDirtyAndSetEGLDamageRegion dirtyRect = [0, 0, 1600, 2560]
03-03 18:24:03.122 26742  9282  9305 D 01400/OHOS::ROSEN: RSRenderThreadVisitor FlushImplicitTransactionFromRT uiTimestamp = 203170953770402
03-03 18:24:03.122 26742  9282  9305 D 01400/OHOS::ROSEN: RSRenderThreadVisitor FlushFrame surfaceNodeId = 39865886441472, uiTimestamp = 203170953770402
03-03 18:24:03.122 26742  9282  9305 D 01402/2DGraphics: RenderFrame: RenderFrame: Canvas is 0xb4000077778a7000
03-03 18:24:03.126 26742  9282  9305 D 01402/2DGraphics: SwapBuffers: SwapBuffers successfully, surface is 0xb40000773f8ed680
03-03 18:24:03.126 26742  9282  9305 D 01400/OHOS::ROSEN: RSSurfaceOhosGl: FlushFrame success
03-03 18:24:03.136 26742  9282  9305 D 01400/OHOS::ROSEN: RSRenderThread ProcessCommands size: 1
03-03 18:24:03.136 26742  9282  9305 D 01400/OHOS::ROSEN: RSRenderThread DrawFrame(203170987096151) in GPU
03-03 18:24:03.136 26742  9282  9305 D 01400/OHOS::ROSEN: SetPartialRenderStatus: 1->1, isRenderForced_=0, isEglSetDamageRegion_=1, isOpDropped_=0
03-03 18:24:03.136 26742  9282  9282 W 03900/Ace: [scroll_paint_method.cpp(PaintScrollEffect)-(0)] scrollEdgeEffect is null, return on line 53
03-03 18:24:03.137 26742  9282  9305 D 01400/OHOS::ROSEN: RSSurfaceOhosGl:RequestFrame, width is 1600, height is 2560
03-03 18:24:03.137 26742  9282  9305 D 01402/2DGraphics: SetUpGrContext: grContext has already created!!
03-03 18:24:03.137 26742  9282  9305 D 01402/2DGraphics: AcquireSurface: CreateCanvas successfully!!! (0xb4000077778a7000)
03-03 18:24:03.137 26742  9282  9305 D 01400/OHOS::ROSEN: UpdateDirtyAndSetEGLDamageRegion dirtyRect = [0, 0, 1600, 2560]
03-03 18:24:03.139 26742  9282  9305 D 01400/OHOS::ROSEN: RSRenderThreadVisitor FlushImplicitTransactionFromRT uiTimestamp = 203170970432150
03-03 18:24:03.139 26742  9282  9305 D 01400/OHOS::ROSEN: RSRenderThreadVisitor FlushFrame surfaceNodeId = 39865886441472, uiTimestamp = 203170970432150
03-03 18:24:03.139 26742  9282  9305 D 01402/2DGraphics: RenderFrame: RenderFrame: Canvas is 0xb4000077778a7000
03-03 18:24:03.141 26742  9282  9305 D 01402/2DGraphics: SwapBuffers: SwapBuffers successfully, surface is 0xb40000773f8ed680
03-03 18:24:03.142 26742  9282  9305 D 01400/OHOS::ROSEN: RSSurfaceOhosGl: FlushFrame success
03-03 18:24:03.153 26742  9282  9282 W 03900/Ace: [scroll_paint_method.cpp(PaintScrollEffect)-(0)] scrollEdgeEffect is null, return on line 53
03-03 18:24:03.154 26742  9282  9305 D 01400/OHOS::ROSEN: RSRenderThread ProcessCommands size: 2
03-03 18:24:03.154 26742  9282  9305 D 01400/OHOS::ROSEN: RSRenderThread DrawFrame(203171003766667) in GPU
03-03 18:24:03.154 26742  9282  9305 D 01400/OHOS::ROSEN: SetPartialRenderStatus: 1->1, isRenderForced_=0, isEglSetDamageRegion_=1, isOpDropped_=0
03-03 18:24:03.155 26742  9282  9305 D 01400/OHOS::ROSEN: RSSurfaceOhosGl:RequestFrame, width is 1600, height is 2560
03-03 18:24:03.155 26742  9282  9305 D 01402/2DGraphics: SetUpGrContext: grContext has already created!!
03-03 18:24:03.155 26742  9282  9305 D 01402/2DGraphics: AcquireSurface: CreateCanvas successfully!!! (0xb4000077778a7000)
03-03 18:24:03.155 26742  9282  9305 D 01400/OHOS::ROSEN: UpdateDirtyAndSetEGLDamageRegion dirtyRect = [0, 0, 1600, 2560]
