03-03 18:10:21.408 27404     9     9 I 02F01/PermissionManagerImpl: [VerifyAccessToken]:caller in white list is granted
03-03 18:10:21.408 27404     9     9 D 02F01/ATMServ: [VerifyAccessToken]:tokenID: 1000, permission: ohos.permission.MANAGER_ABILITY_FROM_GATEWAY, res 0
03-03 18:10:21.408 27404     9     9 D 02F01/ATMStub: [OnRemoteRequest]:code 65296 token 672050185
03-03 18:10:21.408 27404     9     9 I 02F01/PermissionManagerImpl: [VerifyAccessToken]:VerifyAccessToken called, tokenID: 1000, permissionName: ohos.permission.START_ABILITIES_FROM_BACKGROUND
03-03 18:10:21.408 27404     9     9 I 02F01/PermissionManagerImpl: [VerifyAccessToken]:caller in white list is granted
03-03 18:10:21.408 27404     9     9 D 02F01/ATMServ: [VerifyAccessToken]:tokenID: 1000, permission: ohos.permission.START_ABILITIES_FROM_BACKGROUND, res 0
03-03 18:10:21.408   907        1588 I 01800/SAM: C:12
03-03 18:10:21.408   907        1588 I 01800/SAM: F:10401.
03-03 18:10:21.411  2261        3015 D 01510/IPCJni: Java_ohos_rpc_MessageParcel_nativeReadRemoteObject 178: enter
03-03 18:10:21.411  2261        3015 W 01510/IPCJni: Java_ohos_rpc_getJavaRemoteObject 398: object type:1
03-03 18:10:21.411  2261        3015 W 01510/IPCJni: Java_ohos_rpc_getJavaRemoteObject 400: native Get Java RemoteObject
03-03 18:10:21.416  2261        3015 D 01510/IPCJni: Java_ohos_rpc_MessageParcel_nativeReadRemoteObject 178: enter
03-03 18:10:21.416  2261        3015 D 01510/IPCObjectProxy: IPCObjectProxy 43: create, handle:246 desc:IPCObjectProxy246
03-03 18:10:21.416  2261        3015 D 01510/BinderInvoker: AcquireHandle 77: handle:246
03-03 18:10:21.416  2261        3015 D 01510/IPCProcessSkeleton: AttachObject 273: attach desc:IPCObjectProxy246, inserted:1
03-03 18:10:21.416  2261        3015 D 01510/IPCObjectProxy: GetProtoInfo 548: binder, handle:246 desc:
03-03 18:10:21.416  2261        3015 D 01510/IPCProcessSkeleton: FindOrNewObject 164: handle:246 proto:0 new:1
03-03 18:10:21.416  2261        3015 D 01510/IPCJni: Java_ohos_rpc_MessageParcel_nativeReadRemoteObject 178: enter
03-03 18:10:21.416  2261        3015 W 01510/IPCJni: Java_ohos_rpc_getJavaRemoteObject 398: object type:1
03-03 18:10:21.416  2261        3015 W 01510/IPCJni: Java_ohos_rpc_getJavaRemoteObject 400: native Get Java RemoteObject
03-03 18:10:21.416  2261        3015 D 01510/IPCJni: Java_ohos_rpc_RemoteProxy_nativeGetHandle 961: handle:246
03-03 18:10:21.428 27399     6     6 E 02C02/PARAM: [param_selinux.c:246]SelinuxReadParamCheck name compress label u:object_r:default_param:s0 
03-03 18:10:21.428 27399     6     6 E 02C02/PARAM: [param_comm.c:140]Forbid to access parameter compress
03-03 18:10:21.416  2261        3015 D 01510/IPCJni: Java_ohos_rpc_RemoteProxy_nativeGetHandle 961: handle:246
03-03 18:10:21.428 27398     5    75 D 02D10/HiView-EventServer: ReceiveMsg: receive data from client <private>
03-03 18:10:21.428 27399     6     6 E 02C02/PARAM: [param_base.c:234]Forbid to get parameter compress
03-03 18:10:21.428 27398     5    75 D 02D10/HiView-EventServer: TransferEvent: event need to transfer: {"domain_":"GLOBAL_RESMGR","name_":"ADD_RES_PATH_FAILED","type_":4,"time_":1772532621428,"tz_":"+0800","pid_":6,"tid_":6,"uid_":5523,"PATH":"/data/storage/el1/bundle/systemResources/SystemResources.hap","ERROR_MSG":"AddResourcePath failed"}
03-03 18:10:21.428 27398     5    75 I 02D10/HiView-EventServer: InitSocketBuf: reset buffer size old=212992, new=786432
03-03 18:10:21.428 27398     5    75 D 02D10/HiView-EventServer: TransferEvent: send data successful
03-03 18:10:21.428 27398     5    75 D 02D10/HiView-SysEventSource: Parser: parser raw message size=240, {"domain_":"GLOBAL_RESMGR","name_":"ADD_RES_PATH_FAILED","type_":4,"time_":1772532621428,"tz_":"+0800","pid_":6,"tid_":6,"uid_":5523,"PATH":"/data/storage/el1/bundle/systemResources/SystemResources.hap","ERROR_MSG":"AddResourcePath failed"}
03-03 18:10:21.428 27398     5    75 I 02D10/HiView-SysEventSource: Parser: parser result domain_=GLOBAL_RESMGR eventName_=ADD_RES_PATH_FAILED
03-03 18:10:21.428 27398     5    75 D 02D10/HiView-EventSource: PublishPipelineEvent: EventSource PublishPipelineEvent
03-03 18:10:21.428  1875        2029 D 02D10/HiView-EventServer: Start: receive data from client <private>
03-03 18:10:21.428 27398     5    85 I 02D10/HiView-SysEventService: Convert2SysEvent: domain is GLOBAL_RESMGR, eventName is ADD_RES_PATH_FAILED.
03-03 18:10:21.429 27399     6     6 E 02C02/PARAM: [param_selinux.c:246]SelinuxReadParamCheck name compress label u:object_r:default_param:s0 
03-03 18:10:21.429 27399     6     6 E 02C02/PARAM: [param_comm.c:140]Forbid to access parameter compress
03-03 18:10:21.429 27399     6     6 E 02C02/PARAM: [param_base.c:234]Forbid to get parameter compress
03-03 18:10:21.429 27398     5    85 D 02D10/HiView-SysEventDao: Insert: insert db file /data/log/hiview/sys_event_db/behavior.db with ADD_RES_PATH_FAILED
03-03 18:10:21.428  1875        2029 D 02D10/HiView-SysEventSource: Parser: parser raw message size=255, {"domain_":"GLOBAL_RESMGR","name_":"ADD_RES_PATH_FAILED","type_":4,"time_":1772532621428,"tz_":"+0800","pid_":6,"tid_":6,"uid_":5523,"PATH":"/data/storage/el1/bundle/systemResources/SystemResources.hap","ERROR_MSG":"AddResourcePath failed", "transfer_":1}
03-03 18:10:21.429 27398     5    85 D 02D10/HiView-DOCDB: put data to doc store success, coll=collection
03-03 18:10:21.429 27398     5    85 D 02D10/HiView-SysEventDbMgr: SaveToStore: save sys event 1680, ADD_RES_PATH_FAILED
03-03 18:10:21.429 27398     5    85 D 02D10/HiView-HiviewEventReport: UpdatePluginStats pluginName=SysEventService, procName=ADD_RES_PATH_FAILED, time=394
03-03 18:10:21.429 27398     5    85 D 02D10/HiView-Monitor: CollectCostTime: onceTotalCnt_=2, onceTotalRealTime_=2134, onceTotalProcTime_=2313, onceTotalWaitTime_=179, overRealTotalCount_=0, overProcessTotalCount_=0, finishedCount_=207
03-03 18:10:21.429  1875        2029 I 02D10/HiView-SysEventSource: Parser: parser result domain_=GLOBAL_RESMGR eventName_=ADD_RES_PATH_FAILED
03-03 18:10:21.429  1875        2031 I 02D10/HiView-SysEventService: Convert2SysEvent: domain is GLOBAL_RESMGR, eventName is ADD_RES_PATH_FAILED.
03-03 18:10:21.429  1875        2031 E 02D10/Event-JsonParser: HandleEventJson: System has not eventJson domain GLOBAL_RESMGR name ADD_RES_PATH_FAILED
03-03 18:10:21.430  1875        2031 E 02D10/HiView-SysEventService: OnEvent: HandleEventJson fail
03-03 18:10:21.430  1875        2031 D 02D10/HiView-SysEventConvertor: OnEvent: receive sys event
03-03 18:10:21.430  1875        2031 D 02D10/HiView-SysEventConvertor: OnEvent: does not need to convert domain=GLOBAL_RESMGR, eventName=ADD_RES_PATH_FAILED
03-03 18:10:21.430  1875        2090 I 02D02/CrashCollector: OnEvent: path empty or event already processed: 
03-03 18:10:21.430  1875        2090 I 02D01/EventLogger: OnEvent: event coming! id:0x0, eventName:ADD_RES_PATH_FAILED
03-03 18:10:21.430  1875        2090 I 02D01/EventLogger: OnEvent: event jsonExtraInfo is {"domain_":"GLOBAL_RESMGR","name_":"ADD_RES_PATH_FAILED","type_":4,"time_":1772532621428,"tz_":"+0800","pid_":6,"tid_":6,"uid_":5523,"PATH":"/data/storage/el1/bundle/systemResources/SystemResources.hap","ERROR_MSG":"AddResourcePath failed", "transfer_":1}
03-03 18:10:21.430  1875        2090 I 02D10/EventLogger-EventLoggerConfig: FindConfigLine: called
03-03 18:10:21.430  1875        2090 I 02D10/EventLogger-EventLoggerConfig: FindConfigVersion: version: 1.0
03-03 18:10:21.433  1875        2090 E 02D01/EventLogger: OnEvent: event: id:0x0, eventName:ADD_RES_PATH_FAILED does not exist in the EventLoggerConfig
03-03 18:10:21.433  1875        2090 D 02D10/HiView-EventDispatchQueue: Enqueue: EventDispatchQueue Enqueue
03-03 18:10:21.434  1875        2090 D 02D10/HiView-Pipeline: OnContinue: OnContinue end.
03-03 18:10:21.434  1875        2090 I 02D10/HiView-SysEventSource: Recycle: recycle resource
03-03 18:10:21.436  2261       16616 E 02B05/PixelMap_JNI: malloc parameter bufferSize:[0] error.
03-03 18:10:21.436  2261        3015 D 01510/IPCJni: Java_ohos_rpc_RemoteProxy_nativeSendRequest 818: success
03-03 18:10:21.436  2261       16616 E 02B05/PixelMap_JNI: convert parcel to bitmap wrapper error.
03-03 18:10:21.436  2261       27594 D 01510/IPCJni: Java_ohos_rpc_MessageParcel_nativeReadRemoteObject 178: enter
03-03 18:10:21.436  2261       27594 W 01510/IPCJni: Java_ohos_rpc_getJavaRemoteObject 398: object type:1
03-03 18:10:21.436  2261       27594 W 01510/IPCJni: Java_ohos_rpc_getJavaRemoteObject 400: native Get Java RemoteObject
03-03 18:10:21.439  3109        3123 D 01710/BgTask: [haware_action_callback.cpp] SendEventInfo# on Receive sendEventInfo : eventId : 1 intArgs_ : [ 10270 10109], stringArgs_ : [ com.example.car com.huawei.android.launcher]
03-03 18:10:21.439  3109        3123 D 01710/BgTask: [haware_action_listener_proxy.cpp] OnEventReceived# on Receive onEventReceived : eventId : 1 intArgs_ : [ 10270 10109], stringArgs_ : [ com.example.car com.huawei.android.launcher]
03-03 18:10:21.439  3109        3123 D 01710/BgTaskService: [input_manager.cpp] SendEventInfo# Send event info: eventId : 1 intArgs_ : [ 10270 10109], stringArgs_ : [ com.example.car com.huawei.android.launcher]
03-03 18:10:21.439  3109        3677 D 01710/BgTaskService: [input_manager.cpp] ProcessEvent# Process event, eventId: 1
03-03 18:10:21.439  2261        2322 W 00202/HiData_HwAppQoeResourceManagerImpl: checkIsMonitorGameScenes input :com.example.car
03-03 18:10:21.440  2261        2322 I 00202/TcpRecoverMonitor: Top package name: com.example.car uid:10270
03-03 18:10:21.441  2261        2322 W 00202/HiData_HwAppQoeResourceManagerImpl: checkIsMonitorGameScenes input :com.example.car
03-03 18:10:21.442 27404     9     9 D 02F01/ATMStub: [OnRemoteRequest]:code 65299 token 672050185
03-03 18:10:21.442 27404     9     9 I 02F01/ATMServ: [GetReqPermissions]:tokenID: 0x200e8a3f, isSystemGrant: 0
03-03 18:10:21.453 27404     9     9 I 02F01/PermissionManager: [GetReqPermissions]:GetReqPermissions called, tokenID: 537823807, isSystemGrant: 0
03-03 18:10:21.454 27404     9     9 D 02F01/ATMStub: [GetReqPermissionsInner]:permList size: 2
03-03 18:10:21.455 27404     9     9 D 02F01/ATMStub: [OnRemoteRequest]:code 65299 token 672050185
03-03 18:10:21.455 27404     9     9 I 02F01/ATMServ: [GetReqPermissions]:tokenID: 0x200e8a3f, isSystemGrant: 1
03-03 18:10:21.455 27404     9     9 I 02F01/PermissionManager: [GetReqPermissions]:GetReqPermissions called, tokenID: 537823807, isSystemGrant: 1
03-03 18:10:21.455 27404     9     9 D 02F01/ATMStub: [GetReqPermissionsInner]:permList size: 1
03-03 18:10:21.455 27404     9     9 D 02F01/ATMStub: [OnRemoteRequest]:code 65296 token 672050185
03-03 18:10:21.455 27404     9     9 I 02F01/PermissionManagerImpl: [VerifyAccessToken]:VerifyAccessToken called, tokenID: 537823807, permissionName: ohos.permission.INTERNET
03-03 18:10:21.455 27404     9     9 D 02F01/ATMServ: [VerifyAccessToken]:tokenID: 537823807, permission: ohos.permission.INTERNET, res 0
03-03 18:10:21.456  5692        8021 I 00700/HwLauncher: LauncherAnimationRunner RemoteAnimation start
03-03 18:10:21.456  5692        6504 W 03C01/TotemWeather: WidgetDataServiceManager: init unbindService IllegalArgumentException, Service not registered. e = java.lang.IllegalArgumentException: Service not registered: c9$a@1f38ef8
03-03 18:10:21.457  5692        5692 W 03C01/TotemWeather: TempHighLowView: temperature is error
03-03 18:10:21.458  5692        5692 E 03C01/TotemWeather: SingleCityWidgetHomeView:setWeatherIcon equals and ==
03-03 18:10:21.459  2261        2322 W 00202/HiData_HwAppQoeActivityMonitor: handleActivityChange, curPackage:com.example.car, curClass:EntryAbility
03-03 18:10:21.459  2261        2680 W 00202/RxListenArbitration: NOT LowLatency SCENE, mArbitraCond: 0
03-03 18:10:21.460  2261        2680 W 00202/RxListenArbitration: checkFastSleepSwitch, mArbitraCond: 0
03-03 18:10:21.460  2261        2322 W 00202/HiData_HwAppQoeResourceManagerImpl: checkIsMonitorGameScenes input :com.example.car
03-03 18:10:21.460  2261        2322 W 00202/HiData_HwAppQoeResourceManagerImpl: checkIsMonitorBlackListScenes input :com.example.car
03-03 18:10:21.460  2261        2680 W 00202/TcpArbitration: checkTcpAckSwitch, mArbitraCond: 3
03-03 18:10:21.460  2261        2322 W 00202/HiData_HwAppQoeResourceManagerImpl: checkIsMonitorWhiteListScenes input :com.example.car
03-03 18:10:21.460  2261        2322 W 00202/FsMonitor: switch to foreground is com.example.car, LOWLATENCY_SCENE: false, BLACKLIST_SCENE: false, WHITELIST_SCENE: false
03-03 18:10:21.460  2261        2322 W 00202/CompetitionModeMonitor: setCompetitionMode, pkgName: com.example.car
03-03 18:10:21.461  2261        2760 W 00202/HiData_HwAppQoeActivityMonitor: HwAppQoeActivityMonitor handleMessage: 2
03-03 18:10:21.463  2261        2680 W 00202/FSArbitration: Now is chariot application?: 0
03-03 18:10:21.463  2261        2680 W 00202/FSArbitration: fastsleep 2.0 don't open
03-03 18:10:21.463  2261        2680 W 00202/FSArbitration: Foreground SCENE judgement, mArbitraCond: 65
03-03 18:10:21.464  2261        2680 W 00202/FSArbitration: updateFastSleepArbitraCond, fsArbitraCond: 1
03-03 18:10:21.464  2261        2680 W 00202/FSArbitration: checkFastSleepSwitch, mArbitraCond: 65
03-03 18:10:21.476  5692        5692 W 03C01/TotemWeather: TempHighLowView: temperature is error
03-03 18:10:21.476  5692        5692 E 03C01/TotemWeather: SingleCityWidgetHomeView:setWeatherIcon equals and ==
03-03 18:10:21.462  2261        2760 W 00202/HiData_HwAppQoeActivityMonitor: handleActivityChange,  curPackage:com.example.car, curClass:EntryAbility
03-03 18:10:21.477  2261        2760 W 00202/HiData_HwAppQoeResourceManagerImpl: checkIsMonitorApkScenes input :com.example.car
03-03 18:10:21.477  2261        2760 E 00202/HiData_HwAppQoeActivityMonitor: handleActivityChange tempAppConfig is null
03-03 18:10:21.477 12303  7650  7650 E 02C11/APPSPAWN: [sandbox_utils.cpp:203]private mount to /mnt/sandbox/com.example.car/system/fonts failed 13
03-03 18:10:21.477 12303  7650  7650 E 02C11/APPSPAWN: [json_utils.cpp:50]Find key[check-action-status] successful.
03-03 18:10:21.477  2261        2760 W 00202/HiData_HwAppQoeResourceManagerImpl: checkIsMonitorVideoScenes input :com.example.car,EntryAbility
03-03 18:10:21.478  2261        2309 W 00202/HiDATA_ContentAware: mForegroundAppPackageName: com.example.car, score: 0
03-03 18:10:21.478  2261        2309 W 00202/HiDATA: APP type: -1 appName= com.example.car
03-03 18:10:21.478  2261        2760 W 00202/HiData_HwAppQoeResourceManagerImpl: checkIsMonitorGameScenes input :com.example.car
03-03 18:10:21.479  2261        2760 W 00202/HiData_HwAppQoeResourceManagerImpl: checkIsMonitorGameScenes input :com.example.car
03-03 18:10:21.479  2261        2309 W 00202/HiDATA: no game, APP_TYPE_GAME, appName =com.example.car
03-03 18:10:21.479  2261        2760 W 00202/HiData_HwAppQoeActivityMonitor: handleActivityChange, it is not a care app or scenes
03-03 18:10:21.479  2261        2760 W 00202/HiData_HwAppQoeActivityMonitor: handleActivityChange, curr mAppType:-1, last mAppType:-1
03-03 18:10:21.483  3349       27400 D 02F07/HSC_SEC_AI_PLUGIN_BG_SecurityThreatsService: onForegroundActivitiesChanged: 12278, 10270, true
03-03 18:10:21.483 12303  7650  7650 E 02C11/APPSPAWN: [sandbox_utils.cpp:200]bind mount /system/asan/lib to /mnt/sandbox/com.example.car/system/asan/lib failed 2, just DEBUG MESSAG
03-03 18:10:21.483 12303  7650  7650 E 02C11/APPSPAWN: [json_utils.cpp:50]Find key[check-action-status] successful.
03-03 18:10:21.483 12303  7650  7650 E 02C11/APPSPAWN: [sandbox_utils.cpp:200]bind mount /system/asan/lib64 to /mnt/sandbox/com.example.car/system/asan/lib64 failed 2, just DEBUG ME
03-03 18:10:21.483 12303  7650  7650 E 02C11/APPSPAWN: [json_utils.cpp:50]Find key[check-action-status] successful.
03-03 18:10:21.483 12303  7650  7650 E 02C11/APPSPAWN: [sandbox_utils.cpp:200]bind mount /system/data to /mnt/sandbox/com.example.car/system/data failed 2, just DEBUG MESSAGE here
03-03 18:10:21.483 12303  7650  7650 E 02C11/APPSPAWN: [json_utils.cpp:50]Find key[check-action-status] successful.
03-03 18:10:21.484 12303  7650  7650 E 02C11/APPSPAWN: [sandbox_utils.cpp:200]bind mount /mnt/hmdfs/100/account/merge_view/data/com.example.car to /mnt/sandbox/com.example.car/data/
03-03 18:10:21.484 12303  7650  7650 E 02C11/APPSPAWN: [json_utils.cpp:50]Find key[check-action-status] successful.
03-03 18:10:21.484 12303  7650  7650 E 02C11/APPSPAWN: [sandbox_utils.cpp:200]bind mount /mnt/hmdfs/100/non_account/merge_view/data/ to /mnt/sandbox/com.example.car/data/storage/el2
03-03 18:10:21.484 12303  7650  7650 E 02C11/APPSPAWN: [json_utils.cpp:50]Find key[check-action-status] successful.
03-03 18:10:21.485 12303  7650  7650 E 02C11/APPSPAWN: [sandbox_utils.cpp:200]bind mount /data/local/ark-cache/com.example.car to /mnt/sandbox/com.example.car/data/storage/ark-cache
03-03 18:10:21.485 12303  7650  7650 E 02C11/APPSPAWN: [json_utils.cpp:50]Find key[check-action-status] successful.
03-03 18:10:21.487  1326        2353 I 02701/SensorUidPolicy: onUidActive begin
03-03 18:10:21.487  1326        2353 I 02702/SensorUidPolicy: SetSensorStatus begin, state : 1
03-03 18:10:21.487  1326        2353 D 02702/ClientInfo: GetSensorChannelByUid begin, uid : 10270
03-03 18:10:21.487  1326        2353 D 02702/ClientInfo: GetSensorChannelByUid end
03-03 18:10:21.487  1326        2353 I 02702/SensorUidPolicy: SetSensorStatus end
03-03 18:10:21.487  1326        2353 I 02701/SensorUidPolicy: onUidActive end
03-03 18:10:21.488 12303  7650  7650 E 02C11/APPSPAWN: [sandbox_utils.cpp:549]read symlink config failed, app name is com.example.car
03-03 18:10:21.496 12278       12278 E 01E00/ResourceManager: failed to realpath the path errno:2
03-03 18:10:21.496 12278       12278 D 01E00/ResourceManager: extract success, bufLen:<private>
03-03 18:10:21.496 12278       12278 D 01E00/ResourceManager: mismatch, do not parse <private>
03-03 18:10:21.496 12278       12278 D 01E00/ResourceManager: ~ResKey()
03-03 18:10:21.496 12278       12278 D 01E00/ResourceManager: ~ResDesc()
03-03 18:10:21.496 12278       12278 D 01E00/ResourceManager: ~ResKey()
03-03 18:10:21.496 12278       12278 D 01E00/ResourceManager: ~ResKey()
03-03 18:10:21.523 12303  7650  7650 I 01510/BinderConnector: 101: <private>:succ to open, fd=19
03-03 18:10:21.523 12303  7650  7650 D 01510/IPCWorkThreadPool: 58: SpawnThread Name= IPC_0
03-03 18:10:21.523 12303  7650  7650 D 01510/IPCWorkThreadPool: 70: SpawnThread, now idleThreadNum_ =<private>
03-03 18:10:21.524 12303  7650  7650 D 01510/IPCWorkThread: 106: create thread, policy=<private>, proto=<private>
03-03 18:10:21.524 12303  7650  7650 E 01510/BinderInvoker: 127: SendRequest: handle=0 result = -74
03-03 18:10:21.524 12303  7650  7650 E 01510/IPCObjectProxy: 558: GET_PROTO_INFO transact return error = -74
03-03 18:10:21.524 12303  7650  7650 I 01800/SA_CLIENT: <private> called, get samgr in half-container
03-03 18:10:21.524 12303  7650  7650 I 01800/SA_CLIENT: CheckService called
03-03 18:10:21.524 12303  7650  7651 D 01510/IPCWorkThread: 60: proto_=0,policy_=1, name: IPC_0_7651, ret: 0
03-03 18:10:21.524 12303  7650  7651 D 01510/IPCWorkThreadPool: 58: SpawnThread Name= IPC_1
03-03 18:10:21.524 12303  7650  7651 D 01510/IPCWorkThreadPool: 70: SpawnThread, now idleThreadNum_ =<private>
03-03 18:10:21.524 12303  7650  7650 I 01800/SA_CLIENT: CheckService  available parcel size:<private>, err:0
03-03 18:10:21.524 12303  7650  7650 I 01800/SA_CLIENT: CheckService  exception from reply 0
03-03 18:10:21.524 12303  7650  7651 D 01510/IPCWorkThread: 106: create thread, policy=<private>, proto=<private>
03-03 18:10:21.524 12303  7650  7652 D 01510/IPCWorkThread: 60: proto_=0,policy_=0, name: IPC_1_7652, ret: 0
03-03 18:10:21.524   907         907 D 01510/IPCObjectStub: ProcessProto 60: normal stub object, desc:OHOS.ISystemAbilityManager
03-03 18:10:21.525 12303  7650  7650 D 01800/SA_CLIENT: GetSystemAbilityWrapper:Waiting for sa 3901, 
03-03 18:10:21.525 12303  7650  7650 D 01800/SA_CLIENT: CheckSystemAbility called, ability id is 3901, isExist is 0
03-03 18:10:21.525   907         921 I 01800/SAM: C:12
03-03 18:10:21.525   907         921 I 01800/SAM: F:13901.
03-03 18:10:21.526 27394     2    31 D 01510/IPCObjectStub: 390: IPCObjectStub::ProcessProto called, type = 0, normal stub object
03-03 18:10:21.527 12303  7650  7650 D 01510/IPCObjectStub: 390: IPCObjectStub::ProcessProto called, type = 0, normal stub object
03-03 18:10:21.528 12303  7650  7652 I 02D33/HitraceMeter: ParameterChange enableflags 0
03-03 18:10:21.528 12303  7650  7650 D 01300/Appkit: [main_thread.cpp(Start:1804)]MainThread start come.
03-03 18:10:21.529 12303  7650  7650 D 01300/Appkit: [main_thread.cpp(Init:1741)]MainThread:Init Start
03-03 18:10:21.530 12303  7650  7650 D 01200/ThreadCollector: Deposit: New thread id: 513153166592
03-03 18:10:21.530 12303  7650  7650 D 01300/Appkit: [main_thread.cpp(TaskTimeoutDetected:1719)]MainThread::TaskTimeoutDetected called start.
03-03 18:10:21.530 12303  7650  7650 D 01300/Appkit: [main_thread.cpp(TaskTimeoutDetected:1735)]MainThread::TaskTimeoutDetected called end.
03-03 18:10:21.530 12303  7650  7650 D 01300/Appkit: [watchdog.cpp(Init:59)]Watchdog init send event
03-03 18:10:21.530 12303  7650  7650 I 02D06/XCollie: Add periodical task AppkitWatchdog to watchdog.
03-03 18:10:21.530 12303  7650  7650 I 02D06/XCollie: Watchdog is running!
03-03 18:10:21.531 12303  7650  7654 I 02D06/XCollie: Watchdog is running in thread(7654)!
03-03 18:10:21.531 12303  7650  7653 D 01200/EventRunnerImpl: ThreadMain: Start running for thread 'SignalHandler'
03-03 18:10:21.534 12303  7650  7650 E 01300/Ability: [extension_config_mgr.cpp(Init:39)]read extension config error
03-03 18:10:21.534 12303  7650  7650 D 01300/Appkit: [main_thread.cpp(Init:1762)]MainThread:Init end.
03-03 18:10:21.534 12303  7650  7650 D 01300/Appkit: [main_thread.cpp(Attach:310)]MainThread attach called.
03-03 18:10:21.535 12303  7650  7650 D 01300/Appkit: [main_thread.cpp(ConnectToAppMgr:275)]MainThread ConnectToAppMgr start.
03-03 18:10:21.536 12303  7650  7650 D 01800/SA_CLIENT: GetSystemAbilityWrapper:Waiting for sa 501, 
03-03 18:10:21.536 12303  7650  7650 D 01800/SA_CLIENT: CheckSystemAbility called, ability id is 501, isExist is 0
03-03 18:10:21.536   907         921 I 01800/SAM: C:12
03-03 18:10:21.536   907         921 I 01800/SAM: F:10501.
03-03 18:10:21.536 12303  7650  7650 D 01510/IPCObjectStub: 390: IPCObjectStub::ProcessProto called, type = 0, normal stub object
03-03 18:10:21.536 12303  7650  7650 D 01300/Appkit: [main_thread.cpp(ConnectToAppMgr:298)]MainThread::connectToAppMgr end
03-03 18:10:21.537 12303  7650  7650 D 01300/Appkit: [main_thread.cpp(Attach:316)]MainThread::attach end
03-03 18:10:21.537 12303  7650  7652 I 01300/AppexecfwkCore: [app_scheduler_host.cpp(OnRemoteRequest:72)]AppSchedulerHost::OnReceived, code = 7, flags= 1.
03-03 18:10:21.539 27398     5    75 D 02D10/HiView-EventServer: ReceiveMsg: receive data from client <private>
03-03 18:10:21.540 12303  7650  7652 D 01300/Configuration: [configuration.cpp(ReadFromParcel:206)]ReadFromParcel
03-03 18:10:21.540 27398     5    75 D 02D10/HiView-EventServer: TransferEvent: event need to transfer: {"domain_":"AAFWK","name_":"APP_LAUNCH","type_":4,"time_":1772532621538,"tz_":"+0800","pid_":6,"tid_":131,"uid_":5523,"APP_PID":7650,"BUNDLE_NAME":"com.example.car","VERSION_NAME":"1.0.0","VERSION_CODE":1000000,"PROCESS_NAME":"com.example.car"}
03-03 18:10:21.540 27398     5    75 I 02D10/HiView-EventServer: InitSocketBuf: reset buffer size old=212992, new=786432
03-03 18:10:21.540  2261        2800 D 01510/IPCJni: Java_ohos_rpc_RemoteProxy_nativeGetHandle 961: handle:246
03-03 18:10:21.540 27398     5    75 D 02D10/HiView-EventServer: TransferEvent: send data successful
03-03 18:10:21.540  2261        2800 D 01510/IPCJni: Java_ohos_rpc_RemoteProxy_nativeGetHandle 961: handle:246
03-03 18:10:21.540 27398     5    75 D 02D10/HiView-SysEventSource: Parser: parser raw message size=244, {"domain_":"AAFWK","name_":"APP_LAUNCH","type_":4,"time_":1772532621538,"tz_":"+0800","pid_":6,"tid_":131,"uid_":5523,"APP_PID":7650,"BUNDLE_NAME":"com.example.car","VERSION_NAME":"1.0.0","VERSION_CODE":1000000,"PROCESS_NAME":"com.example.car"}
03-03 18:10:21.540 27398     5    75 I 02D10/HiView-SysEventSource: Parser: parser result domain_=AAFWK eventName_=APP_LAUNCH
03-03 18:10:21.540 27398     5    75 D 02D10/HiView-EventSource: PublishPipelineEvent: EventSource PublishPipelineEvent
03-03 18:10:21.540 12303  7650  7652 D 01300/Appkit: [main_thread.cpp(ScheduleLaunchApplication:515)]MainThread schedule launch application start.
03-03 18:10:21.540 27398     5    75 D 02D10/HiView-EventServer: ReceiveMsg: receive data from client <private>
03-03 18:10:21.540 27398     5    75 D 02D10/HiView-EventServer: TransferEvent: event need to transfer: {"domain_":"AAFWK","name_":"APP_ATTACH","type_":4,"time_":1772532621538,"tz_":"+0800","pid_":6,"tid_":131,"uid_":5523,"APP_PID":7650,"BUNDLE_NAME":"com.example.car","VERSION_NAME":"1.0.0","VERSION_CODE":1000000,"PROCESS_NAME":"com.example.car"}
03-03 18:10:21.540 27398     5    75 I 02D10/HiView-EventServer: InitSocketBuf: reset buffer size old=212992, new=786432
03-03 18:10:21.540 27398     5    75 D 02D10/HiView-EventServer: TransferEvent: send data successful
03-03 18:10:21.540 12303  7650  7652 D 01510/IPCWorkThreadPool: 58: SpawnThread Name= IPC_2
03-03 18:10:21.540 27398     5    75 D 02D10/HiView-SysEventSource: Parser: parser raw message size=244, {"domain_":"AAFWK","name_":"APP_ATTACH","type_":4,"time_":1772532621538,"tz_":"+0800","pid_":6,"tid_":131,"uid_":5523,"APP_PID":7650,"BUNDLE_NAME":"com.example.car","VERSION_NAME":"1.0.0","VERSION_CODE":1000000,"PROCESS_NAME":"com.example.car"}
03-03 18:10:21.540 12303  7650  7650 D 01300/Appkit: [main_thread.cpp(HandleLaunchApplication:932)]MainThread handle launch application start.
03-03 18:10:21.540 12303  7650  7652 D 01510/IPCWorkThreadPool: 70: SpawnThread, now idleThreadNum_ =<private>
03-03 18:10:21.540 27398     5    75 I 02D10/HiView-SysEventSource: Parser: parser result domain_=AAFWK eventName_=APP_ATTACH
03-03 18:10:21.540 27398     5    75 D 02D10/HiView-EventSource: PublishPipelineEvent: EventSource PublishPipelineEvent
03-03 18:10:21.540 12303  7650  7650 D 01300/Appkit: [main_thread.cpp(HandleLaunchApplication:962)]MainThread handle launch application, InitCreate Start.
03-03 18:10:21.540 12303  7650  7652 D 01510/IPCWorkThread: 106: create thread, policy=<private>, proto=<private>
03-03 18:10:21.540 12303  7650  7652 I 01300/AppexecfwkCore: [app_scheduler_host.cpp(OnRemoteRequest:72)]AppSchedulerHost::OnReceived, code = 5, flags= 1.
03-03 18:10:21.540 27398     5    85 I 02D10/HiView-SysEventService: Convert2SysEvent: domain is AAFWK, eventName is APP_LAUNCH.
03-03 18:10:21.541 27398     5    85 D 02D10/HiView-SysEventDao: Insert: insert db file /data/log/hiview/sys_event_db/behavior.db with APP_LAUNCH
03-03 18:10:21.541 27398     5    85 D 02D10/HiView-DOCDB: put data to doc store success, coll=collection
03-03 18:10:21.541 27398     5    85 D 02D10/HiView-SysEventDbMgr: SaveToStore: save sys event 1681, APP_LAUNCH
03-03 18:10:21.541 27398     5    85 D 02D10/HiView-HiviewEventReport: UpdatePluginStats pluginName=SysEventService, procName=APP_LAUNCH, time=680
03-03 18:10:21.541 12303  7650  7652 I 01300/Want: [want_params.cpp(ReadFromParcelRemoteObject:1300)]ReadFromParcelRemoteObject called.
03-03 18:10:21.541 27398     5    85 D 02D10/HiView-Monitor: CollectCostTime: onceTotalCnt_=3, onceTotalRealTime_=2828, onceTotalProcTime_=3093, onceTotalWaitTime_=265, overRealTotalCount_=0, overProcessTotalCount_=0, finishedCount_=208
03-03 18:10:21.541 27398     5    85 I 02D10/HiView-SysEventService: Convert2SysEvent: domain is AAFWK, eventName is APP_ATTACH.
03-03 18:10:21.541 12303  7650  7650 D 01300/Ability: [context_deal.cpp(SetProcessInfo:76)]ContextDeal::SetProcessInfo
03-03 18:10:21.541 12303  7650  7650 D 01300/Ability: [context_deal.cpp(SetApplicationInfo:102)]ContextDeal::SetApplicationInfo
03-03 18:10:21.541 12303  7650  7650 D 01300/Ability: [context_deal.cpp(SetProfile:254)]ContextDeal::SetProfile
03-03 18:10:21.541 12303  7650  7650 D 01300/Appkit: [main_thread.cpp(HandleLaunchApplication:968)]MainThread handle launch application, InitCreate End.
03-03 18:10:21.541  1875        2029 D 02D10/HiView-EventServer: Start: receive data from client <private>
03-03 18:10:21.541 27398     5    85 D 02D10/HiView-SysEventDao: Insert: insert db file /data/log/hiview/sys_event_db/behavior.db with APP_ATTACH
03-03 18:10:21.541 27398     5    85 D 02D10/HiView-DOCDB: put data to doc store success, coll=collection
03-03 18:10:21.541 27398     5    85 D 02D10/HiView-SysEventDbMgr: SaveToStore: save sys event 1682, APP_ATTACH
03-03 18:10:21.541 27398     5    85 D 02D10/HiView-HiviewEventReport: UpdatePluginStats pluginName=SysEventService, procName=APP_ATTACH, time=241
03-03 18:10:21.541 27398     5    85 D 02D10/HiView-Monitor: CollectCostTime: onceTotalCnt_=4, onceTotalRealTime_=3083, onceTotalProcTime_=3993, onceTotalWaitTime_=910, overRealTotalCount_=0, overProcessTotalCount_=0, finishedCount_=209
03-03 18:10:21.541 12303  7650  7655 D 01510/IPCWorkThread: 60: proto_=0,policy_=0, name: IPC_2_7655, ret: 0
03-03 18:10:21.541  2261        2800 D 01510/IPCJni: Java_ohos_rpc_RemoteProxy_nativeGetHandle 961: handle:246
03-03 18:10:21.541  1875        2029 D 02D10/HiView-SysEventSource: Parser: parser raw message size=259, {"domain_":"AAFWK","name_":"APP_LAUNCH","type_":4,"time_":1772532621538,"tz_":"+0800","pid_":6,"tid_":131,"uid_":5523,"APP_PID":7650,"BUNDLE_NAME":"com.example.car","VERSION_NAME":"1.0.0","VERSION_CODE":1000000,"PROCESS_NAME":"com.example.car", "transfer_":1}
03-03 18:10:21.542  2261        2800 D 01510/IPCJni: Java_ohos_rpc_RemoteProxy_nativeGetHandle 961: handle:246
03-03 18:10:21.542 12303  7650  7650 D 01300/Appkit: [main_thread.cpp(HandleLaunchApplication:981)]MainThread handle launch application, CreateResourceManager Start.
03-03 18:10:21.542  2261       11511 D 01510/IPCObjectStub: ProcessProto 60: normal stub object, desc:AbilityCallbackService
03-03 18:10:21.544  1875        2029 I 02D10/HiView-SysEventSource: Parser: parser result domain_=AAFWK eventName_=APP_LAUNCH
03-03 18:10:21.544 12303  7650  7652 D 01300/Appkit: [main_thread.cpp(ScheduleLaunchAbility:577)]schedule launch ability EntryAbility, type is 1.
03-03 18:10:21.544  1875        2029 D 02D10/HiView-EventServer: Start: receive data from client <private>
03-03 18:10:21.544  1875        2029 D 02D10/HiView-SysEventSource: Parser: parser raw message size=259, {"domain_":"AAFWK","name_":"APP_ATTACH","type_":4,"time_":1772532621538,"tz_":"+0800","pid_":6,"tid_":131,"uid_":5523,"APP_PID":7650,"BUNDLE_NAME":"com.example.car","VERSION_NAME":"1.0.0","VERSION_CODE":1000000,"PROCESS_NAME":"com.example.car", "transfer_":1}
03-03 18:10:21.544  1875        2031 I 02D10/HiView-SysEventService: Convert2SysEvent: domain is AAFWK, eventName is APP_LAUNCH.
03-03 18:10:21.544  1875        2031 E 02D10/Event-JsonParser: HandleEventJson: System has not eventJson domain AAFWK name APP_LAUNCH
03-03 18:10:21.544  1875        2031 E 02D10/HiView-SysEventService: OnEvent: HandleEventJson fail
03-03 18:10:21.545  1875        2031 D 02D10/HiView-SysEventConvertor: OnEvent: receive sys event
03-03 18:10:21.546 12303  7650  7650 D 01300/Appkit: [main_thread.cpp(HandleLaunchApplication:987)]MainThread handle launch application, CreateResourceManager End.
03-03 18:10:21.546 12303  7650  7650 D 01300/Ability: [context_deal.cpp(GetBundleManager:226)]ContextDeal::GetBundleManager
03-03 18:10:21.546 12303  7650  7650 D 01800/SA_CLIENT: GetSystemAbilityWrapper:Waiting for sa 401, 
03-03 18:10:21.546 12303  7650  7650 D 01800/SA_CLIENT: CheckSystemAbility called, ability id is 401, isExist is 0
03-03 18:10:21.546   907         921 I 01800/SAM: C:12
03-03 18:10:21.546   907         921 I 01800/SAM: F:10401.
03-03 18:10:21.557 12303  7650  7650 D 01120/BundleMgrService: [bundle_mgr_proxy.cpp(BundleMgrProxy):72] create bundle mgr proxy instance
03-03 18:10:21.557 12303  7650  7650 I 01300/Appkit: [main_thread.cpp(HandleLaunchApplication:1001)]GetBundleInfo, bundleName = com.example.car
03-03 18:10:21.557 12303  7650  7650 D 01120/BundleMgrService: [bundle_mgr_proxy.cpp(GetBundleInfoForSelf):395] begin to get bundle info for self
03-03 18:10:21.562 12303  7650  7650 D 01120/BundleMgrService: [bundle_mgr_proxy.cpp(GetParcelableInfoWithErrCode):3507] GetParcelableInfoWithErrCode ErrCode : 0
03-03 18:10:21.562 12303  7650  7650 I 01300/Appkit: [main_thread.cpp(HandleLaunchApplication:1028)]stageBased:1 moduleJson:1 size:1
03-03 18:10:21.562 12303  7650  7650 D 01300/Appkit: [main_thread.cpp(HandleLaunchApplication:1030)]MainThread handle launch application, InitResourceManager Start.
03-03 18:10:21.562 12303  7650  7650 D 01300/Appkit: [main_thread.cpp(InitResourceManager:860)]ModuleResPath: /data/storage/el1/bundle/entry/resources.index
03-03 18:10:21.562 12303  7650  7650 I 01300/Appkit: [main_thread.cpp(InitResourceManager:875)]Language: zh, script: Hans, region: CN
03-03 18:10:21.562 12303  7650  7650 D 01300/Configuration: [configuration.cpp(MakeTheKey:67)] getKey [0#ohos.system.colorMode]
03-03 18:10:21.563 12303  7650  7650 D 01300/Appkit: [main_thread.cpp(InitResourceManager:881)]Colormode is light.
03-03 18:10:21.563 12303  7650  7650 D 01300/Configuration: [configuration.cpp(MakeTheKey:67)] getKey [0#input.pointer.device]
03-03 18:10:21.563 12303  7650  7650 D 01300/Appkit: [main_thread.cpp(InitResourceManager:885)]HasPointerDevice is false.
03-03 18:10:21.563 12303  7650  7650 D 01300/Configuration: [configuration.cpp(MakeTheKey:67)] getKey [0#const.build.characteristics]
03-03 18:10:21.563 12303  7650  7650 D 01300/Appkit: [main_thread.cpp(InitResourceManager:889)]deviceType is tablet <---->  1.
03-03 18:10:21.569 12303  7650  7650 D 01300/Appkit: [main_thread.cpp(HandleLaunchApplication:1035)]MainThread handle launch application, InitResourceManager End.
03-03 18:10:21.570 12303  7650  7650 D 01300/Appkit: [context_impl.cpp(SetResourceManager:441)]ContextImpl::initResourceManager. Start.
03-03 18:10:21.570 12303  7650  7650 D 01300/Appkit: [context_impl.cpp(SetResourceManager:443)]ContextImpl::initResourceManager. End.
03-03 18:10:21.570 12303  7650  7650 D 01300/Appkit: [ohos_application.cpp(SetApplicationContext:161)]OHOSApplication::SetApplicationContext
03-03 18:10:21.571 12303  7650  7650 D 01300/Appkit: [context_impl.cpp(CreateDirIfNotExist:542)]createDir: create directory if not exists.
03-03 18:10:21.571 12303  7650  7650 D 01300/Appkit: [context_impl.cpp(GetBundleCodeDir:86)]ContextImpl::GetBundleCodeDir:/data/storage/el1/bundle
03-03 18:10:21.571 12303  7650  7650 I 01300/Appkit: [main_thread.cpp(SetNativeLibPath:126)]napi lib path = <private>
03-03 18:10:21.571 12303  7650  7650 D 01300/Appkit: [main_thread.cpp(SetNativeLibPath:132)]name: entry, isLibIsolated: 0, nativeLibraryPath: 
03-03 18:10:21.573 12303  7650  7650 I 03F00/ArkCompiler: [ecmascript] asmint: 1, aot: 1, bundle name: com.example.car
03-03 18:10:21.584 12303  7650  7650 I 03900/NAPI: [native_module_manager.cpp(CreateLdNamespace)] CreateLdNamespace success, path: <private>
03-03 18:10:21.584 12303  7650  7650 I 03900/NAPI: [native_module_manager.cpp(SetAppLibPath)] create ld namespace, path: <private>
03-03 18:10:21.585 12303  7650  7650 D 01300/Runtime: [js_timer.cpp(InitTimerModule:187)]InitTimerModule begin.
03-03 18:10:21.585 12303  7650  7650 D 03F00/ArkCompiler: [gc] AddRegion:24 Add region:0x7776a40000 to old space
03-03 18:10:21.587 12303  7650  7650 D 01300/Appkit: [ohos_application.cpp(SetRuntime:144)]OHOSApplication::SetRuntime begin
03-03 18:10:21.587 12303  7650  7650 D 01300/Appkit: [ohos_application.cpp(SetRuntime:150)]OHOSApplication::SetRuntime end
03-03 18:10:21.589 12303  7650  7650 D 01300/Ability: [ability_loader.cpp(RegisterAbility:30)]AbilityLoader::RegisterAbility:Ability
03-03 18:10:21.589 12303  7650  7650 D 01300/Ability: [ability_loader.cpp(RegisterExtension:36)]AbilityLoader::RegisterExtension:FormExtension
03-03 18:10:21.589 12303  7650  7650 I 01300/Ability: [extension_config_mgr.cpp(AddBlockListItem:81)]AddBlockListItem name = FormExtension, type = 0
03-03 18:10:21.589 12303  7650  7650 E 01300/Ability: [extension_config_mgr.cpp(AddBlockListItem:84)]Extension name = FormExtension, not exist in blocklist config
03-03 18:10:21.589 12303  7650  7650 D 01300/Ability: [ability_loader.cpp(RegisterExtension:36)]AbilityLoader::RegisterExtension:StaticSubscriberExtension
03-03 18:10:21.589 12303  7650  7650 I 01300/Ability: [extension_config_mgr.cpp(AddBlockListItem:81)]AddBlockListItem name = StaticSubscriberExtension, type = 7
03-03 18:10:21.589 12303  7650  7650 E 01300/Ability: [extension_config_mgr.cpp(AddBlockListItem:84)]Extension name = StaticSubscriberExtension, not exist in blocklist config
03-03 18:10:21.589 12303  7650  7650 D 01300/Appkit: [main_thread.cpp(LoadAllExtensions:1299)]LoadAllExtensions.filePath:system/lib64/extensionability
03-03 18:10:21.589 12303  7650  7650 D 01300/Appkit: [main_thread.cpp(CheckFileType:2056)]MainThread::CheckFileType path is libaccessibility_extension_module.z.so, support suffix is .so
03-03 18:10:21.589 12303  7650  7650 D 01300/Appkit: [main_thread.cpp(CheckFileType:2056)]MainThread::CheckFileType path is libdatashare_ext_ability_module.z.so, support suffix is .so
03-03 18:10:21.589 12303  7650  7650 D 01300/Appkit: [main_thread.cpp(CheckFileType:2056)]MainThread::CheckFileType path is libinputmethod_extension_module.z.so, support suffix is .so
03-03 18:10:21.589 12303  7650  7650 D 01300/Appkit: [main_thread.cpp(CheckFileType:2056)]MainThread::CheckFileType path is libservice_extension_module.z.so, support suffix is .so
03-03 18:10:21.589 12303  7650  7650 D 01300/Appkit: [main_thread.cpp(CheckFileType:2056)]MainThread::CheckFileType path is libwallpaper_extension_module.z.so, support suffix is .so
03-03 18:10:21.589 12303  7650  7650 D 01300/Appkit: [main_thread.cpp(CheckFileType:2056)]MainThread::CheckFileType path is libwindow_extension_module.z.so, support suffix is .so
03-03 18:10:21.589 12303  7650  7650 D 01300/Appkit: [main_thread.cpp(CheckFileType:2056)]MainThread::CheckFileType path is libworkschedextension.z.so, support suffix is .so
03-03 18:10:21.589 12303  7650  7650 D 01300/Appkit: [main_thread.cpp(LoadAllExtensions:1319)]Begin load extension file:system/lib64/extensionability/libaccessibility_extension_module.z.so
03-03 18:10:21.606  3109        3123 I 01100/AppExecFwk: ActivityStatusChangeNotifier called
03-03 18:10:21.607  3109        3123 I 01100/AppExecFwk: ActivityStatusChangeNotifier call native state= onResume
03-03 18:10:21.607  3109        3123 D 01100/AppExecFwk: call native comp= com.example.car, EntryAbility, 1772532621607
03-03 18:10:21.622  3109        3123 I 01120/BundleMgrService: [data_mgr.cpp(GetModuleName4OhApp)] GetModuleName start abilityInfo EntryAbility,EntryAbility
03-03 18:10:21.653  2261        2322 W 00202/HwQoEAccAppAware: uid = 10270, pktname = com.example.car, className = EntryAbility
03-03 18:10:21.655 12303  7650  7650 I 01300/Ability: [extension_config_mgr.cpp(AddBlockListItem:81)]AddBlockListItem name = AccessibilityExtension, type = 4
03-03 18:10:21.655 12303  7650  7650 E 01300/Ability: [extension_config_mgr.cpp(AddBlockListItem:84)]Extension name = AccessibilityExtension, not exist in blocklist config
03-03 18:10:21.655 12303  7650  7650 D 01300/Appkit: [main_thread.cpp(LoadAllExtensions:1350)]Success load extension type: 4, name:AccessibilityExtension
03-03 18:10:21.655 12303  7650  7650 D 01300/Ability: [ability_loader.cpp(RegisterExtension:36)]AbilityLoader::RegisterExtension:AccessibilityExtension
03-03 18:10:21.655 12303  7650  7650 D 01300/Appkit: [main_thread.cpp(LoadAllExtensions:1319)]Begin load extension file:system/lib64/extensionability/libdatashare_ext_ability_module.z.so
03-03 18:10:21.658 12303  7650  7650 I 01300/Ability: [extension_config_mgr.cpp(AddBlockListItem:81)]AddBlockListItem name = DataShareExtAbility, type = 5
03-03 18:10:21.658 12303  7650  7650 E 01300/Ability: [extension_config_mgr.cpp(AddBlockListItem:84)]Extension name = DataShareExtAbility, not exist in blocklist config
03-03 18:10:21.658 12303  7650  7650 D 01300/Appkit: [main_thread.cpp(LoadAllExtensions:1350)]Success load extension type: 5, name:DataShareExtAbility
03-03 18:10:21.658 12303  7650  7650 D 01300/Ability: [ability_loader.cpp(RegisterExtension:36)]AbilityLoader::RegisterExtension:DataShareExtAbility
03-03 18:10:21.658 12303  7650  7650 D 01300/Appkit: [main_thread.cpp(LoadAllExtensions:1319)]Begin load extension file:system/lib64/extensionability/libinputmethod_extension_module.z.so
03-03 18:10:21.661  3128        4210 E 01610/ZDDS: SingleKvStoreProxy::OnRemoteRequest: 2 ,calling pid is 3109
03-03 18:10:21.666 12303  7650  7650 I 01300/Ability: [extension_config_mgr.cpp(AddBlockListItem:81)]AddBlockListItem name = InputMethodExtensionAbility, type = 2
03-03 18:10:21.666 12303  7650  7650 E 01300/Ability: [extension_config_mgr.cpp(AddBlockListItem:84)]Extension name = InputMethodExtensionAbility, not exist in blocklist config
03-03 18:10:21.666 12303  7650  7650 D 01300/Appkit: [main_thread.cpp(LoadAllExtensions:1350)]Success load extension type: 2, name:InputMethodExtensionAbility
03-03 18:10:21.666 12303  7650  7650 D 01300/Ability: [ability_loader.cpp(RegisterExtension:36)]AbilityLoader::RegisterExtension:InputMethodExtensionAbility
03-03 18:10:21.666 12303  7650  7650 D 01300/Appkit: [main_thread.cpp(LoadAllExtensions:1319)]Begin load extension file:system/lib64/extensionability/libservice_extension_module.z.so
03-03 18:10:21.673 12303  7650  7650 I 01300/Ability: [extension_config_mgr.cpp(AddBlockListItem:81)]AddBlockListItem name = ServiceExtension, type = 3
03-03 18:10:21.673 12303  7650  7650 E 01300/Ability: [extension_config_mgr.cpp(AddBlockListItem:84)]Extension name = ServiceExtension, not exist in blocklist config
03-03 18:10:21.673 12303  7650  7650 D 01300/Appkit: [main_thread.cpp(LoadAllExtensions:1350)]Success load extension type: 3, name:ServiceExtension
03-03 18:10:21.673 12303  7650  7650 D 01300/Ability: [ability_loader.cpp(RegisterExtension:36)]AbilityLoader::RegisterExtension:ServiceExtension
03-03 18:10:21.673 12303  7650  7650 D 01300/Appkit: [main_thread.cpp(LoadAllExtensions:1319)]Begin load extension file:system/lib64/extensionability/libwallpaper_extension_module.z.so
03-03 18:10:21.681 12303  7650  7650 I 01300/Ability: [extension_config_mgr.cpp(AddBlockListItem:81)]AddBlockListItem name = WallpaperExtension, type = 8
03-03 18:10:21.681 12303  7650  7650 E 01300/Ability: [extension_config_mgr.cpp(AddBlockListItem:84)]Extension name = WallpaperExtension, not exist in blocklist config
03-03 18:10:21.681 12303  7650  7650 D 01300/Appkit: [main_thread.cpp(LoadAllExtensions:1350)]Success load extension type: 8, name:WallpaperExtension
03-03 18:10:21.681 12303  7650  7650 D 01300/Ability: [ability_loader.cpp(RegisterExtension:36)]AbilityLoader::RegisterExtension:WallpaperExtension
03-03 18:10:21.681 12303  7650  7650 D 01300/Appkit: [main_thread.cpp(LoadAllExtensions:1319)]Begin load extension file:system/lib64/extensionability/libwindow_extension_module.z.so
03-03 18:10:21.700 12303  7650  7650 I 04200/WindowExtensionStub: <48>OHOS_EXTENSION_GetExtensionModule: called
03-03 18:10:21.700 12303  7650  7650 I 04200/WindowExtensionStub: <42>GetParams: called
03-03 18:10:21.700 12303  7650  7650 I 01300/Ability: [extension_config_mgr.cpp(AddBlockListItem:81)]AddBlockListItem name = WindowExtension, type = 10
03-03 18:10:21.700 12303  7650  7650 E 01300/Ability: [extension_config_mgr.cpp(AddBlockListItem:84)]Extension name = WindowExtension, not exist in blocklist config
03-03 18:10:21.700 12303  7650  7650 D 01300/Appkit: [main_thread.cpp(LoadAllExtensions:1350)]Success load extension type: 10, name:WindowExtension
03-03 18:10:21.700 12303  7650  7650 D 01300/Ability: [ability_loader.cpp(RegisterExtension:36)]AbilityLoader::RegisterExtension:WindowExtension
03-03 18:10:21.700 12303  7650  7650 E LOGLIMIT: process car drop log, threshold:13050
03-03 18:10:21.703  3128       10359 I 00B00/HwMSDPMovementService: handleGetSupportedModule
03-03 18:10:21.703  3128       10359 I 00B00/HwMSDPMovementImpl: mWaitCount  10
03-03 18:10:21.703  3128       10359 I 00B00/HwMSDPMovementImpl: mSupportedModule= 0
03-03 18:10:21.722   907         921 I 01800/SAM: C:12
03-03 18:10:21.722   907         921 I 01800/SAM: F:10401.
03-03 18:10:21.725  3128        4210 D 01610/ZDDS: SingleKvStoreImpl::Get: status: 0.
03-03 18:10:21.729   907         921 I 01800/SAM: C:12
03-03 18:10:21.729   907         921 I 01800/SAM: F:14607.
03-03 18:10:21.729  2261       16616 D 01510/IPCObjectStub: ProcessProto 60: normal stub object, desc:OHOS.IDisplayManager
03-03 18:10:21.730  2261       11511 D 01510/IPCJni: Java_ohos_rpc_MessageParcel_nativeReadRemoteObject 178: enter
03-03 18:10:21.730  2261       11511 D 01510/IPCObjectProxy: IPCObjectProxy 43: create, handle:247 desc:IPCObjectProxy247
03-03 18:10:21.730  2261       11511 D 01510/BinderInvoker: AcquireHandle 77: handle:247
03-03 18:10:21.730  2261       11511 D 01510/IPCProcessSkeleton: AttachObject 273: attach desc:IPCObjectProxy247, inserted:1
03-03 18:10:21.730  2261       11511 D 01510/IPCObjectProxy: GetProtoInfo 548: binder, handle:247 desc:
03-03 18:10:21.730  2261       11511 D 01510/IPCProcessSkeleton: FindOrNewObject 164: handle:247 proto:0 new:1
03-03 18:10:21.730  2261       11511 D 01510/IPCJni: Java_ohos_rpc_RemoteProxy_nativeGetHandle 961: handle:247
03-03 18:10:21.731  3109        3123 D 01120/BundleMgrService: [data_mgr.cpp(NotifyActivityLifeStatus)] NotifyActivityLifeStatus, bundleName: , moduleName:, abilityName=
03-03 18:10:21.731  3109        3123 I 01120/BundleMgrService: [module_usage_data_storage.cpp(UpdateRecord)] upgrade usage record record <private>
03-03 18:10:21.731  3109        3123 D 01120/BundleMgrService: [module_usage_data_storage.cpp(UpdateRecord)] update to DB::value {"abilityName":"","formRecord":[],"isRemoved":false,"lastLaunchTime":1772532621607,"launchedCount":42}
03-03 18:10:21.732  3109        3123 I 01610/ZDDS: SingleKvStoreClient::Put: key: 88 value: 102.
03-03 18:10:21.732  3109        3123 D 01610/ZDDS: SingleKvStoreProxy::Put: proxy put
03-03 18:10:21.732  3128        4210 E 01610/ZDDS: SingleKvStoreProxy::OnRemoteRequest: 0 ,calling pid is 3109
03-03 18:10:21.732  3128        4210 D 01610/ZDDS: SingleKvStoreProxy::PutOnRemote: bufferSize 198
03-03 18:10:21.743  3128        4210 D 01610/ZDDS: SingleKvStoreImpl::Put: succeed.
03-03 18:10:21.753  3109        3123 W 01120/BundleMgrService: [module_usage_data_storage.cpp(UpdateRecord)] update result = 0
03-03 18:10:21.753  3109        3123 D 01120/BundleMgrService: [module_usage_data_storage.cpp(UpdateRecord)] update success
03-03 18:10:21.754 12303  7650  7650 I 0FEFE/JsApp: Callee constructor is OK string
03-03 18:10:21.754 12303  7650  7650 I 0FEFE/JsApp: Ability::constructor callee is object [object Object]
03-03 18:10:21.756   907         921 I 01800/SAM: C:12
03-03 18:10:21.756   907         921 I 01800/SAM: F:10180.
03-03 18:10:21.757   907         921 I 01800/SAM: C:12
03-03 18:10:21.757   907         921 I 01800/SAM: F:10401.
03-03 18:10:21.763  2261       11511 D 01510/IPCJni: Java_ohos_rpc_MessageParcel_nativeReadRemoteObject 178: enter
03-03 18:10:21.763  2261       11511 D 01510/IPCProcessSkeleton: FindOrNewObject 164: handle:246 proto:0 new:0
03-03 18:10:21.763  2261       11511 D 01510/IPCJni: Java_ohos_rpc_RemoteProxy_nativeGetHandle 961: handle:246
03-03 18:10:21.774   907         921 I 01800/SAM: C:12
03-03 18:10:21.774   907         921 I 01800/SAM: F:10401.
03-03 18:10:21.774   907         921 I 01800/SAM: C:12
03-03 18:10:21.774   907         921 I 01800/SAM: F:14606.
03-03 18:10:21.775  2261       16616 D 01510/IPCObjectStub: ProcessProto 60: normal stub object, desc:OHOS.IWindowManager
03-03 18:10:21.777  2261       16616 D 01510/IPCJni: Java_ohos_rpc_MessageParcel_nativeReadRemoteObject 178: enter
03-03 18:10:21.777  2261       16616 D 01510/IPCObjectProxy: IPCObjectProxy 43: create, handle:248 desc:IPCObjectProxy248
03-03 18:10:21.777  2261       16616 D 01510/BinderInvoker: AcquireHandle 77: handle:248
03-03 18:10:21.777  2261       16616 D 01510/IPCProcessSkeleton: AttachObject 273: attach desc:IPCObjectProxy248, inserted:1
03-03 18:10:21.777  2261       16616 D 01510/IPCObjectProxy: GetProtoInfo 548: binder, handle:248 desc:
03-03 18:10:21.777  2261       16616 D 01510/IPCProcessSkeleton: FindOrNewObject 164: handle:248 proto:0 new:1
03-03 18:10:21.777  2261       16616 D 01510/IPCJni: Java_ohos_rpc_MessageParcel_nativeReadRemoteObject 178: enter
03-03 18:10:21.777  2261       16616 D 01510/IPCProcessSkeleton: FindOrNewObject 164: handle:246 proto:0 new:0
03-03 18:10:21.777  2261       16616 D 01510/IPCJni: Java_ohos_rpc_RemoteProxy_nativeGetHandle 961: handle:246
03-03 18:10:21.778  2261       16616 I chatty  : uid=1000(system) Thread-2636 identical 2 lines
03-03 18:10:21.778  2261       16616 D 01510/IPCJni: Java_ohos_rpc_RemoteProxy_nativeGetHandle 961: handle:246
03-03 18:10:21.778  2261       16616 D 01510/IPCJni: Java_ohos_rpc_RemoteProxy_nativeAddDeathRecipient 831: enter
03-03 18:10:21.778  2261       16616 D 01510/BinderInvoker: AddDeathRecipient 188: for handle:248
03-03 18:10:21.778  2261       16616 I 01510/IPCObjectProxy: AddDeathRecipient 343: succ, handle:248 desc:
03-03 18:10:21.778  2261       16616 D 01510/IPCJni: Java_ohos_rpc_RemoteProxy_nativeGetHandle 961: handle:248
