03-03 18:24:05.038 26742  9282  9305 D 01402/2DGraphics: AcquireSurface: CreateCanvas successfully!!! (0xb4000077778a7000)
03-03 18:24:05.038 26742  9282  9305 D 01400/OHOS::ROSEN: UpdateDirtyAndSetEGLDamageRegion dirtyRect = [0, 0, 1600, 2560]
03-03 18:24:05.040 26742  9282  9305 D 01400/OHOS::ROSEN: RSRenderThreadVisitor FlushImplicitTransactionFromRT uiTimestamp = 203172870502916
03-03 18:24:05.040 26742  9282  9305 D 01400/OHOS::ROSEN: RSRenderThreadVisitor FlushFrame surfaceNodeId = 39865886441472, uiTimestamp = 203172870502916
03-03 18:24:05.040 26742  9282  9305 D 01402/2DGraphics: RenderFrame: RenderFrame: Canvas is 0xb4000077778a7000
03-03 18:24:05.043 26742  9282  9305 D 01402/2DGraphics: SwapBuffers: SwapBuffers successfully, surface is 0xb40000773f8ed680
03-03 18:24:05.043 26742  9282  9282 D 03F00/ArkCompiler: [gc] AddRegion:24 Add region:0x7776cc0000 to semi space
03-03 18:24:05.043 26742  9282  9305 D 01400/OHOS::ROSEN: RSSurfaceOhosGl: FlushFrame success
03-03 18:24:05.051 26742  9282  9282 I 03900/Ace: [js_view_abstract.cpp(ParseBorderStyle)-(0)] args(undefined) is invalid, use default value.
03-03 18:24:05.059 26742  9282  9282 W 03900/Ace: [text_field_pattern.cpp(UpdateCaretPosition)-(0)] Not on focus, cannot update caret
03-03 18:24:05.060 26742  9282  9282 W 03900/Ace: [scroll_paint_method.cpp(PaintScrollEffect)-(0)] scrollEdgeEffect is null, return on line 53
03-03 18:24:05.062 26742  9282  9282 W 03900/Ace: [scroll_paint_method.cpp(PaintScrollEffect)-(0)] scrollEdgeEffect is null, return on line 53
03-03 18:24:05.070 26742  9282  9305 D 01400/OHOS::ROSEN: RSRenderThread ProcessCommands size: 2
03-03 18:24:05.070 26742  9282  9282 W 03900/Ace: [scroll_paint_method.cpp(PaintScrollEffect)-(0)] scrollEdgeEffect is null, return on line 53
03-03 18:24:05.070 26742  9282  9305 D 01400/OHOS::ROSEN: RSRenderThread DrawFrame(203172920513957) in GPU
03-03 18:24:05.070 26742  9282  9305 D 01400/OHOS::ROSEN: SetPartialRenderStatus: 1->1, isRenderForced_=0, isEglSetDamageRegion_=1, isOpDropped_=0
03-03 18:24:05.070 26742  9282  9305 D 01400/OHOS::ROSEN: RSSurfaceOhosGl:RequestFrame, width is 1600, height is 2560
03-03 18:24:05.070 26742  9282  9305 D 01402/2DGraphics: SetUpGrContext: grContext has already created!!
03-03 18:24:05.070 26742  9282  9305 D 01402/2DGraphics: AcquireSurface: CreateCanvas successfully!!! (0xb4000077778a7000)
03-03 18:24:05.070 26742  9282  9305 D 01400/OHOS::ROSEN: UpdateDirtyAndSetEGLDamageRegion dirtyRect = [0, 0, 1600, 2560]
03-03 18:24:05.071 26742  9282  9305 D 01400/OHOS::ROSEN: RSRenderThreadVisitor FlushImplicitTransactionFromRT uiTimestamp = 203172903841159
03-03 18:24:05.071 26742  9282  9305 D 01400/OHOS::ROSEN: RSRenderThreadVisitor FlushFrame surfaceNodeId = 39865886441472, uiTimestamp = 203172903841159
03-03 18:24:05.071 26742  9282  9305 D 01402/2DGraphics: RenderFrame: RenderFrame: Canvas is 0xb4000077778a7000
03-03 18:24:05.073 26742  9282  9305 D 01402/2DGraphics: SwapBuffers: SwapBuffers successfully, surface is 0xb40000773f8ed680
03-03 18:24:05.073 26742  9282  9305 D 01400/OHOS::ROSEN: RSSurfaceOhosGl: FlushFrame success
03-03 18:24:05.086 26742  9282  9282 W 03900/Ace: [scroll_paint_method.cpp(PaintScrollEffect)-(0)] scrollEdgeEffect is null, return on line 53
03-03 18:24:05.086 26742  9282  9305 D 01400/OHOS::ROSEN: RSRenderThread ProcessCommands size: 1
03-03 18:24:05.086 26742  9282  9305 D 01400/OHOS::ROSEN: RSRenderThread DrawFrame(203172937182885) in GPU
03-03 18:24:05.086 26742  9282  9305 D 01400/OHOS::ROSEN: SetPartialRenderStatus: 1->1, isRenderForced_=0, isEglSetDamageRegion_=1, isOpDropped_=0
03-03 18:24:05.087 26742  9282  9305 D 01400/OHOS::ROSEN: RSSurfaceOhosGl:RequestFrame, width is 1600, height is 2560
03-03 18:24:05.087 26742  9282  9305 D 01402/2DGraphics: SetUpGrContext: grContext has already created!!
03-03 18:24:05.087 26742  9282  9305 D 01402/2DGraphics: AcquireSurface: CreateCanvas successfully!!! (0xb4000077778a7000)
03-03 18:24:05.087 26742  9282  9305 D 01400/OHOS::ROSEN: UpdateDirtyAndSetEGLDamageRegion dirtyRect = [0, 0, 1600, 2560]
03-03 18:24:05.087 26742  9282  9305 D 01400/OHOS::ROSEN: RSRenderThreadVisitor FlushImplicitTransactionFromRT uiTimestamp = 203172920513957
03-03 18:24:05.087 26742  9282  9305 D 01400/OHOS::ROSEN: RSRenderThreadVisitor FlushFrame surfaceNodeId = 39865886441472, uiTimestamp = 203172920513957
03-03 18:24:05.087 26742  9282  9305 D 01402/2DGraphics: RenderFrame: RenderFrame: Canvas is 0xb4000077778a7000
03-03 18:24:05.089 26742  9282  9305 D 01402/2DGraphics: SwapBuffers: SwapBuffers successfully, surface is 0xb40000773f8ed680
03-03 18:24:05.089 26742  9282  9305 D 01400/OHOS::ROSEN: RSSurfaceOhosGl: FlushFrame success
03-03 18:24:05.103 26742  9282  9305 D 01400/OHOS::ROSEN: RSRenderThread ProcessCommands size: 1
03-03 18:24:05.103 26742  9282  9305 D 01400/OHOS::ROSEN: RSRenderThread DrawFrame(203172953847107) in GPU
03-03 18:24:05.103 26742  9282  9305 D 01400/OHOS::ROSEN: SetPartialRenderStatus: 1->1, isRenderForced_=0, isEglSetDamageRegion_=1, isOpDropped_=0
03-03 18:24:05.103 26742  9282  9305 D 01400/OHOS::ROSEN: RSSurfaceOhosGl:RequestFrame, width is 1600, height is 2560
03-03 18:24:05.103 26742  9282  9305 D 01402/2DGraphics: SetUpGrContext: grContext has already created!!
03-03 18:24:05.103 26742  9282  9305 D 01402/2DGraphics: AcquireSurface: CreateCanvas successfully!!! (0xb4000077778a7000)
03-03 18:24:05.103 26742  9282  9305 D 01400/OHOS::ROSEN: UpdateDirtyAndSetEGLDamageRegion dirtyRect = [0, 0, 1600, 2560]
03-03 18:24:05.103 26742  9282  9282 W 03900/Ace: [scroll_paint_method.cpp(PaintScrollEffect)-(0)] scrollEdgeEffect is null, return on line 53
03-03 18:24:05.103 26742  9282  9305 D 01400/OHOS::ROSEN: RSRenderThreadVisitor FlushImplicitTransactionFromRT uiTimestamp = 203172937182885
03-03 18:24:05.104 26742  9282  9305 D 01400/OHOS::ROSEN: RSRenderThreadVisitor FlushFrame surfaceNodeId = 39865886441472, uiTimestamp = 203172937182885
03-03 18:24:05.104 26742  9282  9305 D 01402/2DGraphics: RenderFrame: RenderFrame: Canvas is 0xb4000077778a7000
03-03 18:24:05.106 26742  9282  9305 D 01402/2DGraphics: SwapBuffers: SwapBuffers successfully, surface is 0xb40000773f8ed680
03-03 18:24:05.106 26742  9282  9305 D 01400/OHOS::ROSEN: RSSurfaceOhosGl: FlushFrame success
03-03 18:24:05.120 26742  9282  9305 D 01400/OHOS::ROSEN: RSRenderThread ProcessCommands size: 1
03-03 18:24:05.120 26742  9282  9305 D 01400/OHOS::ROSEN: RSRenderThread DrawFrame(203172970517796) in GPU
03-03 18:24:05.120 26742  9282  9305 D 01400/OHOS::ROSEN: SetPartialRenderStatus: 1->1, isRenderForced_=0, isEglSetDamageRegion_=1, isOpDropped_=0
03-03 18:24:05.120 26742  9282  9282 W 03900/Ace: [scroll_paint_method.cpp(PaintScrollEffect)-(0)] scrollEdgeEffect is null, return on line 53
03-03 18:24:05.120 26742  9282  9305 D 01400/OHOS::ROSEN: RSSurfaceOhosGl:RequestFrame, width is 1600, height is 2560
03-03 18:24:05.120 26742  9282  9305 D 01402/2DGraphics: SetUpGrContext: grContext has already created!!
03-03 18:24:05.120 26742  9282  9305 D 01402/2DGraphics: AcquireSurface: CreateCanvas successfully!!! (0xb4000077778a7000)
03-03 18:24:05.120 26742  9282  9305 D 01400/OHOS::ROSEN: UpdateDirtyAndSetEGLDamageRegion dirtyRect = [0, 0, 1600, 2560]
03-03 18:24:05.120 26742  9282  9305 D 01400/OHOS::ROSEN: RSRenderThreadVisitor FlushImplicitTransactionFromRT uiTimestamp = 203172953847107
03-03 18:24:05.121 26742  9282  9305 D 01400/OHOS::ROSEN: RSRenderThreadVisitor FlushFrame surfaceNodeId = 39865886441472, uiTimestamp = 203172953847107
03-03 18:24:05.121 26742  9282  9305 D 01402/2DGraphics: RenderFrame: RenderFrame: Canvas is 0xb4000077778a7000
03-03 18:24:05.122 26742  9282  9305 D 01402/2DGraphics: SwapBuffers: SwapBuffers successfully, surface is 0xb40000773f8ed680
03-03 18:24:05.122 26742  9282  9305 D 01400/OHOS::ROSEN: RSSurfaceOhosGl: FlushFrame success
03-03 18:24:05.137 26742  9282  9305 D 01400/OHOS::ROSEN: RSRenderThread ProcessCommands size: 1
03-03 18:24:05.137 26742  9282  9305 D 01400/OHOS::ROSEN: RSRenderThread DrawFrame(203172987175448) in GPU
03-03 18:24:05.137 26742  9282  9305 D 01400/OHOS::ROSEN: SetPartialRenderStatus: 1->1, isRenderForced_=0, isEglSetDamageRegion_=1, isOpDropped_=0
03-03 18:24:05.137 26742  9282  9282 W 03900/Ace: [scroll_paint_method.cpp(PaintScrollEffect)-(0)] scrollEdgeEffect is null, return on line 53
03-03 18:24:05.137 26742  9282  9305 D 01400/OHOS::ROSEN: RSSurfaceOhosGl:RequestFrame, width is 1600, height is 2560
03-03 18:24:05.137 26742  9282  9305 D 01402/2DGraphics: SetUpGrContext: grContext has already created!!
03-03 18:24:05.137 26742  9282  9305 D 01402/2DGraphics: AcquireSurface: CreateCanvas successfully!!! (0xb4000077778a7000)
03-03 18:24:05.137 26742  9282  9305 D 01400/OHOS::ROSEN: UpdateDirtyAndSetEGLDamageRegion dirtyRect = [0, 0, 1600, 2560]
03-03 18:24:05.138 26742  9282  9305 D 01400/OHOS::ROSEN: RSRenderThreadVisitor FlushImplicitTransactionFromRT uiTimestamp = 203172970517796
03-03 18:24:05.138 26742  9282  9305 D 01400/OHOS::ROSEN: RSRenderThreadVisitor FlushFrame surfaceNodeId = 39865886441472, uiTimestamp = 203172970517796
03-03 18:24:05.138 26742  9282  9305 D 01402/2DGraphics: RenderFrame: RenderFrame: Canvas is 0xb4000077778a7000
03-03 18:24:05.141 26742  9282  9305 D 01402/2DGraphics: SwapBuffers: SwapBuffers successfully, surface is 0xb40000773f8ed680
03-03 18:24:05.141 26742  9282  9305 D 01400/OHOS::ROSEN: RSSurfaceOhosGl: FlushFrame success
03-03 18:24:05.153 26742  9282  9305 D 01400/OHOS::ROSEN: RSRenderThread ProcessCommands size: 1
03-03 18:24:05.153 26742  9282  9282 W 03900/Ace: [scroll_paint_method.cpp(PaintScrollEffect)-(0)] scrollEdgeEffect is null, return on line 53
03-03 18:24:05.153 26742  9282  9305 D 01400/OHOS::ROSEN: RSRenderThread DrawFrame(203173003843598) in GPU
03-03 18:24:05.153 26742  9282  9305 D 01400/OHOS::ROSEN: SetPartialRenderStatus: 1->1, isRenderForced_=0, isEglSetDamageRegion_=1, isOpDropped_=0
03-03 18:24:05.153 26742  9282  9305 D 01400/OHOS::ROSEN: RSSurfaceOhosGl:RequestFrame, width is 1600, height is 2560
03-03 18:24:05.153 26742  9282  9305 D 01402/2DGraphics: SetUpGrContext: grContext has already created!!
03-03 18:24:05.154 26742  9282  9305 D 01402/2DGraphics: AcquireSurface: CreateCanvas successfully!!! (0xb4000077778a7000)
03-03 18:24:05.154 26742  9282  9305 D 01400/OHOS::ROSEN: UpdateDirtyAndSetEGLDamageRegion dirtyRect = [0, 0, 1600, 2560]
03-03 18:24:05.154 26742  9282  9305 D 01400/OHOS::ROSEN: RSRenderThreadVisitor FlushImplicitTransactionFromRT uiTimestamp = 203172987175448
03-03 18:24:05.154 26742  9282  9305 D 01400/OHOS::ROSEN: RSRenderThreadVisitor FlushFrame surfaceNodeId = 39865886441472, uiTimestamp = 203172987175448
03-03 18:24:05.154 26742  9282  9305 D 01402/2DGraphics: RenderFrame: RenderFrame: Canvas is 0xb4000077778a7000
03-03 18:24:05.157 26742  9282  9305 D 01402/2DGraphics: SwapBuffers: SwapBuffers successfully, surface is 0xb40000773f8ed680
03-03 18:24:05.157 26742  9282  9305 D 01400/OHOS::ROSEN: RSSurfaceOhosGl: FlushFrame success
03-03 18:24:05.169 26742  9282  9305 D 01400/OHOS::ROSEN: RSRenderThread ProcessCommands size: 1
03-03 18:24:05.169 26742  9282  9305 D 01400/OHOS::ROSEN: RSRenderThread DrawFrame(203173020508534) in GPU
03-03 18:24:05.169 26742  9282  9305 D 01400/OHOS::ROSEN: SetPartialRenderStatus: 1->1, isRenderForced_=0, isEglSetDamageRegion_=1, isOpDropped_=0
03-03 18:24:05.170 26742  9282  9282 W 03900/Ace: [scroll_paint_method.cpp(PaintScrollEffect)-(0)] scrollEdgeEffect is null, return on line 53
03-03 18:24:05.170 26742  9282  9305 D 01400/OHOS::ROSEN: RSSurfaceOhosGl:RequestFrame, width is 1600, height is 2560
03-03 18:24:05.170 26742  9282  9305 D 01402/2DGraphics: SetUpGrContext: grContext has already created!!
03-03 18:24:05.170 26742  9282  9305 D 01402/2DGraphics: AcquireSurface: CreateCanvas successfully!!! (0xb4000077778a7000)
03-03 18:24:05.170 26742  9282  9305 D 01400/OHOS::ROSEN: UpdateDirtyAndSetEGLDamageRegion dirtyRect = [0, 0, 1600, 2560]
03-03 18:24:05.171 26742  9282  9305 D 01400/OHOS::ROSEN: RSRenderThreadVisitor FlushImplicitTransactionFromRT uiTimestamp = 203173003843598
03-03 18:24:05.171 26742  9282  9305 E LOGLIMIT: process car drop log, threshold:13050
03-03 18:24:05.443  3128       10359 I 00B00/HwMSDPMovementService: handleGetSupportedModule
03-03 18:24:05.444  3128       10359 I 00B00/HwMSDPMovementImpl: mWaitCount  10
03-03 18:24:05.444  3128       10359 I 00B00/HwMSDPMovementImpl: mSupportedModule= 0
03-03 18:24:05.489 26742  9282  9282 I 0FEFE/JsApp: [HTTP] loopOnce running=true inflight=true url=http://192.168.81.100:81/?action=snapshot
03-03 18:24:05.544  2261        2761 E 00202/WifiEnhanceServiceImpl: ctrlHwWifiNetwork pkgName: WIFIPRO_SERVICE interfaceId: 8
03-03 18:24:06.003 26742  9282  9305 D 01400/OHOS::ROSEN: RSRenderThread ProcessCommands size: 1
03-03 18:24:06.003 26742  9282  9305 D 01400/OHOS::ROSEN: RSRenderThread DrawFrame(203173853857912) in GPU
03-03 18:24:06.003 26742  9282  9305 D 01400/OHOS::ROSEN: SetPartialRenderStatus: 1->1, isRenderForced_=0, isEglSetDamageRegion_=1, isOpDropped_=0
03-03 18:24:06.003 26742  9282  9305 D 01400/OHOS::ROSEN: RSSurfaceOhosGl:RequestFrame, width is 1600, height is 2560
03-03 18:24:06.003 26742  9282  9305 D 01402/2DGraphics: SetUpGrContext: grContext has already created!!
03-03 18:24:06.003 26742  9282  9305 D 01402/2DGraphics: AcquireSurface: CreateCanvas successfully!!! (0xb4000077778a7000)
03-03 18:24:06.004 26742  9282  9305 D 01400/OHOS::ROSEN: UpdateDirtyAndSetEGLDamageRegion dirtyRect = [0, 0, 1600, 2560]
03-03 18:24:06.004 26742  9282  9282 I 03900/Ace: [js_view_abstract.cpp(ParseJsMedia)-(0)] input value is not string or number, using PixelMap
03-03 18:24:06.004 26742  9282  9305 D 01400/OHOS::ROSEN: RSRenderThreadVisitor FlushImplicitTransactionFromRT uiTimestamp = 203173837204113
03-03 18:24:06.004 26742  9282  9282 E 03900/Ace: [view_stack_processor.cpp(Finish)-(0)] ViewStackProcessor Finish failed, input empty render or invalid root component
03-03 18:24:06.004 26742  9282  9282 W 03900/Ace: [view_stack_processor.cpp(FlushRerenderTask)-(0)] node is null, return on line 92
03-03 18:24:06.005 26742  9282  9305 D 01400/OHOS::ROSEN: RSRenderThreadVisitor FlushFrame surfaceNodeId = 39865886441472, uiTimestamp = 203173837204113
03-03 18:24:06.005 26742  9282  9305 D 01402/2DGraphics: RenderFrame: RenderFrame: Canvas is 0xb4000077778a7000
03-03 18:24:06.005 26742  9282  9282 W 03900/Ace: [scroll_paint_method.cpp(PaintScrollEffect)-(0)] scrollEdgeEffect is null, return on line 53
03-03 18:24:06.008 26742  9282  9305 D 01402/2DGraphics: SwapBuffers: SwapBuffers successfully, surface is 0xb40000773f8ed680
03-03 18:24:06.009 26742  9282  9305 D 01400/OHOS::ROSEN: RSSurfaceOhosGl: FlushFrame success
03-03 18:24:06.020 26742  9282  9305 D 01400/OHOS::ROSEN: RSRenderThread ProcessCommands size: 1
03-03 18:24:06.020 26742  9282  9282 I 03900/Ace: [image_loading_context.cpp(OnMakeCanvasImage)-(0)] CanvasImage cache miss, start MakeCanvasImage: pixmapID: 0xb40000779a94f780 -> modifyID: 
03-03 18:24:06.020 26742  9282  9305 D 01400/OHOS::ROSEN: RSRenderThread DrawFrame(203173870529762) in GPU
03-03 18:24:06.020 26742  9282  9305 D 01400/OHOS::ROSEN: SetPartialRenderStatus: 1->1, isRenderForced_=0, isEglSetDamageRegion_=1, isOpDropped_=0
03-03 18:24:06.020 26742  9282  9282 W 03900/Ace: [scroll_paint_method.cpp(PaintScrollEffect)-(0)] scrollEdgeEffect is null, return on line 53
03-03 18:24:06.020 26742  9282  9305 D 01400/OHOS::ROSEN: RSSurfaceOhosGl:RequestFrame, width is 1600, height is 2560
03-03 18:24:06.020 26742  9282  9305 D 01402/2DGraphics: SetUpGrContext: grContext has already created!!
03-03 18:24:06.020 26742  9282  9305 D 01402/2DGraphics: AcquireSurface: CreateCanvas successfully!!! (0xb4000077778a7000)
03-03 18:24:06.021 26742  9282  9305 D 01400/OHOS::ROSEN: UpdateDirtyAndSetEGLDamageRegion dirtyRect = [0, 0, 1600, 2560]
03-03 18:24:06.021 26742  9282  9305 D 01400/OHOS::ROSEN: RSRenderThreadVisitor FlushImplicitTransactionFromRT uiTimestamp = 203173853857912
03-03 18:24:06.022 26742  9282  9305 D 01400/OHOS::ROSEN: RSRenderThreadVisitor FlushFrame surfaceNodeId = 39865886441472, uiTimestamp = 203173853857912
03-03 18:24:06.022 26742  9282  9305 D 01402/2DGraphics: RenderFrame: RenderFrame: Canvas is 0xb4000077778a7000
03-03 18:24:06.025 26742  9282  9305 D 01402/2DGraphics: SwapBuffers: SwapBuffers successfully, surface is 0xb40000773f8ed680
03-03 18:24:06.025 26742  9282  9305 D 01400/OHOS::ROSEN: RSSurfaceOhosGl: FlushFrame success
03-03 18:24:06.036 26742  9282  9305 D 01400/OHOS::ROSEN: RSRenderThread ProcessCommands size: 1
03-03 18:24:06.036 26742  9282  9305 D 01400/OHOS::ROSEN: RSRenderThread DrawFrame(203173887190549) in GPU
03-03 18:24:06.036 26742  9282  9305 D 01400/OHOS::ROSEN: SetPartialRenderStatus: 1->1, isRenderForced_=0, isEglSetDamageRegion_=1, isOpDropped_=0
03-03 18:24:06.037 26742  9282  9305 D 01400/OHOS::ROSEN: RSSurfaceOhosGl:RequestFrame, width is 1600, height is 2560
03-03 18:24:06.037 26742  9282  9305 D 01402/2DGraphics: SetUpGrContext: grContext has already created!!
03-03 18:24:06.037 26742  9282  9305 D 01402/2DGraphics: AcquireSurface: CreateCanvas successfully!!! (0xb4000077778a7000)
03-03 18:24:06.037 26742  9282  9305 D 01400/OHOS::ROSEN: UpdateDirtyAndSetEGLDamageRegion dirtyRect = [0, 0, 1600, 2560]
03-03 18:24:06.038 26742  9282  9305 D 01400/OHOS::ROSEN: RSRenderThreadVisitor FlushImplicitTransactionFromRT uiTimestamp = 203173870529762
03-03 18:24:06.038 26742  9282  9305 D 01400/OHOS::ROSEN: RSRenderThreadVisitor FlushFrame surfaceNodeId = 39865886441472, uiTimestamp = 203173870529762
03-03 18:24:06.038 26742  9282  9305 D 01402/2DGraphics: RenderFrame: RenderFrame: Canvas is 0xb4000077778a7000
03-03 18:24:06.042 26742  9282  9305 D 01402/2DGraphics: SwapBuffers: SwapBuffers successfully, surface is 0xb40000773f8ed680
03-03 18:24:06.042 26742  9282  9305 D 01400/OHOS::ROSEN: RSSurfaceOhosGl: FlushFrame success
03-03 18:24:06.051 26742  9282  9282 I 03900/Ace: [js_view_abstract.cpp(ParseBorderStyle)-(0)] args(undefined) is invalid, use default value.
03-03 18:24:06.063 27399     6    61 I 01300/AppexecfwkCore: [app_mgr_stub.cpp(OnRemoteRequest:119)]AppMgrStub::OnReceived, code = 27, flags= 0.
03-03 18:24:06.063 27399     6    61 I 01300/AppMgrService: [app_mgr_service_inner.cpp(NotifyMemoryLevel:798)]AppMgrServiceInner start
03-03 18:24:06.063 27399     6    61 D 01300/AbilityManagerService: [permission_verification.cpp(IsSACall:43)]IsSACall: is called.
03-03 18:24:06.063 27399     6    61 D 01300/AbilityManagerService: [permission_verification.cpp(GetCallingTokenID:297)]callerToken : <private>
03-03 18:24:06.063 27399     6    61 D 02F01/AccessTokenKit: [GetTokenTypeFlag]:called, tokenID=1000
03-03 18:24:06.063 27399     6    61 D 01300/AbilityManagerService: [permission_verification.cpp(IsSACall:50)]Not SA called.
03-03 18:24:06.063 27399     6    61 D 01300/AbilityManagerService: [permission_verification.cpp(VerifyCallingPermission:30)]VerifyCallingPermission permission ohos.permission.MANAGER_ABILITY_FROM_GATEWAY
03-03 18:24:06.063 27399     6    61 D 01300/AbilityManagerService: [permission_verification.cpp(GetCallingTokenID:297)]callerToken : <private>
03-03 18:24:06.063 27399     6    61 D 02F01/AccessTokenKit: [VerifyAccessToken]:called, tokenID=1000, permissionName=ohos.permission.MANAGER_ABILITY_FROM_GATEWAY
03-03 18:24:06.063 26742  9282  9282 W 03900/Ace: [text_field_pattern.cpp(UpdateCaretPosition)-(0)] Not on focus, cannot update caret
03-03 18:24:06.063 27404     9     9 D 02F01/ATMStub: [OnRemoteRequest]:code 65296 token 672050185
03-03 18:24:06.064 27404     9     9 I 02F01/PermissionManagerImpl: [VerifyAccessToken]:VerifyAccessToken called, tokenID: 1000, permissionName: ohos.permission.MANAGER_ABILITY_FROM_GATEWAY
03-03 18:24:06.064 27404     9     9 I 02F01/PermissionManagerImpl: [VerifyAccessToken]:caller in white list is granted
03-03 18:24:06.064 27404     9     9 D 02F01/ATMServ: [VerifyAccessToken]:tokenID: 1000, permission: ohos.permission.MANAGER_ABILITY_FROM_GATEWAY, res 0
03-03 18:24:06.064 27399     6    61 D 02F01/ATMProxy: [VerifyAccessToken]:result from server data = 0
03-03 18:24:06.064 27399     6    61 D 01300/AbilityManagerService: [permission_verification.cpp(VerifyCallingPermission:37)]verify AccessToken success
03-03 18:24:06.064 27399     6    61 D 01300/AbilityManagerService: [permission_verification.cpp(IsGatewayCall:70)]IsGatewayCall: Permission verification succeeded.
03-03 18:24:06.064 27399     6    61 I 01300/AppMgrService: [app_running_manager.cpp(NotifyMemoryLevel:569)]call NotifyMemoryLevel, current app size 1
03-03 18:24:06.064 27399     6    61 I 01300/AppMgrService: [app_running_manager.cpp(NotifyMemoryLevel:572)]Notification app [com.example.car]
03-03 18:24:06.064 26742  9282  9282 W 03900/Ace: [scroll_paint_method.cpp(PaintScrollEffect)-(0)] scrollEdgeEffect is null, return on line 53
03-03 18:24:06.064 26742  9282  9284 I 01300/AppexecfwkCore: [app_scheduler_host.cpp(OnRemoteRequest:72)]AppSchedulerHost::OnReceived, code = 13, flags= 1.
03-03 18:24:06.064 26742  9282  9284 D 01300/Appkit: [main_thread.cpp(ScheduleMemoryLevel:456)]ScheduleMemoryLevel level: 0
03-03 18:24:06.064 26742  9282  9284 D 01300/Appkit: [main_thread.cpp(ScheduleMemoryLevel:469)]MainThread::ScheduleMemoryLevel level: 0 end.
03-03 18:24:06.064  2261        2335 D 01510/IPCJni: Java_ohos_rpc_RemoteProxy_nativeSendRequest 818: success
03-03 18:24:06.067 26742  9282  9282 D 01300/Appkit: [main_thread.cpp(HandleMemoryLevel:1684)]MainThread::HandleMemoryLevel called start.
03-03 18:24:06.067 26742  9282  9282 D 01300/Appkit: [ohos_application.cpp(OnMemoryLevel:447)]OHOSApplication::OnMemoryLevel: called
03-03 18:24:06.067 26742  9282  9282 D 01300/Appkit: [ohos_application.cpp(OnMemoryLevel:450)]Number of ability to be notified : [1]
03-03 18:24:06.067 26742  9282  9282 I 01300/Appkit: [ability_record_mgr.cpp(GetAbilityItem:135)]AbilityRecordMgr::GetAbilityItem : the ability found
03-03 18:24:06.067 26742  9282  9282 D 01300/Ability: [ability_thread.cpp(NotifyMemoryLevel:1180)]NotifyMemoryLevel, result:0
03-03 18:24:06.067 26742  9282  9282 D 01300/Ability: [ability_thread.cpp(NotifyMemoryLevel:1190)]AbilityThread is an ability
03-03 18:24:06.067 26742  9282  9282 I 01300/Ability: [ability.cpp(OnMemoryLevel:591)]OnMemoryLevel start.
03-03 18:24:06.067 26742  9282  9282 I 04200/WindowScene: <186>NotifyMemoryLevel: Notify memory level: 0
03-03 18:24:06.067 26742  9282  9282 D 04200/WindowImpl: <3203>NotifyMemoryLevel: [Client] Window id: 91, notify memory level: 0
03-03 18:24:06.067 26742  9282  9282 I 03900/Ace: [ui_content_impl.cpp(NotifyMemoryLevel)-(-1)] Receive Memory level notification, level: 0
03-03 18:24:06.067 26742  9282  9282 I 03900/Ace: [pipeline_context.cpp(NotifyMemoryLevel)-(0)] PipelineContext: NotifyMemoryLevel called
03-03 18:24:06.067 26742  9282  9282 I 03900/Ace: [image_pattern.cpp(OnNotifyMemoryLevel)-(0)] Receive Memory level notification, level: 0
03-03 18:24:06.067 26742  9282  9282 I 03900/Ace: [image_pattern.cpp(OnNotifyMemoryLevel)-(0)] Receive Memory level notification, level: 0
03-03 18:24:06.067 26742  9282  9282 D 01300/Ability: [js_ability.cpp(OnMemoryLevel:705)]OnMemoryLevel called.
03-03 18:24:06.067 26742  9282  9282 D 01300/Ability: [js_ability.cpp(CallObjectMethod:833)]JsAbility::CallObjectMethod(onMemoryLevel
03-03 18:24:06.067 26742  9282  9282 D 01300/Appkit: [ohos_application.cpp(OnMemoryLevel:459)]Number of abilityStage to be notified : [1]
03-03 18:24:06.067 26742  9282  9282 D 01300/Appkit: [js_ability_stage.cpp(OnMemoryLevel:266)]OnMemoryLevel called.
03-03 18:24:06.067 26742  9282  9282 D 01300/Appkit: [ability_stage.cpp(OnMemoryLevel:104)]OnMemoryLevel called.
03-03 18:24:06.067 26742  9282  9282 W 01300/Appkit: [js_ability_stage.cpp(OnMemoryLevel:270)]Not found AbilityStage.js
03-03 18:24:06.067 26742  9282  9282 D 01300/Appkit: [ohos_application.cpp(OnMemoryLevel:467)]OHOSApplication::OnMemoryLevel: called
03-03 18:24:06.067 26742  9282  9282 D 01300/Appkit: [main_thread.cpp(HandleMemoryLevel:1692)]MainThread::HandleMemoryLevel called end.
03-03 18:24:06.067 26742  9282  9282 W 03900/Ace: [scroll_paint_method.cpp(PaintScrollEffect)-(0)] scrollEdgeEffect is null, return on line 53
03-03 18:24:06.070 26742  9282  9305 D 01400/OHOS::ROSEN: RSRenderThread ProcessCommands size: 2
03-03 18:24:06.070 26742  9282  9305 D 01400/OHOS::ROSEN: RSRenderThread DrawFrame(203173920523264) in GPU
03-03 18:24:06.070 26742  9282  9305 D 01400/OHOS::ROSEN: SetPartialRenderStatus: 1->1, isRenderForced_=0, isEglSetDamageRegion_=1, isOpDropped_=0
03-03 18:24:06.070 26742  9282  9305 D 01400/OHOS::ROSEN: RSSurfaceOhosGl:RequestFrame, width is 1600, height is 2560
03-03 18:24:06.070 26742  9282  9305 D 01402/2DGraphics: SetUpGrContext: grContext has already created!!
03-03 18:24:06.071 26742  9282  9305 D 01402/2DGraphics: AcquireSurface: CreateCanvas successfully!!! (0xb4000077778a7000)
03-03 18:24:06.071 26742  9282  9305 D 01400/OHOS::ROSEN: UpdateDirtyAndSetEGLDamageRegion dirtyRect = [0, 0, 1600, 2560]
03-03 18:24:06.071 26742  9282  9305 D 01400/OHOS::ROSEN: RSRenderThreadVisitor FlushImplicitTransactionFromRT uiTimestamp = 203173903857103
03-03 18:24:06.071 26742  9282  9305 D 01400/OHOS::ROSEN: RSRenderThreadVisitor FlushFrame surfaceNodeId = 39865886441472, uiTimestamp = 203173903857103
03-03 18:24:06.071 26742  9282  9305 D 01402/2DGraphics: RenderFrame: RenderFrame: Canvas is 0xb4000077778a7000
03-03 18:24:06.074 26742  9282  9305 D 01402/2DGraphics: SwapBuffers: SwapBuffers successfully, surface is 0xb40000773f8ed680
03-03 18:24:06.074 26742  9282  9305 D 01400/OHOS::ROSEN: RSSurfaceOhosGl: FlushFrame success
03-03 18:24:06.240 26742  9282  9282 D 03F00/ArkCompiler: [gc] AddRegion:24 Add region:0x7776c80000 to semi space
03-03 18:24:06.243 26742  9282  9282 I 03900/Ace: [js_view_abstract.cpp(ParseBorderStyle)-(0)] args(undefined) is invalid, use default value.
03-03 18:24:06.250 26742  9282  9282 W 03900/Ace: [text_field_pattern.cpp(UpdateCaretPosition)-(0)] Not on focus, cannot update caret
03-03 18:24:06.251 26742  9282  9282 W 03900/Ace: [scroll_paint_method.cpp(PaintScrollEffect)-(0)] scrollEdgeEffect is null, return on line 53
03-03 18:24:06.253 26742  9282  9282 D 03F00/ArkCompiler: [gc] markingInProgress_0
03-03 18:24:06.253 26742  9282  9282 D 03F00/ArkCompiler: [gc] No ongoing Concurrent marking. Initializing...
03-03 18:24:06.253 26742  9282  9305 D 01400/OHOS::ROSEN: RSRenderThread ProcessCommands size: 1
03-03 18:24:06.253 26742  9282  9305 D 01400/OHOS::ROSEN: RSRenderThread DrawFrame(203174103852915) in GPU
03-03 18:24:06.254 26742  9282  9305 D 01400/OHOS::ROSEN: SetPartialRenderStatus: 1->1, isRenderForced_=0, isEglSetDamageRegion_=1, isOpDropped_=0
03-03 18:24:06.254 26742  9282  9305 D 01400/OHOS::ROSEN: RSSurfaceOhosGl:RequestFrame, width is 1600, height is 2560
03-03 18:24:06.254 26742  9282  9305 D 01402/2DGraphics: SetUpGrContext: grContext has already created!!
03-03 18:24:06.254 26742  9282  9305 D 01402/2DGraphics: AcquireSurface: CreateCanvas successfully!!! (0xb4000077778a7000)
03-03 18:24:06.254 26742  9282  9305 D 01400/OHOS::ROSEN: UpdateDirtyAndSetEGLDamageRegion dirtyRect = [0, 0, 1600, 2560]
03-03 18:24:06.254 26742  9282  9305 D 01400/OHOS::ROSEN: RSRenderThreadVisitor FlushImplicitTransactionFromRT uiTimestamp = 203174087186745
03-03 18:24:06.254 26742  9282  9305 D 01400/OHOS::ROSEN: RSRenderThreadVisitor FlushFrame surfaceNodeId = 39865886441472, uiTimestamp = 203174087186745
03-03 18:24:06.254 26742  9282  9305 D 01402/2DGraphics: RenderFrame: RenderFrame: Canvas is 0xb4000077778a7000
03-03 18:24:06.256 26742  9282  9282 D 03F00/ArkCompiler: [gc] AddRegion:24 Add region:0x7776d40000 to semi space
03-03 18:24:06.256 26742  9282  9282 D 03F00/ArkCompiler: [gc] RemoveRegion:32 Remove region:0x7776b80000 to old space
03-03 18:24:06.256 26742  9282  9282 D 03F00/ArkCompiler: [gc] AddRegion:24 Add region:0x7776b80000 to unknown space
03-03 18:24:06.256 26742  9282  9305 D 01402/2DGraphics: SwapBuffers: SwapBuffers successfully, surface is 0xb40000773f8ed680
03-03 18:24:06.256 26742  9282  9305 D 01400/OHOS::ROSEN: RSSurfaceOhosGl: FlushFrame success
03-03 18:24:06.256 26742  9282  9282 D 03F00/ArkCompiler: [gc] AddRegion:24 Add region:0x7730080000 to unknown space
03-03 18:24:06.256 26742  9282  9282 D 03F00/ArkCompiler: [gc] RemoveRegion:32 Remove region:0x7776b80000 to unknown space
03-03 18:24:06.256 26742  9282  9282 D 03F00/ArkCompiler: [gc] AddRegion:24 Add region:0x7776b80000 to old space
03-03 18:24:06.256 26742  9282  9282 D 03F00/ArkCompiler: [gc] RemoveRegion:32 Remove region:0x7730080000 to unknown space
03-03 18:24:06.256 26742  9282  9282 D 03F00/ArkCompiler: [gc] AddRegion:24 Add region:0x7730080000 to old space
03-03 18:24:06.256 26742  9282  9282 D 03F00/ArkCompiler: [gc] UpdatePointers statistic: younge space region compact moving count:0younge space region compact coping count:1old space region count:17
03-03 18:24:06.257 26742  9282  9282 D 03F00/ArkCompiler: [gc] PartialGC::RunPhases 4.008
03-03 18:24:06.257 26742  9282  9282 I 015B0/NetMgrSubsystem: NETSTACK [http_module.cpp 59] http request handle is finalized
03-03 18:24:06.257 26742  9282  9289 D 03F00/ArkCompiler: [gc] ClearAndFreeRegion:50 Clear region from:0x7776a00000 to semi space
03-03 18:24:06.257 26742  9282  9282 I 015B0/NetMgrSubsystem: NETSTACK [http_module.cpp 59] http request handle is finalized
03-03 18:24:06.257 26742  9282  9289 D 03F00/ArkCompiler: [gc] ClearAndFreeRegion:50 Clear region from:0x777a300000 to semi space
03-03 18:24:06.257 26742  9282  9289 D 03F00/ArkCompiler: [gc] ClearAndFreeRegion:50 Clear region from:0x77769c0000 to semi space
03-03 18:24:06.257 26742  9282  9289 D 03F00/ArkCompiler: [gc] ClearAndFreeRegion:50 Clear region from:0x777a100000 to semi space
03-03 18:24:06.257 26742  9282  9289 D 03F00/ArkCompiler: [gc] ClearAndFreeRegion:50 Clear region from:0x777a180000 to semi space
03-03 18:24:06.257 26742  9282  9289 D 03F00/ArkCompiler: [gc] ClearAndFreeRegion:50 Clear region from:0x777a200000 to semi space
03-03 18:24:06.257 26742  9282  9289 D 03F00/ArkCompiler: [gc] ClearAndFreeRegion:50 Clear region from:0x777a240000 to semi space
03-03 18:24:06.257 26742  9282  9289 D 03F00/ArkCompiler: [gc] ClearAndFreeRegion:50 Clear region from:0x777a2c0000 to semi space
03-03 18:24:06.257 26742  9282  9289 D 03F00/ArkCompiler: [gc] ClearAndFreeRegion:50 Clear region from:0x777a080000 to semi space
03-03 18:24:06.258 26742  9282  9289 D 03F00/ArkCompiler: [gc] ClearAndFreeRegion:50 Clear region from:0x7776bc0000 to semi space
03-03 18:24:06.258 26742  9282  9289 D 03F00/ArkCompiler: [gc] ClearAndFreeRegion:50 Clear region from:0x7776cc0000 to semi space
03-03 18:24:06.258 26742  9282  9289 D 03F00/ArkCompiler: [gc] ClearAndFreeRegion:50 Clear region from:0x7776d00000 to semi space
03-03 18:24:06.258 26742  9282  9289 D 03F00/ArkCompiler: [gc] ClearAndFreeRegion:50 Clear region from:0x7776c00000 to semi space
03-03 18:24:06.258 26742  9282  9289 D 03F00/ArkCompiler: [gc] ClearAndFreeRegion:50 Clear region from:0x7776c80000 to semi space
03-03 18:24:06.328  2261        2679 I 00202/HwWifiScoreReportEx: Score = 60, wifiConnectivityManagerEnabled = false, lowScoreCount = 0
03-03 18:24:06.446  3128       10359 I 00B00/HwMSDPMovementService: handleGetSupportedModule
03-03 18:24:06.447  3128       10359 I 00B00/HwMSDPMovementImpl: mWaitCount  10
03-03 18:24:06.447  3128       10359 I 00B00/HwMSDPMovementImpl: mSupportedModule= 0
03-03 18:24:06.451 26742  9282  9282 I 03900/Ace: [js_view_abstract.cpp(ParseBorderStyle)-(0)] args(undefined) is invalid, use default value.
03-03 18:24:06.463 26742  9282  9282 W 03900/Ace: [text_field_pattern.cpp(UpdateCaretPosition)-(0)] Not on focus, cannot update caret
03-03 18:24:06.464 26742  9282  9282 W 03900/Ace: [scroll_paint_method.cpp(PaintScrollEffect)-(0)] scrollEdgeEffect is null, return on line 53
03-03 18:24:06.469 26742  9282  9305 D 01400/OHOS::ROSEN: RSRenderThread ProcessCommands size: 1
03-03 18:24:06.470 26742  9282  9305 D 01400/OHOS::ROSEN: RSRenderThread DrawFrame(203174320514296) in GPU
03-03 18:24:06.470 26742  9282  9305 D 01400/OHOS::ROSEN: SetPartialRenderStatus: 1->1, isRenderForced_=0, isEglSetDamageRegion_=1, isOpDropped_=0
03-03 18:24:06.470 26742  9282  9305 D 01400/OHOS::ROSEN: RSSurfaceOhosGl:RequestFrame, width is 1600, height is 2560
03-03 18:24:06.470 26742  9282  9305 D 01402/2DGraphics: SetUpGrContext: grContext has already created!!
03-03 18:24:06.470 26742  9282  9305 D 01402/2DGraphics: AcquireSurface: CreateCanvas successfully!!! (0xb4000077778a7000)
03-03 18:24:06.470 26742  9282  9305 D 01400/OHOS::ROSEN: UpdateDirtyAndSetEGLDamageRegion dirtyRect = [0, 0, 1600, 2560]
03-03 18:24:06.471 26742  9282  9305 D 01400/OHOS::ROSEN: RSRenderThreadVisitor FlushImplicitTransactionFromRT uiTimestamp = 203174287181936
03-03 18:24:06.471 26742  9282  9305 D 01400/OHOS::ROSEN: RSRenderThreadVisitor FlushFrame surfaceNodeId = 39865886441472, uiTimestamp = 203174287181936
03-03 18:24:06.471 26742  9282  9305 D 01402/2DGraphics: RenderFrame: RenderFrame: Canvas is 0xb4000077778a7000
03-03 18:24:06.472 26742  9282  9305 D 01402/2DGraphics: SwapBuffers: SwapBuffers successfully, surface is 0xb40000773f8ed680
03-03 18:24:06.473 26742  9282  9305 D 01400/OHOS::ROSEN: RSSurfaceOhosGl: FlushFrame success
03-03 18:24:06.489 26742  9282  9282 I 0FEFE/JsApp: [HTTP] loopOnce running=true inflight=false url=http://192.168.81.100:81/?action=snapshot
03-03 18:24:06.489 26742  9282  9282 I 015B0/NetMgrSubsystem: NETSTACK [request_context.cpp 282] Do not use http proxy
03-03 18:24:06.489 26742  9282  9282 I 015B0/NetMgrSubsystem: NETSTACK [request_context.cpp 224] no extraData
03-03 18:24:06.499 26742  9282  9282 I 02B2B/AVPlayerNapi: {JsReset():532} JsReset In
03-03 18:24:06.499 26742  9282  9282 D 02B2B/CommonNapi: {MediaAsyncContext():515} MediaAsyncContext Create 0xA85860
03-03 18:24:06.499 26742  9282  9282 D 02B2B/CommonNapi: {CreatePromise():276} napi_create_promise
03-03 18:24:06.499 26742  9282  9282 I 02B2B/TaskQueue: {CancelNotExecutedTaskLocked():115} All task not executed are being cancelled..........[AVPlayerNapi]
03-03 18:24:06.499 26742  9282  9282 I 02B2B/AVPlayerNapi: {JsReset():563} JsReset Out
03-03 18:24:06.499 26742  9282  9304 I 02B2B/AVPlayerNapi: {operator()():555} Wait Reset Task Start
03-03 18:24:06.499 26742  9282  9315 I 02B2B/AVPlayerNapi: {operator()():493} Reset Task In
03-03 18:24:06.499 26742  9282  9315 I 02B2B/AVPlayerNapi: {operator()():502} current state is idle, invalid operation
03-03 18:24:06.499 26742  9282  9315 I 02B2B/AVPlayerNapi: {operator()():515} Reset Task Out
03-03 18:24:06.499 26742  9282  9304 I 02B2B/AVPlayerNapi: {operator()():557} Wait Reset Task Stop
03-03 18:24:06.499 26742  9282  9282 D 01300/Runtime: [js_runtime.cpp(OnReadable:428)]UvLoopHandler::OnReadable is triggered
03-03 18:24:06.499 26742  9282  9282 E LOGLIMIT: process car drop log, threshold:13050
03-03 18:24:06.657  1875        2032 I 02D10/Faultlogger: Dump: DumpRequest: detail:<private>, list:<private>, file:<private>, name:<private>, time:-<private>
03-03 18:24:06.833 28118  9355  9355 I 01510/BinderConnector: 101: <private>:succ to open, fd=4
03-03 18:24:06.833 28118  9355  9355 D 01510/IPCWorkThreadPool: 58: SpawnThread Name= IPC_0
03-03 18:24:06.834 28118  9355  9355 D 01510/IPCWorkThreadPool: 70: SpawnThread, now idleThreadNum_ =<private>
03-03 18:24:06.834 28118  9355  9355 D 01510/IPCWorkThread: 106: create thread, policy=<private>, proto=<private>
03-03 18:24:06.834 28118  9355  9356 D 01510/IPCWorkThread: 60: proto_=0,policy_=1, name: IPC_0_9356, ret: 0
03-03 18:24:06.834 28118  9355  9356 D 01510/IPCWorkThreadPool: 58: SpawnThread Name= IPC_1
03-03 18:24:06.834 28118  9355  9356 D 01510/IPCWorkThreadPool: 70: SpawnThread, now idleThreadNum_ =<private>
03-03 18:24:06.834 28118  9355  9356 D 01510/IPCWorkThread: 106: create thread, policy=<private>, proto=<private>
03-03 18:24:06.834 28118  9355  9357 D 01510/IPCWorkThread: 60: proto_=0,policy_=0, name: IPC_1_9357, ret: 0
03-03 18:24:06.835 28118  9355  9355 E 01510/BinderInvoker: 127: SendRequest: handle=0 result = -74
03-03 18:24:06.835 28118  9355  9355 E 01510/IPCObjectProxy: 558: GET_PROTO_INFO transact return error = -74
03-03 18:24:06.835 28118  9355  9355 I 01800/SA_CLIENT: <private> called, get samgr in half-container
03-03 18:24:06.835 28118  9355  9355 I 01800/SA_CLIENT: CheckService called
03-03 18:24:06.835 28118  9355  9355 I 01800/SA_CLIENT: CheckService  available parcel size:<private>, err:0
03-03 18:24:06.835 28118  9355  9355 I 01800/SA_CLIENT: CheckService  exception from reply 0
03-03 18:24:06.836   907         907 D 01510/IPCObjectStub: ProcessProto 60: normal stub object, desc:OHOS.ISystemAbilityManager
03-03 18:24:06.836 28118  9355  9355 D 01800/SA_CLIENT: CheckSystemAbility called
03-03 18:24:06.836   907         907 I 01800/SAM: C:2
03-03 18:24:06.836   907         907 I 01800/SAM: F:11212.
03-03 18:24:06.837   720  3730  3730 D 01510/IPCObjectStub: 390: IPCObjectStub::ProcessProto called, type = 0, normal stub object
03-03 18:24:06.837 28118  9355  9355 D 02902/DumperClient: Connect# debug|connected
03-03 18:24:06.837   720  3730  3730 D 02901/DumperZIDL: OnRemoteRequest# debug|RequestFileFdStub
03-03 18:24:06.837   720  3730  3730 D 02903/DumperService: Request# debug|sum=0
03-03 18:24:06.837   720  3730  3730 D 02900/DumperCommon: Init# Init enter|
03-03 18:24:06.838   720  3730  3730 D 02900/DumperCommon: EraseLogs# EraseLogs enter|
03-03 18:24:06.838   720  3730  3730 D 02900/DumperCommon: EraseLogs# EraseLogs debug|sum=-10
03-03 18:24:06.838   720  3730  3730 D 02900/DumperCommon: EraseLogs# EraseLogs leave|
03-03 18:24:06.838   720  3730  3730 D 02900/DumperCommon: Init# Init leave|
03-03 18:24:06.838   720  3730  3730 D 02903/DumperService: Request# enter|
03-03 18:24:06.838   720  3730  3730 D 02903/DumperService: AddRequestRawParam# debug|requestId=527, calllingUid=2000, calllingPid=9355
03-03 18:24:06.838   720  3730  3730 D 02903/DumperService: RawParam# create|pid=9355, reqId=527
03-03 18:24:06.838   720  3730  3730 D 02903/DumperService: Init# enter|
03-03 18:24:06.838   720  3730  3730 D 02903/DumperService: Init# debug|argc=5
03-03 18:24:06.838   720  3730  3730 D 02903/DumperService: Init# leave|true
03-03 18:24:06.838   720  3730  3730 D 02903/DumperService: RequestMain# enter|
03-03 18:24:06.838   720  3730  3730 D 02900/DumperCommon: CreateTmpFolder# CreateTmpFolder enter|id=527
03-03 18:24:06.839   720  3730  3730 D 02900/DumperCommon: CreateTmpFolder# CreateTmpFolder leave|ret=/data/log/hidumper/tmp/527/, res=[1]
03-03 18:24:06.839   720  3730  3730 D 02903/DumperService: RequestMain# debug|enter task, argC=5
03-03 18:24:06.839   720  3730  3730 D 02903/DumperService: RequestMain# debug|argV[0]=hidumper
03-03 18:24:06.839   720  3730  3730 D 02903/DumperService: RequestMain# debug|argV[1]=-s
03-03 18:24:06.839   720  3730  3730 D 02903/DumperService: RequestMain# debug|argV[2]=11201
03-03 18:24:06.839   720  3730  3730 D 02903/DumperService: RequestMain# debug|argV[3]=-a
03-03 18:24:06.839   720  3730  3730 D 02903/DumperService: RequestMain# debug|argV[4]=-p Faultlogger
03-03 18:24:06.839   720  3730  3730 D 02900/DumperCommon: DumperParameter# enter|
03-03 18:24:06.839   720  3730  3730 D 02900/DumperCommon: DumperParameter# leave|
03-03 18:24:06.839   720  3730  3730 D 02900/DumperCommon: CmdParseWithParameter# enter|
03-03 18:24:06.839   720  3730  3730 D 02900/DumperCommon: SetCmdParameter# debug|SetCmdParameter optind is 3 argc is  5
03-03 18:24:06.839   720  3730  3730 D 02900/DumperCommon: CmdParseWithParameter# leave|ret=0
03-03 18:24:06.839   720  3730  3730 D 02900/DumperCommon: GetDumperConfigs# enter|
03-03 18:24:06.839   720  3730  3730 D 02900/DumperCommon: GetDumperConfigs# enter|
03-03 18:24:06.842   720  3730  3730 D 02900/DumperCommon: GetDumperConfigs# debug|pidInfos=12, cpuInfos=8
03-03 18:24:06.842   720  3730  3730 D 02900/DumperCommon: HandleDumpAbility# debug|ability
03-03 18:24:06.842   720  3730  3730 D 02900/DumperCommon: GetConfig# debug|group, name=group_ability
03-03 18:24:06.842   720  3730  3730 D 02900/DumperCommon: GetDumperConfigs# debug|dumpCfgs=3
03-03 18:24:06.842   720  3730  3730 D 02900/DumperCommon: GetDumperConfigs# leave|
03-03 18:24:06.842   720  3730  3730 D 02900/DumperCommon: Dump# debug|*********[0]********
03-03 18:24:06.842   720  3730  3730 D 02900/DumperCommon: Dump# debug|section=, class=1[group], level=0[none], name=group_ability, type=0[none], expand_=0, target=, desc=group of ability dumper, filterCfg=
03-03 18:24:06.842   720  3730  3730 D 02900/DumperCommon: Dump# debug|*********[0]********
03-03 18:24:06.842   720  3730  3730 D 02900/DumperCommon: Dump# debug|section=ability, class=11[sa_dumper], level=0[none], name=dumper_system_ability, type=0[none], expand_=0, target=ability, desc=System Ability Information, filterCfg=
03-03 18:24:06.842   720  3730  3730 D 02900/DumperCommon: Dump# debug|    names[0]=11201
03-03 18:24:06.842   720  3730  3730 D 02900/DumperCommon: Dump# debug|    args[0]=-p
03-03 18:24:06.842   720  3730  3730 D 02900/DumperCommon: Dump# debug|    args[1]=Faultlogger
03-03 18:24:06.842   720  3730  3730 D 02900/DumperCommon: Dump# debug|parent...name=group_ability, desc=group of ability dumper
03-03 18:24:06.842   720  3730  3730 D 02900/DumperCommon: Dump# debug|*********[0]********
03-03 18:24:06.842   720  3730  3730 D 02900/DumperCommon: Dump# debug|section=, class=22[fd_output], level=0[none], name=, type=0[none], expand_=0, target=, desc=, filterCfg=
03-03 18:24:06.843   720  3730  3730 D 02900/DumperCommon: Dump# debug|parent...name=group_ability, desc=group of ability dumper
03-03 18:24:06.843   720  3730  3730 D 02900/DumperCommon: GetDumperConfigs# leave|ret=0
03-03 18:24:06.843   720  3730  3730 D 02900/DumperCommon: Main# debug|Main configs size is 3
03-03 18:24:06.843   720  3730  3730 D 01800/SA_CLIENT: CheckSystemAbility called
03-03 18:24:06.843   907         907 I 01800/SAM: C:2
03-03 18:24:06.843   907         907 I 01800/SAM: GetRealContainerSaId saId:11201 is not in map
03-03 18:24:06.843   907         907 I 01800/SAM: F:11201.
03-03 18:24:06.843 27398     5     5 D 01510/IPCObjectStub: 390: IPCObjectStub::ProcessProto called, type = 0, normal stub object
03-03 18:24:06.844 27398     5     5 D 02F01/AccessTokenKit: [VerifyAccessToken]:called, tokenID=2000, permissionName=ohos.permission.DUMP
03-03 18:24:06.844 27404     9     9 D 02F01/ATMStub: [OnRemoteRequest]:code 65296 token 671972893
03-03 18:24:06.844 27404     9     9 I 02F01/PermissionManagerImpl: [VerifyAccessToken]:VerifyAccessToken called, tokenID: 2000, permissionName: ohos.permission.DUMP
03-03 18:24:06.844 27404     9     9 I 02F01/PermissionManagerImpl: [VerifyAccessToken]:caller in white list is granted.permissionName: <private>
03-03 18:24:06.844 27404     9     9 D 02F01/ATMServ: [VerifyAccessToken]:tokenID: 2000, permission: ohos.permission.DUMP, res 0
03-03 18:24:06.844 27398     5     5 D 02F01/ATMProxy: [VerifyAccessToken]:result from server data = 0
03-03 18:24:06.844 27398     5     5 I 02D10/Faultlogger: Dump: DumpRequest: detail:<private>, list:<private>, file:<private>, name:<private>, time:-<private>
03-03 18:24:06.847   720  3730  3730 D 02900/DumperCommon: ~DumperParameter# enter|
03-03 18:24:06.847   720  3730  3730 D 02900/DumperCommon: ~DumperParameter# leave|
03-03 18:24:06.847   720  3730  3730 D 02903/DumperService: RequestMain# debug|leave task
03-03 18:24:06.847   720  3730  3730 D 02900/DumperCommon: EraseTmpFolder# EraseTmpFolder enter|id=527
03-03 18:24:06.847   720  3730  3730 D 02900/DumperCommon: EraseTmpFolder# EraseTmpFolder leave|ret=[1]
03-03 18:24:06.847   720  3730  3730 D 02900/DumperCommon: EraseLogs# EraseLogs enter|
03-03 18:24:06.847   720  3730  3730 D 02900/DumperCommon: EraseLogs# EraseLogs debug|sum=-10
03-03 18:24:06.847   720  3730  3730 D 02900/DumperCommon: EraseLogs# EraseLogs leave|
03-03 18:24:06.847   720  3730  3730 D 02903/DumperService: CloseOutputFd# enter|outfd=9
03-03 18:24:06.848   720  3730  3730 D 02903/DumperService: CloseOutputFd# debug|outfd=9
03-03 18:24:06.848   720  3730  3730 D 02903/DumperService: CloseOutputFd# leave|outfd=-1
03-03 18:24:06.848   720  3730  3730 D 02903/DumperService: EraseRequestRawParam# enter|
03-03 18:24:06.848   720  3730  3730 D 02903/DumperService: EraseRequestRawParam# debug|requestId=527
03-03 18:24:06.848   720  3730  3730 D 02903/DumperService: EraseRequestRawParam# debug|erase
03-03 18:24:06.848   720  3730  3730 D 02903/DumperService: EraseRequestRawParam# leave|
03-03 18:24:06.848   720  3730  3730 D 02903/DumperService: RequestMain# leave|
03-03 18:24:06.848   720  3730  3730 D 02903/DumperService: Request# leave|ret=0
03-03 18:24:06.848   720  3730  3730 D 02903/DumperService: ~RawParam# release|pid=9355, reqId=527
03-03 18:24:06.848   720  3730  3730 D 02903/DumperService: Uninit# enter|
03-03 18:24:06.848   720  3730  3730 D 02903/DumperService: CloseOutputFd# enter|outfd=-1
03-03 18:24:06.848   720  3730  3730 D 02903/DumperService: CloseOutputFd# leave|outfd=-1
03-03 18:24:06.848   720  3730  3730 D 02903/DumperService: Uninit# leave|
03-03 18:24:06.848 28118  9355  9355 D 02902/DumperClient: Request# debug|ret=0
03-03 18:24:06.918 27365       27854 I 00800/Gallery2_Common_StorageService: [checkStorageUseage] total LCD count: 17, max count limit : 20000
03-03 18:24:06.924 27365       27854 I 00800/Gallery2_cloud_DownloadUtils: storage size: 106G
03-03 18:24:06.926 27365       27854 I 00800/Gallery2_DistributeShared_LcdClean: distributed lcd count 0
03-03 18:24:07.000 27399     6    61 I 01300/AppexecfwkCore: [app_mgr_stub.cpp(OnRemoteRequest:119)]AppMgrStub::OnReceived, code = 27, flags= 0.
03-03 18:24:07.000 27399     6    61 I 01300/AppMgrService: [app_mgr_service_inner.cpp(NotifyMemoryLevel:798)]AppMgrServiceInner start
03-03 18:24:07.000 27399     6    61 D 01300/AbilityManagerService: [permission_verification.cpp(IsSACall:43)]IsSACall: is called.
03-03 18:24:07.001 27399     6    61 D 01300/AbilityManagerService: [permission_verification.cpp(GetCallingTokenID:297)]callerToken : <private>
03-03 18:24:07.001 27399     6    61 D 02F01/AccessTokenKit: [GetTokenTypeFlag]:called, tokenID=1000
03-03 18:24:07.001 27399     6    61 D 01300/AbilityManagerService: [permission_verification.cpp(IsSACall:50)]Not SA called.
03-03 18:24:07.001 27399     6    61 D 01300/AbilityManagerService: [permission_verification.cpp(VerifyCallingPermission:30)]VerifyCallingPermission permission ohos.permission.MANAGER_ABILITY_FROM_GATEWAY
03-03 18:24:07.001 27399     6    61 D 01300/AbilityManagerService: [permission_verification.cpp(GetCallingTokenID:297)]callerToken : <private>
03-03 18:24:07.001 27399     6    61 D 02F01/AccessTokenKit: [VerifyAccessToken]:called, tokenID=1000, permissionName=ohos.permission.MANAGER_ABILITY_FROM_GATEWAY
03-03 18:24:07.001 27404     9     9 D 02F01/ATMStub: [OnRemoteRequest]:code 65296 token 672050185
03-03 18:24:07.001 27404     9     9 I 02F01/PermissionManagerImpl: [VerifyAccessToken]:VerifyAccessToken called, tokenID: 1000, permissionName: ohos.permission.MANAGER_ABILITY_FROM_GATEWAY
03-03 18:24:07.001 27404     9     9 I 02F01/PermissionManagerImpl: [VerifyAccessToken]:caller in white list is granted
03-03 18:24:07.002 27404     9     9 D 02F01/ATMServ: [VerifyAccessToken]:tokenID: 1000, permission: ohos.permission.MANAGER_ABILITY_FROM_GATEWAY, res 0
03-03 18:24:07.002 27399     6    61 D 02F01/ATMProxy: [VerifyAccessToken]:result from server data = 0
03-03 18:24:07.002 27399     6    61 D 01300/AbilityManagerService: [permission_verification.cpp(VerifyCallingPermission:37)]verify AccessToken success
03-03 18:24:07.002 27399     6    61 D 01300/AbilityManagerService: [permission_verification.cpp(IsGatewayCall:70)]IsGatewayCall: Permission verification succeeded.
03-03 18:24:07.002 27399     6    61 I 01300/AppMgrService: [app_running_manager.cpp(NotifyMemoryLevel:569)]call NotifyMemoryLevel, current app size 1
03-03 18:24:07.002 27399     6    61 I 01300/AppMgrService: [app_running_manager.cpp(NotifyMemoryLevel:572)]Notification app [com.example.car]
03-03 18:24:07.003 26742  9282  9284 I 01300/AppexecfwkCore: [app_scheduler_host.cpp(OnRemoteRequest:72)]AppSchedulerHost::OnReceived, code = 13, flags= 1.
03-03 18:24:07.003 26742  9282  9284 D 01300/Appkit: [main_thread.cpp(ScheduleMemoryLevel:456)]ScheduleMemoryLevel level: 1
03-03 18:24:07.003 26742  9282  9284 D 01300/Appkit: [main_thread.cpp(ScheduleMemoryLevel:469)]MainThread::ScheduleMemoryLevel level: 1 end.
03-03 18:24:07.003 26742  9282  9282 D 01300/Appkit: [main_thread.cpp(HandleMemoryLevel:1684)]MainThread::HandleMemoryLevel called start.
03-03 18:24:07.003 26742  9282  9282 D 01300/Appkit: [ohos_application.cpp(OnMemoryLevel:447)]OHOSApplication::OnMemoryLevel: called
03-03 18:24:07.003 26742  9282  9282 D 01300/Appkit: [ohos_application.cpp(OnMemoryLevel:450)]Number of ability to be notified : [1]
03-03 18:24:07.003 26742  9282  9282 I 01300/Appkit: [ability_record_mgr.cpp(GetAbilityItem:135)]AbilityRecordMgr::GetAbilityItem : the ability found
03-03 18:24:07.003 26742  9282  9282 D 01300/Ability: [ability_thread.cpp(NotifyMemoryLevel:1180)]NotifyMemoryLevel, result:1
03-03 18:24:07.003 26742  9282  9282 D 01300/Ability: [ability_thread.cpp(NotifyMemoryLevel:1190)]AbilityThread is an ability
03-03 18:24:07.003 26742  9282  9282 I 01300/Ability: [ability.cpp(OnMemoryLevel:591)]OnMemoryLevel start.
03-03 18:24:07.003 26742  9282  9282 I 04200/WindowScene: <186>NotifyMemoryLevel: Notify memory level: 1
