03-03 18:10:26.654 12518  7701  7701 D 02B03/PluginFw: plugin register.
03-03 18:10:26.654 12518  7701  7701 D 02B03/Plugin: analysis result: 1.0.0.0.
03-03 18:10:26.654 12518  7701  7701 D 02B03/Plugin: analysis result: 1.0.0.0.
03-03 18:10:26.654 12518  7701  7701 D 02B03/Plugin: parse class num: 1.
03-03 18:10:26.654 12518  7701  7701 D 02B03/ImplClass: register class: OHOS::ImagePlugin::BmpDecoder.
03-03 18:10:26.654 12518  7701  7701 D 02B03/ImplClass: class service num: 1.
03-03 18:10:26.654 12518  7701  7701 D 02B03/ImplClass: insert service iid: 2, serviceType: 0.
03-03 18:10:26.654 12518  7701  7701 D 02B03/ImplClass: get class priority: 100.
03-03 18:10:26.654 12518  7701  7701 D 02B03/JsonHelper: GetJsonElement: failed to find key maxInstance.
03-03 18:10:26.654 12518  7701  7701 D 02B03/JsonHelper: GetUint16Value: failed to find key maxInstance, ERRNO: 63111178.
03-03 18:10:26.654 12518  7701  7701 D 02B03/ImplClass: get class maxInstance: 0.
03-03 18:10:26.655 12518  7701  7701 D 02B03/Capability: class cap num: 1.
03-03 18:10:26.655 12518  7701  7701 D 02B03/Capability: get new cap, name: encodeFormat.
03-03 18:10:26.655 12518  7701  7701 D 02B03/Capability: get string AttrData: image/bmp.
03-03 18:10:26.655 12518  7701  7701 D 02B03/AttrData: ClearData: do nothing for type 0.
03-03 18:10:26.655 12518  7701  7701 D 02B03/AttrData: ClearData: do nothing for type 0.
03-03 18:10:26.655 12518  7701  7701 D 02B03/ImplClassMgr: AddClass: insert Class: OHOS::ImagePlugin::BmpDecoder.
03-03 18:10:26.655 12518  7701  7701 D 02B03/ImplClassMgr: AddClass: insert service: 131072.
03-03 18:10:26.655 12518  7701  7701 D 02B03/Plugin: analysis result: 1.0.0.0.
03-03 18:10:26.655 12518  7701  7701 D 02B03/Plugin: analysis result: 1.0.0.0.
03-03 18:10:26.655 12518  7701  7701 D 02B03/Plugin: parse class num: 1.
03-03 18:10:26.655 12518  7701  7701 D 02B03/ImplClass: register class: OHOS::ImagePlugin::GifDecoder.
03-03 18:10:26.655 12518  7701  7701 D 02B03/ImplClass: class service num: 1.
03-03 18:10:26.655 12518  7701  7701 D 02B03/ImplClass: insert service iid: 2, serviceType: 0.
03-03 18:10:26.655 12518  7701  7701 D 02B03/ImplClass: get class priority: 100.
03-03 18:10:26.655 12518  7701  7701 D 02B03/JsonHelper: GetJsonElement: failed to find key maxInstance.
03-03 18:10:26.655 12518  7701  7701 D 02B03/JsonHelper: GetUint16Value: failed to find key maxInstance, ERRNO: 63111178.
03-03 18:10:26.655 12518  7701  7701 D 02B03/ImplClass: get class maxInstance: 0.
03-03 18:10:26.655 12518  7701  7701 D 02B03/Capability: class cap num: 1.
03-03 18:10:26.655 12518  7701  7701 D 02B03/Capability: get new cap, name: encodeFormat.
03-03 18:10:26.655 12518  7701  7701 D 02B03/Capability: get string AttrData: image/gif.
03-03 18:10:26.655 12518  7701  7701 D 02B03/AttrData: ClearData: do nothing for type 0.
03-03 18:10:26.655 12518  7701  7701 D 02B03/AttrData: ClearData: do nothing for type 0.
03-03 18:10:26.655 12518  7701  7701 D 02B03/ImplClassMgr: AddClass: insert Class: OHOS::ImagePlugin::GifDecoder.
03-03 18:10:26.655 12518  7701  7701 D 02B03/ImplClassMgr: AddClass: insert service: 131072.
03-03 18:10:26.655 12518  7701  7701 D 02B03/Plugin: analysis result: 1.0.0.0.
03-03 18:10:26.655 12518  7701  7701 D 02B03/Plugin: analysis result: 1.0.0.0.
03-03 18:10:26.655 12518  7701  7701 D 02B03/Plugin: parse class num: 8.
03-03 18:10:26.655 12518  7701  7701 D 02B03/ImplClass: register class: OHOS::ImagePlugin::JpegFormatAgent.
03-03 18:10:26.655 12518  7701  7701 D 02B03/ImplClass: class service num: 1.
03-03 18:10:26.655 12518  7701  7701 D 02B03/ImplClass: insert service iid: 1, serviceType: 0.
03-03 18:10:26.655 12518  7701  7701 D 02B03/ImplClass: get class priority: 100.
03-03 18:10:26.655 12518  7701  7701 D 02B03/JsonHelper: GetJsonElement: failed to find key maxInstance.
03-03 18:10:26.655 12518  7701  7701 D 02B03/JsonHelper: GetUint16Value: failed to find key maxInstance, ERRNO: 63111178.
03-03 18:10:26.655 12518  7701  7701 D 02B03/ImplClass: get class maxInstance: 0.
03-03 18:10:26.655 12518  7701  7701 D 02B03/Capability: class cap num: 1.
03-03 18:10:26.655 12518  7701  7701 D 02B03/Capability: get new cap, name: encodeFormat.
03-03 18:10:26.655 12518  7701  7701 D 02B03/Capability: get string AttrData: image/jpeg.
03-03 18:10:26.655 12518  7701  7701 D 02B03/AttrData: ClearData: do nothing for type 0.
03-03 18:10:26.655 12518  7701  7701 D 02B03/AttrData: ClearData: do nothing for type 0.
03-03 18:10:26.655 12518  7701  7701 D 02B03/ImplClassMgr: AddClass: insert Class: OHOS::ImagePlugin::JpegFormatAgent.
03-03 18:10:26.655 12518  7701  7701 D 02B03/ImplClassMgr: AddClass: insert service: 65536.
03-03 18:10:26.655 12518  7701  7701 D 02B03/ImplClass: register class: OHOS::ImagePlugin::PngFormatAgent.
03-03 18:10:26.655 12518  7701  7701 D 02B03/ImplClass: class service num: 1.
03-03 18:10:26.655 12518  7701  7701 D 02B03/ImplClass: insert service iid: 1, serviceType: 0.
03-03 18:10:26.655 12518  7701  7701 D 02B03/ImplClass: get class priority: 100.
03-03 18:10:26.655 12518  7701  7701 D 02B03/JsonHelper: GetJsonElement: failed to find key maxInstance.
03-03 18:10:26.655 12518  7701  7701 D 02B03/JsonHelper: GetUint16Value: failed to find key maxInstance, ERRNO: 63111178.
03-03 18:10:26.655 12518  7701  7701 D 02B03/ImplClass: get class maxInstance: 0.
03-03 18:10:26.655 12518  7701  7701 D 02B03/Capability: class cap num: 1.
03-03 18:10:26.655 12518  7701  7701 D 02B03/Capability: get new cap, name: encodeFormat.
03-03 18:10:26.655 12518  7701  7701 D 02B03/Capability: get string AttrData: image/png.
03-03 18:10:26.655 12518  7701  7701 D 02B03/AttrData: ClearData: do nothing for type 0.
03-03 18:10:26.655 12518  7701  7701 D 02B03/AttrData: ClearData: do nothing for type 0.
03-03 18:10:26.655 12518  7701  7701 D 02B03/ImplClassMgr: AddClass: insert Class: OHOS::ImagePlugin::PngFormatAgent.
03-03 18:10:26.655 12518  7701  7701 D 02B03/ImplClassMgr: AddClass: insert service: 65536.
03-03 18:10:26.655 12518  7701  7701 D 02B03/ImplClass: register class: OHOS::ImagePlugin::GifFormatAgent.
03-03 18:10:26.655 12518  7701  7701 D 02B03/ImplClass: class service num: 1.
03-03 18:10:26.655 12518  7701  7701 D 02B03/ImplClass: insert service iid: 1, serviceType: 0.
03-03 18:10:26.655 12518  7701  7701 D 02B03/ImplClass: get class priority: 100.
03-03 18:10:26.655 12518  7701  7701 D 02B03/JsonHelper: GetJsonElement: failed to find key maxInstance.
03-03 18:10:26.655 12518  7701  7701 D 02B03/JsonHelper: GetUint16Value: failed to find key maxInstance, ERRNO: 63111178.
03-03 18:10:26.655 12518  7701  7701 D 02B03/ImplClass: get class maxInstance: 0.
03-03 18:10:26.655 12518  7701  7701 D 02B03/Capability: class cap num: 1.
03-03 18:10:26.655 12518  7701  7701 D 02B03/Capability: get new cap, name: encodeFormat.
03-03 18:10:26.655 12518  7701  7701 D 02B03/Capability: get string AttrData: image/gif.
03-03 18:10:26.655 12518  7701  7701 D 02B03/AttrData: ClearData: do nothing for type 0.
03-03 18:10:26.655 12518  7701  7701 D 02B03/AttrData: ClearData: do nothing for type 0.
03-03 18:10:26.655 12518  7701  7701 D 02B03/ImplClassMgr: AddClass: insert Class: OHOS::ImagePlugin::GifFormatAgent.
03-03 18:10:26.655 12518  7701  7701 D 02B03/ImplClassMgr: AddClass: insert service: 65536.
03-03 18:10:26.655 12518  7701  7701 D 02B03/ImplClass: register class: OHOS::ImagePlugin::HeifFormatAgent.
03-03 18:10:26.655 12518  7701  7701 D 02B03/ImplClass: class service num: 1.
03-03 18:10:26.655 12518  7701  7701 D 02B03/ImplClass: insert service iid: 1, serviceType: 0.
03-03 18:10:26.655 12518  7701  7701 D 02B03/ImplClass: get class priority: 100.
03-03 18:10:26.655 12518  7701  7701 D 02B03/JsonHelper: GetJsonElement: failed to find key maxInstance.
03-03 18:10:26.655 12518  7701  7701 D 02B03/JsonHelper: GetUint16Value: failed to find key maxInstance, ERRNO: 63111178.
03-03 18:10:26.655 12518  7701  7701 D 02B03/ImplClass: get class maxInstance: 0.
03-03 18:10:26.655 12518  7701  7701 D 02B03/Capability: class cap num: 1.
03-03 18:10:26.655 12518  7701  7701 D 02B03/Capability: get new cap, name: encodeFormat.
03-03 18:10:26.655 12518  7701  7701 D 02B03/Capability: get string AttrData: image/heif.
03-03 18:10:26.655 12518  7701  7701 D 02B03/AttrData: ClearData: do nothing for type 0.
03-03 18:10:26.655 12518  7701  7701 D 02B03/AttrData: ClearData: do nothing for type 0.
03-03 18:10:26.655 12518  7701  7701 D 02B03/ImplClassMgr: AddClass: insert Class: OHOS::ImagePlugin::HeifFormatAgent.
03-03 18:10:26.655 12518  7701  7701 D 02B03/ImplClassMgr: AddClass: insert service: 65536.
03-03 18:10:26.655 12518  7701  7701 D 02B03/ImplClass: register class: OHOS::ImagePlugin::WebpFormatAgent.
03-03 18:10:26.655 12518  7701  7701 D 02B03/ImplClass: class service num: 1.
03-03 18:10:26.655 12518  7701  7701 D 02B03/ImplClass: insert service iid: 1, serviceType: 0.
03-03 18:10:26.655 12518  7701  7701 D 02B03/ImplClass: get class priority: 100.
03-03 18:10:26.655 12518  7701  7701 D 02B03/JsonHelper: GetJsonElement: failed to find key maxInstance.
03-03 18:10:26.655 12518  7701  7701 D 02B03/JsonHelper: GetUint16Value: failed to find key maxInstance, ERRNO: 63111178.
03-03 18:10:26.655 12518  7701  7701 D 02B03/ImplClass: get class maxInstance: 0.
03-03 18:10:26.655 12518  7701  7701 D 02B03/Capability: class cap num: 1.
03-03 18:10:26.655 12518  7701  7701 D 02B03/Capability: get new cap, name: encodeFormat.
03-03 18:10:26.655 12518  7701  7701 D 02B03/Capability: get string AttrData: image/webp.
03-03 18:10:26.655 12518  7701  7701 D 02B03/AttrData: ClearData: do nothing for type 0.
03-03 18:10:26.655 12518  7701  7701 D 02B03/AttrData: ClearData: do nothing for type 0.
03-03 18:10:26.655 12518  7701  7701 D 02B03/ImplClassMgr: AddClass: insert Class: OHOS::ImagePlugin::WebpFormatAgent.
03-03 18:10:26.655 12518  7701  7701 D 02B03/ImplClassMgr: AddClass: insert service: 65536.
03-03 18:10:26.655 12518  7701  7701 D 02B03/ImplClass: register class: OHOS::ImagePlugin::BmpFormatAgent.
03-03 18:10:26.655 12518  7701  7701 D 02B03/ImplClass: class service num: 1.
03-03 18:10:26.655 12518  7701  7701 D 02B03/ImplClass: insert service iid: 1, serviceType: 0.
03-03 18:10:26.655 12518  7701  7701 D 02B03/ImplClass: get class priority: 100.
03-03 18:10:26.655 12518  7701  7701 D 02B03/JsonHelper: GetJsonElement: failed to find key maxInstance.
03-03 18:10:26.655 12518  7701  7701 D 02B03/JsonHelper: GetUint16Value: failed to find key maxInstance, ERRNO: 63111178.
03-03 18:10:26.655 12518  7701  7701 D 02B03/ImplClass: get class maxInstance: 0.
03-03 18:10:26.655 12518  7701  7701 D 02B03/Capability: class cap num: 1.
03-03 18:10:26.655 12518  7701  7701 D 02B03/Capability: get new cap, name: encodeFormat.
03-03 18:10:26.655 12518  7701  7701 D 02B03/Capability: get string AttrData: image/bmp.
03-03 18:10:26.655 12518  7701  7701 D 02B03/AttrData: ClearData: do nothing for type 0.
03-03 18:10:26.655 12518  7701  7701 D 02B03/AttrData: ClearData: do nothing for type 0.
03-03 18:10:26.655 12518  7701  7701 D 02B03/ImplClassMgr: AddClass: insert Class: OHOS::ImagePlugin::BmpFormatAgent.
03-03 18:10:26.655 12518  7701  7701 D 02B03/ImplClassMgr: AddClass: insert service: 65536.
03-03 18:10:26.655 12518  7701  7701 D 02B03/ImplClass: register class: OHOS::ImagePlugin::WbmpFormatAgent.
03-03 18:10:26.655 12518  7701  7701 D 02B03/ImplClass: class service num: 1.
03-03 18:10:26.655 12518  7701  7701 D 02B03/ImplClass: insert service iid: 1, serviceType: 0.
03-03 18:10:26.656 12518  7701  7701 D 02B03/ImplClass: get class priority: 100.
03-03 18:10:26.656 12518  7701  7701 D 02B03/JsonHelper: GetJsonElement: failed to find key maxInstance.
03-03 18:10:26.656 12518  7701  7701 D 02B03/JsonHelper: GetUint16Value: failed to find key maxInstance, ERRNO: 63111178.
03-03 18:10:26.656 12518  7701  7701 D 02B03/ImplClass: get class maxInstance: 0.
03-03 18:10:26.656 12518  7701  7701 D 02B03/Capability: class cap num: 1.
03-03 18:10:26.656 12518  7701  7701 D 02B03/Capability: get new cap, name: encodeFormat.
03-03 18:10:26.656 12518  7701  7701 D 02B03/Capability: get string AttrData: image/vnd.wap.wbmp.
03-03 18:10:26.656 12518  7701  7701 D 02B03/AttrData: ClearData: do nothing for type 0.
03-03 18:10:26.656 12518  7701  7701 D 02B03/AttrData: ClearData: do nothing for type 0.
03-03 18:10:26.656 12518  7701  7701 D 02B03/ImplClassMgr: AddClass: insert Class: OHOS::ImagePlugin::WbmpFormatAgent.
03-03 18:10:26.656 12518  7701  7701 D 02B03/ImplClassMgr: AddClass: insert service: 65536.
03-03 18:10:26.656 12518  7701  7701 D 02B03/ImplClass: register class: OHOS::ImagePlugin::RawFormatAgent.
03-03 18:10:26.656 12518  7701  7701 D 02B03/ImplClass: class service num: 1.
03-03 18:10:26.656 12518  7701  7701 D 02B03/ImplClass: insert service iid: 1, serviceType: 0.
03-03 18:10:26.656 12518  7701  7701 D 02B03/ImplClass: get class priority: 100.
03-03 18:10:26.656 12518  7701  7701 D 02B03/JsonHelper: GetJsonElement: failed to find key maxInstance.
03-03 18:10:26.656 12518  7701  7701 D 02B03/JsonHelper: GetUint16Value: failed to find key maxInstance, ERRNO: 63111178.
03-03 18:10:26.656 12518  7701  7701 D 02B03/ImplClass: get class maxInstance: 0.
03-03 18:10:26.656 12518  7701  7701 D 02B03/Capability: class cap num: 1.
03-03 18:10:26.656 12518  7701  7701 D 02B03/Capability: get new cap, name: encodeFormat.
03-03 18:10:26.656 12518  7701  7701 D 02B03/Capability: get string AttrData: image/x-raw.
03-03 18:10:26.656 12518  7701  7701 D 02B03/AttrData: ClearData: do nothing for type 0.
03-03 18:10:26.656 12518  7701  7701 D 02B03/AttrData: ClearData: do nothing for type 0.
03-03 18:10:26.656 12518  7701  7701 D 02B03/ImplClassMgr: AddClass: insert Class: OHOS::ImagePlugin::RawFormatAgent.
03-03 18:10:26.656 12518  7701  7701 D 02B03/ImplClassMgr: AddClass: insert service: 65536.
03-03 18:10:26.656 12518  7701  7701 D 02B03/Plugin: analysis result: 1.0.0.0.
03-03 18:10:26.656 12518  7701  7701 D 02B03/Plugin: analysis result: 1.0.0.0.
03-03 18:10:26.656 12518  7701  7701 D 02B03/Plugin: parse class num: 2.
03-03 18:10:26.656 12518  7701  7701 D 02B03/ImplClass: register class: OHOS::ImagePlugin::JpegDecoder.
03-03 18:10:26.656 12518  7701  7701 D 02B03/ImplClass: class service num: 1.
03-03 18:10:26.656 12518  7701  7701 D 02B03/ImplClass: insert service iid: 2, serviceType: 0.
03-03 18:10:26.656 12518  7701  7701 D 02B03/ImplClass: get class priority: 100.
03-03 18:10:26.656 12518  7701  7701 D 02B03/JsonHelper: GetJsonElement: failed to find key maxInstance.
03-03 18:10:26.656 12518  7701  7701 D 02B03/JsonHelper: GetUint16Value: failed to find key maxInstance, ERRNO: 63111178.
03-03 18:10:26.656 12518  7701  7701 D 02B03/ImplClass: get class maxInstance: 0.
03-03 18:10:26.656 12518  7701  7701 D 02B03/Capability: class cap num: 1.
03-03 18:10:26.656 12518  7701  7701 D 02B03/Capability: get new cap, name: encodeFormat.
03-03 18:10:26.656 12518  7701  7701 D 02B03/Capability: get string AttrData: image/jpeg.
03-03 18:10:26.656 12518  7701  7701 D 02B03/AttrData: ClearData: do nothing for type 0.
03-03 18:10:26.656 12518  7701  7701 D 02B03/AttrData: ClearData: do nothing for type 0.
03-03 18:10:26.656 12518  7701  7701 D 02B03/ImplClassMgr: AddClass: insert Class: OHOS::ImagePlugin::JpegDecoder.
03-03 18:10:26.656 12518  7701  7701 D 02B03/ImplClassMgr: AddClass: insert service: 131072.
03-03 18:10:26.656 12518  7701  7701 D 02B03/ImplClass: register class: OHOS::ImagePlugin::JpegEncoder.
03-03 18:10:26.656 12518  7701  7701 D 02B03/ImplClass: class service num: 1.
03-03 18:10:26.656 12518  7701  7701 D 02B03/ImplClass: insert service iid: 3, serviceType: 0.
03-03 18:10:26.656 12518  7701  7701 D 02B03/ImplClass: get class priority: 100.
03-03 18:10:26.656 12518  7701  7701 D 02B03/JsonHelper: GetJsonElement: failed to find key maxInstance.
03-03 18:10:26.656 12518  7701  7701 D 02B03/JsonHelper: GetUint16Value: failed to find key maxInstance, ERRNO: 63111178.
03-03 18:10:26.656 12518  7701  7701 D 02B03/ImplClass: get class maxInstance: 0.
03-03 18:10:26.656 12518  7701  7701 D 02B03/Capability: class cap num: 1.
03-03 18:10:26.656 12518  7701  7701 D 02B03/Capability: get new cap, name: encodeFormat.
03-03 18:10:26.656 12518  7701  7701 D 02B03/Capability: get string AttrData: image/jpeg.
03-03 18:10:26.656 12518  7701  7701 D 02B03/AttrData: ClearData: do nothing for type 0.
03-03 18:10:26.656 12518  7701  7701 D 02B03/AttrData: ClearData: do nothing for type 0.
03-03 18:10:26.656 12518  7701  7701 D 02B03/ImplClassMgr: AddClass: insert Class: OHOS::ImagePlugin::JpegEncoder.
03-03 18:10:26.656 12518  7701  7701 D 02B03/ImplClassMgr: AddClass: insert service: 196608.
03-03 18:10:26.656 12518  7701  7701 D 02B03/Plugin: analysis result: 1.0.0.0.
03-03 18:10:26.656 12518  7701  7701 D 02B03/Plugin: analysis result: 1.0.0.0.
03-03 18:10:26.656 12518  7701  7701 D 02B03/Plugin: parse class num: 1.
03-03 18:10:26.656 12518  7701  7701 D 02B03/ImplClass: register class: OHOS::ImagePlugin::PngDecoder.
03-03 18:10:26.656 12518  7701  7701 D 02B03/ImplClass: class service num: 1.
03-03 18:10:26.656 12518  7701  7701 D 02B03/ImplClass: insert service iid: 2, serviceType: 0.
03-03 18:10:26.656 12518  7701  7701 D 02B03/ImplClass: get class priority: 100.
03-03 18:10:26.656 12518  7701  7701 D 02B03/JsonHelper: GetJsonElement: failed to find key maxInstance.
03-03 18:10:26.656 12518  7701  7701 D 02B03/JsonHelper: GetUint16Value: failed to find key maxInstance, ERRNO: 63111178.
03-03 18:10:26.656 12518  7701  7701 D 02B03/ImplClass: get class maxInstance: 0.
03-03 18:10:26.656 12518  7701  7701 D 02B03/Capability: class cap num: 1.
03-03 18:10:26.656 12518  7701  7701 D 02B03/Capability: get new cap, name: encodeFormat.
03-03 18:10:26.656 12518  7701  7701 D 02B03/Capability: get string AttrData: image/png.
03-03 18:10:26.656 12518  7701  7701 D 02B03/AttrData: ClearData: do nothing for type 0.
03-03 18:10:26.656 12518  7701  7701 D 02B03/AttrData: ClearData: do nothing for type 0.
03-03 18:10:26.656 12518  7701  7701 D 02B03/ImplClassMgr: AddClass: insert Class: OHOS::ImagePlugin::PngDecoder.
03-03 18:10:26.656 12518  7701  7701 D 02B03/ImplClassMgr: AddClass: insert service: 131072.
03-03 18:10:26.656 12518  7701  7701 D 02B03/Plugin: analysis result: 1.0.0.0.
03-03 18:10:26.656 12518  7701  7701 D 02B03/Plugin: analysis result: 1.0.0.0.
03-03 18:10:26.656 12518  7701  7701 D 02B03/Plugin: parse class num: 1.
03-03 18:10:26.656 12518  7701  7701 D 02B03/ImplClass: register class: OHOS::ImagePlugin::RawDecoder.
03-03 18:10:26.656 12518  7701  7701 D 02B03/ImplClass: class service num: 1.
03-03 18:10:26.656 12518  7701  7701 D 02B03/ImplClass: insert service iid: 2, serviceType: 0.
03-03 18:10:26.656 12518  7701  7701 D 02B03/ImplClass: get class priority: 100.
03-03 18:10:26.656 12518  7701  7701 D 02B03/JsonHelper: GetJsonElement: failed to find key maxInstance.
03-03 18:10:26.656 12518  7701  7701 D 02B03/JsonHelper: GetUint16Value: failed to find key maxInstance, ERRNO: 63111178.
03-03 18:10:26.656 12518  7701  7701 D 02B03/ImplClass: get class maxInstance: 0.
03-03 18:10:26.656 12518  7701  7701 D 02B03/Capability: class cap num: 1.
03-03 18:10:26.656 12518  7701  7701 D 02B03/Capability: get new cap, name: encodeFormat.
03-03 18:10:26.656 12518  7701  7701 D 02B03/Capability: get string AttrData: image/x-raw.
03-03 18:10:26.656 12518  7701  7701 D 02B03/AttrData: ClearData: do nothing for type 0.
03-03 18:10:26.656 12518  7701  7701 D 02B03/AttrData: ClearData: do nothing for type 0.
03-03 18:10:26.656 12518  7701  7701 D 02B03/ImplClassMgr: AddClass: insert Class: OHOS::ImagePlugin::RawDecoder.
03-03 18:10:26.656 12518  7701  7701 D 02B03/ImplClassMgr: AddClass: insert service: 131072.
03-03 18:10:26.656 12518  7701  7701 D 02B03/Plugin: analysis result: 1.0.0.0.
03-03 18:10:26.656 12518  7701  7701 D 02B03/Plugin: analysis result: 1.0.0.0.
03-03 18:10:26.656 12518  7701  7701 D 02B03/Plugin: parse class num: 2.
03-03 18:10:26.656 12518  7701  7701 D 02B03/ImplClass: register class: OHOS::ImagePlugin::WebpDecoder.
03-03 18:10:26.656 12518  7701  7701 D 02B03/ImplClass: class service num: 1.
03-03 18:10:26.656 12518  7701  7701 D 02B03/ImplClass: insert service iid: 2, serviceType: 0.
03-03 18:10:26.656 12518  7701  7701 D 02B03/ImplClass: get class priority: 100.
03-03 18:10:26.656 12518  7701  7701 D 02B03/JsonHelper: GetJsonElement: failed to find key maxInstance.
03-03 18:10:26.656 12518  7701  7701 D 02B03/JsonHelper: GetUint16Value: failed to find key maxInstance, ERRNO: 63111178.
03-03 18:10:26.656 12518  7701  7701 D 02B03/ImplClass: get class maxInstance: 0.
03-03 18:10:26.656 12518  7701  7701 D 02B03/Capability: class cap num: 1.
03-03 18:10:26.656 12518  7701  7701 D 02B03/Capability: get new cap, name: encodeFormat.
03-03 18:10:26.656 12518  7701  7701 D 02B03/Capability: get string AttrData: image/webp.
03-03 18:10:26.656 12518  7701  7701 D 02B03/AttrData: ClearData: do nothing for type 0.
03-03 18:10:26.656 12518  7701  7701 D 02B03/AttrData: ClearData: do nothing for type 0.
03-03 18:10:26.656 12518  7701  7701 D 02B03/ImplClassMgr: AddClass: insert Class: OHOS::ImagePlugin::WebpDecoder.
03-03 18:10:26.656 12518  7701  7701 D 02B03/ImplClassMgr: AddClass: insert service: 131072.
03-03 18:10:26.656 12518  7701  7701 D 02B03/ImplClass: register class: OHOS::ImagePlugin::WebpEncoder.
03-03 18:10:26.656 12518  7701  7701 D 02B03/ImplClass: class service num: 1.
03-03 18:10:26.656 12518  7701  7701 D 02B03/ImplClass: insert service iid: 3, serviceType: 0.
03-03 18:10:26.656 12518  7701  7701 D 02B03/ImplClass: get class priority: 100.
03-03 18:10:26.656 12518  7701  7701 D 02B03/JsonHelper: GetJsonElement: failed to find key maxInstance.
03-03 18:10:26.656 12518  7701  7701 D 02B03/JsonHelper: GetUint16Value: failed to find key maxInstance, ERRNO: 63111178.
03-03 18:10:26.656 12518  7701  7701 D 02B03/ImplClass: get class maxInstance: 0.
03-03 18:10:26.656 12518  7701  7701 D 02B03/Capability: class cap num: 1.
03-03 18:10:26.656 12518  7701  7701 D 02B03/Capability: get new cap, name: encodeFormat.
03-03 18:10:26.656 12518  7701  7701 D 02B03/Capability: get string AttrData: image/webp.
03-03 18:10:26.656 12518  7701  7701 D 02B03/AttrData: ClearData: do nothing for type 0.
03-03 18:10:26.656 12518  7701  7701 D 02B03/AttrData: ClearData: do nothing for type 0.
03-03 18:10:26.659 12518  7701  7701 I 01300/AbilityManagerService: [ability_command.cpp(AbilityManagerShellCommand:75)]argv_[0]: aa
03-03 18:10:26.659 12518  7701  7701 I 01300/AbilityManagerService: [ability_command.cpp(AbilityManagerShellCommand:75)]argv_[1]: start
03-03 18:10:26.659 12518  7701  7701 I 01300/AbilityManagerService: [ability_command.cpp(AbilityManagerShellCommand:75)]argv_[2]: -a
03-03 18:10:26.659 12518  7701  7701 I 01300/AbilityManagerService: [ability_command.cpp(AbilityManagerShellCommand:75)]argv_[3]: EntryAbility
03-03 18:10:26.659 12518  7701  7701 I 01300/AbilityManagerService: [ability_command.cpp(AbilityManagerShellCommand:75)]argv_[4]: -b
03-03 18:10:26.659 12518  7701  7701 I 01300/AbilityManagerService: [ability_command.cpp(AbilityManagerShellCommand:75)]argv_[5]: com.example.car
03-03 18:10:26.659 12518  7701  7701 I 01510/BinderConnector: 101: <private>:succ to open, fd=5
03-03 18:10:26.659 12518  7701  7701 D 01510/IPCWorkThreadPool: 58: SpawnThread Name= IPC_0
03-03 18:10:26.659 12518  7701  7701 D 01510/IPCWorkThreadPool: 70: SpawnThread, now idleThreadNum_ =<private>
03-03 18:10:26.659 12518  7701  7701 D 01510/IPCWorkThread: 106: create thread, policy=<private>, proto=<private>
03-03 18:10:26.659 12518  7701  7702 D 01510/IPCWorkThread: 60: proto_=0,policy_=1, name: IPC_0_7702, ret: 0
03-03 18:10:26.659 12518  7701  7702 D 01510/IPCWorkThreadPool: 58: SpawnThread Name= IPC_1
03-03 18:10:26.659 12518  7701  7702 D 01510/IPCWorkThreadPool: 70: SpawnThread, now idleThreadNum_ =<private>
03-03 18:10:26.659 12518  7701  7701 E 01510/BinderInvoker: 127: SendRequest: handle=0 result = -74
03-03 18:10:26.659 12518  7701  7702 D 01510/IPCWorkThread: 106: create thread, policy=<private>, proto=<private>
03-03 18:10:26.659 12518  7701  7701 E 01510/IPCObjectProxy: 558: GET_PROTO_INFO transact return error = -74
03-03 18:10:26.659 12518  7701  7701 I 01800/SA_CLIENT: <private> called, get samgr in half-container
03-03 18:10:26.659 12518  7701  7701 I 01800/SA_CLIENT: CheckService called
03-03 18:10:26.659 12518  7701  7703 D 01510/IPCWorkThread: 60: proto_=0,policy_=0, name: IPC_1_7703, ret: 0
03-03 18:10:26.660 12518  7701  7701 I 01800/SA_CLIENT: CheckService  available parcel size:<private>, err:0
03-03 18:10:26.660 12518  7701  7701 I 01800/SA_CLIENT: CheckService  exception from reply 0
03-03 18:10:26.660   907         921 D 01510/IPCObjectStub: ProcessProto 60: normal stub object, desc:OHOS.ISystemAbilityManager
03-03 18:10:26.660 12518  7701  7701 D 01800/SA_CLIENT: GetSystemAbilityWrapper:Waiting for sa 180, 
03-03 18:10:26.660 12518  7701  7701 D 01800/SA_CLIENT: CheckSystemAbility called, ability id is 180, isExist is 0
03-03 18:10:26.660   907         921 I 01800/SAM: C:12
03-03 18:10:26.660   907         921 I 01800/SAM: F:10180.
03-03 18:10:26.660 27399     6    61 D 01510/IPCObjectStub: 390: IPCObjectStub::ProcessProto called, type = 0, normal stub object
03-03 18:10:26.660 12518  7701  7701 D 01300/AbilityManagerService: [ability_manager_client.cpp(Connect:367)]Connect ability manager service success.
03-03 18:10:26.660 12518  7701  7701 I 01300/AbilityManagerService: [ability_command.cpp(MakeWantFromCmd:697)]option: 97, optopt: 63, optind: 4
03-03 18:10:26.660 12518  7701  7701 I 01300/AbilityManagerService: [ability_command.cpp(MakeWantFromCmd:697)]option: 98, optopt: 63, optind: 6
03-03 18:10:26.660 12518  7701  7701 I 01300/AbilityManagerService: [ability_command.cpp(MakeWantFromCmd:697)]option: -1, optopt: 63, optind: 5
03-03 18:10:26.660 12518  7701  7701 D 01800/SA_CLIENT: GetSystemAbilityWrapper:Waiting for sa 3901, 
03-03 18:10:26.660 12518  7701  7701 D 01800/SA_CLIENT: CheckSystemAbility called, ability id is 3901, isExist is 0
03-03 18:10:26.660   907         921 I 01800/SAM: C:12
03-03 18:10:26.660   907         921 I 01800/SAM: F:13901.
03-03 18:10:26.660 27394     2    45 D 01510/IPCObjectStub: 390: IPCObjectStub::ProcessProto called, type = 0, normal stub object
03-03 18:10:26.661 12518  7701  7701 D 01510/IPCObjectStub: 390: IPCObjectStub::ProcessProto called, type = 0, normal stub object
03-03 18:10:26.661 12518  7701  7703 I 02D33/HitraceMeter: ParameterChange enableflags 0
03-03 18:10:26.661 27399     6    61 I 01300/AbilityManagerService: [ability_manager_service.cpp(StartAbility:352)]StartAbility coldStart:0
03-03 18:10:26.661 27399     6    61 D 02D08/HISYSEVENT: size=212, sysevent={"domain_":"AAFWK","name_":"START_ABILITY","type_":4,"time_":1772532626661,"tz_":"+0800","pid_":6,"tid_":61,"uid_":5523,"USER_ID":-1,"BUNDLE_NAME":"com.example.car","MODULE_NAME":"","ABILITY_NAME":"EntryAbility"}
03-03 18:10:26.661 27399     6    61 D 02D08/HISYSEVENT: reset send buffer size old=212992, new=786432
03-03 18:10:26.661 27399     6    61 D 02D08/HISYSEVENT: HiSysEvent send data successful
03-03 18:10:26.661 27399     6    61 I 01300/AbilityManagerService: [ability_manager_service.cpp(GetUserId:3139)]GetUserId, userId is 100
03-03 18:10:26.661 27399     6    61 D 01800/SA_CLIENT: GetSystemAbilityWrapper:Waiting for sa 401, 
03-03 18:10:26.661 27399     6    61 D 01800/SA_CLIENT: CheckSystemAbility called, ability id is 401, isExist is 0
03-03 18:10:26.661   907         921 I 01800/SAM: C:12
03-03 18:10:26.661   907         921 I 01800/SAM: F:10401.
03-03 18:10:26.661 27399     6    61 D 01120/BundleMgrService: [bundle_mgr_host_impl.cpp(GetApplicationInfo):55] start GetApplicationInfo, bundleName : com.example.car, flags : 0, userId : 100
03-03 18:10:26.661 27399     6    61 D 01120/BundleMgrService: [bundle_mgr_host_impl.cpp(VerifySystemApi):2460] begin to verify system app
03-03 18:10:26.661 27399     6    61 D 01120/BundleMgrService: [bundle_permission_mgr.cpp(VerifySystemApp):709] verifying systemApp
03-03 18:10:26.661 27399     6    61 D 02F01/AccessTokenKit: [GetTokenTypeFlag]:called, tokenID=672050185
03-03 18:10:26.661 27399     6    61 D 01120/BundleMgrService: [bundle_permission_mgr.cpp(VerifySystemApp):718] caller tokenType is native, verify success
03-03 18:10:26.661 27399     6    61 D 01120/BundleMgrService: [bundle_mgr_host_impl.cpp(GetBundleNameForUid):306] start GetBundleNameForUid, uid : 5523
03-03 18:10:26.661 27399     6    61 D 01120/BundleMgrService: [inner_bundle_info.cpp(InnerBundleInfo):386] inner bundle info instance is created
03-03 18:10:26.661 27399     6    61 D 01120/BundleMgrService: [bundle_data_mgr.cpp(GetInnerBundleInfoByUid):1744] the uid(5523) is not exists.
03-03 18:10:26.661 27399     6    61 W 01120/BundleMgrService: [bundle_data_mgr.cpp(GetBundleNameForUid):1703] get innerBundleInfo from bundleInfo_ by uid failed.
03-03 18:10:26.661 27399     6    61 I 01120/BundleMgrService: [bundle_sandbox_app_helper.cpp(GetInnerBundleInfoByUid):153] enter GetInnerBundleInfoByUid
03-03 18:10:26.661 27399     6    61 I 01120/BundleMgrService: [bundle_sandbox_data_mgr.cpp(GetInnerBundleInfoByUid):236] GetInnerBundleInfoByUid with uid is 5523
03-03 18:10:26.661 27399     6    61 D 01120/BundleMgrService: [bundle_sandbox_data_mgr.cpp(GetInnerBundleInfoByUid):238] GetInnerBundleInfoByUid with userId is 0
03-03 18:10:26.661 27399     6    61 E 01120/BundleMgrService: [bundle_sandbox_data_mgr.cpp(GetInnerBundleInfoByUid):247] sandboxAppInfos_ is empty
03-03 18:10:26.661 27399     6    61 E 01120/BundleMgrService: [bundle_data_mgr.cpp(GetBundleNameForUid):1709] get innerBundleInfo by uid failed.
03-03 18:10:26.661 27399     6    61 D 01120/BundleMgrService: [inner_bundle_info.cpp(~InnerBundleInfo):442] inner bundle info instance is destroyed
03-03 18:10:26.661 27399     6    61 D 01120/BundleMgrService: [bundle_mgr_host_impl.cpp(VerifyQueryPermission):1891] callingBundleName : 
03-03 18:10:26.661 27399     6    61 D 01120/BundleMgrService: [bundle_permission_mgr.cpp(VerifyCallingPermission):592] VerifyCallingPermission permission ohos.permission.GET_BUNDLE_INFO
03-03 18:10:26.661 27399     6    61 D 01120/BundleMgrService: [bundle_permission_mgr.cpp(VerifyCallingPermission):594] callerToken : <private>
03-03 18:10:26.661 27399     6    61 D 02F01/AccessTokenKit: [GetTokenTypeFlag]:called, tokenID=672050185
03-03 18:10:26.661 27398     5    75 D 02D10/HiView-EventServer: ReceiveMsg: receive data from client <private>
03-03 18:10:26.661 27399     6    61 D 01120/BundleMgrService: [bundle_permission_mgr.cpp(VerifyCallingPermission):598] caller tokenType is native, verify success
03-03 18:10:26.661 27399     6    61 D 01120/BundleMgrService: [bundle_mgr_host_impl.cpp(VerifyQueryPermission):1901] verify query permission successfully
03-03 18:10:26.661 27399     6    61 D 01120/BundleMgrService: [bundle_mgr_host_impl.cpp(GetApplicationInfo):64] verify permission success, begin to GetApplicationInfo
03-03 18:10:26.661 27399     6    61 D 01120/BundleMgrService: [inner_bundle_info.cpp(InnerBundleInfo):386] inner bundle info instance is created
03-03 18:10:26.661 27399     6    61 D 01120/BundleMgrService: [bundle_data_mgr.cpp(GetInnerBundleInfoWithFlags):2116] GetInnerBundleInfoWithFlags: com.example.car
03-03 18:10:26.661 27398     5    75 D 02D10/HiView-EventServer: TransferEvent: event need to transfer: {"domain_":"AAFWK","name_":"START_ABILITY","type_":4,"time_":1772532626661,"tz_":"+0800","pid_":6,"tid_":61,"uid_":5523,"USER_ID":-1,"BUNDLE_NAME":"com.example.car","MODULE_NAME":"","ABILITY_NAME":"EntryAbility"}
03-03 18:10:26.661 27399     6    61 D 01120/BundleMgrService: [app_control_manager.cpp(GetAppInstallControlRule):66] GetAppInstallControlRule
03-03 18:10:26.661 27399     6    61 D 01120/BundleMgrService: [rdb_data_manager.cpp(QueryData):213] QueryData start
03-03 18:10:26.661 27398     5    75 I 02D10/HiView-EventServer: InitSocketBuf: reset buffer size old=212992, new=786432
03-03 18:10:26.661 27399     6    61 D 01650/NativeRDB: RdbStoreImpl::Query: RdbStoreImpl::Query on called.
03-03 18:10:26.662 27399     6    61 D 01650/NativeRDB: SqliteConnectionPool::AcquireConnection: AcquireReadConnection
03-03 18:10:26.662 27399     6    61 W 01650/NativeRDB: ::FillSharedBlockOpt: Processed all rows after optimization.
03-03 18:10:26.662 27399     6    61 I 01120/BundleMgrService: [app_control_manager_rdb.cpp(GetAppInstallControlRule):157] GetAppInstallControlRule size 0
03-03 18:10:26.662 27399     6    61 W 01650/APP_DATA_FWK_NATIVE: SharedBlock: close ashmem
03-03 18:10:26.662 27399     6    61 D 01120/BundleMgrService: [inner_bundle_info.cpp(~InnerBundleInfo):442] inner bundle info instance is destroyed
03-03 18:10:26.662 27398     5    75 D 02D10/HiView-EventServer: TransferEvent: send data successful
03-03 18:10:26.662 27399     6    61 D 01800/SA_CLIENT: GetSystemAbilityWrapper:Waiting for sa 401, 
03-03 18:10:26.662 27399     6    61 D 01800/SA_CLIENT: CheckSystemAbility called, ability id is 401, isExist is 0
03-03 18:10:26.662 27398     5    75 D 02D10/HiView-SysEventSource: Parser: parser raw message size=212, {"domain_":"AAFWK","name_":"START_ABILITY","type_":4,"time_":1772532626661,"tz_":"+0800","pid_":6,"tid_":61,"uid_":5523,"USER_ID":-1,"BUNDLE_NAME":"com.example.car","MODULE_NAME":"","ABILITY_NAME":"EntryAbility"}
03-03 18:10:26.662   907         921 I 01800/SAM: C:12
03-03 18:10:26.662 27398     5    75 I 02D10/HiView-SysEventSource: Parser: parser result domain_=AAFWK eventName_=START_ABILITY
03-03 18:10:26.662   907         921 I 01800/SAM: F:10401.
03-03 18:10:26.662 27398     5    75 D 02D10/HiView-EventSource: PublishPipelineEvent: EventSource PublishPipelineEvent
03-03 18:10:26.662 27399     6    61 D 01120/BundleMgrService: [inner_bundle_info.cpp(InnerBundleInfo):386] inner bundle info instance is created
03-03 18:10:26.662 27399     6    61 D 01120/BundleMgrService: [bundle_data_mgr.cpp(GetInnerBundleInfoWithBundleFlagsV9):2189] GetInnerBundleInfoWithFlagsV9: com.example.car
03-03 18:10:26.662 27399     6    61 D 01120/BundleMgrService: [app_control_manager.cpp(GetAppInstallControlRule):66] GetAppInstallControlRule
03-03 18:10:26.662 27399     6    61 D 01120/BundleMgrService: [rdb_data_manager.cpp(QueryData):213] QueryData start
03-03 18:10:26.662 27399     6    61 D 01650/NativeRDB: RdbStoreImpl::Query: RdbStoreImpl::Query on called.
03-03 18:10:26.662 27398     5    85 I 02D10/HiView-SysEventService: Convert2SysEvent: domain is AAFWK, eventName is START_ABILITY.
03-03 18:10:26.662 27399     6    61 D 01650/NativeRDB: SqliteConnectionPool::AcquireConnection: AcquireReadConnection
03-03 18:10:26.662 27399     6    61 W 01650/NativeRDB: ::FillSharedBlockOpt: Processed all rows after optimization.
03-03 18:10:26.662 27399     6    61 I 01120/BundleMgrService: [app_control_manager_rdb.cpp(GetAppInstallControlRule):157] GetAppInstallControlRule size 0
03-03 18:10:26.662 27399     6    61 W 01650/APP_DATA_FWK_NATIVE: SharedBlock: close ashmem
03-03 18:10:26.662 27399     6    61 D 01120/BundleMgrService: [bundle_data_mgr.cpp(GetBundleInfoV9):1448] get bundleInfo(com.example.car) successfully in user(100)
03-03 18:10:26.662 27399     6    61 D 01120/BundleMgrService: [inner_bundle_info.cpp(~InnerBundleInfo):442] inner bundle info instance is destroyed
03-03 18:10:26.662 27399     6    61 D 01120/BundleMgrService: [rdb_data_manager.cpp(QueryData):213] QueryData start
03-03 18:10:26.662 27399     6    61 D 01650/NativeRDB: RdbStoreImpl::Query: RdbStoreImpl::Query on called.
03-03 18:10:26.662  1875        2029 D 02D10/HiView-EventServer: Start: receive data from client <private>
03-03 18:10:26.662 27399     6    61 D 01650/NativeRDB: SqliteConnectionPool::AcquireConnection: AcquireReadConnection
03-03 18:10:26.662  1875        2029 D 02D10/HiView-SysEventSource: Parser: parser raw message size=227, {"domain_":"AAFWK","name_":"START_ABILITY","type_":4,"time_":1772532626661,"tz_":"+0800","pid_":6,"tid_":61,"uid_":5523,"USER_ID":-1,"BUNDLE_NAME":"com.example.car","MODULE_NAME":"","ABILITY_NAME":"EntryAbility", "transfer_":1}
03-03 18:10:26.662  1875        2029 I 02D10/HiView-SysEventSource: Parser: parser result domain_=AAFWK eventName_=START_ABILITY
03-03 18:10:26.662 27399     6    61 W 01650/NativeRDB: ::FillSharedBlockOpt: Processed all rows after optimization.
03-03 18:10:26.662 27399     6    61 E 01120/BundleMgrService: [app_control_manager_rdb.cpp(GetAppRunningControlRule):305] GetAppRunningControlRuleResult size 0
03-03 18:10:26.662 27399     6    61 W 01650/APP_DATA_FWK_NATIVE: SharedBlock: close ashmem
03-03 18:10:26.662 27399     6    61 I 01300/AbilityManagerService: [ability_interceptor.cpp(CheckControl:145)]Get No AppRunningControlRule
03-03 18:10:26.662 27399     6    61 D 01300/AbilityManagerService: [ability_manager_service.cpp(GetValidUserId:4658)]GetValidUserId, userId = -1.
03-03 18:10:26.662 27398     5    85 D 02D10/HiView-SysEventDao: Insert: insert db file /data/log/hiview/sys_event_db/behavior.db with START_ABILITY
03-03 18:10:26.662 27399     6    61 I 01300/AbilityManagerService: [ability_manager_service.cpp(GetValidUserId:4664)]GetValidUserId, validUserId = 0, CallingUid = 2000.
03-03 18:10:26.662 27399     6    61 I 01300/AbilityManagerService: [ability_manager_service.cpp(GetUserId:3139)]GetUserId, userId is 100
03-03 18:10:26.662 27399     6    61 I 01300/AbilityManagerService: [ability_manager_service.cpp(GetUserId:3139)]GetUserId, userId is 100
03-03 18:10:26.662 27399     6    61 D 01300/AbilityManagerService: [ability_manager_service.cpp(JudgeMultiUserConcurrency:4995)]userId : 100, current userId : 100
03-03 18:10:26.662 27399     6    61 I 01300/AbilityManagerService: [ability_manager_service.cpp(GetUserId:3139)]GetUserId, userId is 100
03-03 18:10:26.662 27399     6    61 E 01300/AbilityManagerService: [ability_record.cpp(GetAbilityRecordByToken:115)]pointer is nullptr.
03-03 18:10:26.662 27399     6    61 I 01300/Want: [want.cpp(GetRemoteObject:530)]ohos.aafwk.param.abilityInfoCallback is invalid.
03-03 18:10:26.662 27399     6    61 D 01300/AbilityManagerService: [ability_manager_service.cpp(GenerateAbilityRequest:3234)]QueryAbilityInfo from bms, userId is 100.
03-03 18:10:26.662 27399     6    61 D 01120/BundleMgrService: [bundle_mgr_host_impl.cpp(QueryAbilityInfo):487] start QueryAbilityInfo, flags : 38, userId : 100
03-03 18:10:26.662 27399     6    61 D 01120/BundleMgrService: [bundle_mgr_host_impl.cpp(VerifySystemApi):2460] begin to verify system app
03-03 18:10:26.662 27399     6    61 D 01120/BundleMgrService: [bundle_permission_mgr.cpp(VerifySystemApp):709] verifying systemApp
03-03 18:10:26.662 27399     6    61 D 02F01/AccessTokenKit: [GetTokenTypeFlag]:called, tokenID=672050185
03-03 18:10:26.662 27399     6    61 D 01120/BundleMgrService: [bundle_permission_mgr.cpp(VerifySystemApp):718] caller tokenType is native, verify success
03-03 18:10:26.662 27399     6    61 D 01120/BundleMgrService: [bundle_mgr_host_impl.cpp(GetBundleNameForUid):306] start GetBundleNameForUid, uid : 5523
03-03 18:10:26.662 27399     6    61 D 01120/BundleMgrService: [inner_bundle_info.cpp(InnerBundleInfo):386] inner bundle info instance is created
03-03 18:10:26.662 27399     6    61 D 01120/BundleMgrService: [bundle_data_mgr.cpp(GetInnerBundleInfoByUid):1744] the uid(5523) is not exists.
03-03 18:10:26.662 27399     6    61 W 01120/BundleMgrService: [bundle_data_mgr.cpp(GetBundleNameForUid):1703] get innerBundleInfo from bundleInfo_ by uid failed.
03-03 18:10:26.662 27398     5    85 D 02D10/HiView-DOCDB: put data to doc store success, coll=collection
03-03 18:10:26.662  1875        2031 I 02D10/HiView-SysEventService: Convert2SysEvent: domain is AAFWK, eventName is START_ABILITY.
03-03 18:10:26.662 27399     6    61 I 01120/BundleMgrService: [bundle_sandbox_app_helper.cpp(GetInnerBundleInfoByUid):153] enter GetInnerBundleInfoByUid
03-03 18:10:26.662 27399     6    61 I 01120/BundleMgrService: [bundle_sandbox_data_mgr.cpp(GetInnerBundleInfoByUid):236] GetInnerBundleInfoByUid with uid is 5523
03-03 18:10:26.662 27399     6    61 D 01120/BundleMgrService: [bundle_sandbox_data_mgr.cpp(GetInnerBundleInfoByUid):238] GetInnerBundleInfoByUid with userId is 0
03-03 18:10:26.662 27399     6    61 E 01120/BundleMgrService: [bundle_sandbox_data_mgr.cpp(GetInnerBundleInfoByUid):247] sandboxAppInfos_ is empty
03-03 18:10:26.662 27398     5    85 D 02D10/HiView-SysEventDbMgr: SaveToStore: save sys event 1686, START_ABILITY
03-03 18:10:26.663 27399     6    61 E 01120/BundleMgrService: [bundle_data_mgr.cpp(GetBundleNameForUid):1709] get innerBundleInfo by uid failed.
03-03 18:10:26.663 27399     6    61 D 01120/BundleMgrService: [inner_bundle_info.cpp(~InnerBundleInfo):442] inner bundle info instance is destroyed
03-03 18:10:26.663 27399     6    61 D 01120/BundleMgrService: [bundle_mgr_host_impl.cpp(VerifyQueryPermission):1891] callingBundleName : 
03-03 18:10:26.663 27399     6    61 D 01120/BundleMgrService: [bundle_permission_mgr.cpp(VerifyCallingPermission):592] VerifyCallingPermission permission ohos.permission.GET_BUNDLE_INFO
03-03 18:10:26.663 27398     5    85 D 02D10/HiView-HiviewEventReport: UpdatePluginStats pluginName=SysEventService, procName=START_ABILITY, time=672
03-03 18:10:26.663 27399     6    61 D 01120/BundleMgrService: [bundle_permission_mgr.cpp(VerifyCallingPermission):594] callerToken : <private>
03-03 18:10:26.663 27399     6    61 D 02F01/AccessTokenKit: [GetTokenTypeFlag]:called, tokenID=672050185
03-03 18:10:26.663 27399     6    61 D 01120/BundleMgrService: [bundle_permission_mgr.cpp(VerifyCallingPermission):598] caller tokenType is native, verify success
03-03 18:10:26.663 27399     6    61 D 01120/BundleMgrService: [bundle_mgr_host_impl.cpp(VerifyQueryPermission):1901] verify query permission successfully
03-03 18:10:26.663 27399     6    61 D 01120/BundleMgrService: [bundle_mgr_host_impl.cpp(QueryAbilityInfo):496] verify permission success, begin to QueryAbilityInfo
03-03 18:10:26.663 27399     6    61 D 01120/BundleMgrService: [bundle_data_mgr.cpp(QueryAbilityInfo):437] QueryAbilityInfo bundle name:com.example.car, ability name:EntryAbility
03-03 18:10:26.663 27399     6    61 D 01120/BundleMgrService: [bundle_data_mgr.cpp(ExplicitQueryAbilityInfo):543] ExplicitQueryAbilityInfo bundleName:com.example.car, moduleName:, abilityName:EntryAbility
03-03 18:10:26.663 27398     5    85 D 02D10/HiView-Monitor: CollectCostTime: onceTotalCnt_=9, onceTotalRealTime_=7743, onceTotalProcTime_=9537, onceTotalWaitTime_=1794, overRealTotalCount_=0, overProcessTotalCount_=0, finishedCount_=214
03-03 18:10:26.663 27399     6    61 D 01120/BundleMgrService: [bundle_data_mgr.cpp(ExplicitQueryAbilityInfo):544] flags:38, userId:100
03-03 18:10:26.663  1875        2031 E 02D10/Event-JsonParser: HandleEventJson: System has not eventJson domain AAFWK name START_ABILITY
03-03 18:10:26.663 27399     6    61 D 01120/BundleMgrService: [inner_bundle_info.cpp(InnerBundleInfo):386] inner bundle info instance is created
03-03 18:10:26.663 27399     6    61 D 01120/BundleMgrService: [bundle_data_mgr.cpp(GetInnerBundleInfoWithFlags):2116] GetInnerBundleInfoWithFlags: com.example.car
03-03 18:10:26.663 27399     6    61 D 01120/BundleMgrService: [app_control_manager.cpp(GetAppInstallControlRule):66] GetAppInstallControlRule
03-03 18:10:26.663  1875        2031 E 02D10/HiView-SysEventService: OnEvent: HandleEventJson fail
03-03 18:10:26.663 27399     6    61 D 01120/BundleMgrService: [rdb_data_manager.cpp(QueryData):213] QueryData start
03-03 18:10:26.663 27399     6    61 D 01650/NativeRDB: RdbStoreImpl::Query: RdbStoreImpl::Query on called.
03-03 18:10:26.663  1875        2031 D 02D10/HiView-SysEventConvertor: OnEvent: receive sys event
03-03 18:10:26.663  1875        2031 D 02D10/HiView-SysEventConvertor: OnEvent: does not need to convert domain=AAFWK, eventName=START_ABILITY
03-03 18:10:26.663 27399     6    61 D 01650/NativeRDB: SqliteConnectionPool::AcquireConnection: AcquireReadConnection
03-03 18:10:26.663 27399     6    61 W 01650/NativeRDB: ::FillSharedBlockOpt: Processed all rows after optimization.
03-03 18:10:26.663 27399     6    61 I 01120/BundleMgrService: [app_control_manager_rdb.cpp(GetAppInstallControlRule):157] GetAppInstallControlRule size 0
03-03 18:10:26.663 27399     6    61 W 01650/APP_DATA_FWK_NATIVE: SharedBlock: close ashmem
03-03 18:10:26.663 27399     6    61 D 01120/BundleMgrService: [bundle_data_mgr.cpp(QueryAbilityInfoWithFlags):725] begin to QueryAbilityInfoWithFlags.
03-03 18:10:26.663  1875        2090 I 02D02/CrashCollector: OnEvent: path empty or event already processed: 
03-03 18:10:26.663 27399     6    61 D 01120/BundleMgrService: [inner_bundle_info.cpp(IsAbilityEnabled):2705] IsAbilityEnabled bundleName:com.example.car, userId:100
03-03 18:10:26.663 27399     6    61 D 01120/BundleMgrService: [app_control_manager.cpp(GetAppInstallControlRule):66] GetAppInstallControlRule
03-03 18:10:26.663  1875        2090 I 02D01/EventLogger: OnEvent: event coming! id:0x0, eventName:START_ABILITY
03-03 18:10:26.663 27399     6    61 D 01120/BundleMgrService: [rdb_data_manager.cpp(QueryData):213] QueryData start
03-03 18:10:26.663 27399     6    61 D 01650/NativeRDB: RdbStoreImpl::Query: RdbStoreImpl::Query on called.
03-03 18:10:26.663  1875        2090 I 02D01/EventLogger: OnEvent: event jsonExtraInfo is {"domain_":"AAFWK","name_":"START_ABILITY","type_":4,"time_":1772532626661,"tz_":"+0800","pid_":6,"tid_":61,"uid_":5523,"USER_ID":-1,"BUNDLE_NAME":"com.example.car","MODULE_NAME":"","ABILITY_NAME":"EntryAbility", "transfer_":1}
03-03 18:10:26.663 27399     6    61 D 01650/NativeRDB: SqliteConnectionPool::AcquireConnection: AcquireReadConnection
03-03 18:10:26.663 27399     6    61 W 01650/NativeRDB: ::FillSharedBlockOpt: Processed all rows after optimization.
03-03 18:10:26.663  1875        2090 I 02D10/EventLogger-EventLoggerConfig: FindConfigLine: called
03-03 18:10:26.663 27399     6    61 I 01120/BundleMgrService: [app_control_manager_rdb.cpp(GetAppInstallControlRule):157] GetAppInstallControlRule size 0
03-03 18:10:26.663 27399     6    61 W 01650/APP_DATA_FWK_NATIVE: SharedBlock: close ashmem
03-03 18:10:26.663 27399     6    61 D 01120/BundleMgrService: [inner_bundle_info.cpp(~InnerBundleInfo):442] inner bundle info instance is destroyed
03-03 18:10:26.663 27399     6    61 D 01300/AbilityManagerService: [ability_manager_service.cpp(GenerateAbilityRequest:3268)]QueryAbilityInfo success, ability name: EntryAbility, is stage mode: 1.
03-03 18:10:26.663 27399     6    61 D 01300/AbilityManagerService: [ability_manager_service.cpp(GenerateAbilityRequest:3281)]GenerateAbilityRequest end, app name: com.example.car, bundle name: com.example.car, uid: 20040005.
03-03 18:10:26.663 27399     6    61 E LOGLIMIT: process  drop log, threshold:13050
03-03 18:10:26.663  1875        2090 I 02D10/EventLogger-EventLoggerConfig: FindConfigVersion: version: 1.0
03-03 18:10:26.663 27404     9     9 D 02F01/ATMStub: [OnRemoteRequest]:code 65296 token 672050185
03-03 18:10:26.663 27404     9     9 I 02F01/PermissionManagerImpl: [VerifyAccessToken]:VerifyAccessToken called, tokenID: 2000, permissionName: ohos.permission.MANAGER_ABILITY_FROM_GATEWAY
03-03 18:10:26.663 27404     9     9 I 02F01/PermissionManagerImpl: [VerifyAccessToken]:caller in white list is granted.permissionName: <private>
03-03 18:10:26.663 27404     9     9 D 02F01/ATMServ: [VerifyAccessToken]:tokenID: 2000, permission: ohos.permission.MANAGER_ABILITY_FROM_GATEWAY, res 0
03-03 18:10:26.663 27404     9     9 D 02F01/ATMStub: [OnRemoteRequest]:code 65296 token 672050185
03-03 18:10:26.663 27404     9     9 I 02F01/PermissionManagerImpl: [VerifyAccessToken]:VerifyAccessToken called, tokenID: 2000, permissionName: ohos.permission.START_ABILITIES_FROM_BACKGROUND
03-03 18:10:26.663 27404     9     9 I 02F01/PermissionManagerImpl: [VerifyAccessToken]:caller in white list is granted.permissionName: <private>
03-03 18:10:26.664 27404     9     9 D 02F01/ATMServ: [VerifyAccessToken]:tokenID: 2000, permission: ohos.permission.START_ABILITIES_FROM_BACKGROUND, res 0
03-03 18:10:26.664   907         921 I 01800/SAM: C:12
03-03 18:10:26.664   907         921 I 01800/SAM: F:10401.
03-03 18:10:26.665  1875        2090 E 02D01/EventLogger: OnEvent: event: id:0x0, eventName:START_ABILITY does not exist in the EventLoggerConfig
03-03 18:10:26.665  1875        2090 D 02D10/HiView-EventDispatchQueue: Enqueue: EventDispatchQueue Enqueue
03-03 18:10:26.665  1875        2090 D 02D10/HiView-Pipeline: OnContinue: OnContinue end.
03-03 18:10:26.665  1875        2090 I 02D10/HiView-SysEventSource: Recycle: recycle resource
03-03 18:10:26.674  2261        2261 D 01311/IntentParams: doMarshalling with unpacked params
03-03 18:10:26.674   890         890 I 017D9/ZERMS: ERMS_STUB::OnRemoteRequest::60 OnRemoteRequest called, code=1
03-03 18:10:26.674   890         890 I 017D9/ZERMS: ERMS_PARAM::Unmarshalling::86 read packageName result: android
03-03 18:10:26.674   890         890 I 017D9/ZERMS: ERMS_MAIN::QueryStartExperience::110 want bundle name = com.example.car
03-03 18:10:26.674   890         890 I 017D9/ZERMS: ERMS_MAIN::QueryStartExperience::112 callerInfo bundle name = android, callerAppType = 3, targetAppType = 1
03-03 18:10:26.674   890         890 I 017D9/ZERMS: RULE_ENGINE_IMPL::QueryMatchSceneExperience::355 QueryMatchSceneExperience called
03-03 18:10:26.674   890         890 D 017D9/ZERMS: RULE_ENGINE::GetJumpType::102 callerType: 3, targetType: 1, JumpType: 3.
03-03 18:10:26.674   890         890 I 017D9/ZERMS: RULE_ENGINE_IMPL::TransRealExperienceType::562 finish! get transExperienceType is out
