03-03 18:10:21.779  2261       27383 D 01510/IPCJni: Java_ohos_rpc_RemoteProxy_nativeSendRequest 818: success
03-03 18:10:21.779  2261       27383 I chatty  : uid=1000(system) WmGatewayThread identical 1 line
03-03 18:10:21.779  2261       27383 D 01510/IPCJni: Java_ohos_rpc_RemoteProxy_nativeSendRequest 818: success
03-03 18:10:21.783   907         921 I 01800/SAM: C:12
03-03 18:10:21.783   907         921 I 01800/SAM: F:13101.
03-03 18:10:21.784  2261       11511 D 01510/IPCObjectStub: ProcessProto 60: normal stub object, desc:ohos.multimodalinput.IConnectManager
03-03 18:10:21.785 12303  7650  7667 E 02C02/PARAM: [param_comm.c:140]Forbid to access parameter persist.sys.graphic.animationscale
03-03 18:10:21.785 12303  7650  7667 E 02C02/PARAM: [param_request.c:255]Forbid to watch parameter persist.sys.graphic.animationscale
03-03 18:10:21.790  2261       11511 D 01510/BinderInvoker: HandleReply 581: received status code:0, free the buffer
03-03 18:10:21.790  2261       11511 D 01510/IPCJni: Java_ohos_rpc_RemoteProxy_nativeSendRequest 818: success
03-03 18:10:21.790  2261       11511 D 01510/IPCJni: Java_ohos_rpc_MessageParcel_nativeWriteRemoteObject 155: enter
03-03 18:10:21.791  2261       11511 D 01510/BinderInvoker: HandleReply 581: received status code:0, free the buffer
03-03 18:10:21.791  2261       11511 D 01510/IPCJni: Java_ohos_rpc_RemoteProxy_nativeSendRequest 818: success
03-03 18:10:21.791   907         921 I 01800/SAM: C:12
03-03 18:10:21.791   907         921 I 01800/SAM: F:10401.
03-03 18:10:21.791  2261       27383 D 01510/IPCJni: Java_ohos_rpc_RemoteProxy_nativeSendRequest 818: success
03-03 18:10:21.812 12303  7650  7650 E 02C02/PARAM: [param_comm.c:140]Forbid to access parameter persist.sys.arkui.animationscale
03-03 18:10:21.812 12303  7650  7650 E 02C02/PARAM: [param_request.c:255]Forbid to watch parameter persist.sys.arkui.animationscale
03-03 18:10:21.826  5692        5746 I 00200/HwLauncher: GestureUtil MOTION_NOTIFICATION exit_recent sendBroadcast extra =  category: exit_recent
03-03 18:10:21.843  5692        5692 W 00700/HwLauncher: RecentsView onWindowVisibilityChanged executed invalid
03-03 18:10:21.843  5692       10234 I 03900/Ace: [pipeline_context.cpp(OnVirtualKeyboardAreaChange)-(-1)] OnVirtualKeyboardAreaChange positionY:0.000000 safeArea:173.000000 offsetFix:-86.500000
03-03 18:10:21.843  5692       10224 I 03900/Ace: [pipeline_context.cpp(OnVirtualKeyboardAreaChange)-(-1)] OnVirtualKeyboardAreaChange positionY:0.000000 safeArea:173.000000 offsetFix:-86.500000
03-03 18:10:21.858  5692       10218 I 03900/Ace: [pipeline_context.cpp(OnVirtualKeyboardAreaChange)-(31)] OnVirtualKeyboardAreaChange positionY:0.000000 safeArea:-2.000000 offsetFix:0.000000
03-03 18:10:21.859  5692       23644 I 03900/Ace: [pipeline_context.cpp(OnVirtualKeyboardAreaChange)-(14)] OnVirtualKeyboardAreaChange positionY:0.000000 safeArea:180.000000 offsetFix:-90.000000
03-03 18:10:21.859  5692       10234 I 03900/Ace: [pipeline_context.cpp(OnVirtualKeyboardAreaChange)-(33)] OnVirtualKeyboardAreaChange positionY:0.000000 safeArea:173.000000 offsetFix:-86.500000
03-03 18:10:21.860  5692        6539 I 03900/Ace: [pipeline_context.cpp(OnVirtualKeyboardAreaChange)-(1)] OnVirtualKeyboardAreaChange positionY:0.000000 safeArea:-2.000000 offsetFix:0.000000
03-03 18:10:21.861  5692        5692 I 00300/HwLauncher: Launcher Icon:28 Widget:2 Folder:2 Icon in folder:13 in drawer:0 abilityForms:4
03-03 18:10:21.864  5692       10224 I 03900/Ace: [pipeline_context.cpp(OnVirtualKeyboardAreaChange)-(32)] OnVirtualKeyboardAreaChange positionY:0.000000 safeArea:173.000000 offsetFix:-86.500000
03-03 18:10:21.865  5692       12359 I 03900/Ace: [js_task_executor.cpp(ThreadMain)-(-1)] new js thread start
03-03 18:10:21.866  5692       12363 I 03900/Ace: [js_task_executor.cpp(ThreadMain)-(-1)] new js thread start
03-03 18:10:21.866  5692       12362 I 03900/Ace: [js_task_executor.cpp(ThreadMain)-(-1)] new js thread start
03-03 18:10:21.866  5692       12358 I 03900/Ace: [js_task_executor.cpp(ThreadMain)-(-1)] new js thread start
03-03 18:10:21.866  5692       12360 I 03900/Ace: [js_task_executor.cpp(ThreadMain)-(-1)] new js thread start
03-03 18:10:21.866  5692       12360 I 03900/Ace: [js_task_executor.cpp(~JsTaskThread)-(-1)] [Dump js-thread] duration(ms): 2039,tasksCount: 5,coupleCount: 0
03-03 18:10:21.866  5692       12365 I 03900/Ace: [js_task_executor.cpp(ThreadMain)-(-1)] new js thread for delay task start
03-03 18:10:21.871  3109        7584 I 01100/AppexecfwkCore: [form_mgr_host_dualfwk.cpp(OnRemoteRequest)] form mgr host OnRemoteRequest message, the message code is 22, callingPid is 5692, callingUid is 10109
03-03 18:10:21.871   907         921 I 01800/SAM: C:2
03-03 18:10:21.871   907         921 I 01800/SAM: F:11901.
03-03 18:10:21.873  3087       27603 D 01510/IPCObjectStub: ProcessProto 60: normal stub object, desc:OHOS.ResourceSchedule.ResSchedService
03-03 18:10:21.879  1875        1875 E LOGLIMIT: process hiview drop log, threshold:13050
03-03 18:10:21.879  5692        5760 I 00400/HwLauncher: LocalTaskList loadTasksInBackground:5 numTasks:16 currentUserId:0
03-03 18:10:21.880  3109        7584 I 01100/AppexecfwkCore: [form_mgr_host_dualfwk.cpp(HandleNotifyFormsVisible)] HandleNotifyFormsVisible called
03-03 18:10:21.883  3109        7584 I 01120/FormMgrService: [form_mgr_host_impl.cpp(NotifyFormsVisible)] FormMgrHostImpl NotifyFormsVisible called
03-03 18:10:21.884  3109        7584 I 01120/FormMgrService: [form_mgr_jni_adapter.cpp(NotifyFormsVisible)] begin : NotifyFormsVisible begin
03-03 18:10:21.884  3109        7584 I 01120/FormMgrJni: [form_mgr_jni.cpp(NotifyFormsVisible)] NotifyFormsVisible begin
03-03 18:10:21.885  3109        7584 I 01120/FormMgrJni: [form_mgr_jni.cpp(NotifyFormsVisible)] NotifyFormsVisible callJava
03-03 18:10:21.885  3109        7584 D 01510/IPCJni: Java_ohos_rpc_MessageParcel_nativeReadRemoteObject 178: enter
03-03 18:10:21.885  3109        7584 D 01510/IPCProcessSkeleton: FindOrNewObject 164: handle:40 proto:0 new:0
03-03 18:10:21.885  3109        7584 I 01300/FormAdapter_EnableAndVisibleOperation: notifyFormsVisible, visible is false formIds: [58111965378798936, 58111964323649841, 58111965457691543, 58111966125445072]
03-03 18:10:21.885  3109        7584 D 01510/IPCJni: Java_ohos_rpc_RemoteProxy_nativeGetHandle 961: handle:40
03-03 18:10:21.885  3109        7584 D 01510/IPCJni: Java_ohos_rpc_RemoteProxy_nativeGetHandle 961: handle:40
03-03 18:10:21.886  3109        3161 I 01100/AppexecfwkCore: [form_mgr_host_dualfwk.cpp(OnRemoteRequest)] form mgr host OnRemoteRequest message, the message code is 23, callingPid is 5692, callingUid is 10109
03-03 18:10:21.886  3109        3161 I 01100/AppexecfwkCore: [form_mgr_host_dualfwk.cpp(HandleNotifyFormsUpdateEnabled)] HandleNotifyFormsUpdateEnabled called
03-03 18:10:21.886  3109        3161 I 01120/FormMgrService: [form_mgr_host_impl.cpp(NotifyFormsUpdateEnabled)] FormMgrHostImpl NotifyFormsUpdateEnabled called
03-03 18:10:21.886  3109        3161 I 01120/FormMgrService: [form_mgr_jni_adapter.cpp(NotifyFormsUpdateEnabled)] begin : NotifyFormsUpdateEnabled begin
03-03 18:10:21.886  3109        3161 I 01120/FormMgrJni: [form_mgr_jni.cpp(NotifyFormsUpdateEnabled)] NotifyFormsUpdateEnabled begin
03-03 18:10:21.887  3109        3161 I 01120/FormMgrJni: [form_mgr_jni.cpp(NotifyFormsUpdateEnabled)] NotifyFormsUpdateEnabled callJava
03-03 18:10:21.887  3109        3161 D 01510/IPCJni: Java_ohos_rpc_MessageParcel_nativeReadRemoteObject 178: enter
03-03 18:10:21.887  3109        3161 D 01510/IPCProcessSkeleton: FindOrNewObject 164: handle:40 proto:0 new:0
03-03 18:10:21.887  3109        3161 D 01510/IPCJni: Java_ohos_rpc_RemoteProxy_nativeGetHandle 961: handle:40
03-03 18:10:21.899  3349       13832 D 02F07/HSC_SEC_AI_PLUGIN_BG_SecurityThreatsService: onForegroundActivitiesChanged: 5692, 10109, false
03-03 18:10:21.902  5692        5760 I 00A00/HwLauncher: LocalTaskList loadTasksInBackground:5 numTasks:16 currentUserId:0
03-03 18:10:21.887  3109        3161 D 01510/IPCJni: Java_ohos_rpc_RemoteProxy_nativeGetHandle 961: handle:40
03-03 18:10:21.953 12376  7674  7674 I 01510/BinderConnector: 101: <private>:succ to open, fd=4
03-03 18:10:21.953 12376  7674  7674 D 01510/IPCWorkThreadPool: 58: SpawnThread Name= IPC_0
03-03 18:10:21.953 12376  7674  7674 D 01510/IPCWorkThreadPool: 70: SpawnThread, now idleThreadNum_ =<private>
03-03 18:10:21.953 12376  7674  7674 D 01510/IPCWorkThread: 106: create thread, policy=<private>, proto=<private>
03-03 18:10:21.954 12376  7674  7675 D 01510/IPCWorkThread: 60: proto_=0,policy_=1, name: IPC_0_7675, ret: 0
03-03 18:10:21.954 12376  7674  7675 D 01510/IPCWorkThreadPool: 58: SpawnThread Name= IPC_1
03-03 18:10:21.954 12376  7674  7675 D 01510/IPCWorkThreadPool: 70: SpawnThread, now idleThreadNum_ =<private>
03-03 18:10:21.954 12376  7674  7675 D 01510/IPCWorkThread: 106: create thread, policy=<private>, proto=<private>
03-03 18:10:21.954 12376  7674  7676 D 01510/IPCWorkThread: 60: proto_=0,policy_=0, name: IPC_1_7676, ret: 0
03-03 18:10:21.954 12376  7674  7674 E 01510/BinderInvoker: 127: SendRequest: handle=0 result = -74
03-03 18:10:21.955 12376  7674  7674 E 01510/IPCObjectProxy: 558: GET_PROTO_INFO transact return error = -74
03-03 18:10:21.955 12376  7674  7674 I 01800/SA_CLIENT: <private> called, get samgr in half-container
03-03 18:10:21.955 12376  7674  7674 I 01800/SA_CLIENT: CheckService called
03-03 18:10:21.955 12376  7674  7674 I 01800/SA_CLIENT: CheckService  available parcel size:<private>, err:0
03-03 18:10:21.955 12376  7674  7674 I 01800/SA_CLIENT: CheckService  exception from reply 0
03-03 18:10:21.955   907         921 D 01510/IPCObjectStub: ProcessProto 60: normal stub object, desc:OHOS.ISystemAbilityManager
03-03 18:10:21.955 12376  7674  7674 D 01800/SA_CLIENT: CheckSystemAbility called
03-03 18:10:21.955   907         921 I 01800/SAM: C:2
03-03 18:10:21.955   907         921 I 01800/SAM: F:11212.
03-03 18:10:21.956   720  3730  3740 D 01510/IPCObjectStub: 390: IPCObjectStub::ProcessProto called, type = 0, normal stub object
03-03 18:10:21.956 12376  7674  7674 D 02902/DumperClient: Connect# debug|connected
03-03 18:10:21.956   720  3730  3740 D 02901/DumperZIDL: OnRemoteRequest# debug|RequestFileFdStub
03-03 18:10:21.956   720  3730  3740 D 02903/DumperService: Request# debug|sum=0
03-03 18:10:21.956   720  3730  3740 D 02900/DumperCommon: Init# Init enter|
03-03 18:10:21.956   720  3730  3740 D 02900/DumperCommon: EraseLogs# EraseLogs enter|
03-03 18:10:21.956   720  3730  3740 D 02900/DumperCommon: EraseLogs# EraseLogs debug|sum=-10
03-03 18:10:21.956   720  3730  3740 D 02900/DumperCommon: EraseLogs# EraseLogs leave|
03-03 18:10:21.956   720  3730  3740 D 02900/DumperCommon: Init# Init leave|
03-03 18:10:21.956   720  3730  3740 D 02903/DumperService: Request# enter|
03-03 18:10:21.956   720  3730  3740 D 02903/DumperService: AddRequestRawParam# debug|requestId=368, calllingUid=2000, calllingPid=7674
03-03 18:10:21.956   720  3730  3740 D 02903/DumperService: RawParam# create|pid=7674, reqId=368
03-03 18:10:21.956   720  3730  3740 D 02903/DumperService: Init# enter|
03-03 18:10:21.956   720  3730  3740 D 02903/DumperService: Init# debug|argc=5
03-03 18:10:21.956   720  3730  3740 D 02903/DumperService: Init# leave|true
03-03 18:10:21.956   720  3730  3740 D 02903/DumperService: RequestMain# enter|
03-03 18:10:21.956   720  3730  3740 D 02900/DumperCommon: CreateTmpFolder# CreateTmpFolder enter|id=368
03-03 18:10:21.956   720  3730  3740 D 02900/DumperCommon: CreateTmpFolder# CreateTmpFolder leave|ret=/data/log/hidumper/tmp/368/, res=[1]
03-03 18:10:21.956   720  3730  3740 D 02903/DumperService: RequestMain# debug|enter task, argC=5
03-03 18:10:21.956   720  3730  3740 D 02903/DumperService: RequestMain# debug|argV[0]=hidumper
03-03 18:10:21.956   720  3730  3740 D 02903/DumperService: RequestMain# debug|argV[1]=-s
03-03 18:10:21.956   720  3730  3740 D 02903/DumperService: RequestMain# debug|argV[2]=11201
03-03 18:10:21.956   720  3730  3740 D 02903/DumperService: RequestMain# debug|argV[3]=-a
03-03 18:10:21.956   720  3730  3740 D 02903/DumperService: RequestMain# debug|argV[4]=-p Faultlogger
03-03 18:10:21.956   720  3730  3740 D 02900/DumperCommon: DumperParameter# enter|
03-03 18:10:21.956   720  3730  3740 D 02900/DumperCommon: DumperParameter# leave|
03-03 18:10:21.956   720  3730  3740 D 02900/DumperCommon: CmdParseWithParameter# enter|
03-03 18:10:21.957   720  3730  3740 D 02900/DumperCommon: SetCmdParameter# debug|SetCmdParameter optind is 3 argc is  5
03-03 18:10:21.957   720  3730  3740 D 02900/DumperCommon: CmdParseWithParameter# leave|ret=0
03-03 18:10:21.957   720  3730  3740 D 02900/DumperCommon: GetDumperConfigs# enter|
03-03 18:10:21.957   720  3730  3740 D 02900/DumperCommon: GetDumperConfigs# enter|
03-03 18:10:21.957   720  3730  3740 D 02900/DumperCommon: GetDumperConfigs# debug|pidInfos=12, cpuInfos=8
03-03 18:10:21.957   720  3730  3740 D 02900/DumperCommon: HandleDumpAbility# debug|ability
03-03 18:10:21.957   720  3730  3740 D 02900/DumperCommon: GetConfig# debug|group, name=group_ability
03-03 18:10:21.957   720  3730  3740 D 02900/DumperCommon: GetDumperConfigs# debug|dumpCfgs=3
03-03 18:10:21.957   720  3730  3740 D 02900/DumperCommon: GetDumperConfigs# leave|
03-03 18:10:21.958   720  3730  3740 D 02900/DumperCommon: Dump# debug|*********[0]********
03-03 18:10:21.958   720  3730  3740 D 02900/DumperCommon: Dump# debug|section=, class=1[group], level=0[none], name=group_ability, type=0[none], expand_=0, target=, desc=group of ability dumper, filterCfg=
03-03 18:10:21.958   720  3730  3740 D 02900/DumperCommon: Dump# debug|*********[0]********
03-03 18:10:21.958   720  3730  3740 D 02900/DumperCommon: Dump# debug|section=ability, class=11[sa_dumper], level=0[none], name=dumper_system_ability, type=0[none], expand_=0, target=ability, desc=System Ability Information, filterCfg=
03-03 18:10:21.958   720  3730  3740 D 02900/DumperCommon: Dump# debug|    names[0]=11201
03-03 18:10:21.958   720  3730  3740 D 02900/DumperCommon: Dump# debug|    args[0]=-p
03-03 18:10:21.958   720  3730  3740 D 02900/DumperCommon: Dump# debug|    args[1]=Faultlogger
03-03 18:10:21.958   720  3730  3740 D 02900/DumperCommon: Dump# debug|parent...name=group_ability, desc=group of ability dumper
03-03 18:10:21.958   720  3730  3740 D 02900/DumperCommon: Dump# debug|*********[0]********
03-03 18:10:21.958   720  3730  3740 D 02900/DumperCommon: Dump# debug|section=, class=22[fd_output], level=0[none], name=, type=0[none], expand_=0, target=, desc=, filterCfg=
03-03 18:10:21.958   720  3730  3740 D 02900/DumperCommon: Dump# debug|parent...name=group_ability, desc=group of ability dumper
03-03 18:10:21.958   720  3730  3740 D 02900/DumperCommon: GetDumperConfigs# leave|ret=0
03-03 18:10:21.958   720  3730  3740 D 02900/DumperCommon: Main# debug|Main configs size is 3
03-03 18:10:21.958   720  3730  3740 D 01800/SA_CLIENT: CheckSystemAbility called
03-03 18:10:21.958   907         921 I 01800/SAM: C:2
03-03 18:10:21.958   907         921 I 01800/SAM: GetRealContainerSaId saId:11201 is not in map
03-03 18:10:21.958   907         921 I 01800/SAM: F:11201.
03-03 18:10:21.958 27398     5     5 D 01510/IPCObjectStub: 390: IPCObjectStub::ProcessProto called, type = 0, normal stub object
03-03 18:10:21.959 27398     5     5 D 02F01/AccessTokenKit: [VerifyAccessToken]:called, tokenID=2000, permissionName=ohos.permission.DUMP
03-03 18:10:21.959 27404     9     9 D 02F01/ATMStub: [OnRemoteRequest]:code 65296 token 671972893
03-03 18:10:21.959 27404     9     9 I 02F01/PermissionManagerImpl: [VerifyAccessToken]:VerifyAccessToken called, tokenID: 2000, permissionName: ohos.permission.DUMP
03-03 18:10:21.959 27404     9     9 I 02F01/PermissionManagerImpl: [VerifyAccessToken]:caller in white list is granted.permissionName: <private>
03-03 18:10:21.959 27404     9     9 D 02F01/ATMServ: [VerifyAccessToken]:tokenID: 2000, permission: ohos.permission.DUMP, res 0
03-03 18:10:21.959 27398     5     5 D 02F01/ATMProxy: [VerifyAccessToken]:result from server data = 0
03-03 18:10:21.959   720  3730  3740 D 02900/DumperCommon: ~DumperParameter# enter|
03-03 18:10:21.959   720  3730  3740 D 02900/DumperCommon: ~DumperParameter# leave|
03-03 18:10:21.959   720  3730  3740 D 02903/DumperService: RequestMain# debug|leave task
03-03 18:10:21.959   720  3730  3740 D 02900/DumperCommon: EraseTmpFolder# EraseTmpFolder enter|id=368
03-03 18:10:21.960   720  3730  3740 D 02900/DumperCommon: EraseTmpFolder# EraseTmpFolder leave|ret=[1]
03-03 18:10:21.960   720  3730  3740 D 02900/DumperCommon: EraseLogs# EraseLogs enter|
03-03 18:10:21.960   720  3730  3740 D 02900/DumperCommon: EraseLogs# EraseLogs debug|sum=-10
03-03 18:10:21.960   720  3730  3740 D 02900/DumperCommon: EraseLogs# EraseLogs leave|
03-03 18:10:21.960   720  3730  3740 D 02903/DumperService: CloseOutputFd# enter|outfd=9
03-03 18:10:21.960   720  3730  3740 D 02903/DumperService: CloseOutputFd# debug|outfd=9
03-03 18:10:21.960   720  3730  3740 D 02903/DumperService: CloseOutputFd# leave|outfd=-1
03-03 18:10:21.960   720  3730  3740 D 02903/DumperService: EraseRequestRawParam# enter|
03-03 18:10:21.960   720  3730  3740 D 02903/DumperService: EraseRequestRawParam# debug|requestId=368
03-03 18:10:21.960   720  3730  3740 D 02903/DumperService: EraseRequestRawParam# debug|erase
03-03 18:10:21.960   720  3730  3740 D 02903/DumperService: EraseRequestRawParam# leave|
03-03 18:10:21.960   720  3730  3740 D 02903/DumperService: RequestMain# leave|
03-03 18:10:21.960   720  3730  3740 D 02903/DumperService: Request# leave|ret=0
03-03 18:10:21.960   720  3730  3740 D 02903/DumperService: ~RawParam# release|pid=7674, reqId=368
03-03 18:10:21.960   720  3730  3740 D 02903/DumperService: Uninit# enter|
03-03 18:10:21.960   720  3730  3740 D 02903/DumperService: CloseOutputFd# enter|outfd=-1
03-03 18:10:21.960   720  3730  3740 D 02903/DumperService: CloseOutputFd# leave|outfd=-1
03-03 18:10:21.960   720  3730  3740 D 02903/DumperService: Uninit# leave|
03-03 18:10:21.960 12376  7674  7674 D 02902/DumperClient: Request# debug|ret=0
03-03 18:10:22.002 12303  7650  7650 D 03900/NAPI: [native_module_manager.cpp(FindNativeModuleByDisk)] ignore: no NAPI_ability_featureAbility_GetABCCode in /system/lib64/module/ability/libfeatureability.z.so
03-03 18:10:22.002 12303  7650  7650 D 03900/NAPI: [ark_native_engine.cpp(ArkNativeEngine)] ArkNativeEngine::ArkNativeEngine
03-03 18:10:22.002 12303  7650  7650 D 03900/NAPI: [native_module_manager.cpp(SetNativeEngine)] SetNativeEngine
03-03 18:10:22.002 12303  7650  7650 I 01300/AbilityManagerService: [feature_ability.cpp(FeatureAbilityInit:60)]FeatureAbilityInit,called
03-03 18:10:22.002 12303  7650  7650 D 01300/AbilityManagerService: [feature_ability.cpp(JsFeatureAbilityInit:109)]JsFeatureAbilityInit is called
03-03 18:10:22.002 12303  7650  7650 I 01300/AbilityManagerService: [napi_context.cpp(ContextPermissionInit:2741)]Context::ContextPermissionInit called.
03-03 18:10:22.002 12303  7650  7650 I 01300/AbilityManagerService: [napi_data_ability_operation.cpp(DataAbilityOperationInit:34)]DataAbilityOperationInit called.
03-03 18:10:22.002 12303  7650  7650 I 01300/AbilityManagerService: [napi_data_ability_helper.cpp(DataAbilityHelperInit:61)]DataAbilityHelperInit,called
03-03 18:10:22.002 12303  7650  7650 I 01300/AbilityManagerService: [feature_ability_constant.cpp(FAConstantInit:42)]FAConstantInit,called
03-03 18:10:22.002 12303  7650  7650 D 03900/NAPI: [ark_native_engine_impl.cpp(LoadArkModule)] ArkNativeEngineImpl::LoadModule end
03-03 18:10:22.002 12303  7650  7650 D 03F00/ArkCompiler: [default] LoadNativeModule:681 Request module is @ohos:abilityAccessCtrl
03-03 18:10:22.004 12303  7650  7650 D 03F00/ArkCompiler: [default] LoadNativeModule:681 Request module is @ohos:wifi
03-03 18:10:22.004 12303  7650  7650 I 03900/NAPI: [native_module_manager.cpp(LoadNativeModule)] not in cache: moduleName: wifi
03-03 18:10:22.004 12303  7650  7650 I 03900/NAPI: [module_load_checker.cpp(CheckModuleLoadable)] check blocklist, moduleName = wifi, processExtensionType_ = 255
03-03 18:10:22.004 12303  7650  7650 D 03900/NAPI: [native_module_manager.cpp(FindNativeModuleByDisk)] get primary module path: /system/lib64/module/libwifi.z.so
03-03 18:10:22.005 12303  7650  7673 D 01402/2DGraphics: InitializeEglContext: Create EGL context successfully, version 1.5
03-03 18:10:22.005 12303  7650  7673 I 01400/Vsync: VsyncCallBackListenerContainer: construct vsync callback listener
03-03 18:10:22.005 12303  7650  7673 I 00000/VsyncReceiverContainer: VsyncReceiverContainer: construct vsync receiver
03-03 18:10:22.006 12303  7650  7673 I 00000/VsyncReceiverContainer: Init: Init, fd_=50
03-03 18:10:22.006 12303  7650  7673 E 02C02/PARAM: [param_comm.c:140]Forbid to access parameter debug.graphic.frame
03-03 18:10:22.007 12303  7650  7673 E 02C02/PARAM: [param_request.c:255]Forbid to watch parameter debug.graphic.frame
03-03 18:10:22.007 12303  7650  7673 E 01400/OHOS::ROSEN: print log error in vsprintf_s
03-03 18:10:22.007 12303  7650  7673 E 02C02/PARAM: [param_comm.c:140]Forbid to access parameter debug.graphic.overdraw
03-03 18:10:22.007 12303  7650  7673 E 02C02/PARAM: [param_request.c:255]Forbid to watch parameter debug.graphic.overdraw
03-03 18:10:22.007 12303  7650  7673 E 02C02/PARAM: [param_comm.c:140]Forbid to access parameter debug.graphic.colors_overdraw
03-03 18:10:22.007 12303  7650  7673 E 02C02/PARAM: [param_request.c:255]Forbid to watch parameter debug.graphic.colors_overdraw
03-03 18:10:22.009 12303  7650  7650 I 01560/WifiDeviceImpl: GetWifiDeviceProxy, get new sa from remote!
03-03 18:10:22.009 12303  7650  7650 D 01800/SA_CLIENT: GetSystemAbilityWrapper:Waiting for sa 1120, 
03-03 18:10:22.009 12303  7650  7650 D 01800/SA_CLIENT: CheckSystemAbility called, ability id is 1120, isExist is 0
03-03 18:10:22.009   907         921 I 01800/SAM: C:12
03-03 18:10:22.009   907         921 I 01800/SAM: F:11120.
03-03 18:10:22.010  2261       16616 D 01510/IPCObjectStub: ProcessProto 60: normal stub object, desc:ohos.wifi.IWifiDeviceService
03-03 18:10:22.010 12303  7650  7650 I 01560/WifiDeviceProxy: AddDeathRecipient success! deathRecipient_: 0x<private>
03-03 18:10:22.010 12303  7650  7650 I 01560/WifiDevice: init successfully!
03-03 18:10:22.010 12303  7650  7650 I 01562/WifiScanImpl: GetWifiScanProxy, get new sa from remote!
03-03 18:10:22.010 12303  7650  7650 D 01800/SA_CLIENT: GetSystemAbilityWrapper:Waiting for sa 1124, 
03-03 18:10:22.010 12303  7650  7650 D 01800/SA_CLIENT: CheckSystemAbility called, ability id is 1124, isExist is 0
03-03 18:10:22.010   907         921 I 01800/SAM: C:12
03-03 18:10:22.010   907         921 I 01800/SAM: F:11124.
03-03 18:10:22.010  2261       27594 D 01510/IPCObjectStub: ProcessProto 60: normal stub object, desc:ohos.wifi.IWifiScan
03-03 18:10:22.010 12303  7650  7650 I 01562/WifiScanProxy: AddDeathRecipient success! deathRecipient_: 0x<private>
03-03 18:10:22.010 12303  7650  7650 I 01562/WifiScan: succeeded
03-03 18:10:22.010 12303  7650  7650 I 01563/WifiP2pImpl: GetWifiP2pProxy, get new sa from remote!
03-03 18:10:22.010 12303  7650  7650 D 01800/SA_CLIENT: GetSystemAbilityWrapper:Waiting for sa 1123, 
03-03 18:10:22.010 12303  7650  7650 D 01800/SA_CLIENT: CheckSystemAbility called, ability id is 1123, isExist is 0
03-03 18:10:22.010   907         921 I 01800/SAM: C:12
03-03 18:10:22.010   907         921 I 01800/SAM: F:11123.
03-03 18:10:22.011  2261       29200 D 01510/IPCObjectStub: ProcessProto 60: normal stub object, desc:ohos.wifi.IWifiP2pService
03-03 18:10:22.011 12303  7650  7650 I 01563/WifiP2pProxy: AddDeathRecipient success! deathRecipient_: 0x<private>
03-03 18:10:22.011 12303  7650  7650 I 01560/Hid2d: init hid2d successfully!
03-03 18:10:22.012 12303  7650  7650 I 01561/WifiHotspotImpl: GetWifiHotspotProxy, get new sa from remote!
03-03 18:10:22.012 12303  7650  7650 D 01800/SA_CLIENT: GetSystemAbilityWrapper:Waiting for sa 1121, 
03-03 18:10:22.012 12303  7650  7650 D 01800/SA_CLIENT: CheckSystemAbility called, ability id is 1121, isExist is 0
03-03 18:10:22.012   907         921 I 01800/SAM: C:12
03-03 18:10:22.012   907         921 I 01800/SAM: F:11121.
03-03 18:10:22.012  2261       15047 D 01510/IPCObjectStub: ProcessProto 60: normal stub object, desc:ohos.wifi.IWifiHotspotMgr
03-03 18:10:22.012  2261       14803 E 01510/IPCJni: OnRemoteRequest 227: result:0
03-03 18:10:22.012 12303  7650  7650 W 03D00/utils_base: CheckOffsets Invalid obj, obj size overflow. objSize:24, dataSize:8
03-03 18:10:22.012 12303  7650  7650 E 01561/WifiHotspotImpl: wifi device remote obj is null, 0
03-03 18:10:22.012 12303  7650  7650 E 01561/WifiHotspot: init wifi hotspot id:0 failed
03-03 18:10:22.012 12303  7650  7650 E 01561/WifiHotspot: new wifi hotspot id:0 failed, sa id:1121
03-03 18:10:22.012 12303  7650  7650 I 01563/WifiP2pImpl: GetWifiP2pProxy, get new sa from remote!
03-03 18:10:22.012 12303  7650  7650 D 01800/SA_CLIENT: GetSystemAbilityWrapper:Waiting for sa 1123, 
03-03 18:10:22.012 12303  7650  7650 D 01800/SA_CLIENT: CheckSystemAbility called, ability id is 1123, isExist is 0
03-03 18:10:22.012   907         921 I 01800/SAM: C:12
03-03 18:10:22.012   907         921 I 01800/SAM: F:11123.
03-03 18:10:22.013 12303  7650  7650 I 01563/WifiP2pProxy: AddDeathRecipient success! deathRecipient_: 0x<private>
03-03 18:10:22.013 12303  7650  7650 I 01563/WifiP2p: init p2p successfully!
03-03 18:10:22.014 12303  7650  7650 I 01560/WifiDeviceImpl: GetWifiDeviceProxy, get new sa from remote!
03-03 18:10:22.014 12303  7650  7650 D 01800/SA_CLIENT: GetSystemAbilityWrapper:Waiting for sa 1120, 
03-03 18:10:22.014 12303  7650  7650 D 01800/SA_CLIENT: CheckSystemAbility called, ability id is 1120, isExist is 0
03-03 18:10:22.014   907         921 I 01800/SAM: C:12
03-03 18:10:22.014   907         921 I 01800/SAM: F:11120.
03-03 18:10:22.014 12303  7650  7650 I 01560/WifiDeviceProxy: AddDeathRecipient success! deathRecipient_: 0x<private>
03-03 18:10:22.014 12303  7650  7650 I 01560/WifiDevice: init successfully!
03-03 18:10:22.014 12303  7650  7650 I 01562/WifiScanImpl: GetWifiScanProxy, get new sa from remote!
03-03 18:10:22.014 12303  7650  7650 D 01800/SA_CLIENT: GetSystemAbilityWrapper:Waiting for sa 1124, 
03-03 18:10:22.014 12303  7650  7650 D 01800/SA_CLIENT: CheckSystemAbility called, ability id is 1124, isExist is 0
03-03 18:10:22.014   907         921 I 01800/SAM: C:12
03-03 18:10:22.014   907         921 I 01800/SAM: F:11124.
03-03 18:10:22.014 12303  7650  7650 I 01562/WifiScanProxy: AddDeathRecipient success! deathRecipient_: 0x<private>
03-03 18:10:22.014 12303  7650  7650 I 01562/WifiScan: succeeded
03-03 18:10:22.015 12303  7650  7650 I 01561/WifiHotspotImpl: GetWifiHotspotProxy, get new sa from remote!
03-03 18:10:22.015 12303  7650  7650 D 01800/SA_CLIENT: GetSystemAbilityWrapper:Waiting for sa 1121, 
03-03 18:10:22.015 12303  7650  7650 D 01800/SA_CLIENT: CheckSystemAbility called, ability id is 1121, isExist is 0
03-03 18:10:22.015   907         907 I 01800/SAM: C:12
03-03 18:10:22.015   907         907 I 01800/SAM: F:11121.
03-03 18:10:22.015  2261       14803 D 01510/IPCObjectStub: ProcessProto 60: normal stub object, desc:ohos.wifi.IWifiHotspotMgr
03-03 18:10:22.015  2261       29200 D 01510/IPCJni: Java_ohos_rpc_MessageParcel_nativeWriteRemoteObject 155: enter
03-03 18:10:22.015 12303  7650  7650 I 01561/WifiHotspotProxy: AddDeathRecipient success! deathRecipient_: 0x<private>
03-03 18:10:22.015 12303  7650  7650 I 01561/WifiHotspot: ap obj id:0 succeeded
03-03 18:10:22.015 12303  7650  7650 I 01563/WifiP2pImpl: GetWifiP2pProxy, get new sa from remote!
03-03 18:10:22.016 12303  7650  7650 D 01800/SA_CLIENT: GetSystemAbilityWrapper:Waiting for sa 1123, 
03-03 18:10:22.016 12303  7650  7650 D 01800/SA_CLIENT: CheckSystemAbility called, ability id is 1123, isExist is 0
03-03 18:10:22.016   907         907 I 01800/SAM: C:12
03-03 18:10:22.016   907         907 I 01800/SAM: F:11123.
03-03 18:10:22.016 12303  7650  7650 I 01563/WifiP2pProxy: AddDeathRecipient success! deathRecipient_: 0x<private>
03-03 18:10:22.016 12303  7650  7650 I 01563/WifiP2p: init p2p successfully!
03-03 18:10:22.016 12303  7650  7650 D 03900/NAPI: [native_module_manager.cpp(FindNativeModuleByDisk)] ignore: no NAPI_wifi_GetABCCode in /system/lib64/module/libwifi.z.so
03-03 18:10:22.016 12303  7650  7650 D 03900/NAPI: [ark_native_engine.cpp(ArkNativeEngine)] ArkNativeEngine::ArkNativeEngine
03-03 18:10:22.016 12303  7650  7650 D 03900/NAPI: [native_module_manager.cpp(SetNativeEngine)] SetNativeEngine
03-03 18:10:22.016 12303  7650  7650 D 03F00/ArkCompiler: [default] LoadNativeModule:681 Request module is @ohos:file.picker
03-03 18:10:22.016 12303  7650  7650 I 03900/NAPI: [native_module_manager.cpp(LoadNativeModule)] not in cache: moduleName: file.picker
03-03 18:10:22.016 12303  7650  7650 I 03900/NAPI: [module_load_checker.cpp(CheckModuleLoadable)] check blocklist, moduleName = file.picker, processExtensionType_ = 255
03-03 18:10:22.016 12303  7650  7650 D 03900/NAPI: [native_module_manager.cpp(FindNativeModuleByDisk)] get primary module path: /system/lib64/module/file/libpicker.z.so
03-03 18:10:22.018 12303  7650  7650 D 03900/NAPI: [native_module_manager.cpp(FindNativeModuleByDisk)] get js code from module: bufLen: 10320
03-03 18:10:22.018 12303  7650  7650 D 03900/NAPI: [ark_native_engine.cpp(ArkNativeEngine)] ArkNativeEngine::ArkNativeEngine
03-03 18:10:22.018 12303  7650  7650 D 03900/NAPI: [native_module_manager.cpp(SetNativeEngine)] SetNativeEngine
03-03 18:10:22.018 12303  7650  7650 D 03900/NAPI: [ark_native_engine_impl.cpp(operator())] load js code from libfile.picker.z.so/file.picker.js
03-03 18:10:22.018 12303  7650  7650 D 03900/NAPI: [ark_native_engine_impl.cpp(LoadArkModule)] ArkNativeEngineImpl::LoadModule start, buffer = PANDA
03-03 18:10:22.018 12303  7650  7650 D 03F00/ArkCompiler: [ecmascript] JSPandaFileExecutor::ExecuteFromBuffer filename libfile.picker.z.so/file.picker.js
03-03 18:10:22.018 12303  7650  7650 D 03F00/ArkCompiler: [debugger] NotifyScriptParsed: unsupport file: libfile.picker.z.so/file.picker.js
03-03 18:10:22.018 12303  7650  7650 D 03900/NAPI: [ark_native_engine_impl.cpp(LoadArkModule)] ArkNativeEngineImpl::LoadModule end
03-03 18:10:22.019 12303  7650  7650 D 03F00/ArkCompiler: [default] LoadNativeModule:681 Request module is @ohos:multimedia.media
03-03 18:10:22.019 12303  7650  7650 I 03900/NAPI: [native_module_manager.cpp(LoadNativeModule)] not in cache: moduleName: multimedia.media
03-03 18:10:22.019 12303  7650  7650 I 03900/NAPI: [module_load_checker.cpp(CheckModuleLoadable)] check blocklist, moduleName = multimedia.media, processExtensionType_ = 255
03-03 18:10:22.019 12303  7650  7650 D 03900/NAPI: [native_module_manager.cpp(FindNativeModuleByDisk)] get primary module path: /system/lib64/module/multimedia/libmedia.z.so
03-03 18:10:22.025 12303  7650  7650 D 02B2B/JSMediaModule: {RegisterModule():69} RegisterModule() is called
03-03 18:10:22.026 12303  7650  7650 D 03900/NAPI: [native_module_manager.cpp(FindNativeModuleByDisk)] ignore: no NAPI_multimedia_media_GetABCCode in /system/lib64/module/multimedia/libmedia.z.so
03-03 18:10:22.026 12303  7650  7650 D 03900/NAPI: [ark_native_engine.cpp(ArkNativeEngine)] ArkNativeEngine::ArkNativeEngine
03-03 18:10:22.027 12303  7650  7650 D 03900/NAPI: [native_module_manager.cpp(SetNativeEngine)] SetNativeEngine
03-03 18:10:22.027 12303  7650  7650 D 02B2B/JSMediaModule: {Export():29} Export() is called
03-03 18:10:22.027 12303  7650  7650 D 02B2B/MediaCapsNapi: {Init():64} Init success
03-03 18:10:22.027 12303  7650  7650 D 02B2B/AudioPlayerNapi: {Init():92} Init success
03-03 18:10:22.027 12303  7650  7650 D 02B2B/VideoPlayerNapi: {Init():134} Init success
03-03 18:10:22.027 12303  7650  7650 I 02B2B/AVPlayerNapi: {Init():93} Init success
03-03 18:10:22.027 12303  7650  7650 D 02B2B/AudioRecorderNapi: {Init():100} Init success
03-03 18:10:22.027 12303  7650  7650 D 02B2B/VideoRecorderNapi: {Init():82} Init success
03-03 18:10:22.027 12303  7650  7650 I 02B2B/AVRecorderNapi: {Init():92} Init success
03-03 18:10:22.034 12303  7650  7650 I 03900/Ace: [ace_scoring_log.cpp(operator())-(0)] AceScoringLog enabled
03-03 18:10:22.035 12303  7650  7650 E 03900/Ace: [theme_style.h(GetAttr)-(0)] style tab_pattern get attr default_tab_bar_name error!
03-03 18:10:22.037 12303  7650  7650 W 03900/Ace: [js_view_abstract.cpp(ParseJsString)-(0)] type is not number
03-03 18:10:22.037 12303  7650  7650 I chatty  : uid=40040005 com.example.car identical 2 lines
03-03 18:10:22.037 12303  7650  7650 W 03900/Ace: [js_view_abstract.cpp(ParseJsString)-(0)] type is not number
03-03 18:10:22.038 12303  7650  7650 W 03900/Ace: [tab_bar_pattern.cpp(UpdateTextColor)-(0)] columnNode is null, return on line 729
03-03 18:10:22.039 12303  7650  7650 I 03900/Ace: [swiper_pattern.cpp(InitSwiperIndicator)-(0)] Swiper create new indicator
03-03 18:10:22.041 12303  7650  7650 I 03900/Ace: [stage_manager.cpp(PushPage)-(0)] waiting for window size
03-03 18:10:22.041 12303  7650  7650 I 03900/Ace: [page_router_manager.cpp(LoadPage)-(0)] PageRouterManager LoadPage[1]: pages/Index. success
03-03 18:10:22.041 12303  7650  7650 D 01700/RSS: ResSchedClient::ReportData receive resType = 10, value = 1.
03-03 18:10:22.041 12303  7650  7650 D 01700/RSS: ReportData, success.
03-03 18:10:22.041 12303  7650  7650 I 03900/Ace: [jsi_declarative_engine.cpp(UpdateApplicationState)-(0)] JsiDeclarativeEngine UpdateApplicationState, packageName , state: 2
03-03 18:10:22.041 12303  7650  7650 E 03900/Ace: [jsi_declarative_engine.cpp(CallAppFunc)-(0)] property "default" is not a object
03-03 18:10:22.041 12303  7650  7650 D 01400/OHOS::ROSEN: RSUIDirector::GoForeground
03-03 18:10:22.041 12303  7650  7650 D 01400/OHOS::ROSEN: RSRenderThread UpdateWindowStatus 1, cur activeWindowCnt_ 1
03-03 18:10:22.041 12303  7650  7650 I 04200/VsyncStation: <42>RequestVsync: MainEventRunner is available
03-03 18:10:22.041 12303  7650  7650 I 01400/Vsync: VsyncCallBackListenerContainer: construct vsync callback listener
03-03 18:10:22.041 12303  7650  7650 I 00000/VsyncReceiverContainer: VsyncReceiverContainer: construct vsync receiver
03-03 18:10:22.041 12303  7650  7650 I 00000/VsyncReceiverContainer: Init: Init, fd_=47
03-03 18:10:22.041 12303  7650  7650 W 03900/Ace: [ui_content_impl.cpp(operator())-(0)] pipelineContext is null, return on line 1491
03-03 18:10:22.042 12303  7650  7673 D 01400/OHOS::ROSEN: RSRenderThread ProcessCommands size: 1
03-03 18:10:22.042 12303  7650  7650 W 03900/Ace: [flutter_ace_view.cpp(SurfaceChanged)-(-1)] pipelineContext is null, return on line 434
03-03 18:10:22.042 12303  7650  7650 I 03900/Ace: [flutter_ace_view.h(NotifySurfacePositionChanged)-(-1)] surface position not changed
03-03 18:10:22.042 12303  7650  7650 I 03900/Ace: [pipeline_context.cpp(OnSurfaceDensityChanged)-(0)] OnSurfaceDensityChanged density_(2.000000)
03-03 18:10:22.042 12303  7650  7650 I 03900/Ace: [pipeline_context.cpp(OnSurfaceDensityChanged)-(0)] OnSurfaceDensityChanged dipScale_(2.000000)
03-03 18:10:22.042 12303  7650  7650 I 03900/Ace: [pipeline_context.cpp(OnSurfaceDensityChanged)-(0)] OnSurfaceDensityChanged viewScale_(1.000000)
03-03 18:10:22.042 12303  7650  7650 I 03900/Ace: [pipeline_context.cpp(SetRootRect)-(0)] SetRootRect width 1600.000000, height 2560.000000, 0.000000
03-03 18:10:22.043 12303  7650  7673 D 01400/OHOS::ROSEN: RSRenderThread DrawFrame(202349892541657) in GPU
03-03 18:10:22.044 12303  7650  7673 D 01400/OHOS::ROSEN: Root car0: Negative width or height [8 0]
03-03 18:10:22.044 12303  7650  7673 D 01400/OHOS::ROSEN: Root car0: Negative width or height [78 702322976]
03-03 18:10:22.045 12303  7650  7650 I 015B0/NetMgrSubsystem: NETSTACK [module_template.h 73] context->CreatePromise()
03-03 18:10:22.045 12303  7650  7650 D 03F00/ArkCompiler: [gc] AddRegion:24 Add region:0x7776a00000 to semi space
03-03 18:10:22.045 12303  7650  7670 E 015B0/NetMgrSubsystem: NETSTACK [socket_exec.cpp 698] connect errno 88 Socket operation on non-socket
03-03 18:10:22.050 12303  7650  7650 I 03900/Ace: [text_field_model_ng.cpp(CreateNode)-(0)] Add surface changed callback id 1
03-03 18:10:22.050 12303  7650  7650 I 03900/Ace: [text_field_model_ng.cpp(CreateNode)-(0)] Add position changed callback id 2
03-03 18:10:22.050 12303  7650  7650 E 03900/Ace: [theme_style.h(GetAttr)-(0)] style textfield_pattern not contains error_text_border_color_alpha!
03-03 18:10:22.073 12303  7650  7650 D 01300/Appkit: [context_impl.cpp(GetBundleManager:415)]ContextImpl::GetBundleManager
03-03 18:10:22.073 12303  7650  7650 D 01800/SA_CLIENT: GetSystemAbilityWrapper:Waiting for sa 401, 
03-03 18:10:22.073 12303  7650  7650 D 01800/SA_CLIENT: CheckSystemAbility called, ability id is 401, isExist is 0
03-03 18:10:22.073   907         907 I 01800/SAM: C:12
03-03 18:10:22.073   907         907 I 01800/SAM: F:10401.
03-03 18:10:22.073 27399     6    61 D 01510/IPCObjectStub: 390: IPCObjectStub::ProcessProto called, type = 0, normal stub object
03-03 18:10:22.073 12303  7650  7650 D 01120/BundleMgrService: [bundle_mgr_proxy.cpp(BundleMgrProxy):72] create bundle mgr proxy instance
03-03 18:10:22.073 12303  7650  7650 D 01300/Appkit: [context_impl.cpp(CreateModuleContext:199)]ContextImpl::CreateModuleContext length: 15, bundleName: com.example.car
03-03 18:10:22.073 12303  7650  7650 D 01300/AbilityDepsWrapper: [os_account_manager_wrapper.cpp(GetOsAccountLocalIdFromProcess:64)]execute GetOsAccountLocalIdFromProcess with os account subsystem.
03-03 18:10:22.073 12303  7650  7650 D 01800/SA_CLIENT: GetSystemAbilityWrapper:Waiting for sa 200, 
03-03 18:10:22.073 12303  7650  7650 D 01800/SA_CLIENT: CheckSystemAbility called, ability id is 200, isExist is 0
03-03 18:10:22.073   907         921 I 01800/SAM: C:12
03-03 18:10:22.073   907         921 I 01800/SAM: F:10200.
03-03 18:10:22.074 27403     8   138 D 01510/IPCObjectStub: 390: IPCObjectStub::ProcessProto called, type = 0, normal stub object
03-03 18:10:22.079 27403     8   583 D 01510/IPCObjectStub: 390: IPCObjectStub::ProcessProto called, type = 0, normal stub object
03-03 18:10:22.079 12303  7650  7650 D 01120/BundleMgrService: [bundle_mgr_proxy.cpp(GetBundleInfoForSelf):395] begin to get bundle info for self
03-03 18:10:22.079 27399     6    61 D 01120/BundleMgrService: [bundle_mgr_host.cpp(OnRemoteRequest):221] bundle mgr host onReceived message, the message code is 105
03-03 18:10:22.079 27399     6    61 D 01120/BundleMgrService: [bundle_mgr_host.cpp(HandleGetBundleInfoForSelf):396] GetBundleInfoForSelf, flags 239
03-03 18:10:22.079 27399     6    61 D 01120/BundleMgrService: [bundle_mgr_host_impl.cpp(GetBundleNameForUid):306] start GetBundleNameForUid, uid : 20040005
03-03 18:10:22.079 27399     6    61 D 01120/BundleMgrService: [inner_bundle_info.cpp(InnerBundleInfo):386] inner bundle info instance is created
03-03 18:10:22.079 27399     6    61 D 01120/BundleMgrService: [inner_bundle_info.cpp(~InnerBundleInfo):442] inner bundle info instance is destroyed
03-03 18:10:22.079 27399     6    61 D 01120/BundleMgrService: [inner_bundle_info.cpp(InnerBundleInfo):386] inner bundle info instance is created
03-03 18:10:22.079 27399     6    61 D 01120/BundleMgrService: [bundle_data_mgr.cpp(GetInnerBundleInfoWithBundleFlagsV9):2189] GetInnerBundleInfoWithFlagsV9: com.example.car
03-03 18:10:22.079 27399     6    61 D 01120/BundleMgrService: [app_control_manager.cpp(GetAppInstallControlRule):66] GetAppInstallControlRule
03-03 18:10:22.079 27399     6    61 D 01120/BundleMgrService: [rdb_data_manager.cpp(QueryData):213] QueryData start
03-03 18:10:22.079 27399     6    61 D 01650/NativeRDB: RdbStoreImpl::Query: RdbStoreImpl::Query on called.
03-03 18:10:22.079 27399     6    61 D 01650/NativeRDB: SqliteConnectionPool::AcquireConnection: AcquireReadConnection
03-03 18:10:22.079 27399     6    61 W 01650/NativeRDB: ::FillSharedBlockOpt: Processed all rows after optimization.
03-03 18:10:22.079 27399     6    61 I 01120/BundleMgrService: [app_control_manager_rdb.cpp(GetAppInstallControlRule):157] GetAppInstallControlRule size 0
03-03 18:10:22.079 27399     6    61 W 01650/APP_DATA_FWK_NATIVE: SharedBlock: close ashmem
03-03 18:10:22.079 27399     6    61 D 01120/BundleMgrService: [app_control_manager.cpp(GetAppInstallControlRule):66] GetAppInstallControlRule
03-03 18:10:22.079 27399     6    61 D 01120/BundleMgrService: [rdb_data_manager.cpp(QueryData):213] QueryData start
03-03 18:10:22.079 27399     6    61 D 01650/NativeRDB: RdbStoreImpl::Query: RdbStoreImpl::Query on called.
03-03 18:10:22.079 27399     6    61 D 01650/NativeRDB: SqliteConnectionPool::AcquireConnection: AcquireReadConnection
03-03 18:10:22.079 27399     6    61 W 01650/NativeRDB: ::FillSharedBlockOpt: Processed all rows after optimization.
03-03 18:10:22.079 27399     6    61 I 01120/BundleMgrService: [app_control_manager_rdb.cpp(GetAppInstallControlRule):157] GetAppInstallControlRule size 0
03-03 18:10:22.080 27399     6    61 W 01650/APP_DATA_FWK_NATIVE: SharedBlock: close ashmem
03-03 18:10:22.080 27399     6    61 D 01120/BundleMgrService: [app_control_manager.cpp(GetAppInstallControlRule):66] GetAppInstallControlRule
03-03 18:10:22.080 27399     6    61 D 01120/BundleMgrService: [rdb_data_manager.cpp(QueryData):213] QueryData start
03-03 18:10:22.080 27399     6    61 D 01650/NativeRDB: RdbStoreImpl::Query: RdbStoreImpl::Query on called.
03-03 18:10:22.080 27399     6    61 D 01650/NativeRDB: SqliteConnectionPool::AcquireConnection: AcquireReadConnection
03-03 18:10:22.080 27399     6    61 W 01650/NativeRDB: ::FillSharedBlockOpt: Processed all rows after optimization.
03-03 18:10:22.080 27399     6    61 I 01120/BundleMgrService: [app_control_manager_rdb.cpp(GetAppInstallControlRule):157] GetAppInstallControlRule size 0
03-03 18:10:22.080 27399     6    61 W 01650/APP_DATA_FWK_NATIVE: SharedBlock: close ashmem
03-03 18:10:22.080 27399     6    61 D 01120/BundleMgrService: [inner_bundle_info.cpp(GetBundleWithAbilitiesV9):2353] Get bundleInfo with abilities.
03-03 18:10:22.080 27399     6    61 D 01120/BundleMgrService: [inner_bundle_info.cpp(IsAbilityEnabled):2705] IsAbilityEnabled bundleName:com.example.car, userId:100
03-03 18:10:22.080 27399     6    61 D 01120/BundleMgrService: [inner_bundle_info.cpp(GetBundleWithExtensionAbilitiesV9):2385] Get bundleInfo with extensionAbilities.
03-03 18:10:22.080 27399     6    61 D 01120/BundleMgrService: [bundle_data_mgr.cpp(GetBundleInfoV9):1448] get bundleInfo(com.example.car) successfully in user(100)
03-03 18:10:22.080 27399     6    61 D 01120/BundleMgrService: [inner_bundle_info.cpp(~InnerBundleInfo):442] inner bundle info instance is destroyed
03-03 18:10:22.080 27399     6    61 D 01120/BundleMgrService: [application_info.cpp(Marshalling):409] ApplicationInfo::Marshalling called
03-03 18:10:22.080 27399     6    61 D 01120/BundleMgrService: [application_info.cpp(Marshalling):409] ApplicationInfo::Marshalling called
03-03 18:10:22.080 27399     6    61 D 01120/BundleMgrService: [bundle_mgr_host.cpp(OnRemoteRequest):236] bundlemgr host finish to process message
03-03 18:10:22.080 12303  7650  7650 D 01120/BundleMgrService: [bundle_mgr_proxy.cpp(GetParcelableInfoWithErrCode):3507] GetParcelableInfoWithErrCode ErrCode : 0
03-03 18:10:22.082 12303  7650  7650 D 01300/Appkit: [context_impl.cpp(InitResourceManager:366)]InitResourceManager hapModuleInfos count: 1
03-03 18:10:22.082 12303  7650  7650 D 01300/Appkit: [context_impl.cpp(InitResourceManager:384)]ContextImpl::InitResourceManager loadPath: /data/storage/el1/bundle/entry/resources.index
03-03 18:10:22.082 12303  7650  7650 D 01300/Appkit: [context_impl.cpp(InitResourceManager:403)]ContextImpl::InitResourceManager language: zh, script: Hans, region: CN,
03-03 18:10:22.082 12303  7650  7650 D 01300/Configuration: [configuration.cpp(MakeTheKey:67)] getKey [0#const.build.characteristics]
03-03 18:10:22.082 12303  7650  7650 I 01300/Appkit: [context_impl.cpp(GetDeviceType:588)]deviceType is tablet.
03-03 18:10:22.082 12303  7650  7650 D 01300/Appkit: [context_impl.cpp(GetDeviceType:595)]deviceType is 1.
03-03 18:10:22.084 12303  7650  7650 D 01300/Appkit: [context_impl.cpp(SetResourceManager:441)]ContextImpl::initResourceManager. Start.
03-03 18:10:22.084 12303  7650  7650 D 01300/Appkit: [context_impl.cpp(SetResourceManager:443)]ContextImpl::initResourceManager. End.
03-03 18:10:22.084 12303  7650  7650 D 01120/BundleMgrService: [bundle_mgr_proxy.cpp(~BundleMgrProxy):77] destroy create bundle mgr proxy instance
03-03 18:10:22.087 12303  7650  7650 E 01E00/ResourceManager: FindRawFile path to realpath error
03-03 18:10:22.088 12303  7650  7650 I 03900/Ace: [background_task_executor.cpp(BackgroundTaskExecutor)-(0)] Create ace bg threads pool.
03-03 18:10:22.095 12303  7650  7650 I 03900/Ace: [js_view_abstract.cpp(ParseBorderStyle)-(0)] args(undefined) is invalid, use default value.
03-03 18:10:22.099 12303  7650  7650 D 03F00/ArkCompiler: [gc] AddRegion:24 Add region:0x7776ac0000 to old space
03-03 18:10:22.107 12303  7650  7650 I 0FEFE/JsApp: [Page4] start http= http://192.168.81.100:81/?action=snapshot
03-03 18:10:22.107 12303  7650  7650 I 02B2B/AVPlayerNapi: {JsCreateAVPlayer():154} JsCreateAVPlayer In
03-03 18:10:22.107 12303  7650  7650 D 02B2B/CommonNapi: {MediaAsyncContext():515} MediaAsyncContext Create 0xF889E0
03-03 18:10:22.107 12303  7650  7650 D 02B2B/CommonNapi: {CreatePromise():276} napi_create_promise
03-03 18:10:22.108 12303  7650  7650 E LOGLIMIT: process car drop log, threshold:13050
03-03 18:10:22.117 27399     6    61 I 01300/AppexecfwkCore: [app_mgr_stub.cpp(OnRemoteRequest:119)]AppMgrStub::OnReceived, code = 27, flags= 0.
03-03 18:10:22.118 27399     6    61 I 01300/AppMgrService: [app_mgr_service_inner.cpp(NotifyMemoryLevel:798)]AppMgrServiceInner start
03-03 18:10:22.118 27399     6    61 D 01300/AbilityManagerService: [permission_verification.cpp(IsSACall:43)]IsSACall: is called.
03-03 18:10:22.118 27399     6    61 D 01300/AbilityManagerService: [permission_verification.cpp(GetCallingTokenID:297)]callerToken : <private>
03-03 18:10:22.118 27399     6    61 D 02F01/AccessTokenKit: [GetTokenTypeFlag]:called, tokenID=1000
03-03 18:10:22.118 27399     6    61 D 01300/AbilityManagerService: [permission_verification.cpp(IsSACall:50)]Not SA called.
03-03 18:10:22.118 27399     6    61 D 01300/AbilityManagerService: [permission_verification.cpp(VerifyCallingPermission:30)]VerifyCallingPermission permission ohos.permission.MANAGER_ABILITY_FROM_GATEWAY
03-03 18:10:22.118 27399     6    61 D 01300/AbilityManagerService: [permission_verification.cpp(GetCallingTokenID:297)]callerToken : <private>
03-03 18:10:22.118 27399     6    61 D 02F01/AccessTokenKit: [VerifyAccessToken]:called, tokenID=1000, permissionName=ohos.permission.MANAGER_ABILITY_FROM_GATEWAY
03-03 18:10:22.118 27404     9     9 D 02F01/ATMStub: [OnRemoteRequest]:code 65296 token 672050185
03-03 18:10:22.118 27404     9     9 I 02F01/PermissionManagerImpl: [VerifyAccessToken]:VerifyAccessToken called, tokenID: 1000, permissionName: ohos.permission.MANAGER_ABILITY_FROM_GATEWAY
03-03 18:10:22.118 27404     9     9 I 02F01/PermissionManagerImpl: [VerifyAccessToken]:caller in white list is granted
03-03 18:10:22.118 27404     9     9 D 02F01/ATMServ: [VerifyAccessToken]:tokenID: 1000, permission: ohos.permission.MANAGER_ABILITY_FROM_GATEWAY, res 0
03-03 18:10:22.118 27399     6    61 D 02F01/ATMProxy: [VerifyAccessToken]:result from server data = 0
03-03 18:10:22.118 27399     6    61 D 01300/AbilityManagerService: [permission_verification.cpp(VerifyCallingPermission:37)]verify AccessToken success
03-03 18:10:22.118 27399     6    61 D 01300/AbilityManagerService: [permission_verification.cpp(IsGatewayCall:70)]IsGatewayCall: Permission verification succeeded.
03-03 18:10:22.118 27399     6    61 I 01300/AppMgrService: [app_running_manager.cpp(NotifyMemoryLevel:569)]call NotifyMemoryLevel, current app size 1
03-03 18:10:22.118 27399     6    61 I 01300/AppMgrService: [app_running_manager.cpp(NotifyMemoryLevel:572)]Notification app [com.example.car]
03-03 18:10:22.118  2261        2335 D 01510/IPCJni: Java_ohos_rpc_RemoteProxy_nativeSendRequest 818: success
03-03 18:10:22.225   907         921 I 01800/SAM: C:12
03-03 18:10:22.226   907         921 I 01800/SAM: F:13002.
03-03 18:10:22.367  5692       12359 I 03900/Ace: [js_task_executor.cpp(ThreadMain)-(-1)] js thread end
03-03 18:10:22.367  5692       12363 I 03900/Ace: [js_task_executor.cpp(ThreadMain)-(-1)] js thread end
03-03 18:10:22.367  5692       12362 I 03900/Ace: [js_task_executor.cpp(ThreadMain)-(-1)] js thread end
03-03 18:10:22.367  5692       12358 I 03900/Ace: [js_task_executor.cpp(ThreadMain)-(-1)] js thread end
03-03 18:10:22.367  5692       12360 I 03900/Ace: [js_task_executor.cpp(ThreadMain)-(-1)] js thread end
03-03 18:10:22.367  5692       12365 I 03900/Ace: [js_task_executor.cpp(~JsTaskThread)-(-1)] [Dump js-thread] duration(ms): 501,tasksCount: 2,coupleCount: 1
03-03 18:10:22.367  5692       12365 I chatty  : uid=10109(com.huawei.android.launcher) identical 2 lines
03-03 18:10:22.367  5692       12365 I 03900/Ace: [js_task_executor.cpp(~JsTaskThread)-(-1)] [Dump js-thread] duration(ms): 501,tasksCount: 2,coupleCount: 1
03-03 18:10:22.367  5692       12365 I 03900/Ace: [js_task_executor.cpp(~JsTaskThread)-(-1)] [Dump js-thread] duration(ms): 502,tasksCount: 2,coupleCount: 1
03-03 18:10:22.485  3349        3759 D 02F07/HSC_SEC_AI_PLUGIN_BG_SecurityThreatsService: handleMessage msg=2
03-03 18:10:22.485  3349        3759 I 02F07/HSC_SEC_AI_PLUGIN_BG_SecurityThreatsService: notifyRiskAppWhenStartUp, pid = 12278, uid = 10270
