03-03 18:19:52.139 20578  8751  8775 D 01400/OHOS::ROSEN: RSRenderThread DrawFrame(202919989446524) in GPU
03-03 18:19:52.139 20578  8751  8775 D 01400/OHOS::ROSEN: SetPartialRenderStatus: 1->1, isRenderForced_=0, isEglSetDamageRegion_=1, isOpDropped_=0
03-03 18:19:52.139 20578  8751  8751 W 03900/Ace: [scroll_paint_method.cpp(PaintScrollEffect)-(0)] scrollEdgeEffect is null, return on line 53
03-03 18:19:52.139 20578  8751  8775 D 01400/OHOS::ROSEN: RSSurfaceOhosGl:RequestFrame, width is 1600, height is 2560
03-03 18:19:52.139 20578  8751  8775 D 01402/2DGraphics: SetUpGrContext: grContext has already created!!
03-03 18:19:52.140 20578  8751  8775 D 01402/2DGraphics: AcquireSurface: CreateCanvas successfully!!! (0xb40000777789f000)
03-03 18:19:52.140 20578  8751  8775 D 01400/OHOS::ROSEN: UpdateDirtyAndSetEGLDamageRegion dirtyRect = [0, 0, 1600, 2560]
03-03 18:19:52.141 20578  8751  8775 D 01400/OHOS::ROSEN: RSRenderThreadVisitor FlushImplicitTransactionFromRT uiTimestamp = 202919972783270
03-03 18:19:52.141 20578  8751  8775 D 01400/OHOS::ROSEN: RSRenderThreadVisitor FlushFrame surfaceNodeId = 37585258807296, uiTimestamp = 202919972783270
03-03 18:19:52.141 20578  8751  8775 D 01402/2DGraphics: RenderFrame: RenderFrame: Canvas is 0xb40000777789f000
03-03 18:19:52.144 20578  8751  8775 D 01402/2DGraphics: SwapBuffers: SwapBuffers successfully, surface is 0xb400007739c26480
03-03 18:19:52.144 20578  8751  8775 D 01400/OHOS::ROSEN: RSSurfaceOhosGl: FlushFrame success
03-03 18:19:52.155 20578  8751  8775 D 01400/OHOS::ROSEN: RSRenderThread ProcessCommands size: 1
03-03 18:19:52.155 20578  8751  8775 D 01400/OHOS::ROSEN: RSRenderThread DrawFrame(202920006122082) in GPU
03-03 18:19:52.155 20578  8751  8775 D 01400/OHOS::ROSEN: SetPartialRenderStatus: 1->1, isRenderForced_=0, isEglSetDamageRegion_=1, isOpDropped_=0
03-03 18:19:52.155 20578  8751  8751 W 03900/Ace: [scroll_paint_method.cpp(PaintScrollEffect)-(0)] scrollEdgeEffect is null, return on line 53
03-03 18:19:52.156 20578  8751  8775 D 01400/OHOS::ROSEN: RSSurfaceOhosGl:RequestFrame, width is 1600, height is 2560
03-03 18:19:52.156 20578  8751  8775 D 01402/2DGraphics: SetUpGrContext: grContext has already created!!
03-03 18:19:52.156 20578  8751  8775 D 01402/2DGraphics: AcquireSurface: CreateCanvas successfully!!! (0xb40000777789f000)
03-03 18:19:52.156 20578  8751  8775 D 01400/OHOS::ROSEN: UpdateDirtyAndSetEGLDamageRegion dirtyRect = [0, 0, 1600, 2560]
03-03 18:19:52.160 20578  8751  8775 D 01400/OHOS::ROSEN: RSRenderThreadVisitor FlushImplicitTransactionFromRT uiTimestamp = 202919989446524
03-03 18:19:52.161 20578  8751  8775 D 01400/OHOS::ROSEN: RSRenderThreadVisitor FlushFrame surfaceNodeId = 37585258807296, uiTimestamp = 202919989446524
03-03 18:19:52.161 20578  8751  8775 D 01402/2DGraphics: RenderFrame: RenderFrame: Canvas is 0xb40000777789f000
03-03 18:19:52.162 20578  8751  8751 I 0FEFE/JsApp: [HTTP] loopOnce running=true inflight=false url=http://192.168.81.100:81/?action=snapshot
03-03 18:19:52.162 20578  8751  8751 I 015B0/NetMgrSubsystem: NETSTACK [request_context.cpp 282] Do not use http proxy
03-03 18:19:52.162 20578  8751  8751 I 015B0/NetMgrSubsystem: NETSTACK [request_context.cpp 224] no extraData
03-03 18:19:52.163 20578  8751  8751 I 02B2B/AVPlayerNapi: {JsReset():532} JsReset In
03-03 18:19:52.164 20578  8751  8751 D 02B2B/CommonNapi: {MediaAsyncContext():515} MediaAsyncContext Create 0x430E60
03-03 18:19:52.164 20578  8751  8751 D 02B2B/CommonNapi: {CreatePromise():276} napi_create_promise
03-03 18:19:52.164 20578  8751  8751 I 02B2B/TaskQueue: {CancelNotExecutedTaskLocked():115} All task not executed are being cancelled..........[AVPlayerNapi]
03-03 18:19:52.164 20578  8751  8784 I 02B2B/AVPlayerNapi: {operator()():493} Reset Task In
03-03 18:19:52.164 20578  8751  8751 I 02B2B/AVPlayerNapi: {JsReset():563} JsReset Out
03-03 18:19:52.164 20578  8751  8784 I 02B2B/AVPlayerNapi: {operator()():502} current state is idle, invalid operation
03-03 18:19:52.164 20578  8751  8784 I 02B2B/AVPlayerNapi: {operator()():515} Reset Task Out
03-03 18:19:52.165 20578  8751  8773 I 02B2B/AVPlayerNapi: {operator()():555} Wait Reset Task Start
03-03 18:19:52.165 20578  8751  8773 I 02B2B/AVPlayerNapi: {operator()():557} Wait Reset Task Stop
03-03 18:19:52.165 20578  8751  8751 D 01300/Runtime: [js_runtime.cpp(OnReadable:428)]UvLoopHandler::OnReadable is triggered
03-03 18:19:52.165 20578  8751  8751 D 01300/Runtime: [js_runtime.cpp(OnTriggered:441)]UvLoopHandler::OnTriggered is triggered
03-03 18:19:52.165 20578  8751  8751 D 02B2B/CommonNapi: {CompleteCallback():534} CompleteCallback In
03-03 18:19:52.165 20578  8751  8751 D 02B2B/CommonNapi: {CompleteCallback():540} MediaAsyncContext Create 0x430E60 memoryTag = safememory
03-03 18:19:52.165 20578  8751  8751 D 02B2B/CommonNapi: {CompleteCallback():556} async callback success
03-03 18:19:52.165 20578  8751  8751 D 02B2B/CommonNapi: {Callback():582} promise napi_resolve_deferred
03-03 18:19:52.165 20578  8751  8751 I 02B2B/AVPlayerNapi: {JsSetUrl():856} JsSetUrl In
03-03 18:19:52.165 20578  8751  8751 D 02B2B/CommonNapi: {GetStringArgument():38} argument = rtsp://192.168.81.100:554/stream
03-03 18:19:52.165 20578  8751  8751 I 02B2B/AVPlayerNapi: {SetSource():812} input url is rtsp://192.168.81.100:554/stream!
03-03 18:19:52.166 20578  8751  8751 E 02B2B/AVPlayerCallback: {OnErrorCb():295} OnErrorCb:errorCode 401, errorMsg Invalid Parameter: invalid parameters, The input parameter is not fd:// or network address
03-03 18:19:52.166 20578  8751  8751 I 02B2B/AVPlayerNapi: {JsSetUrl():879} JsSetUrl Out
03-03 18:19:52.166 20578  8751  8751 I 02B2B/AVPlayerNapi: {JsPrepare():224} JsPrepare In
03-03 18:19:52.166 20578  8751  8751 D 02B2B/CommonNapi: {MediaAsyncContext():515} MediaAsyncContext Create 0xDEE9C0
03-03 18:19:52.166 20578  8751  8775 D 01402/2DGraphics: SwapBuffers: SwapBuffers successfully, surface is 0xb400007739c26480
03-03 18:19:52.166 20578  8751  8751 D 02B2B/CommonNapi: {CreatePromise():276} napi_create_promise
03-03 18:19:52.166 20578  8751  8775 D 01400/OHOS::ROSEN: RSSurfaceOhosGl: FlushFrame success
03-03 18:19:52.166 20578  8751  8751 E 02B2B/CommonNapi: {SignError():529} SignError: current state is not stopped or initialized, unsupport prepare operation
03-03 18:19:52.166 20578  8751  8751 E LOGLIMIT: process car drop log, threshold:13050
03-03 18:19:52.229  2261        2679 I 00202/HwWifiScoreReportEx: Score = 60, wifiConnectivityManagerEnabled = false, lowScoreCount = 0
03-03 18:19:52.254  1875        2053 I 02D01/TimerExecutor: Timeout: Timeout.
03-03 18:19:52.258  1875        2053 I 02D01/TimerTaskGuard: CheckTimerTaskTimeOut: upload period is 3, taskId=0
03-03 18:19:52.259  1875        2053 I 02D01/TimerTaskGuard: CheckTimerTaskTimeOut: upload period is 3, taskId=1
03-03 18:19:52.259  1875        2053 W 02D01/CaLog: PreWriteLog: invalid level: 2.
03-03 18:19:52.262  1875        2053 I 02D01/TimerTaskGuard: IsAllowedUeUploadByEmui: version1=4.2.0, version2=14.2.0, allowdUeVersion=2, isAllowd=1
03-03 18:19:52.262  1875        2053 I 02D01/TimerTaskGuard: CheckTimerTaskTimeOut: upload period is 3, taskId=3
03-03 18:19:52.262  1875        2053 I 02D01/TimerTaskGuard: IsAllowedUeUploadByEmui: version1=4.2.0, version2=14.2.0, allowdUeVersion=2, isAllowd=1
03-03 18:19:52.263  1875        2053 I 02D01/TimerTaskGuard: CheckTimerTaskTimeOut: upload period is 3, taskId=4
03-03 18:19:52.349  3128       15260 I 00B00/HwMSDPMovementService: handleGetSupportedModule
03-03 18:19:52.349  3128       15260 I 00B00/HwMSDPMovementImpl: mWaitCount  10
03-03 18:19:52.349  3128       15260 I 00B00/HwMSDPMovementImpl: mSupportedModule= 0
03-03 18:19:53.000 20578  8751  8759 D 03F00/ArkCompiler: [gc] ClearAndFreeRegion:50 Clear region from:0x772a680000 to semi space
03-03 18:19:53.000 20578  8751  8759 D 03F00/ArkCompiler: [gc] ClearAndFreeRegion:50 Clear region from:0x772a6c0000 to semi space
03-03 18:19:53.000 20578  8751  8759 D 03F00/ArkCompiler: [gc] ClearAndFreeRegion:50 Clear region from:0x772a700000 to semi space
03-03 18:19:53.005 20578  8751  8775 D 01400/OHOS::ROSEN: RSRenderThread ProcessCommands size: 1
03-03 18:19:53.005 20578  8751  8775 D 01400/OHOS::ROSEN: RSRenderThread DrawFrame(202920856182509) in GPU
03-03 18:19:53.005 20578  8751  8775 D 01400/OHOS::ROSEN: SetPartialRenderStatus: 1->1, isRenderForced_=0, isEglSetDamageRegion_=1, isOpDropped_=0
03-03 18:19:53.005 20578  8751  8751 W 03900/Ace: [scroll_paint_method.cpp(PaintScrollEffect)-(0)] scrollEdgeEffect is null, return on line 53
03-03 18:19:53.006 20578  8751  8775 D 01400/OHOS::ROSEN: RSSurfaceOhosGl:RequestFrame, width is 1600, height is 2560
03-03 18:19:53.006 20578  8751  8775 D 01402/2DGraphics: SetUpGrContext: grContext has already created!!
03-03 18:19:53.006 20578  8751  8775 D 01402/2DGraphics: AcquireSurface: CreateCanvas successfully!!! (0xb40000777789f000)
03-03 18:19:53.006 20578  8751  8775 D 01400/OHOS::ROSEN: UpdateDirtyAndSetEGLDamageRegion dirtyRect = [0, 0, 1600, 2560]
03-03 18:19:53.009 20578  8751  8775 D 01400/OHOS::ROSEN: RSRenderThreadVisitor FlushImplicitTransactionFromRT uiTimestamp = 202920839477583
03-03 18:19:53.009 20578  8751  8775 D 01400/OHOS::ROSEN: RSRenderThreadVisitor FlushFrame surfaceNodeId = 37585258807296, uiTimestamp = 202920839477583
03-03 18:19:53.009 20578  8751  8775 D 01402/2DGraphics: RenderFrame: RenderFrame: Canvas is 0xb40000777789f000
03-03 18:19:53.013 20578  8751  8775 D 01402/2DGraphics: SwapBuffers: SwapBuffers successfully, surface is 0xb400007739c26480
03-03 18:19:53.013 20578  8751  8775 D 01400/OHOS::ROSEN: RSSurfaceOhosGl: FlushFrame success
03-03 18:19:53.022 20578  8751  8775 D 01400/OHOS::ROSEN: RSRenderThread ProcessCommands size: 1
03-03 18:19:53.022 20578  8751  8775 D 01400/OHOS::ROSEN: RSRenderThread DrawFrame(202920872849310) in GPU
03-03 18:19:53.022 20578  8751  8775 D 01400/OHOS::ROSEN: SetPartialRenderStatus: 1->1, isRenderForced_=0, isEglSetDamageRegion_=1, isOpDropped_=0
03-03 18:19:53.022 20578  8751  8751 W 03900/Ace: [scroll_paint_method.cpp(PaintScrollEffect)-(0)] scrollEdgeEffect is null, return on line 53
03-03 18:19:53.022 20578  8751  8775 D 01400/OHOS::ROSEN: RSSurfaceOhosGl:RequestFrame, width is 1600, height is 2560
03-03 18:19:53.022 20578  8751  8775 D 01402/2DGraphics: SetUpGrContext: grContext has already created!!
03-03 18:19:53.022 20578  8751  8775 D 01402/2DGraphics: AcquireSurface: CreateCanvas successfully!!! (0xb40000777789f000)
03-03 18:19:53.022 20578  8751  8775 D 01400/OHOS::ROSEN: UpdateDirtyAndSetEGLDamageRegion dirtyRect = [0, 0, 1600, 2560]
03-03 18:19:53.025 20578  8751  8775 D 01400/OHOS::ROSEN: RSRenderThreadVisitor FlushImplicitTransactionFromRT uiTimestamp = 202920856182509
03-03 18:19:53.026 20578  8751  8775 D 01400/OHOS::ROSEN: RSRenderThreadVisitor FlushFrame surfaceNodeId = 37585258807296, uiTimestamp = 202920856182509
03-03 18:19:53.026 20578  8751  8775 D 01402/2DGraphics: RenderFrame: RenderFrame: Canvas is 0xb40000777789f000
03-03 18:19:53.029 20578  8751  8775 D 01402/2DGraphics: SwapBuffers: SwapBuffers successfully, surface is 0xb400007739c26480
03-03 18:19:53.029 20578  8751  8775 D 01400/OHOS::ROSEN: RSSurfaceOhosGl: FlushFrame success
03-03 18:19:53.038 20578  8751  8775 D 01400/OHOS::ROSEN: RSRenderThread ProcessCommands size: 1
03-03 18:19:53.038 20578  8751  8775 D 01400/OHOS::ROSEN: RSRenderThread DrawFrame(202920889511881) in GPU
03-03 18:19:53.039 20578  8751  8775 D 01400/OHOS::ROSEN: SetPartialRenderStatus: 1->1, isRenderForced_=0, isEglSetDamageRegion_=1, isOpDropped_=0
03-03 18:19:53.039 20578  8751  8775 D 01400/OHOS::ROSEN: RSSurfaceOhosGl:RequestFrame, width is 1600, height is 2560
03-03 18:19:53.039 20578  8751  8775 D 01402/2DGraphics: SetUpGrContext: grContext has already created!!
03-03 18:19:53.039 20578  8751  8775 D 01402/2DGraphics: AcquireSurface: CreateCanvas successfully!!! (0xb40000777789f000)
03-03 18:19:53.039 20578  8751  8775 D 01400/OHOS::ROSEN: UpdateDirtyAndSetEGLDamageRegion dirtyRect = [0, 0, 1600, 2560]
03-03 18:19:53.043 20578  8751  8775 D 01400/OHOS::ROSEN: RSRenderThreadVisitor FlushImplicitTransactionFromRT uiTimestamp = 202920872849310
03-03 18:19:53.043 20578  8751  8775 D 01400/OHOS::ROSEN: RSRenderThreadVisitor FlushFrame surfaceNodeId = 37585258807296, uiTimestamp = 202920872849310
03-03 18:19:53.043 20578  8751  8775 D 01402/2DGraphics: RenderFrame: RenderFrame: Canvas is 0xb40000777789f000
03-03 18:19:53.047 20578  8751  8775 D 01402/2DGraphics: SwapBuffers: SwapBuffers successfully, surface is 0xb400007739c26480
03-03 18:19:53.047 20578  8751  8775 D 01400/OHOS::ROSEN: RSSurfaceOhosGl: FlushFrame success
03-03 18:19:53.062 20578  8751  8751 I 03900/Ace: [js_view_abstract.cpp(ParseBorderStyle)-(0)] args(undefined) is invalid, use default value.
03-03 18:19:53.087 20578  8751  8751 W 03900/Ace: [text_field_pattern.cpp(UpdateCaretPosition)-(0)] Not on focus, cannot update caret
03-03 18:19:53.090 20578  8751  8751 W 03900/Ace: [scroll_paint_method.cpp(PaintScrollEffect)-(0)] scrollEdgeEffect is null, return on line 53
03-03 18:19:53.096 20578  8751  8751 W 03900/Ace: [scroll_paint_method.cpp(PaintScrollEffect)-(0)] scrollEdgeEffect is null, return on line 53
03-03 18:19:53.105 20578  8751  8775 D 01400/OHOS::ROSEN: RSRenderThread ProcessCommands size: 2
03-03 18:19:53.105 20578  8751  8751 W 03900/Ace: [scroll_paint_method.cpp(PaintScrollEffect)-(0)] scrollEdgeEffect is null, return on line 53
03-03 18:19:53.107 20578  8751  8775 D 01400/OHOS::ROSEN: RSRenderThread DrawFrame(202920956177810) in GPU
03-03 18:19:53.107 20578  8751  8775 D 01400/OHOS::ROSEN: SetPartialRenderStatus: 1->1, isRenderForced_=0, isEglSetDamageRegion_=1, isOpDropped_=0
03-03 18:19:53.108 20578  8751  8775 D 01400/OHOS::ROSEN: RSSurfaceOhosGl:RequestFrame, width is 1600, height is 2560
03-03 18:19:53.108 20578  8751  8775 D 01402/2DGraphics: SetUpGrContext: grContext has already created!!
03-03 18:19:53.108 20578  8751  8775 D 01402/2DGraphics: AcquireSurface: CreateCanvas successfully!!! (0xb40000777789f000)
03-03 18:19:53.108 20578  8751  8775 D 01400/OHOS::ROSEN: UpdateDirtyAndSetEGLDamageRegion dirtyRect = [0, 0, 1600, 2560]
03-03 18:19:53.111 20578  8751  8775 D 01400/OHOS::ROSEN: RSRenderThreadVisitor FlushImplicitTransactionFromRT uiTimestamp = 202920939510288
03-03 18:19:53.111 20578  8751  8775 D 01400/OHOS::ROSEN: RSRenderThreadVisitor FlushFrame surfaceNodeId = 37585258807296, uiTimestamp = 202920939510288
03-03 18:19:53.111 20578  8751  8775 D 01402/2DGraphics: RenderFrame: RenderFrame: Canvas is 0xb40000777789f000
03-03 18:19:53.117 20578  8751  8775 D 01402/2DGraphics: SwapBuffers: SwapBuffers successfully, surface is 0xb400007739c26480
03-03 18:19:53.117 20578  8751  8775 D 01400/OHOS::ROSEN: RSSurfaceOhosGl: FlushFrame success
03-03 18:19:53.122 20578  8751  8775 D 01400/OHOS::ROSEN: RSRenderThread ProcessCommands size: 1
03-03 18:19:53.122 20578  8751  8775 D 01400/OHOS::ROSEN: RSRenderThread DrawFrame(202920972845332) in GPU
03-03 18:19:53.122 20578  8751  8775 D 01400/OHOS::ROSEN: SetPartialRenderStatus: 1->1, isRenderForced_=0, isEglSetDamageRegion_=1, isOpDropped_=0
03-03 18:19:53.122 20578  8751  8775 D 01400/OHOS::ROSEN: RSSurfaceOhosGl:RequestFrame, width is 1600, height is 2560
03-03 18:19:53.123 20578  8751  8775 D 01402/2DGraphics: SetUpGrContext: grContext has already created!!
03-03 18:19:53.123 20578  8751  8775 D 01402/2DGraphics: AcquireSurface: CreateCanvas successfully!!! (0xb40000777789f000)
03-03 18:19:53.123 20578  8751  8751 W 03900/Ace: [scroll_paint_method.cpp(PaintScrollEffect)-(0)] scrollEdgeEffect is null, return on line 53
03-03 18:19:53.123 20578  8751  8775 D 01400/OHOS::ROSEN: UpdateDirtyAndSetEGLDamageRegion dirtyRect = [0, 0, 1600, 2560]
03-03 18:19:53.126 20578  8751  8775 D 01400/OHOS::ROSEN: RSRenderThreadVisitor FlushImplicitTransactionFromRT uiTimestamp = 202920956177810
03-03 18:19:53.126 20578  8751  8775 D 01400/OHOS::ROSEN: RSRenderThreadVisitor FlushFrame surfaceNodeId = 37585258807296, uiTimestamp = 202920956177810
03-03 18:19:53.126 20578  8751  8775 D 01402/2DGraphics: RenderFrame: RenderFrame: Canvas is 0xb40000777789f000
03-03 18:19:53.130 20578  8751  8775 D 01402/2DGraphics: SwapBuffers: SwapBuffers successfully, surface is 0xb400007739c26480
03-03 18:19:53.130 20578  8751  8775 D 01400/OHOS::ROSEN: RSSurfaceOhosGl: FlushFrame success
03-03 18:19:53.138 20578  8751  8775 D 01400/OHOS::ROSEN: RSRenderThread ProcessCommands size: 1
03-03 18:19:53.138 20578  8751  8775 D 01400/OHOS::ROSEN: RSRenderThread DrawFrame(202920989508327) in GPU
03-03 18:19:53.139 20578  8751  8775 D 01400/OHOS::ROSEN: SetPartialRenderStatus: 1->1, isRenderForced_=0, isEglSetDamageRegion_=1, isOpDropped_=0
03-03 18:19:53.139 20578  8751  8751 W 03900/Ace: [scroll_paint_method.cpp(PaintScrollEffect)-(0)] scrollEdgeEffect is null, return on line 53
03-03 18:19:53.139 20578  8751  8775 D 01400/OHOS::ROSEN: RSSurfaceOhosGl:RequestFrame, width is 1600, height is 2560
03-03 18:19:53.139 20578  8751  8775 D 01402/2DGraphics: SetUpGrContext: grContext has already created!!
03-03 18:19:53.139 20578  8751  8775 D 01402/2DGraphics: AcquireSurface: CreateCanvas successfully!!! (0xb40000777789f000)
03-03 18:19:53.139 20578  8751  8775 D 01400/OHOS::ROSEN: UpdateDirtyAndSetEGLDamageRegion dirtyRect = [0, 0, 1600, 2560]
03-03 18:19:53.142 20578  8751  8775 D 01400/OHOS::ROSEN: RSRenderThreadVisitor FlushImplicitTransactionFromRT uiTimestamp = 202920972845332
03-03 18:19:53.143 20578  8751  8775 D 01400/OHOS::ROSEN: RSRenderThreadVisitor FlushFrame surfaceNodeId = 37585258807296, uiTimestamp = 202920972845332
03-03 18:19:53.143 20578  8751  8775 D 01402/2DGraphics: RenderFrame: RenderFrame: Canvas is 0xb40000777789f000
03-03 18:19:53.147 20578  8751  8775 D 01402/2DGraphics: SwapBuffers: SwapBuffers successfully, surface is 0xb400007739c26480
03-03 18:19:53.147 20578  8751  8775 D 01400/OHOS::ROSEN: RSSurfaceOhosGl: FlushFrame success
03-03 18:19:53.155 20578  8751  8775 D 01400/OHOS::ROSEN: RSRenderThread ProcessCommands size: 1
03-03 18:19:53.155 20578  8751  8775 D 01400/OHOS::ROSEN: RSRenderThread DrawFrame(202921006178916) in GPU
03-03 18:19:53.155 20578  8751  8775 D 01400/OHOS::ROSEN: SetPartialRenderStatus: 1->1, isRenderForced_=0, isEglSetDamageRegion_=1, isOpDropped_=0
03-03 18:19:53.156 20578  8751  8775 D 01400/OHOS::ROSEN: RSSurfaceOhosGl:RequestFrame, width is 1600, height is 2560
03-03 18:19:53.156 20578  8751  8775 D 01402/2DGraphics: SetUpGrContext: grContext has already created!!
03-03 18:19:53.156 20578  8751  8775 D 01402/2DGraphics: AcquireSurface: CreateCanvas successfully!!! (0xb40000777789f000)
03-03 18:19:53.156 20578  8751  8775 D 01400/OHOS::ROSEN: UpdateDirtyAndSetEGLDamageRegion dirtyRect = [0, 0, 1600, 2560]
03-03 18:19:53.156 20578  8751  8751 W 03900/Ace: [scroll_paint_method.cpp(PaintScrollEffect)-(0)] scrollEdgeEffect is null, return on line 53
03-03 18:19:53.160 20578  8751  8775 D 01400/OHOS::ROSEN: RSRenderThreadVisitor FlushImplicitTransactionFromRT uiTimestamp = 202920989508327
03-03 18:19:53.160 20578  8751  8775 D 01400/OHOS::ROSEN: RSRenderThreadVisitor FlushFrame surfaceNodeId = 37585258807296, uiTimestamp = 202920989508327
03-03 18:19:53.160 20578  8751  8775 D 01402/2DGraphics: RenderFrame: RenderFrame: Canvas is 0xb40000777789f000
03-03 18:19:53.163 20578  8751  8751 I 0FEFE/JsApp: [HTTP] loopOnce running=true inflight=true url=http://192.168.81.100:81/?action=snapshot
03-03 18:19:53.164 20578  8751  8775 D 01402/2DGraphics: SwapBuffers: SwapBuffers successfully, surface is 0xb400007739c26480
03-03 18:19:53.164 20578  8751  8775 D 01400/OHOS::ROSEN: RSSurfaceOhosGl: FlushFrame success
03-03 18:19:53.164 20578  8751  8751 I 02B2B/AVPlayerNapi: {JsReset():532} JsReset In
03-03 18:19:53.164 20578  8751  8751 D 02B2B/CommonNapi: {MediaAsyncContext():515} MediaAsyncContext Create 0xB60880
03-03 18:19:53.164 20578  8751  8751 D 02B2B/CommonNapi: {CreatePromise():276} napi_create_promise
03-03 18:19:53.165 20578  8751  8751 I 02B2B/TaskQueue: {CancelNotExecutedTaskLocked():115} All task not executed are being cancelled..........[AVPlayerNapi]
03-03 18:19:53.165 20578  8751  8784 I 02B2B/AVPlayerNapi: {operator()():493} Reset Task In
03-03 18:19:53.165 20578  8751  8751 I 02B2B/AVPlayerNapi: {JsReset():563} JsReset Out
03-03 18:19:53.165 20578  8751  8784 I 02B2B/AVPlayerNapi: {operator()():502} current state is idle, invalid operation
03-03 18:19:53.165 20578  8751  8784 I 02B2B/AVPlayerNapi: {operator()():515} Reset Task Out
03-03 18:19:53.165 20578  8751  8770 I 02B2B/AVPlayerNapi: {operator()():555} Wait Reset Task Start
03-03 18:19:53.165 20578  8751  8770 I 02B2B/AVPlayerNapi: {operator()():557} Wait Reset Task Stop
03-03 18:19:53.165 20578  8751  8751 D 01300/Runtime: [js_runtime.cpp(OnReadable:428)]UvLoopHandler::OnReadable is triggered
03-03 18:19:53.165 20578  8751  8751 D 01300/Runtime: [js_runtime.cpp(OnTriggered:441)]UvLoopHandler::OnTriggered is triggered
03-03 18:19:53.165 20578  8751  8751 D 02B2B/CommonNapi: {CompleteCallback():534} CompleteCallback In
03-03 18:19:53.165 20578  8751  8751 D 02B2B/CommonNapi: {CompleteCallback():540} MediaAsyncContext Create 0xB60880 memoryTag = safememory
03-03 18:19:53.165 20578  8751  8751 D 02B2B/CommonNapi: {CompleteCallback():556} async callback success
03-03 18:19:53.165 20578  8751  8751 D 02B2B/CommonNapi: {Callback():582} promise napi_resolve_deferred
03-03 18:19:53.165 20578  8751  8751 I 02B2B/AVPlayerNapi: {JsSetUrl():856} JsSetUrl In
03-03 18:19:53.166 20578  8751  8751 D 02B2B/CommonNapi: {GetStringArgument():38} argument = rtsp://192.168.81.100:554/stream
03-03 18:19:53.166 20578  8751  8751 I 02B2B/AVPlayerNapi: {SetSource():812} input url is rtsp://192.168.81.100:554/stream!
03-03 18:19:53.166 20578  8751  8751 E 02B2B/AVPlayerCallback: {OnErrorCb():295} OnErrorCb:errorCode 401, errorMsg Invalid Parameter: invalid parameters, The input parameter is not fd:// or network address
03-03 18:19:53.166 20578  8751  8751 I 02B2B/AVPlayerNapi: {JsSetUrl():879} JsSetUrl Out
03-03 18:19:53.166 20578  8751  8751 I 02B2B/AVPlayerNapi: {JsPrepare():224} JsPrepare In
03-03 18:19:53.166 20578  8751  8751 D 02B2B/CommonNapi: {MediaAsyncContext():515} MediaAsyncContext Create 0x3B86E0
03-03 18:19:53.166 20578  8751  8751 D 02B2B/CommonNapi: {CreatePromise():276} napi_create_promise
03-03 18:19:53.166 20578  8751  8751 E 02B2B/CommonNapi: {SignError():529} SignError: current state is not stopped or initialized, unsupport prepare operation
03-03 18:19:53.166 20578  8751  8751 I 02B2B/AVPlayerNapi: {JsPrepare():257} JsPrepare Out
03-03 18:19:53.166 20578  8751  8772 I 02B2B/AVPlayerNapi: {operator()():248} Wait Prepare Task Start
03-03 18:19:53.166 20578  8751  8772 I 02B2B/AVPlayerNapi: {operator()():252} Wait Prepare Task End
03-03 18:19:53.166 20578  8751  8751 D 02B2B/CommonNapi: {~MediaAsyncContext():520} MediaAsyncContext Destroy 0xB60880
03-03 18:19:53.166 20578  8751  8751 I 02B2B/AVPlayerCallback: {operator()():252} JsCallBack error, uv_queue_work start
03-03 18:19:53.166 20578  8751  8751 D 03F00/ArkCompiler: [ecmascript] Throw error: Invalid Parameter: invalid parameters, The input parameter is not fd:// or network address
03-03 18:19:53.167 20578  8751  8751 D 03F00/ArkCompiler: [ecmascript] =====================Backtrace========================
03-03 18:19:53.167 20578  8751  8751 D 03F00/ArkCompiler: # 1:  /system/lib64/libark_jsruntime.so(+245e4b)
03-03 18:19:53.167 20578  8751  8751 D 03F00/ArkCompiler: # 2:  /system/lib64/libark_jsruntime.so(+15bdaf)
03-03 18:19:53.167 20578  8751  8751 D 03F00/ArkCompiler: # 3:  /system/lib64/libark_jsruntime.so(+389ec7)
03-03 18:19:53.167 20578  8751  8751 D 03F00/ArkCompiler: # 4:  /system/lib64/libark_jsruntime.so(+3801bb)
03-03 18:19:53.167 20578  8751  8751 D 03F00/ArkCompiler: # 5:  /system/lib64/libace_napi_ark.z.so(+1dbeb)
03-03 18:19:53.167 20578  8751  8751 D 03F00/ArkCompiler: # 6:  /system/lib64/libace_napi.z.so(+184bb)
03-03 18:19:53.167 20578  8751  8751 D 03F00/ArkCompiler: # 7:  /system/lib64/libmedia_avplayer.z.so(+1e1c3)
03-03 18:19:53.167 20578  8751  8751 D 03F00/ArkCompiler: # 8:  /system/lib64/libmedia_avplayer.z.so(+ec87)
03-03 18:19:53.167 20578  8751  8751 D 03F00/ArkCompiler: # 9:  /system/lib64/libmedia_avplayer.z.so(+f01f)
03-03 18:19:53.167 20578  8751  8751 D 03F00/ArkCompiler: #10:  /system/lib64/libuv.so(+11c87)
03-03 18:19:53.167 20578  8751  8751 D 03F00/ArkCompiler: #11:  /system/lib64/libuv.so(+15daf)
03-03 18:19:53.167 20578  8751  8751 D 03F00/ArkCompiler: #12:  /system/lib64/libuv.so(+15753)
03-03 18:19:53.167 20578  8751  8751 D 03F00/ArkCompiler: #13:  /system/lib64/libuv.so(+1622b)
03-03 18:19:53.167 20578  8751  8751 D 03F00/ArkCompiler: #14:  /system/lib64/libruntime.z.so(+2b87b)
03-03 18:19:53.167 20578  8751  8751 D 03F00/ArkCompiler: #15:  /system/lib64/platformsdk/libeventhandler.z.so(+14f0f)
03-03 18:19:53.167 20578  8751  8751 D 02B2B/CommonNapi: {CompleteCallback():534} CompleteCallback In
03-03 18:19:53.167 20578  8751  8751 D 02B2B/CommonNapi: {CompleteCallback():540} MediaAsyncContext Create 0x3B86E0 memoryTag = safememory
03-03 18:19:53.168 20578  8751  8751 D 02B2B/CommonNapi: {CompleteCallback():552} async callback failed
03-03 18:19:53.168 20578  8751  8751 D 03F00/ArkCompiler: [ecmascript] Throw error: current state is not stopped or initialized, unsupport prepare operation
03-03 18:19:53.168 20578  8751  8751 D 03F00/ArkCompiler: [ecmascript] =====================Backtrace========================
03-03 18:19:53.168 20578  8751  8751 D 03F00/ArkCompiler: # 1:  /system/lib64/libark_jsruntime.so(+245e4b)
03-03 18:19:53.168 20578  8751  8751 D 03F00/ArkCompiler: # 2:  /system/lib64/libark_jsruntime.so(+15bdaf)
03-03 18:19:53.168 20578  8751  8751 D 03F00/ArkCompiler: # 3:  /system/lib64/libark_jsruntime.so(+389ec7)
03-03 18:19:53.168 20578  8751  8751 D 03F00/ArkCompiler: # 4:  /system/lib64/libark_jsruntime.so(+3801bb)
03-03 18:19:53.168 20578  8751  8751 D 03F00/ArkCompiler: # 5:  /system/lib64/libace_napi_ark.z.so(+1dbeb)
03-03 18:19:53.168 20578  8751  8751 D 03F00/ArkCompiler: # 6:  /system/lib64/libace_napi.z.so(+184bb)
03-03 18:19:53.168 20578  8751  8751 D 03F00/ArkCompiler: # 7:  /system/lib64/libmedia_avplayer.z.so(+1e1c3)
03-03 18:19:53.168 20578  8751  8751 D 03F00/ArkCompiler: # 8:  /system/lib64/libmedia_avplayer.z.so(+1f243)
03-03 18:19:53.168 20578  8751  8751 D 03F00/ArkCompiler: # 9:  /system/lib64/libace_napi.z.so(+1dc4b)
03-03 18:19:53.168 20578  8751  8751 D 03F00/ArkCompiler: #10:  /system/lib64/libuv.so(+11c87)
03-03 18:19:53.168 20578  8751  8751 D 03F00/ArkCompiler: #11:  /system/lib64/libuv.so(+15daf)
03-03 18:19:53.168 20578  8751  8751 D 03F00/ArkCompiler: #12:  /system/lib64/libuv.so(+15753)
03-03 18:19:53.168 20578  8751  8751 D 03F00/ArkCompiler: #13:  /system/lib64/libuv.so(+1622b)
03-03 18:19:53.168 20578  8751  8751 D 03F00/ArkCompiler: #14:  /system/lib64/libruntime.z.so(+2b87b)
03-03 18:19:53.168 20578  8751  8751 D 03F00/ArkCompiler: #15:  /system/lib64/platformsdk/libeventhandler.z.so(+14f0f)
03-03 18:19:53.168 20578  8751  8751 E 02B2B/CommonNapi: {Callback():579} promise napi_reject_deferred
03-03 18:19:53.168 20578  8751  8751 D 02B2B/CommonNapi: {~MediaAsyncContext():520} MediaAsyncContext Destroy 0x3B86E0
03-03 18:19:53.172 20578  8751  8775 D 01400/OHOS::ROSEN: RSRenderThread ProcessCommands size: 1
03-03 18:19:53.172 20578  8751  8775 D 01400/OHOS::ROSEN: RSRenderThread DrawFrame(202921022850328) in GPU
03-03 18:19:53.172 20578  8751  8775 D 01400/OHOS::ROSEN: SetPartialRenderStatus: 1->1, isRenderForced_=0, isEglSetDamageRegion_=1, isOpDropped_=0
03-03 18:19:53.172 20578  8751  8775 D 01400/OHOS::ROSEN: RSSurfaceOhosGl:RequestFrame, width is 1600, height is 2560
03-03 18:19:53.172 20578  8751  8775 D 01402/2DGraphics: SetUpGrContext: grContext has already created!!
03-03 18:19:53.172 20578  8751  8775 D 01402/2DGraphics: AcquireSurface: CreateCanvas successfully!!! (0xb40000777789f000)
03-03 18:19:53.173 20578  8751  8775 D 01400/OHOS::ROSEN: UpdateDirtyAndSetEGLDamageRegion dirtyRect = [0, 0, 1600, 2560]
03-03 18:19:53.173 20578  8751  8751 E LOGLIMIT: process car drop log, threshold:13050
03-03 18:19:53.352  3128       15260 I 00B00/HwMSDPMovementService: handleGetSupportedModule
03-03 18:19:53.353  3128       15260 I 00B00/HwMSDPMovementImpl: mWaitCount  10
03-03 18:19:53.353  3128       15260 I 00B00/HwMSDPMovementImpl: mSupportedModule= 0
03-03 18:19:54.005 20578  8751  8775 D 01400/OHOS::ROSEN: RSRenderThread ProcessCommands size: 1
03-03 18:19:54.005 20578  8751  8775 D 01400/OHOS::ROSEN: RSRenderThread DrawFrame(202921856183030) in GPU
03-03 18:19:54.005 20578  8751  8775 D 01400/OHOS::ROSEN: SetPartialRenderStatus: 1->1, isRenderForced_=0, isEglSetDamageRegion_=1, isOpDropped_=0
03-03 18:19:54.005 20578  8751  8751 W 03900/Ace: [scroll_paint_method.cpp(PaintScrollEffect)-(0)] scrollEdgeEffect is null, return on line 53
03-03 18:19:54.006 20578  8751  8775 D 01400/OHOS::ROSEN: RSSurfaceOhosGl:RequestFrame, width is 1600, height is 2560
03-03 18:19:54.006 20578  8751  8775 D 01402/2DGraphics: SetUpGrContext: grContext has already created!!
03-03 18:19:54.006 20578  8751  8775 D 01402/2DGraphics: AcquireSurface: CreateCanvas successfully!!! (0xb40000777789f000)
03-03 18:19:54.006 20578  8751  8775 D 01400/OHOS::ROSEN: UpdateDirtyAndSetEGLDamageRegion dirtyRect = [0, 0, 1600, 2560]
03-03 18:19:54.009 20578  8751  8775 D 01400/OHOS::ROSEN: RSRenderThreadVisitor FlushImplicitTransactionFromRT uiTimestamp = 202921839524074
03-03 18:19:54.009 20578  8751  8775 D 01400/OHOS::ROSEN: RSRenderThreadVisitor FlushFrame surfaceNodeId = 37585258807296, uiTimestamp = 202921839524074
03-03 18:19:54.009 20578  8751  8775 D 01402/2DGraphics: RenderFrame: RenderFrame: Canvas is 0xb40000777789f000
03-03 18:19:54.013 20578  8751  8775 D 01402/2DGraphics: SwapBuffers: SwapBuffers successfully, surface is 0xb400007739c26480
03-03 18:19:54.013 20578  8751  8775 D 01400/OHOS::ROSEN: RSSurfaceOhosGl: FlushFrame success
03-03 18:19:54.022 20578  8751  8775 D 01400/OHOS::ROSEN: RSRenderThread ProcessCommands size: 1
03-03 18:19:54.022 20578  8751  8775 D 01400/OHOS::ROSEN: RSRenderThread DrawFrame(202921872853598) in GPU
03-03 18:19:54.022 20578  8751  8775 D 01400/OHOS::ROSEN: SetPartialRenderStatus: 1->1, isRenderForced_=0, isEglSetDamageRegion_=1, isOpDropped_=0
03-03 18:19:54.022 20578  8751  8751 W 03900/Ace: [scroll_paint_method.cpp(PaintScrollEffect)-(0)] scrollEdgeEffect is null, return on line 53
03-03 18:19:54.022 20578  8751  8775 D 01400/OHOS::ROSEN: RSSurfaceOhosGl:RequestFrame, width is 1600, height is 2560
03-03 18:19:54.022 20578  8751  8775 D 01402/2DGraphics: SetUpGrContext: grContext has already created!!
03-03 18:19:54.022 20578  8751  8775 D 01402/2DGraphics: AcquireSurface: CreateCanvas successfully!!! (0xb40000777789f000)
03-03 18:19:54.022 20578  8751  8775 D 01400/OHOS::ROSEN: UpdateDirtyAndSetEGLDamageRegion dirtyRect = [0, 0, 1600, 2560]
03-03 18:19:54.025 20578  8751  8775 D 01400/OHOS::ROSEN: RSRenderThreadVisitor FlushImplicitTransactionFromRT uiTimestamp = 202921856183030
03-03 18:19:54.025 20578  8751  8775 D 01400/OHOS::ROSEN: RSRenderThreadVisitor FlushFrame surfaceNodeId = 37585258807296, uiTimestamp = 202921856183030
03-03 18:19:54.025 20578  8751  8775 D 01402/2DGraphics: RenderFrame: RenderFrame: Canvas is 0xb40000777789f000
03-03 18:19:54.029 20578  8751  8775 D 01402/2DGraphics: SwapBuffers: SwapBuffers successfully, surface is 0xb400007739c26480
03-03 18:19:54.029 20578  8751  8775 D 01400/OHOS::ROSEN: RSSurfaceOhosGl: FlushFrame success
03-03 18:19:54.038 20578  8751  8775 D 01400/OHOS::ROSEN: RSRenderThread ProcessCommands size: 1
03-03 18:19:54.039 20578  8751  8775 D 01400/OHOS::ROSEN: RSRenderThread DrawFrame(202921889520477) in GPU
03-03 18:19:54.039 20578  8751  8775 D 01400/OHOS::ROSEN: SetPartialRenderStatus: 1->1, isRenderForced_=0, isEglSetDamageRegion_=1, isOpDropped_=0
03-03 18:19:54.039 20578  8751  8775 D 01400/OHOS::ROSEN: RSSurfaceOhosGl:RequestFrame, width is 1600, height is 2560
03-03 18:19:54.039 20578  8751  8775 D 01402/2DGraphics: SetUpGrContext: grContext has already created!!
03-03 18:19:54.039 20578  8751  8775 D 01402/2DGraphics: AcquireSurface: CreateCanvas successfully!!! (0xb40000777789f000)
03-03 18:19:54.039 20578  8751  8775 D 01400/OHOS::ROSEN: UpdateDirtyAndSetEGLDamageRegion dirtyRect = [0, 0, 1600, 2560]
03-03 18:19:54.039 20578  8751  8751 W 03900/Ace: [scroll_paint_method.cpp(PaintScrollEffect)-(0)] scrollEdgeEffect is null, return on line 53
03-03 18:19:54.042 20578  8751  8775 D 01400/OHOS::ROSEN: RSRenderThreadVisitor FlushImplicitTransactionFromRT uiTimestamp = 202921872853598
03-03 18:19:54.042 20578  8751  8775 D 01400/OHOS::ROSEN: RSRenderThreadVisitor FlushFrame surfaceNodeId = 37585258807296, uiTimestamp = 202921872853598
03-03 18:19:54.042 20578  8751  8775 D 01402/2DGraphics: RenderFrame: RenderFrame: Canvas is 0xb40000777789f000
03-03 18:19:54.046 20578  8751  8775 D 01402/2DGraphics: SwapBuffers: SwapBuffers successfully, surface is 0xb400007739c26480
03-03 18:19:54.046 20578  8751  8775 D 01400/OHOS::ROSEN: RSSurfaceOhosGl: FlushFrame success
03-03 18:19:54.055 20578  8751  8775 D 01400/OHOS::ROSEN: RSRenderThread ProcessCommands size: 1
03-03 18:19:54.055 20578  8751  8775 D 01400/OHOS::ROSEN: RSRenderThread DrawFrame(202921906183906) in GPU
03-03 18:19:54.055 20578  8751  8775 D 01400/OHOS::ROSEN: SetPartialRenderStatus: 1->1, isRenderForced_=0, isEglSetDamageRegion_=1, isOpDropped_=0
03-03 18:19:54.056 20578  8751  8775 D 01400/OHOS::ROSEN: RSSurfaceOhosGl:RequestFrame, width is 1600, height is 2560
03-03 18:19:54.056 20578  8751  8775 D 01402/2DGraphics: SetUpGrContext: grContext has already created!!
03-03 18:19:54.056 20578  8751  8775 D 01402/2DGraphics: AcquireSurface: CreateCanvas successfully!!! (0xb40000777789f000)
03-03 18:19:54.056 20578  8751  8775 D 01400/OHOS::ROSEN: UpdateDirtyAndSetEGLDamageRegion dirtyRect = [0, 0, 1600, 2560]
03-03 18:19:54.059 20578  8751  8775 D 01400/OHOS::ROSEN: RSRenderThreadVisitor FlushImplicitTransactionFromRT uiTimestamp = 202921889520477
03-03 18:19:54.059 20578  8751  8775 D 01400/OHOS::ROSEN: RSRenderThreadVisitor FlushFrame surfaceNodeId = 37585258807296, uiTimestamp = 202921889520477
03-03 18:19:54.059 20578  8751  8775 D 01402/2DGraphics: RenderFrame: RenderFrame: Canvas is 0xb40000777789f000
03-03 18:19:54.063 20578  8751  8775 D 01402/2DGraphics: SwapBuffers: SwapBuffers successfully, surface is 0xb400007739c26480
03-03 18:19:54.063 20578  8751  8775 D 01400/OHOS::ROSEN: RSSurfaceOhosGl: FlushFrame success
03-03 18:19:54.070 20578  8751  8751 I 03900/Ace: [js_view_abstract.cpp(ParseBorderStyle)-(0)] args(undefined) is invalid, use default value.
03-03 18:19:54.081 20578  8751  8751 W 03900/Ace: [text_field_pattern.cpp(UpdateCaretPosition)-(0)] Not on focus, cannot update caret
03-03 18:19:54.082 20578  8751  8751 W 03900/Ace: [scroll_paint_method.cpp(PaintScrollEffect)-(0)] scrollEdgeEffect is null, return on line 53
03-03 18:19:54.084 20578  8751  8751 W 03900/Ace: [scroll_paint_method.cpp(PaintScrollEffect)-(0)] scrollEdgeEffect is null, return on line 53
03-03 18:19:54.089 20578  8751  8775 D 01400/OHOS::ROSEN: RSRenderThread ProcessCommands size: 2
03-03 18:19:54.089 20578  8751  8751 W 03900/Ace: [scroll_paint_method.cpp(PaintScrollEffect)-(0)] scrollEdgeEffect is null, return on line 53
03-03 18:19:54.090 20578  8751  8775 D 01400/OHOS::ROSEN: RSRenderThread DrawFrame(202921939523671) in GPU
03-03 18:19:54.090 20578  8751  8775 D 01400/OHOS::ROSEN: SetPartialRenderStatus: 1->1, isRenderForced_=0, isEglSetDamageRegion_=1, isOpDropped_=0
03-03 18:19:54.091 20578  8751  8751 D 03F00/ArkCompiler: [gc] AddRegion:24 Add region:0x772a800000 to semi space
03-03 18:19:54.091 20578  8751  8775 D 01400/OHOS::ROSEN: RSSurfaceOhosGl:RequestFrame, width is 1600, height is 2560
03-03 18:19:54.091 20578  8751  8775 D 01402/2DGraphics: SetUpGrContext: grContext has already created!!
03-03 18:19:54.091 20578  8751  8775 D 01402/2DGraphics: AcquireSurface: CreateCanvas successfully!!! (0xb40000777789f000)
03-03 18:19:54.091 20578  8751  8775 D 01400/OHOS::ROSEN: UpdateDirtyAndSetEGLDamageRegion dirtyRect = [0, 0, 1600, 2560]
03-03 18:19:54.094 20578  8751  8775 D 01400/OHOS::ROSEN: RSRenderThreadVisitor FlushImplicitTransactionFromRT uiTimestamp = 202921922858698
03-03 18:19:54.094 20578  8751  8775 D 01400/OHOS::ROSEN: RSRenderThreadVisitor FlushFrame surfaceNodeId = 37585258807296, uiTimestamp = 202921922858698
03-03 18:19:54.094 20578  8751  8775 D 01402/2DGraphics: RenderFrame: RenderFrame: Canvas is 0xb40000777789f000
03-03 18:19:54.099 20578  8751  8775 D 01402/2DGraphics: SwapBuffers: SwapBuffers successfully, surface is 0xb400007739c26480
03-03 18:19:54.099 20578  8751  8775 D 01400/OHOS::ROSEN: RSSurfaceOhosGl: FlushFrame success
03-03 18:19:54.105 20578  8751  8775 D 01400/OHOS::ROSEN: RSRenderThread ProcessCommands size: 1
03-03 18:19:54.105 20578  8751  8775 D 01400/OHOS::ROSEN: RSRenderThread DrawFrame(202921956190837) in GPU
03-03 18:19:54.105 20578  8751  8775 D 01400/OHOS::ROSEN: SetPartialRenderStatus: 1->1, isRenderForced_=0, isEglSetDamageRegion_=1, isOpDropped_=0
03-03 18:19:54.105 20578  8751  8751 W 03900/Ace: [scroll_paint_method.cpp(PaintScrollEffect)-(0)] scrollEdgeEffect is null, return on line 53
03-03 18:19:54.106 20578  8751  8775 D 01400/OHOS::ROSEN: RSSurfaceOhosGl:RequestFrame, width is 1600, height is 2560
03-03 18:19:54.106 20578  8751  8775 D 01402/2DGraphics: SetUpGrContext: grContext has already created!!
03-03 18:19:54.106 20578  8751  8775 D 01402/2DGraphics: AcquireSurface: CreateCanvas successfully!!! (0xb40000777789f000)
03-03 18:19:54.106 20578  8751  8775 D 01400/OHOS::ROSEN: UpdateDirtyAndSetEGLDamageRegion dirtyRect = [0, 0, 1600, 2560]
03-03 18:19:54.109 20578  8751  8775 D 01400/OHOS::ROSEN: RSRenderThreadVisitor FlushImplicitTransactionFromRT uiTimestamp = 202921939523671
03-03 18:19:54.109 20578  8751  8775 D 01400/OHOS::ROSEN: RSRenderThreadVisitor FlushFrame surfaceNodeId = 37585258807296, uiTimestamp = 202921939523671
03-03 18:19:54.109 20578  8751  8775 D 01402/2DGraphics: RenderFrame: RenderFrame: Canvas is 0xb40000777789f000
03-03 18:19:54.113 20578  8751  8775 D 01402/2DGraphics: SwapBuffers: SwapBuffers successfully, surface is 0xb400007739c26480
03-03 18:19:54.113 20578  8751  8775 D 01400/OHOS::ROSEN: RSSurfaceOhosGl: FlushFrame success
03-03 18:19:54.122 20578  8751  8775 D 01400/OHOS::ROSEN: RSRenderThread ProcessCommands size: 1
03-03 18:19:54.122 20578  8751  8775 D 01400/OHOS::ROSEN: RSRenderThread DrawFrame(202921972856715) in GPU
03-03 18:19:54.122 20578  8751  8775 D 01400/OHOS::ROSEN: SetPartialRenderStatus: 1->1, isRenderForced_=0, isEglSetDamageRegion_=1, isOpDropped_=0
03-03 18:19:54.122 20578  8751  8751 W 03900/Ace: [scroll_paint_method.cpp(PaintScrollEffect)-(0)] scrollEdgeEffect is null, return on line 53
03-03 18:19:54.122 20578  8751  8775 D 01400/OHOS::ROSEN: RSSurfaceOhosGl:RequestFrame, width is 1600, height is 2560
03-03 18:19:54.122 20578  8751  8775 D 01402/2DGraphics: SetUpGrContext: grContext has already created!!
03-03 18:19:54.123 20578  8751  8775 D 01402/2DGraphics: AcquireSurface: CreateCanvas successfully!!! (0xb40000777789f000)
03-03 18:19:54.123 20578  8751  8775 D 01400/OHOS::ROSEN: UpdateDirtyAndSetEGLDamageRegion dirtyRect = [0, 0, 1600, 2560]
03-03 18:19:54.126 20578  8751  8775 D 01400/OHOS::ROSEN: RSRenderThreadVisitor FlushImplicitTransactionFromRT uiTimestamp = 202921956190837
03-03 18:19:54.126 20578  8751  8775 D 01400/OHOS::ROSEN: RSRenderThreadVisitor FlushFrame surfaceNodeId = 37585258807296, uiTimestamp = 202921956190837
03-03 18:19:54.126 20578  8751  8775 D 01402/2DGraphics: RenderFrame: RenderFrame: Canvas is 0xb40000777789f000
03-03 18:19:54.131 20578  8751  8775 D 01402/2DGraphics: SwapBuffers: SwapBuffers successfully, surface is 0xb400007739c26480
03-03 18:19:54.131 20578  8751  8775 D 01400/OHOS::ROSEN: RSSurfaceOhosGl: FlushFrame success
03-03 18:19:54.138 20578  8751  8775 D 01400/OHOS::ROSEN: RSRenderThread ProcessCommands size: 1
03-03 18:19:54.139 20578  8751  8751 W 03900/Ace: [scroll_paint_method.cpp(PaintScrollEffect)-(0)] scrollEdgeEffect is null, return on line 53
03-03 18:19:54.139 20578  8751  8775 D 01400/OHOS::ROSEN: RSRenderThread DrawFrame(202921989554929) in GPU
03-03 18:19:54.139 20578  8751  8775 D 01400/OHOS::ROSEN: SetPartialRenderStatus: 1->1, isRenderForced_=0, isEglSetDamageRegion_=1, isOpDropped_=0
03-03 18:19:54.139 20578  8751  8775 D 01400/OHOS::ROSEN: RSSurfaceOhosGl:RequestFrame, width is 1600, height is 2560
03-03 18:19:54.139 20578  8751  8775 D 01402/2DGraphics: SetUpGrContext: grContext has already created!!
03-03 18:19:54.140 20578  8751  8775 D 01402/2DGraphics: AcquireSurface: CreateCanvas successfully!!! (0xb40000777789f000)
03-03 18:19:54.140 20578  8751  8775 D 01400/OHOS::ROSEN: UpdateDirtyAndSetEGLDamageRegion dirtyRect = [0, 0, 1600, 2560]
03-03 18:19:54.143 20578  8751  8775 D 01400/OHOS::ROSEN: RSRenderThreadVisitor FlushImplicitTransactionFromRT uiTimestamp = 202921972856715
03-03 18:19:54.143 20578  8751  8775 D 01400/OHOS::ROSEN: RSRenderThreadVisitor FlushFrame surfaceNodeId = 37585258807296, uiTimestamp = 202921972856715
03-03 18:19:54.143 20578  8751  8775 D 01402/2DGraphics: RenderFrame: RenderFrame: Canvas is 0xb40000777789f000
03-03 18:19:54.149 20578  8751  8775 D 01402/2DGraphics: SwapBuffers: SwapBuffers successfully, surface is 0xb400007739c26480
03-03 18:19:54.149 20578  8751  8775 D 01400/OHOS::ROSEN: RSSurfaceOhosGl: FlushFrame success
03-03 18:19:54.155 20578  8751  8775 D 01400/OHOS::ROSEN: RSRenderThread ProcessCommands size: 1
03-03 18:19:54.155 20578  8751  8775 D 01400/OHOS::ROSEN: RSRenderThread DrawFrame(202922006208925) in GPU
03-03 18:19:54.155 20578  8751  8775 D 01400/OHOS::ROSEN: SetPartialRenderStatus: 1->1, isRenderForced_=0, isEglSetDamageRegion_=1, isOpDropped_=0
03-03 18:19:54.156 20578  8751  8751 W 03900/Ace: [scroll_paint_method.cpp(PaintScrollEffect)-(0)] scrollEdgeEffect is null, return on line 53
03-03 18:19:54.156 20578  8751  8775 D 01400/OHOS::ROSEN: RSSurfaceOhosGl:RequestFrame, width is 1600, height is 2560
03-03 18:19:54.156 20578  8751  8775 D 01402/2DGraphics: SetUpGrContext: grContext has already created!!
03-03 18:19:54.156 20578  8751  8775 D 01402/2DGraphics: AcquireSurface: CreateCanvas successfully!!! (0xb40000777789f000)
03-03 18:19:54.156 20578  8751  8775 D 01400/OHOS::ROSEN: UpdateDirtyAndSetEGLDamageRegion dirtyRect = [0, 0, 1600, 2560]
03-03 18:19:54.160 20578  8751  8775 D 01400/OHOS::ROSEN: RSRenderThreadVisitor FlushImplicitTransactionFromRT uiTimestamp = 202921989554929
03-03 18:19:54.160 20578  8751  8775 D 01400/OHOS::ROSEN: RSRenderThreadVisitor FlushFrame surfaceNodeId = 37585258807296, uiTimestamp = 202921989554929
03-03 18:19:54.160 20578  8751  8775 D 01402/2DGraphics: RenderFrame: RenderFrame: Canvas is 0xb40000777789f000
03-03 18:19:54.163 20578  8751  8751 I 0FEFE/JsApp: [HTTP] loopOnce running=true inflight=true url=http://192.168.81.100:81/?action=snapshot
03-03 18:19:54.165 20578  8751  8751 I 02B2B/AVPlayerNapi: {JsReset():532} JsReset In
03-03 18:19:54.165 20578  8751  8751 D 02B2B/CommonNapi: {MediaAsyncContext():515} MediaAsyncContext Create 0xB961E0
03-03 18:19:54.165 20578  8751  8751 D 02B2B/CommonNapi: {CreatePromise():276} napi_create_promise
03-03 18:19:54.165 20578  8751  8751 I 02B2B/TaskQueue: {CancelNotExecutedTaskLocked():115} All task not executed are being cancelled..........[AVPlayerNapi]
03-03 18:19:54.165 20578  8751  8751 I 02B2B/AVPlayerNapi: {JsReset():563} JsReset Out
03-03 18:19:54.166 20578  8751  8775 D 01402/2DGraphics: SwapBuffers: SwapBuffers successfully, surface is 0xb400007739c26480
03-03 18:19:54.166 20578  8751  8775 D 01400/OHOS::ROSEN: RSSurfaceOhosGl: FlushFrame success
03-03 18:19:54.166 20578  8751  8784 I 02B2B/AVPlayerNapi: {operator()():493} Reset Task In
03-03 18:19:54.166 20578  8751  8771 I 02B2B/AVPlayerNapi: {operator()():555} Wait Reset Task Start
03-03 18:19:54.166 20578  8751  8784 I 02B2B/AVPlayerNapi: {operator()():502} current state is idle, invalid operation
03-03 18:19:54.166 20578  8751  8784 I 02B2B/AVPlayerNapi: {operator()():515} Reset Task Out
03-03 18:19:54.167 20578  8751  8771 I 02B2B/AVPlayerNapi: {operator()():557} Wait Reset Task Stop
03-03 18:19:54.167 20578  8751  8751 D 01300/Runtime: [js_runtime.cpp(OnReadable:428)]UvLoopHandler::OnReadable is triggered
03-03 18:19:54.167 20578  8751  8751 D 01300/Runtime: [js_runtime.cpp(OnTriggered:441)]UvLoopHandler::OnTriggered is triggered
03-03 18:19:54.167 20578  8751  8751 D 02B2B/CommonNapi: {CompleteCallback():534} CompleteCallback In
03-03 18:19:54.167 20578  8751  8751 D 02B2B/CommonNapi: {CompleteCallback():540} MediaAsyncContext Create 0xB961E0 memoryTag = safememory
03-03 18:19:54.167 20578  8751  8751 D 02B2B/CommonNapi: {CompleteCallback():556} async callback success
03-03 18:19:54.168 20578  8751  8751 D 02B2B/CommonNapi: {Callback():582} promise napi_resolve_deferred
03-03 18:19:54.168 20578  8751  8751 I 02B2B/AVPlayerNapi: {JsSetUrl():856} JsSetUrl In
03-03 18:19:54.168 20578  8751  8751 D 02B2B/CommonNapi: {GetStringArgument():38} argument = rtsp://192.168.81.100:554/stream
03-03 18:19:54.168 20578  8751  8751 I 02B2B/AVPlayerNapi: {SetSource():812} input url is rtsp://192.168.81.100:554/stream!
03-03 18:19:54.168 20578  8751  8751 E 02B2B/AVPlayerCallback: {OnErrorCb():295} OnErrorCb:errorCode 401, errorMsg Invalid Parameter: invalid parameters, The input parameter is not fd:// or network address
03-03 18:19:54.168 20578  8751  8751 I 02B2B/AVPlayerNapi: {JsSetUrl():879} JsSetUrl Out
03-03 18:19:54.168 20578  8751  8751 I 02B2B/AVPlayerNapi: {JsPrepare():224} JsPrepare In
03-03 18:19:54.168 20578  8751  8751 D 02B2B/CommonNapi: {MediaAsyncContext():515} MediaAsyncContext Create 0x3B9220
03-03 18:19:54.168 20578  8751  8751 D 02B2B/CommonNapi: {CreatePromise():276} napi_create_promise
03-03 18:19:54.169 20578  8751  8751 E 02B2B/CommonNapi: {SignError():529} SignError: current state is not stopped or initialized, unsupport prepare operation
03-03 18:19:54.169 20578  8751  8751 I 02B2B/AVPlayerNapi: {JsPrepare():257} JsPrepare Out
03-03 18:19:54.169 20578  8751  8751 D 02B2B/CommonNapi: {~MediaAsyncContext():520} MediaAsyncContext Destroy 0xB961E0
03-03 18:19:54.169 20578  8751  8751 I 02B2B/AVPlayerCallback: {operator()():252} JsCallBack error, uv_queue_work start
03-03 18:19:54.169 20578  8751  8751 D 03F00/ArkCompiler: [ecmascript] Throw error: Invalid Parameter: invalid parameters, The input parameter is not fd:// or network address
03-03 18:19:54.169 20578  8751  8773 I 02B2B/AVPlayerNapi: {operator()():248} Wait Prepare Task Start
03-03 18:19:54.169 20578  8751  8773 I 02B2B/AVPlayerNapi: {operator()():252} Wait Prepare Task End
03-03 18:19:54.170 20578  8751  8751 D 03F00/ArkCompiler: [ecmascript] =====================Backtrace========================
03-03 18:19:54.170 20578  8751  8751 D 03F00/ArkCompiler: # 1:  /system/lib64/libark_jsruntime.so(+245e4b)
03-03 18:19:54.170 20578  8751  8751 D 03F00/ArkCompiler: # 2:  /system/lib64/libark_jsruntime.so(+15bdaf)
03-03 18:19:54.170 20578  8751  8751 D 03F00/ArkCompiler: # 3:  /system/lib64/libark_jsruntime.so(+389ec7)
03-03 18:19:54.170 20578  8751  8751 D 03F00/ArkCompiler: # 4:  /system/lib64/libark_jsruntime.so(+3801bb)
03-03 18:19:54.170 20578  8751  8751 D 03F00/ArkCompiler: # 5:  /system/lib64/libace_napi_ark.z.so(+1dbeb)
03-03 18:19:54.170 20578  8751  8751 D 03F00/ArkCompiler: # 6:  /system/lib64/libace_napi.z.so(+184bb)
03-03 18:19:54.170 20578  8751  8751 D 03F00/ArkCompiler: # 7:  /system/lib64/libmedia_avplayer.z.so(+1e1c3)
03-03 18:19:54.170 20578  8751  8751 D 03F00/ArkCompiler: # 8:  /system/lib64/libmedia_avplayer.z.so(+ec87)
03-03 18:19:54.170 20578  8751  8751 D 03F00/ArkCompiler: # 9:  /system/lib64/libmedia_avplayer.z.so(+f01f)
03-03 18:19:54.170 20578  8751  8751 D 03F00/ArkCompiler: #10:  /system/lib64/libuv.so(+11c87)
03-03 18:19:54.170 20578  8751  8751 D 03F00/ArkCompiler: #11:  /system/lib64/libuv.so(+15daf)
03-03 18:19:54.170 20578  8751  8751 D 03F00/ArkCompiler: #12:  /system/lib64/libuv.so(+15753)
03-03 18:19:54.170 20578  8751  8751 D 03F00/ArkCompiler: #13:  /system/lib64/libuv.so(+1622b)
03-03 18:19:54.170 20578  8751  8751 D 03F00/ArkCompiler: #14:  /system/lib64/libruntime.z.so(+2b87b)
03-03 18:19:54.170 20578  8751  8751 D 03F00/ArkCompiler: #15:  /system/lib64/platformsdk/libeventhandler.z.so(+14f0f)
03-03 18:19:54.171 20578  8751  8751 E LOGLIMIT: process car drop log, threshold:13050
03-03 18:19:54.358  3128       15260 I 00B00/HwMSDPMovementService: handleGetSupportedModule
03-03 18:19:54.358  3128       15260 I 00B00/HwMSDPMovementImpl: mWaitCount  10
03-03 18:19:54.358  3128       15260 I 00B00/HwMSDPMovementImpl: mSupportedModule= 0
03-03 18:19:54.918  5692        6291 I 00200/HwLauncher: GestureUtil MOTION_NOTIFICATION action_down sendBroadcast extra =  category: action_down
03-03 18:19:54.922  5692        5760 I 00300/HwLauncher: LocalTaskList loadTasksInBackground:5 numTasks:16 currentUserId:0
03-03 18:19:54.937  5692       21669 I 03900/Ace: [js_task_executor.cpp(ThreadMain)-(-1)] new js thread start
03-03 18:19:54.937  5692       21668 I 03900/Ace: [js_task_executor.cpp(ThreadMain)-(-1)] new js thread start
03-03 18:19:54.937  5692       21670 I 03900/Ace: [js_task_executor.cpp(ThreadMain)-(-1)] new js thread start
03-03 18:19:54.944  5692       21667 I 03900/Ace: [js_task_executor.cpp(ThreadMain)-(-1)] new js thread start
