03-03 18:24:03.157 26742  9282  9305 D 01400/OHOS::ROSEN: RSRenderThreadVisitor FlushImplicitTransactionFromRT uiTimestamp = 203171003766667
03-03 18:24:03.157 26742  9282  9305 D 01400/OHOS::ROSEN: RSRenderThreadVisitor FlushFrame surfaceNodeId = 39865886441472, uiTimestamp = 203171003766667
03-03 18:24:03.157 26742  9282  9305 D 01402/2DGraphics: RenderFrame: RenderFrame: Canvas is 0xb4000077778a7000
03-03 18:24:03.159 26742  9282  9305 D 01402/2DGraphics: SwapBuffers: SwapBuffers successfully, surface is 0xb40000773f8ed680
03-03 18:24:03.160 26742  9282  9305 D 01400/OHOS::ROSEN: RSSurfaceOhosGl: FlushFrame success
03-03 18:24:03.170 26742  9282  9282 W 03900/Ace: [scroll_paint_method.cpp(PaintScrollEffect)-(0)] scrollEdgeEffect is null, return on line 53
03-03 18:24:03.186 26742  9282  9305 D 01400/OHOS::ROSEN: RSRenderThread ProcessCommands size: 1
03-03 18:24:03.186 26742  9282  9305 D 01400/OHOS::ROSEN: RSRenderThread DrawFrame(203171037114086) in GPU
03-03 18:24:03.187 26742  9282  9305 D 01400/OHOS::ROSEN: SetPartialRenderStatus: 1->1, isRenderForced_=0, isEglSetDamageRegion_=1, isOpDropped_=0
03-03 18:24:03.187 26742  9282  9305 D 01400/OHOS::ROSEN: RSSurfaceOhosGl:RequestFrame, width is 1600, height is 2560
03-03 18:24:03.187 26742  9282  9305 D 01402/2DGraphics: SetUpGrContext: grContext has already created!!
03-03 18:24:03.187 26742  9282  9305 D 01402/2DGraphics: AcquireSurface: CreateCanvas successfully!!! (0xb4000077778a7000)
03-03 18:24:03.187 26742  9282  9305 D 01400/OHOS::ROSEN: UpdateDirtyAndSetEGLDamageRegion dirtyRect = [0, 0, 1600, 2560]
03-03 18:24:03.189 26742  9282  9305 D 01400/OHOS::ROSEN: RSRenderThreadVisitor FlushImplicitTransactionFromRT uiTimestamp = 203171020446504
03-03 18:24:03.189 26742  9282  9305 D 01400/OHOS::ROSEN: RSRenderThreadVisitor FlushFrame surfaceNodeId = 39865886441472, uiTimestamp = 203171020446504
03-03 18:24:03.189 26742  9282  9305 D 01402/2DGraphics: RenderFrame: RenderFrame: Canvas is 0xb4000077778a7000
03-03 18:24:03.190 26742  9282  9282 W 03900/Ace: [scroll_paint_method.cpp(PaintScrollEffect)-(0)] scrollEdgeEffect is null, return on line 53
03-03 18:24:03.195 26742  9282  9305 D 01402/2DGraphics: SwapBuffers: SwapBuffers successfully, surface is 0xb40000773f8ed680
03-03 18:24:03.195 26742  9282  9305 D 01400/OHOS::ROSEN: RSSurfaceOhosGl: FlushFrame success
03-03 18:24:03.203 26742  9282  9305 D 01400/OHOS::ROSEN: RSRenderThread ProcessCommands size: 1
03-03 18:24:03.203 26742  9282  9305 D 01400/OHOS::ROSEN: RSRenderThread DrawFrame(203171053780430) in GPU
03-03 18:24:03.203 26742  9282  9305 D 01400/OHOS::ROSEN: SetPartialRenderStatus: 1->1, isRenderForced_=0, isEglSetDamageRegion_=1, isOpDropped_=0
03-03 18:24:03.203 26742  9282  9282 W 03900/Ace: [scroll_paint_method.cpp(PaintScrollEffect)-(0)] scrollEdgeEffect is null, return on line 53
03-03 18:24:03.203 26742  9282  9305 D 01400/OHOS::ROSEN: RSSurfaceOhosGl:RequestFrame, width is 1600, height is 2560
03-03 18:24:03.203 26742  9282  9305 D 01402/2DGraphics: SetUpGrContext: grContext has already created!!
03-03 18:24:03.203 26742  9282  9305 D 01402/2DGraphics: AcquireSurface: CreateCanvas successfully!!! (0xb4000077778a7000)
03-03 18:24:03.204 26742  9282  9305 D 01400/OHOS::ROSEN: UpdateDirtyAndSetEGLDamageRegion dirtyRect = [0, 0, 1600, 2560]
03-03 18:24:03.205 26742  9282  9305 D 01400/OHOS::ROSEN: RSRenderThreadVisitor FlushImplicitTransactionFromRT uiTimestamp = 203171037114086
03-03 18:24:03.205 26742  9282  9305 D 01400/OHOS::ROSEN: RSRenderThreadVisitor FlushFrame surfaceNodeId = 39865886441472, uiTimestamp = 203171037114086
03-03 18:24:03.205 26742  9282  9305 E LOGLIMIT: process car drop log, threshold:13050
03-03 18:24:03.291  2261        2679 I 00202/HwWifiScoreReportEx: Score = 60, wifiConnectivityManagerEnabled = false, lowScoreCount = 0
03-03 18:24:03.360 27399     6    61 I 01300/AppexecfwkCore: [app_mgr_stub.cpp(OnRemoteRequest:119)]AppMgrStub::OnReceived, code = 27, flags= 0.
03-03 18:24:03.360 27399     6    61 I 01300/AppMgrService: [app_mgr_service_inner.cpp(NotifyMemoryLevel:798)]AppMgrServiceInner start
03-03 18:24:03.360 27399     6    61 D 01300/AbilityManagerService: [permission_verification.cpp(IsSACall:43)]IsSACall: is called.
03-03 18:24:03.360 27399     6    61 D 01300/AbilityManagerService: [permission_verification.cpp(GetCallingTokenID:297)]callerToken : <private>
03-03 18:24:03.360 27399     6    61 D 02F01/AccessTokenKit: [GetTokenTypeFlag]:called, tokenID=1000
03-03 18:24:03.361 27399     6    61 D 01300/AbilityManagerService: [permission_verification.cpp(IsSACall:50)]Not SA called.
03-03 18:24:03.361 27399     6    61 D 01300/AbilityManagerService: [permission_verification.cpp(VerifyCallingPermission:30)]VerifyCallingPermission permission ohos.permission.MANAGER_ABILITY_FROM_GATEWAY
03-03 18:24:03.361 27399     6    61 D 01300/AbilityManagerService: [permission_verification.cpp(GetCallingTokenID:297)]callerToken : <private>
03-03 18:24:03.361 27399     6    61 D 02F01/AccessTokenKit: [VerifyAccessToken]:called, tokenID=1000, permissionName=ohos.permission.MANAGER_ABILITY_FROM_GATEWAY
03-03 18:24:03.362 27404     9     9 D 02F01/ATMStub: [OnRemoteRequest]:code 65296 token 672050185
03-03 18:24:03.362 27404     9     9 I 02F01/PermissionManagerImpl: [VerifyAccessToken]:VerifyAccessToken called, tokenID: 1000, permissionName: ohos.permission.MANAGER_ABILITY_FROM_GATEWAY
03-03 18:24:03.362 27404     9     9 I 02F01/PermissionManagerImpl: [VerifyAccessToken]:caller in white list is granted
03-03 18:24:03.362 27404     9     9 D 02F01/ATMServ: [VerifyAccessToken]:tokenID: 1000, permission: ohos.permission.MANAGER_ABILITY_FROM_GATEWAY, res 0
03-03 18:24:03.362 27399     6    61 D 02F01/ATMProxy: [VerifyAccessToken]:result from server data = 0
03-03 18:24:03.362 27399     6    61 D 01300/AbilityManagerService: [permission_verification.cpp(VerifyCallingPermission:37)]verify AccessToken success
03-03 18:24:03.362 27399     6    61 D 01300/AbilityManagerService: [permission_verification.cpp(IsGatewayCall:70)]IsGatewayCall: Permission verification succeeded.
03-03 18:24:03.362 27399     6    61 I 01300/AppMgrService: [app_running_manager.cpp(NotifyMemoryLevel:569)]call NotifyMemoryLevel, current app size 1
03-03 18:24:03.362 27399     6    61 I 01300/AppMgrService: [app_running_manager.cpp(NotifyMemoryLevel:572)]Notification app [com.example.car]
03-03 18:24:03.363  2261        2335 D 01510/IPCJni: Java_ohos_rpc_RemoteProxy_nativeSendRequest 818: success
03-03 18:24:03.434  3128       10359 I 00B00/HwMSDPMovementService: handleGetSupportedModule
03-03 18:24:03.434  3128       10359 I 00B00/HwMSDPMovementImpl: mWaitCount  10
03-03 18:24:03.435  3128       10359 I 00B00/HwMSDPMovementImpl: mSupportedModule= 0
03-03 18:24:03.488 26742  9282  9282 I 0FEFE/JsApp: [HTTP] loopOnce running=true inflight=false url=http://192.168.81.100:81/?action=snapshot
03-03 18:24:03.832  5692        6449 I 00600/HwLauncher: GestureUtil MOTION_NOTIFICATION action_down sendBroadcast extra =  category: action_down
03-03 18:24:03.838  5692        5761 I 00600/HwLauncher: GestureUtil MOTION_NOTIFICATION back_application_nochange sendBroadcast extra =  category: back_application_nochange
03-03 18:24:03.856  5692        5692 W 00A00/HwLauncher: TouchInteractionService onPreInputEvent, motion is not FLAG_WINDOW_IS_EXCLUDE_TRANSFER_EVENT
03-03 18:24:03.856  5692        5760 I 00700/HwLauncher: LocalTaskList loadTasksInBackground:6 numTasks:16 currentUserId:0
03-03 18:24:03.856  2261        2309 W 00202/HiDATA_ContentAware: mForegroundAppPackageName: com.huawei.android.launcher, score: 0
03-03 18:24:03.857  2261        2309 W 00202/HiDATA: onForegroundAppWifiSleepChange: config:false, sleeptime:-1,type: 28, appname:com.huawei.android.launcher
03-03 18:24:03.857  2261        2309 W 00202/HiDATA: APP type: 28 appName= com.huawei.android.launcher
03-03 18:24:03.857  2261        2309 W 00202/HiDATA: no game, APP_TYPE_GAME, appName =com.huawei.android.launcher
03-03 18:24:03.858  3349        8299 D 02F07/HSC_SEC_AI_PLUGIN_BG_SecurityThreatsService: onForegroundActivitiesChanged: 5692, 10109, true
03-03 18:24:03.860  5692       28079 I 03900/Ace: [js_task_executor.cpp(ThreadMain)-(-1)] new js thread start
03-03 18:24:03.860  5692       28080 I 03900/Ace: [js_task_executor.cpp(ThreadMain)-(-1)] new js thread start
03-03 18:24:03.860  5692       28077 I 03900/Ace: [js_task_executor.cpp(ThreadMain)-(-1)] new js thread start
03-03 18:24:03.860  5692       28078 I 03900/Ace: [js_task_executor.cpp(ThreadMain)-(-1)] new js thread start
03-03 18:24:03.862  5692        5692 W 00600/HwLauncher: RecentsView onWindowVisibilityChanged executed invalid
03-03 18:24:03.863  1875        2117 D 02D01/EngineEventSource: CreateAndPublishEvent: 991384001, trace flag:null
03-03 18:24:03.864  1875        2117 D 02D01/EngineEventVerify: CanProcessEvent: EngineEventVerify can NOT process event:991384001 .
03-03 18:24:03.864  1875        2085 W 02D01/DailyControl: OnEvent: threshold exceeded:991384001
03-03 18:24:03.865  5692       28081 I 03900/Ace: [js_task_executor.cpp(ThreadMain)-(-1)] new js thread start
03-03 18:24:03.865  5692       28081 I 03900/Ace: [js_task_executor.cpp(~JsTaskThread)-(-1)] [Dump js-thread] duration(ms): 10572,tasksCount: 3,coupleCount: 0
03-03 18:24:03.866  5692       28084 I 03900/Ace: [js_task_executor.cpp(ThreadMain)-(-1)] new js thread for delay task start
03-03 18:24:03.876  5692        5744 I 00200/HwLauncher: Themes initResource shadowColor = 0 ,colorDate = -11381672 ,colorWeek = -16098825
03-03 18:24:03.907  5692        5692 I 00300/HwLauncher: CalenderDynamicUpdater setHasUpdateSuccess, success: true
03-03 18:24:03.907  5692        5692 I 00400/HwLauncher: CalenderDynamicUpdater setHasUpdateSuccess, success: true
03-03 18:24:03.907  5692        5692 I 00A00/HwLauncher: CalenderDynamicUpdater setHasUpdateSuccess, success: true
03-03 18:24:03.907  5692        5692 I 00600/HwLauncher: CalenderDynamicUpdater setHasUpdateSuccess, success: true
03-03 18:24:03.916  5692        6539 I 03900/Ace: [pipeline_context.cpp(OnVirtualKeyboardAreaChange)-(1)] OnVirtualKeyboardAreaChange positionY:0.000000 safeArea:-2.000000 offsetFix:0.000000
03-03 18:24:03.916  5692       23644 I 03900/Ace: [pipeline_context.cpp(OnVirtualKeyboardAreaChange)-(14)] OnVirtualKeyboardAreaChange positionY:0.000000 safeArea:180.000000 offsetFix:-90.000000
03-03 18:24:03.917  5692       10218 I 03900/Ace: [pipeline_context.cpp(OnVirtualKeyboardAreaChange)-(31)] OnVirtualKeyboardAreaChange positionY:0.000000 safeArea:-2.000000 offsetFix:0.000000
03-03 18:24:03.918  5692       10224 I 03900/Ace: [pipeline_context.cpp(OnVirtualKeyboardAreaChange)-(32)] OnVirtualKeyboardAreaChange positionY:0.000000 safeArea:173.000000 offsetFix:-86.500000
03-03 18:24:03.918  5692       10234 I 03900/Ace: [pipeline_context.cpp(OnVirtualKeyboardAreaChange)-(33)] OnVirtualKeyboardAreaChange positionY:0.000000 safeArea:173.000000 offsetFix:-86.500000
03-03 18:24:03.918  5692        5692 I 00600/HwLauncher: Launcher Icon:28 Widget:2 Folder:2 Icon in folder:13 in drawer:0 abilityForms:4
03-03 18:24:03.919  3109        7584 I 01100/AppexecfwkCore: [form_mgr_host_dualfwk.cpp(OnRemoteRequest)] form mgr host OnRemoteRequest message, the message code is 22, callingPid is 5692, callingUid is 10109
03-03 18:24:03.919  3109        7584 I 01100/AppexecfwkCore: [form_mgr_host_dualfwk.cpp(HandleNotifyFormsVisible)] HandleNotifyFormsVisible called
03-03 18:24:03.919  5692        5760 I 00700/HwLauncher: LocalTaskList loadTasksInBackground:6 numTasks:16 currentUserId:0
03-03 18:24:03.919  3109        7584 I 01120/FormMgrService: [form_mgr_host_impl.cpp(NotifyFormsVisible)] FormMgrHostImpl NotifyFormsVisible called
03-03 18:24:03.919  3109        7584 I 01120/FormMgrService: [form_mgr_jni_adapter.cpp(NotifyFormsVisible)] begin : NotifyFormsVisible begin
03-03 18:24:03.919  3109        7584 I 01120/FormMgrJni: [form_mgr_jni.cpp(NotifyFormsVisible)] NotifyFormsVisible begin
03-03 18:24:03.920  5692        5692 W 00600/HwLauncher: RecentsView onWindowVisibilityChanged executed invalid
03-03 18:24:03.922  5692       10224 I 03900/Ace: [pipeline_context.cpp(OnVirtualKeyboardAreaChange)-(-1)] OnVirtualKeyboardAreaChange positionY:0.000000 safeArea:173.000000 offsetFix:-86.500000
03-03 18:24:03.922  5692       10234 I 03900/Ace: [pipeline_context.cpp(OnVirtualKeyboardAreaChange)-(-1)] OnVirtualKeyboardAreaChange positionY:0.000000 safeArea:173.000000 offsetFix:-86.500000
03-03 18:24:03.923  3109        7584 I 01120/FormMgrJni: [form_mgr_jni.cpp(NotifyFormsVisible)] NotifyFormsVisible callJava
03-03 18:24:03.923  3109        7584 D 01510/IPCJni: Java_ohos_rpc_MessageParcel_nativeReadRemoteObject 178: enter
03-03 18:24:03.923  1875        2117 D 02D01/EngineEventSource: CreateAndPublishEvent: 991384001, trace flag:null
03-03 18:24:03.923  3109        7584 D 01510/IPCProcessSkeleton: FindOrNewObject 164: handle:40 proto:0 new:0
03-03 18:24:03.923  1875        2117 D 02D01/EngineEventVerify: CanProcessEvent: EngineEventVerify can NOT process event:991384001 .
03-03 18:24:03.923  3109        7584 I 01300/FormAdapter_EnableAndVisibleOperation: notifyFormsVisible, visible is false formIds: [58111965378798936, 58111964323649841, 58111965457691543, 58111966125445072]
03-03 18:24:03.923  5692        5760 I 00200/HwLauncher: LocalTaskList loadTasksInBackground:6 numTasks:16 currentUserId:0
03-03 18:24:03.923  3109        7584 D 01510/IPCJni: Java_ohos_rpc_RemoteProxy_nativeGetHandle 961: handle:40
03-03 18:24:03.923  3109        7584 D 01510/IPCJni: Java_ohos_rpc_RemoteProxy_nativeGetHandle 961: handle:40
03-03 18:24:03.923  3109        7584 D 01300/FormAdapter_EnableAndVisibleOperation: notifyFormsVisible, start set flag, forms number is 4
03-03 18:24:03.924  3109        7584 I 01300/FormUtil: notify pms providers invisible: [10029]
03-03 18:24:03.924  1875        2085 W 02D01/DailyControl: OnEvent: threshold exceeded:991384001
03-03 18:24:03.925  3109        7584 I 01100/AppexecfwkCore: [form_mgr_host_dualfwk.cpp(OnRemoteRequest)] form mgr host OnRemoteRequest message, the message code is 23, callingPid is 5692, callingUid is 10109
03-03 18:24:03.925  3109        7584 I 01100/AppexecfwkCore: [form_mgr_host_dualfwk.cpp(HandleNotifyFormsUpdateEnabled)] HandleNotifyFormsUpdateEnabled called
03-03 18:24:03.925  3109        7584 I 01120/FormMgrService: [form_mgr_host_impl.cpp(NotifyFormsUpdateEnabled)] FormMgrHostImpl NotifyFormsUpdateEnabled called
03-03 18:24:03.925  3109        7584 I 01120/FormMgrService: [form_mgr_jni_adapter.cpp(NotifyFormsUpdateEnabled)] begin : NotifyFormsUpdateEnabled begin
03-03 18:24:03.925  3109        7584 I 01120/FormMgrJni: [form_mgr_jni.cpp(NotifyFormsUpdateEnabled)] NotifyFormsUpdateEnabled begin
03-03 18:24:03.926  3109        7584 I 01120/FormMgrJni: [form_mgr_jni.cpp(NotifyFormsUpdateEnabled)] NotifyFormsUpdateEnabled callJava
03-03 18:24:03.926  3109        7584 I 01300/FormAdapter: notifyFormsUpdateEnabled, enable update is false
03-03 18:24:03.926  3109        7584 D 01510/IPCJni: Java_ohos_rpc_MessageParcel_nativeReadRemoteObject 178: enter
03-03 18:24:03.926  3109        7584 D 01510/IPCProcessSkeleton: FindOrNewObject 164: handle:40 proto:0 new:0
03-03 18:24:03.926  3109        7584 D 01510/IPCJni: Java_ohos_rpc_RemoteProxy_nativeGetHandle 961: handle:40
03-03 18:24:03.926  3109        7584 D 01510/IPCJni: Java_ohos_rpc_RemoteProxy_nativeGetHandle 961: handle:40
03-03 18:24:03.926  3109        7584 D 01300/FormAdapter_EnableAndVisibleOperation: handleUpdateFormFlag find target client
03-03 18:24:03.931  3349       27400 D 02F07/HSC_SEC_AI_PLUGIN_BG_SecurityThreatsService: onForegroundActivitiesChanged: 5692, 10109, false
03-03 18:24:03.981 27399     6    61 I 01300/AppexecfwkCore: [app_mgr_stub.cpp(OnRemoteRequest:119)]AppMgrStub::OnReceived, code = 27, flags= 0.
03-03 18:24:03.981 27399     6    61 I 01300/AppMgrService: [app_mgr_service_inner.cpp(NotifyMemoryLevel:798)]AppMgrServiceInner start
03-03 18:24:03.981 27399     6    61 D 01300/AbilityManagerService: [permission_verification.cpp(IsSACall:43)]IsSACall: is called.
03-03 18:24:03.981 27399     6    61 D 01300/AbilityManagerService: [permission_verification.cpp(GetCallingTokenID:297)]callerToken : <private>
03-03 18:24:03.981 27399     6    61 D 02F01/AccessTokenKit: [GetTokenTypeFlag]:called, tokenID=1000
03-03 18:24:03.981 27399     6    61 D 01300/AbilityManagerService: [permission_verification.cpp(IsSACall:50)]Not SA called.
03-03 18:24:03.981 27399     6    61 D 01300/AbilityManagerService: [permission_verification.cpp(VerifyCallingPermission:30)]VerifyCallingPermission permission ohos.permission.MANAGER_ABILITY_FROM_GATEWAY
03-03 18:24:03.981 27399     6    61 D 01300/AbilityManagerService: [permission_verification.cpp(GetCallingTokenID:297)]callerToken : <private>
03-03 18:24:03.981 27399     6    61 D 02F01/AccessTokenKit: [VerifyAccessToken]:called, tokenID=1000, permissionName=ohos.permission.MANAGER_ABILITY_FROM_GATEWAY
03-03 18:24:03.981 27404     9     9 D 02F01/ATMStub: [OnRemoteRequest]:code 65296 token 672050185
03-03 18:24:03.981 27404     9     9 I 02F01/PermissionManagerImpl: [VerifyAccessToken]:VerifyAccessToken called, tokenID: 1000, permissionName: ohos.permission.MANAGER_ABILITY_FROM_GATEWAY
03-03 18:24:03.981 27404     9     9 I 02F01/PermissionManagerImpl: [VerifyAccessToken]:caller in white list is granted
03-03 18:24:03.982 27404     9     9 D 02F01/ATMServ: [VerifyAccessToken]:tokenID: 1000, permission: ohos.permission.MANAGER_ABILITY_FROM_GATEWAY, res 0
03-03 18:24:03.982 27399     6    61 D 02F01/ATMProxy: [VerifyAccessToken]:result from server data = 0
03-03 18:24:03.982 27399     6    61 D 01300/AbilityManagerService: [permission_verification.cpp(VerifyCallingPermission:37)]verify AccessToken success
03-03 18:24:03.982 27399     6    61 D 01300/AbilityManagerService: [permission_verification.cpp(IsGatewayCall:70)]IsGatewayCall: Permission verification succeeded.
03-03 18:24:03.982 27399     6    61 I 01300/AppMgrService: [app_running_manager.cpp(NotifyMemoryLevel:569)]call NotifyMemoryLevel, current app size 1
03-03 18:24:03.982 27399     6    61 I 01300/AppMgrService: [app_running_manager.cpp(NotifyMemoryLevel:572)]Notification app [com.example.car]
03-03 18:24:03.982  2261        2335 D 01510/IPCJni: Java_ohos_rpc_RemoteProxy_nativeSendRequest 818: success
03-03 18:24:04.003 26742  9282  9305 D 01400/OHOS::ROSEN: RSRenderThread ProcessCommands size: 1
03-03 18:24:04.003 26742  9282  9305 D 01400/OHOS::ROSEN: RSRenderThread DrawFrame(203171853822862) in GPU
03-03 18:24:04.003 26742  9282  9305 D 01400/OHOS::ROSEN: SetPartialRenderStatus: 1->1, isRenderForced_=0, isEglSetDamageRegion_=1, isOpDropped_=0
03-03 18:24:04.004 26742  9282  9305 D 01400/OHOS::ROSEN: RSSurfaceOhosGl:RequestFrame, width is 1600, height is 2560
03-03 18:24:04.004 26742  9282  9305 D 01402/2DGraphics: SetUpGrContext: grContext has already created!!
03-03 18:24:04.004 26742  9282  9305 D 01402/2DGraphics: AcquireSurface: CreateCanvas successfully!!! (0xb4000077778a7000)
03-03 18:24:04.004 26742  9282  9305 D 01400/OHOS::ROSEN: UpdateDirtyAndSetEGLDamageRegion dirtyRect = [0, 0, 1600, 2448]
03-03 18:24:04.004 26742  9282  9282 W 03900/Ace: [text_field_pattern.cpp(UpdateCaretPosition)-(0)] Not on focus, cannot update caret
03-03 18:24:04.005 26742  9282  9282 W 03900/Ace: [scroll_paint_method.cpp(PaintScrollEffect)-(0)] scrollEdgeEffect is null, return on line 53
03-03 18:24:04.005 26742  9282  9305 D 01400/OHOS::ROSEN: RSRenderThreadVisitor FlushImplicitTransactionFromRT uiTimestamp = 203171837167529
03-03 18:24:04.006 26742  9282  9305 D 01400/OHOS::ROSEN: RSRenderThreadVisitor FlushFrame surfaceNodeId = 39865886441472, uiTimestamp = 203171837167529
03-03 18:24:04.006 26742  9282  9305 D 01402/2DGraphics: RenderFrame: RenderFrame: Canvas is 0xb4000077778a7000
03-03 18:24:04.009 26742  9282  9305 D 01402/2DGraphics: SwapBuffers: SwapBuffers successfully, surface is 0xb40000773f8ed680
03-03 18:24:04.010 26742  9282  9305 D 01400/OHOS::ROSEN: RSSurfaceOhosGl: FlushFrame success
03-03 18:24:04.019 26742  9282  9305 D 01400/OHOS::ROSEN: RSRenderThread ProcessCommands size: 1
03-03 18:24:04.020 26742  9282  9305 D 01400/OHOS::ROSEN: RSRenderThread DrawFrame(203171870478856) in GPU
03-03 18:24:04.020 26742  9282  9305 D 01400/OHOS::ROSEN: SetPartialRenderStatus: 1->1, isRenderForced_=0, isEglSetDamageRegion_=1, isOpDropped_=0
03-03 18:24:04.020 26742  9282  9305 D 01400/OHOS::ROSEN: RSSurfaceOhosGl:RequestFrame, width is 1600, height is 2560
03-03 18:24:04.020 26742  9282  9305 D 01402/2DGraphics: SetUpGrContext: grContext has already created!!
03-03 18:24:04.020 26742  9282  9305 D 01402/2DGraphics: AcquireSurface: CreateCanvas successfully!!! (0xb4000077778a7000)
03-03 18:24:04.020 26742  9282  9305 D 01400/OHOS::ROSEN: UpdateDirtyAndSetEGLDamageRegion dirtyRect = [0, 0, 1600, 2448]
03-03 18:24:04.021 26742  9282  9282 W 03900/Ace: [text_field_pattern.cpp(UpdateCaretPosition)-(0)] Not on focus, cannot update caret
03-03 18:24:04.021 26742  9282  9282 W 03900/Ace: [scroll_paint_method.cpp(PaintScrollEffect)-(0)] scrollEdgeEffect is null, return on line 53
03-03 18:24:04.022 26742  9282  9305 D 01400/OHOS::ROSEN: RSRenderThreadVisitor FlushImplicitTransactionFromRT uiTimestamp = 203171853822862
03-03 18:24:04.022 26742  9282  9305 D 01400/OHOS::ROSEN: RSRenderThreadVisitor FlushFrame surfaceNodeId = 39865886441472, uiTimestamp = 203171853822862
03-03 18:24:04.022 26742  9282  9305 D 01402/2DGraphics: RenderFrame: RenderFrame: Canvas is 0xb4000077778a7000
03-03 18:24:04.025 26742  9282  9305 D 01402/2DGraphics: SwapBuffers: SwapBuffers successfully, surface is 0xb40000773f8ed680
03-03 18:24:04.025 26742  9282  9305 D 01400/OHOS::ROSEN: RSSurfaceOhosGl: FlushFrame success
03-03 18:24:04.036 26742  9282  9305 D 01400/OHOS::ROSEN: RSRenderThread ProcessCommands size: 1
03-03 18:24:04.036 26742  9282  9305 D 01400/OHOS::ROSEN: RSRenderThread DrawFrame(203171887148053) in GPU
03-03 18:24:04.036 26742  9282  9305 D 01400/OHOS::ROSEN: SetPartialRenderStatus: 1->1, isRenderForced_=0, isEglSetDamageRegion_=1, isOpDropped_=0
03-03 18:24:04.037 26742  9282  9282 I 03900/Ace: [swiper_pattern.cpp(InitSwiperIndicator)-(0)] Swiper create new indicator
03-03 18:24:04.037 26742  9282  9305 D 01400/OHOS::ROSEN: RSSurfaceOhosGl:RequestFrame, width is 1600, height is 2560
03-03 18:24:04.037 26742  9282  9305 D 01402/2DGraphics: SetUpGrContext: grContext has already created!!
03-03 18:24:04.037 26742  9282  9305 D 01402/2DGraphics: AcquireSurface: CreateCanvas successfully!!! (0xb4000077778a7000)
03-03 18:24:04.037 26742  9282  9305 D 01400/OHOS::ROSEN: UpdateDirtyAndSetEGLDamageRegion dirtyRect = [0, 0, 1600, 2448]
03-03 18:24:04.038 26742  9282  9305 D 01400/OHOS::ROSEN: RSRenderThreadVisitor FlushImplicitTransactionFromRT uiTimestamp = 203171870478856
03-03 18:24:04.038 26742  9282  9305 D 01400/OHOS::ROSEN: RSRenderThreadVisitor FlushFrame surfaceNodeId = 39865886441472, uiTimestamp = 203171870478856
03-03 18:24:04.038 26742  9282  9305 D 01402/2DGraphics: RenderFrame: RenderFrame: Canvas is 0xb4000077778a7000
03-03 18:24:04.040 26742  9282  9305 D 01402/2DGraphics: SwapBuffers: SwapBuffers successfully, surface is 0xb40000773f8ed680
03-03 18:24:04.040 26742  9282  9305 D 01400/OHOS::ROSEN: RSSurfaceOhosGl: FlushFrame success
03-03 18:24:04.044 26742  9282  9282 I 03900/Ace: [js_view_abstract.cpp(ParseBorderStyle)-(0)] args(undefined) is invalid, use default value.
03-03 18:24:04.050 26742  9282  9282 W 03900/Ace: [rosen_render_context.cpp(ClearFocusState)-(0)] focusStateModifier_ is null, return on line 1084
03-03 18:24:04.050 26742  9282  9282 W 03900/Ace: [text_field_pattern.cpp(UpdateCaretPosition)-(0)] Not on focus, cannot update caret
03-03 18:24:04.052 26742  9282  9282 W 03900/Ace: [scroll_paint_method.cpp(PaintScrollEffect)-(0)] scrollEdgeEffect is null, return on line 53
03-03 18:24:04.052 26742  9282  9282 I chatty  : uid=40040005 OH jdwp control identical 1 line
03-03 18:24:04.056 26742  9282  9282 W 03900/Ace: [scroll_paint_method.cpp(PaintScrollEffect)-(0)] scrollEdgeEffect is null, return on line 53
03-03 18:24:04.069 26742  9282  9305 D 01400/OHOS::ROSEN: RSRenderThread ProcessCommands size: 2
03-03 18:24:04.070 26742  9282  9282 W 03900/Ace: [scroll_paint_method.cpp(PaintScrollEffect)-(0)] scrollEdgeEffect is null, return on line 53
03-03 18:24:04.071 26742  9282  9305 D 01400/OHOS::ROSEN: RSRenderThread DrawFrame(203171920462321) in GPU
03-03 18:24:04.071 26742  9282  9305 D 01400/OHOS::ROSEN: SetPartialRenderStatus: 1->1, isRenderForced_=0, isEglSetDamageRegion_=1, isOpDropped_=0
03-03 18:24:04.071 26742  9282  9305 D 01400/OHOS::ROSEN: RSSurfaceOhosGl:RequestFrame, width is 1600, height is 2560
03-03 18:24:04.071 26742  9282  9305 D 01402/2DGraphics: SetUpGrContext: grContext has already created!!
03-03 18:24:04.071 26742  9282  9305 D 01402/2DGraphics: AcquireSurface: CreateCanvas successfully!!! (0xb4000077778a7000)
03-03 18:24:04.071 26742  9282  9305 D 01400/OHOS::ROSEN: UpdateDirtyAndSetEGLDamageRegion dirtyRect = [0, 0, 1600, 2523]
03-03 18:24:04.072 26742  9282  9305 D 01400/OHOS::ROSEN: RSRenderThreadVisitor FlushImplicitTransactionFromRT uiTimestamp = 203171903803621
03-03 18:24:04.073 26742  9282  9305 D 01400/OHOS::ROSEN: RSRenderThreadVisitor FlushFrame surfaceNodeId = 39865886441472, uiTimestamp = 203171903803621
03-03 18:24:04.073 26742  9282  9305 D 01402/2DGraphics: RenderFrame: RenderFrame: Canvas is 0xb4000077778a7000
03-03 18:24:04.075 26742  9282  9305 D 01402/2DGraphics: SwapBuffers: SwapBuffers successfully, surface is 0xb40000773f8ed680
03-03 18:24:04.075 26742  9282  9305 D 01400/OHOS::ROSEN: RSSurfaceOhosGl: FlushFrame success
03-03 18:24:04.086 26742  9282  9305 D 01400/OHOS::ROSEN: RSRenderThread ProcessCommands size: 1
03-03 18:24:04.086 26742  9282  9305 D 01400/OHOS::ROSEN: RSRenderThread DrawFrame(203171937128183) in GPU
03-03 18:24:04.086 26742  9282  9305 D 01400/OHOS::ROSEN: SetPartialRenderStatus: 1->1, isRenderForced_=0, isEglSetDamageRegion_=1, isOpDropped_=0
03-03 18:24:04.086 26742  9282  9305 D 01400/OHOS::ROSEN: RSSurfaceOhosGl:RequestFrame, width is 1600, height is 2560
03-03 18:24:04.086 26742  9282  9305 D 01402/2DGraphics: SetUpGrContext: grContext has already created!!
03-03 18:24:04.086 26742  9282  9305 D 01402/2DGraphics: AcquireSurface: CreateCanvas successfully!!! (0xb4000077778a7000)
03-03 18:24:04.086 26742  9282  9305 D 01400/OHOS::ROSEN: UpdateDirtyAndSetEGLDamageRegion dirtyRect = [0, 0, 1600, 2560]
03-03 18:24:04.086 26742  9282  9282 W 03900/Ace: [scroll_paint_method.cpp(PaintScrollEffect)-(0)] scrollEdgeEffect is null, return on line 53
03-03 18:24:04.087 26742  9282  9305 D 01400/OHOS::ROSEN: RSRenderThreadVisitor FlushImplicitTransactionFromRT uiTimestamp = 203171920462321
03-03 18:24:04.087 26742  9282  9305 D 01400/OHOS::ROSEN: RSRenderThreadVisitor FlushFrame surfaceNodeId = 39865886441472, uiTimestamp = 203171920462321
03-03 18:24:04.087 26742  9282  9305 D 01402/2DGraphics: RenderFrame: RenderFrame: Canvas is 0xb4000077778a7000
03-03 18:24:04.088 26742  9282  9305 D 01402/2DGraphics: SwapBuffers: SwapBuffers successfully, surface is 0xb40000773f8ed680
03-03 18:24:04.089 26742  9282  9305 D 01400/OHOS::ROSEN: RSSurfaceOhosGl: FlushFrame success
03-03 18:24:04.103 26742  9282  9305 D 01400/OHOS::ROSEN: RSRenderThread ProcessCommands size: 1
03-03 18:24:04.103 26742  9282  9282 W 03900/Ace: [scroll_paint_method.cpp(PaintScrollEffect)-(0)] scrollEdgeEffect is null, return on line 53
03-03 18:24:04.103 26742  9282  9305 D 01400/OHOS::ROSEN: RSRenderThread DrawFrame(203171953781176) in GPU
03-03 18:24:04.103 26742  9282  9305 D 01400/OHOS::ROSEN: SetPartialRenderStatus: 1->1, isRenderForced_=0, isEglSetDamageRegion_=1, isOpDropped_=0
03-03 18:24:04.103 26742  9282  9305 D 01400/OHOS::ROSEN: RSSurfaceOhosGl:RequestFrame, width is 1600, height is 2560
03-03 18:24:04.103 26742  9282  9305 D 01402/2DGraphics: SetUpGrContext: grContext has already created!!
03-03 18:24:04.103 26742  9282  9305 D 01402/2DGraphics: AcquireSurface: CreateCanvas successfully!!! (0xb4000077778a7000)
03-03 18:24:04.103 26742  9282  9305 D 01400/OHOS::ROSEN: UpdateDirtyAndSetEGLDamageRegion dirtyRect = [0, 0, 1600, 2560]
03-03 18:24:04.104 26742  9282  9305 D 01400/OHOS::ROSEN: RSRenderThreadVisitor FlushImplicitTransactionFromRT uiTimestamp = 203171937128183
03-03 18:24:04.104 26742  9282  9305 D 01400/OHOS::ROSEN: RSRenderThreadVisitor FlushFrame surfaceNodeId = 39865886441472, uiTimestamp = 203171937128183
03-03 18:24:04.104 26742  9282  9305 D 01402/2DGraphics: RenderFrame: RenderFrame: Canvas is 0xb4000077778a7000
03-03 18:24:04.107 26742  9282  9305 D 01402/2DGraphics: SwapBuffers: SwapBuffers successfully, surface is 0xb40000773f8ed680
03-03 18:24:04.107 26742  9282  9305 D 01400/OHOS::ROSEN: RSSurfaceOhosGl: FlushFrame success
03-03 18:24:04.119 26742  9282  9305 D 01400/OHOS::ROSEN: RSRenderThread ProcessCommands size: 1
03-03 18:24:04.119 26742  9282  9305 D 01400/OHOS::ROSEN: RSRenderThread DrawFrame(203171970445826) in GPU
03-03 18:24:04.119 26742  9282  9305 D 01400/OHOS::ROSEN: SetPartialRenderStatus: 1->1, isRenderForced_=0, isEglSetDamageRegion_=1, isOpDropped_=0
03-03 18:24:04.120 26742  9282  9305 D 01400/OHOS::ROSEN: RSSurfaceOhosGl:RequestFrame, width is 1600, height is 2560
03-03 18:24:04.120 26742  9282  9305 D 01402/2DGraphics: SetUpGrContext: grContext has already created!!
03-03 18:24:04.120 26742  9282  9305 D 01402/2DGraphics: AcquireSurface: CreateCanvas successfully!!! (0xb4000077778a7000)
03-03 18:24:04.120 26742  9282  9282 W 03900/Ace: [scroll_paint_method.cpp(PaintScrollEffect)-(0)] scrollEdgeEffect is null, return on line 53
03-03 18:24:04.120 26742  9282  9305 D 01400/OHOS::ROSEN: UpdateDirtyAndSetEGLDamageRegion dirtyRect = [0, 0, 1600, 2560]
03-03 18:24:04.120 26742  9282  9305 D 01400/OHOS::ROSEN: RSRenderThreadVisitor FlushImplicitTransactionFromRT uiTimestamp = 203171953781176
03-03 18:24:04.120 26742  9282  9305 D 01400/OHOS::ROSEN: RSRenderThreadVisitor FlushFrame surfaceNodeId = 39865886441472, uiTimestamp = 203171953781176
03-03 18:24:04.120 26742  9282  9305 D 01402/2DGraphics: RenderFrame: RenderFrame: Canvas is 0xb4000077778a7000
03-03 18:24:04.123 26742  9282  9305 D 01402/2DGraphics: SwapBuffers: SwapBuffers successfully, surface is 0xb40000773f8ed680
03-03 18:24:04.123 26742  9282  9305 D 01400/OHOS::ROSEN: RSSurfaceOhosGl: FlushFrame success
03-03 18:24:04.136 26742  9282  9305 D 01400/OHOS::ROSEN: RSRenderThread ProcessCommands size: 1
03-03 18:24:04.136 26742  9282  9282 W 03900/Ace: [scroll_paint_method.cpp(PaintScrollEffect)-(0)] scrollEdgeEffect is null, return on line 53
03-03 18:24:04.136 26742  9282  9305 D 01400/OHOS::ROSEN: RSRenderThread DrawFrame(203171987117075) in GPU
03-03 18:24:04.136 26742  9282  9305 D 01400/OHOS::ROSEN: SetPartialRenderStatus: 1->1, isRenderForced_=0, isEglSetDamageRegion_=1, isOpDropped_=0
03-03 18:24:04.137 26742  9282  9305 D 01400/OHOS::ROSEN: RSSurfaceOhosGl:RequestFrame, width is 1600, height is 2560
03-03 18:24:04.137 26742  9282  9305 D 01402/2DGraphics: SetUpGrContext: grContext has already created!!
03-03 18:24:04.137 26742  9282  9305 D 01402/2DGraphics: AcquireSurface: CreateCanvas successfully!!! (0xb4000077778a7000)
03-03 18:24:04.137 26742  9282  9305 D 01400/OHOS::ROSEN: UpdateDirtyAndSetEGLDamageRegion dirtyRect = [0, 0, 1600, 2560]
03-03 18:24:04.137 26742  9282  9305 D 01400/OHOS::ROSEN: RSRenderThreadVisitor FlushImplicitTransactionFromRT uiTimestamp = 203171970445826
03-03 18:24:04.137 26742  9282  9305 D 01400/OHOS::ROSEN: RSRenderThreadVisitor FlushFrame surfaceNodeId = 39865886441472, uiTimestamp = 203171970445826
03-03 18:24:04.137 26742  9282  9305 D 01402/2DGraphics: RenderFrame: RenderFrame: Canvas is 0xb4000077778a7000
03-03 18:24:04.139 26742  9282  9305 D 01402/2DGraphics: SwapBuffers: SwapBuffers successfully, surface is 0xb40000773f8ed680
03-03 18:24:04.139 26742  9282  9305 D 01400/OHOS::ROSEN: RSSurfaceOhosGl: FlushFrame success
03-03 18:24:04.153 26742  9282  9305 D 01400/OHOS::ROSEN: RSRenderThread ProcessCommands size: 1
03-03 18:24:04.153 26742  9282  9305 D 01400/OHOS::ROSEN: RSRenderThread DrawFrame(203172003781430) in GPU
03-03 18:24:04.153 26742  9282  9305 D 01400/OHOS::ROSEN: SetPartialRenderStatus: 1->1, isRenderForced_=0, isEglSetDamageRegion_=1, isOpDropped_=0
03-03 18:24:04.153 26742  9282  9305 D 01400/OHOS::ROSEN: RSSurfaceOhosGl:RequestFrame, width is 1600, height is 2560
03-03 18:24:04.153 26742  9282  9305 D 01402/2DGraphics: SetUpGrContext: grContext has already created!!
03-03 18:24:04.153 26742  9282  9282 W 03900/Ace: [scroll_paint_method.cpp(PaintScrollEffect)-(0)] scrollEdgeEffect is null, return on line 53
03-03 18:24:04.153 26742  9282  9305 D 01402/2DGraphics: AcquireSurface: CreateCanvas successfully!!! (0xb4000077778a7000)
03-03 18:24:04.153 26742  9282  9305 D 01400/OHOS::ROSEN: UpdateDirtyAndSetEGLDamageRegion dirtyRect = [0, 0, 1600, 2560]
03-03 18:24:04.154 26742  9282  9305 D 01400/OHOS::ROSEN: RSRenderThreadVisitor FlushImplicitTransactionFromRT uiTimestamp = 203171987117075
03-03 18:24:04.154 26742  9282  9305 D 01400/OHOS::ROSEN: RSRenderThreadVisitor FlushFrame surfaceNodeId = 39865886441472, uiTimestamp = 203171987117075
03-03 18:24:04.154 26742  9282  9305 D 01402/2DGraphics: RenderFrame: RenderFrame: Canvas is 0xb4000077778a7000
03-03 18:24:04.157 26742  9282  9305 D 01402/2DGraphics: SwapBuffers: SwapBuffers successfully, surface is 0xb40000773f8ed680
03-03 18:24:04.157 26742  9282  9305 D 01400/OHOS::ROSEN: RSSurfaceOhosGl: FlushFrame success
03-03 18:24:04.169 26742  9282  9305 D 01400/OHOS::ROSEN: RSRenderThread ProcessCommands size: 1
03-03 18:24:04.169 26742  9282  9305 D 01400/OHOS::ROSEN: RSRenderThread DrawFrame(203172020446652) in GPU
03-03 18:24:04.169 26742  9282  9305 D 01400/OHOS::ROSEN: SetPartialRenderStatus: 1->1, isRenderForced_=0, isEglSetDamageRegion_=1, isOpDropped_=0
03-03 18:24:04.170 26742  9282  9282 W 03900/Ace: [scroll_paint_method.cpp(PaintScrollEffect)-(0)] scrollEdgeEffect is null, return on line 53
03-03 18:24:04.170 26742  9282  9305 D 01400/OHOS::ROSEN: RSSurfaceOhosGl:RequestFrame, width is 1600, height is 2560
03-03 18:24:04.170 26742  9282  9305 D 01402/2DGraphics: SetUpGrContext: grContext has already created!!
03-03 18:24:04.170 26742  9282  9305 D 01402/2DGraphics: AcquireSurface: CreateCanvas successfully!!! (0xb4000077778a7000)
03-03 18:24:04.170 26742  9282  9305 D 01400/OHOS::ROSEN: UpdateDirtyAndSetEGLDamageRegion dirtyRect = [0, 0, 1600, 2560]
03-03 18:24:04.170 26742  9282  9305 D 01400/OHOS::ROSEN: RSRenderThreadVisitor FlushImplicitTransactionFromRT uiTimestamp = 203172003781430
03-03 18:24:04.170 26742  9282  9305 D 01400/OHOS::ROSEN: RSRenderThreadVisitor FlushFrame surfaceNodeId = 39865886441472, uiTimestamp = 203172003781430
03-03 18:24:04.170 26742  9282  9305 D 01402/2DGraphics: RenderFrame: RenderFrame: Canvas is 0xb4000077778a7000
03-03 18:24:04.172 26742  9282  9305 D 01402/2DGraphics: SwapBuffers: SwapBuffers successfully, surface is 0xb40000773f8ed680
03-03 18:24:04.172 26742  9282  9305 D 01400/OHOS::ROSEN: RSSurfaceOhosGl: FlushFrame success
03-03 18:24:04.186 26742  9282  9305 D 01400/OHOS::ROSEN: RSRenderThread ProcessCommands size: 1
03-03 18:24:04.186 26742  9282  9305 D 01400/OHOS::ROSEN: RSRenderThread DrawFrame(203172037111265) in GPU
03-03 18:24:04.186 26742  9282  9305 D 01400/OHOS::ROSEN: SetPartialRenderStatus: 1->1, isRenderForced_=0, isEglSetDamageRegion_=1, isOpDropped_=0
03-03 18:24:04.187 26742  9282  9305 D 01400/OHOS::ROSEN: RSSurfaceOhosGl:RequestFrame, width is 1600, height is 2560
03-03 18:24:04.187 26742  9282  9282 W 03900/Ace: [scroll_paint_method.cpp(PaintScrollEffect)-(0)] scrollEdgeEffect is null, return on line 53
03-03 18:24:04.187 26742  9282  9305 D 01402/2DGraphics: SetUpGrContext: grContext has already created!!
03-03 18:24:04.187 26742  9282  9305 D 01402/2DGraphics: AcquireSurface: CreateCanvas successfully!!! (0xb4000077778a7000)
03-03 18:24:04.187 26742  9282  9305 D 01400/OHOS::ROSEN: UpdateDirtyAndSetEGLDamageRegion dirtyRect = [0, 0, 1600, 2560]
03-03 18:24:04.187 26742  9282  9305 D 01400/OHOS::ROSEN: RSRenderThreadVisitor FlushImplicitTransactionFromRT uiTimestamp = 203172020446652
03-03 18:24:04.187 26742  9282  9305 D 01400/OHOS::ROSEN: RSRenderThreadVisitor FlushFrame surfaceNodeId = 39865886441472, uiTimestamp = 203172020446652
03-03 18:24:04.187 26742  9282  9305 D 01402/2DGraphics: RenderFrame: RenderFrame: Canvas is 0xb4000077778a7000
03-03 18:24:04.190 26742  9282  9305 D 01402/2DGraphics: SwapBuffers: SwapBuffers successfully, surface is 0xb40000773f8ed680
03-03 18:24:04.190 26742  9282  9305 D 01400/OHOS::ROSEN: RSSurfaceOhosGl: FlushFrame success
03-03 18:24:04.203 26742  9282  9305 D 01400/OHOS::ROSEN: RSRenderThread ProcessCommands size: 1
03-03 18:24:04.203 26742  9282  9305 D 01400/OHOS::ROSEN: RSRenderThread DrawFrame(203172053776175) in GPU
03-03 18:24:04.203 26742  9282  9305 D 01400/OHOS::ROSEN: SetPartialRenderStatus: 1->1, isRenderForced_=0, isEglSetDamageRegion_=1, isOpDropped_=0
03-03 18:24:04.203 26742  9282  9282 W 03900/Ace: [scroll_paint_method.cpp(PaintScrollEffect)-(0)] scrollEdgeEffect is null, return on line 53
03-03 18:24:04.203 26742  9282  9305 D 01400/OHOS::ROSEN: RSSurfaceOhosGl:RequestFrame, width is 1600, height is 2560
03-03 18:24:04.203 26742  9282  9305 E LOGLIMIT: process car drop log, threshold:13050
03-03 18:24:04.212  5692        5692 W 00700/HwLauncher: MultiDevicesTaskCenterReporterUtils getRemoteDevicesTypesString remoteDevicesList is empty.
03-03 18:24:04.213  1875        2117 D 02D01/EngineEventSource: CreateAndPublishEvent: 990200931, trace flag:null
03-03 18:24:04.213  1875        2117 D 02D01/EngineEventVerify: CanProcessEvent: EngineEventVerify can NOT process event:990200931 .
03-03 18:24:04.213  1875        2085 W 02D01/DailyControl: OnEvent: threshold exceeded:990200931
03-03 18:24:04.365  5692       28080 I 03900/Ace: [js_task_executor.cpp(ThreadMain)-(-1)] js thread end
03-03 18:24:04.366  5692       28077 I 03900/Ace: [js_task_executor.cpp(ThreadMain)-(-1)] js thread end
03-03 18:24:04.366  5692       28078 I 03900/Ace: [js_task_executor.cpp(ThreadMain)-(-1)] js thread end
03-03 18:24:04.367  5692       28079 I 03900/Ace: [js_task_executor.cpp(ThreadMain)-(-1)] js thread end
03-03 18:24:04.367  5692       28081 I 03900/Ace: [js_task_executor.cpp(ThreadMain)-(-1)] js thread end
03-03 18:24:04.367  5692       28084 I 03900/Ace: [js_task_executor.cpp(~JsTaskThread)-(-1)] [Dump js-thread] duration(ms): 502,tasksCount: 5,coupleCount: 3
03-03 18:24:04.367  5692       28084 I 03900/Ace: [js_task_executor.cpp(~JsTaskThread)-(-1)] [Dump js-thread] duration(ms): 507,tasksCount: 5,coupleCount: 3
03-03 18:24:04.367  5692       28084 I 03900/Ace: [js_task_executor.cpp(~JsTaskThread)-(-1)] [Dump js-thread] duration(ms): 507,tasksCount: 3,coupleCount: 2
03-03 18:24:04.367  5692       28084 I 03900/Ace: [js_task_executor.cpp(~JsTaskThread)-(-1)] [Dump js-thread] duration(ms): 507,tasksCount: 1,coupleCount: 1
03-03 18:24:04.437  3128       10359 I 00B00/HwMSDPMovementService: handleGetSupportedModule
03-03 18:24:04.438  3128       10359 I 00B00/HwMSDPMovementImpl: mWaitCount  10
03-03 18:24:04.438  3128       10359 I 00B00/HwMSDPMovementImpl: mSupportedModule= 0
03-03 18:24:04.489 26742  9282  9282 I 0FEFE/JsApp: [HTTP] loopOnce running=true inflight=true url=http://192.168.81.100:81/?action=snapshot
03-03 18:24:04.860  3349        3759 D 02F07/HSC_SEC_AI_PLUGIN_BG_SecurityThreatsService: handleMessage msg=2
03-03 18:24:04.860  3349        3759 I 02F07/HSC_SEC_AI_PLUGIN_BG_SecurityThreatsService: notifyRiskAppWhenStartUp, pid = 5692, uid = 10109
03-03 18:24:04.860  3349        3759 E 02F07/HSC_SEC_AI_PLUGIN_BG_AiProtectionUtils: AI is not supported, current platform is:kona
03-03 18:24:04.860  3349        3759 D 02F07/HSC_SEC_AI_PLUGIN_BG_VirusNotifyControl: notifyVirusWhenStartUp pkgs is empty
03-03 18:24:04.865  5692       28084 I 03900/Ace: [js_task_executor.cpp(ThreadMain)-(-1)] js thread for delay task end
03-03 18:24:05.003 26742  9282  9305 D 01400/OHOS::ROSEN: RSRenderThread ProcessCommands size: 1
03-03 18:24:05.003 26742  9282  9305 D 01400/OHOS::ROSEN: RSRenderThread DrawFrame(203172853833676) in GPU
03-03 18:24:05.003 26742  9282  9305 D 01400/OHOS::ROSEN: SetPartialRenderStatus: 1->1, isRenderForced_=0, isEglSetDamageRegion_=1, isOpDropped_=0
03-03 18:24:05.003 26742  9282  9282 W 03900/Ace: [scroll_paint_method.cpp(PaintScrollEffect)-(0)] scrollEdgeEffect is null, return on line 53
03-03 18:24:05.003 26742  9282  9305 D 01400/OHOS::ROSEN: RSSurfaceOhosGl:RequestFrame, width is 1600, height is 2560
03-03 18:24:05.003 26742  9282  9305 D 01402/2DGraphics: SetUpGrContext: grContext has already created!!
03-03 18:24:05.003 26742  9282  9305 D 01402/2DGraphics: AcquireSurface: CreateCanvas successfully!!! (0xb4000077778a7000)
03-03 18:24:05.004 26742  9282  9305 D 01400/OHOS::ROSEN: UpdateDirtyAndSetEGLDamageRegion dirtyRect = [0, 0, 1600, 2560]
03-03 18:24:05.005 26742  9282  9305 D 01400/OHOS::ROSEN: RSRenderThreadVisitor FlushImplicitTransactionFromRT uiTimestamp = 203172837164623
03-03 18:24:05.005 26742  9282  9305 D 01400/OHOS::ROSEN: RSRenderThreadVisitor FlushFrame surfaceNodeId = 39865886441472, uiTimestamp = 203172837164623
03-03 18:24:05.005 26742  9282  9305 D 01402/2DGraphics: RenderFrame: RenderFrame: Canvas is 0xb4000077778a7000
03-03 18:24:05.008 26742  9282  9305 D 01402/2DGraphics: SwapBuffers: SwapBuffers successfully, surface is 0xb40000773f8ed680
03-03 18:24:05.009 26742  9282  9305 D 01400/OHOS::ROSEN: RSSurfaceOhosGl: FlushFrame success
03-03 18:24:05.020 26742  9282  9305 D 01400/OHOS::ROSEN: RSRenderThread ProcessCommands size: 1
03-03 18:24:05.020 26742  9282  9305 D 01400/OHOS::ROSEN: RSRenderThread DrawFrame(203172870502916) in GPU
03-03 18:24:05.020 26742  9282  9282 W 03900/Ace: [scroll_paint_method.cpp(PaintScrollEffect)-(0)] scrollEdgeEffect is null, return on line 53
03-03 18:24:05.020 26742  9282  9305 D 01400/OHOS::ROSEN: SetPartialRenderStatus: 1->1, isRenderForced_=0, isEglSetDamageRegion_=1, isOpDropped_=0
03-03 18:24:05.020 26742  9282  9305 D 01400/OHOS::ROSEN: RSSurfaceOhosGl:RequestFrame, width is 1600, height is 2560
03-03 18:24:05.020 26742  9282  9305 D 01402/2DGraphics: SetUpGrContext: grContext has already created!!
03-03 18:24:05.020 26742  9282  9305 D 01402/2DGraphics: AcquireSurface: CreateCanvas successfully!!! (0xb4000077778a7000)
03-03 18:24:05.020 26742  9282  9305 D 01400/OHOS::ROSEN: UpdateDirtyAndSetEGLDamageRegion dirtyRect = [0, 0, 1600, 2560]
03-03 18:24:05.021 26742  9282  9305 D 01400/OHOS::ROSEN: RSRenderThreadVisitor FlushImplicitTransactionFromRT uiTimestamp = 203172853833676
03-03 18:24:05.022 26742  9282  9305 D 01400/OHOS::ROSEN: RSRenderThreadVisitor FlushFrame surfaceNodeId = 39865886441472, uiTimestamp = 203172853833676
03-03 18:24:05.022 26742  9282  9305 D 01402/2DGraphics: RenderFrame: RenderFrame: Canvas is 0xb4000077778a7000
03-03 18:24:05.023 27399     6    61 I 01300/AppexecfwkCore: [app_mgr_stub.cpp(OnRemoteRequest:119)]AppMgrStub::OnReceived, code = 27, flags= 0.
03-03 18:24:05.023 27399     6    61 I 01300/AppMgrService: [app_mgr_service_inner.cpp(NotifyMemoryLevel:798)]AppMgrServiceInner start
03-03 18:24:05.023 27399     6    61 D 01300/AbilityManagerService: [permission_verification.cpp(IsSACall:43)]IsSACall: is called.
03-03 18:24:05.023 27399     6    61 D 01300/AbilityManagerService: [permission_verification.cpp(GetCallingTokenID:297)]callerToken : <private>
03-03 18:24:05.023 27399     6    61 D 02F01/AccessTokenKit: [GetTokenTypeFlag]:called, tokenID=1000
03-03 18:24:05.024 27399     6    61 D 01300/AbilityManagerService: [permission_verification.cpp(IsSACall:50)]Not SA called.
03-03 18:24:05.024 27399     6    61 D 01300/AbilityManagerService: [permission_verification.cpp(VerifyCallingPermission:30)]VerifyCallingPermission permission ohos.permission.MANAGER_ABILITY_FROM_GATEWAY
03-03 18:24:05.024 27399     6    61 D 01300/AbilityManagerService: [permission_verification.cpp(GetCallingTokenID:297)]callerToken : <private>
03-03 18:24:05.024 27399     6    61 D 02F01/AccessTokenKit: [VerifyAccessToken]:called, tokenID=1000, permissionName=ohos.permission.MANAGER_ABILITY_FROM_GATEWAY
03-03 18:24:05.025 26742  9282  9305 D 01402/2DGraphics: SwapBuffers: SwapBuffers successfully, surface is 0xb40000773f8ed680
03-03 18:24:05.025 26742  9282  9305 D 01400/OHOS::ROSEN: RSSurfaceOhosGl: FlushFrame success
03-03 18:24:05.026 27404     9     9 D 02F01/ATMStub: [OnRemoteRequest]:code 65296 token 672050185
03-03 18:24:05.026 27404     9     9 I 02F01/PermissionManagerImpl: [VerifyAccessToken]:VerifyAccessToken called, tokenID: 1000, permissionName: ohos.permission.MANAGER_ABILITY_FROM_GATEWAY
03-03 18:24:05.026 27404     9     9 I 02F01/PermissionManagerImpl: [VerifyAccessToken]:caller in white list is granted
03-03 18:24:05.026 27404     9     9 D 02F01/ATMServ: [VerifyAccessToken]:tokenID: 1000, permission: ohos.permission.MANAGER_ABILITY_FROM_GATEWAY, res 0
03-03 18:24:05.026 27399     6    61 D 02F01/ATMProxy: [VerifyAccessToken]:result from server data = 0
03-03 18:24:05.026 27399     6    61 D 01300/AbilityManagerService: [permission_verification.cpp(VerifyCallingPermission:37)]verify AccessToken success
03-03 18:24:05.026 27399     6    61 D 01300/AbilityManagerService: [permission_verification.cpp(IsGatewayCall:70)]IsGatewayCall: Permission verification succeeded.
03-03 18:24:05.026 27399     6    61 I 01300/AppMgrService: [app_running_manager.cpp(NotifyMemoryLevel:569)]call NotifyMemoryLevel, current app size 1
03-03 18:24:05.026 27399     6    61 I 01300/AppMgrService: [app_running_manager.cpp(NotifyMemoryLevel:572)]Notification app [com.example.car]
03-03 18:24:05.026 26742  9282  9284 I 01300/AppexecfwkCore: [app_scheduler_host.cpp(OnRemoteRequest:72)]AppSchedulerHost::OnReceived, code = 13, flags= 1.
03-03 18:24:05.026 26742  9282  9284 D 01300/Appkit: [main_thread.cpp(ScheduleMemoryLevel:456)]ScheduleMemoryLevel level: 0
03-03 18:24:05.027 26742  9282  9284 D 01300/Appkit: [main_thread.cpp(ScheduleMemoryLevel:469)]MainThread::ScheduleMemoryLevel level: 0 end.
03-03 18:24:05.027 26742  9282  9282 D 01300/Appkit: [main_thread.cpp(HandleMemoryLevel:1684)]MainThread::HandleMemoryLevel called start.
03-03 18:24:05.027 26742  9282  9282 D 01300/Appkit: [ohos_application.cpp(OnMemoryLevel:447)]OHOSApplication::OnMemoryLevel: called
03-03 18:24:05.027 26742  9282  9282 D 01300/Appkit: [ohos_application.cpp(OnMemoryLevel:450)]Number of ability to be notified : [1]
03-03 18:24:05.027 26742  9282  9282 I 01300/Appkit: [ability_record_mgr.cpp(GetAbilityItem:135)]AbilityRecordMgr::GetAbilityItem : the ability found
03-03 18:24:05.027 26742  9282  9282 D 01300/Ability: [ability_thread.cpp(NotifyMemoryLevel:1180)]NotifyMemoryLevel, result:0
03-03 18:24:05.027 26742  9282  9282 D 01300/Ability: [ability_thread.cpp(NotifyMemoryLevel:1190)]AbilityThread is an ability
03-03 18:24:05.027 26742  9282  9282 I 01300/Ability: [ability.cpp(OnMemoryLevel:591)]OnMemoryLevel start.
03-03 18:24:05.027 26742  9282  9282 I 04200/WindowScene: <186>NotifyMemoryLevel: Notify memory level: 0
03-03 18:24:05.027 26742  9282  9282 D 04200/WindowImpl: <3203>NotifyMemoryLevel: [Client] Window id: 91, notify memory level: 0
03-03 18:24:05.027 26742  9282  9282 I 03900/Ace: [ui_content_impl.cpp(NotifyMemoryLevel)-(-1)] Receive Memory level notification, level: 0
03-03 18:24:05.027 26742  9282  9282 I 03900/Ace: [pipeline_context.cpp(NotifyMemoryLevel)-(0)] PipelineContext: NotifyMemoryLevel called
03-03 18:24:05.027 26742  9282  9282 I 03900/Ace: [image_pattern.cpp(OnNotifyMemoryLevel)-(0)] Receive Memory level notification, level: 0
03-03 18:24:05.027 26742  9282  9282 I 03900/Ace: [image_pattern.cpp(OnNotifyMemoryLevel)-(0)] Receive Memory level notification, level: 0
03-03 18:24:05.027 26742  9282  9282 D 01300/Ability: [js_ability.cpp(OnMemoryLevel:705)]OnMemoryLevel called.
03-03 18:24:05.027 26742  9282  9282 D 01300/Ability: [js_ability.cpp(CallObjectMethod:833)]JsAbility::CallObjectMethod(onMemoryLevel
03-03 18:24:05.027 26742  9282  9282 D 01300/Appkit: [ohos_application.cpp(OnMemoryLevel:459)]Number of abilityStage to be notified : [1]
03-03 18:24:05.027 26742  9282  9282 D 01300/Appkit: [js_ability_stage.cpp(OnMemoryLevel:266)]OnMemoryLevel called.
03-03 18:24:05.027 26742  9282  9282 D 01300/Appkit: [ability_stage.cpp(OnMemoryLevel:104)]OnMemoryLevel called.
03-03 18:24:05.027 26742  9282  9282 W 01300/Appkit: [js_ability_stage.cpp(OnMemoryLevel:270)]Not found AbilityStage.js
03-03 18:24:05.028 26742  9282  9282 D 01300/Appkit: [ohos_application.cpp(OnMemoryLevel:467)]OHOSApplication::OnMemoryLevel: called
03-03 18:24:05.028 26742  9282  9282 D 01300/Appkit: [main_thread.cpp(HandleMemoryLevel:1692)]MainThread::HandleMemoryLevel called end.
03-03 18:24:05.029  2261        2335 D 01510/IPCJni: Java_ohos_rpc_RemoteProxy_nativeSendRequest 818: success
03-03 18:24:05.036 26742  9282  9305 D 01400/OHOS::ROSEN: RSRenderThread ProcessCommands size: 1
03-03 18:24:05.037 26742  9282  9305 D 01400/OHOS::ROSEN: RSRenderThread DrawFrame(203172887171139) in GPU
03-03 18:24:05.037 26742  9282  9305 D 01400/OHOS::ROSEN: SetPartialRenderStatus: 1->1, isRenderForced_=0, isEglSetDamageRegion_=1, isOpDropped_=0
03-03 18:24:05.037 26742  9282  9305 D 01400/OHOS::ROSEN: RSSurfaceOhosGl:RequestFrame, width is 1600, height is 2560
03-03 18:24:05.037 26742  9282  9305 D 01402/2DGraphics: SetUpGrContext: grContext has already created!!
