--------- beginning of hilog_main
03-03 18:23:57.220 27365       27365 I 00800/Gallery2_Common_GalleryLoadControlManager: init
03-03 18:23:57.221 27365       27365 I 00800/Gallery2_Common_GalleryLoadControlManager: initDescription
03-03 18:23:57.222 27365       27365 I 00800/Gallery2_Common_GalleryLoadControlManager: linkToSdkService
03-03 18:23:57.223 27365       27365 I 00800/Gallery2_Common_GalleryLoadControlManager: registerLoadControlCallBack
03-03 18:23:57.224 27365       27465 I 00800/Gallery2_Common_GalleryLoadControlManager: onTransact: callback
03-03 18:23:57.226 27365       27365 I 00800/Gallery2_Common_BackupServicesManager: init
03-03 18:23:57.226 27365       27465 I 00800/Gallery2_Common_BaseSyncController: handleLoadChange:level=0,resType=1
03-03 18:23:57.226 27365       27465 I 00800/Gallery2_Common_BaseSyncController: handleLoadChange:level=0,resType=1
03-03 18:23:57.226 27365       27465 I 00800/Gallery2_Common_BackupServicesManager: onLoadChanged
03-03 18:23:57.226 27365       27465 I 00800/Gallery2_Common_GalleryLoadControlManager: handleResult: level = 0resType = 1
03-03 18:23:57.227 27365       27863 I 00800/Gallery2_Common_BackupServicesManager: mStoppedServicesSet is empty
03-03 18:23:57.227 27365       27862 E 00800/Gallery2_Common_CloudSyncController: handleLoadChange syncingTriggerType : -1
03-03 18:23:57.227 27365       27862 E 00800/Gallery2_Common_CloudSyncController: handleLoadChange stoppedTriggerTpe : -1
03-03 18:23:57.232 27365       27365 I 00800/Gallery2_Common_AutoLoader: runTime: 1, runCount: 2, mCacheCount: 30, creator: com.huawei.gallery.app.picker.-$$Lambda$SelectAlbumDataAdapter$sz_zpRsT1tiXUaL23xzz7CAcIIU@103eef2
03-03 18:23:57.262  2261        2679 I 00202/HwWifiScoreReportEx: Score = 60, wifiConnectivityManagerEnabled = false, lowScoreCount = 0
03-03 18:23:57.304 27365       27832 I 00800/Gallery2_MediaSync: local operation is sync done ? true, max media id 429, max sync id 429
03-03 18:23:57.308 27365       27832 I 00800/Gallery2_MediaSync: local total count already synced:42, total: 42
03-03 18:23:57.309 27365       27832 I 00800/Gallery2_ThumbsGroup_ThumbsGroupUtil: Queried year ungrouped thumbs counts, year: 2026, ungrouped year thumbs count: 17
03-03 18:23:57.310 27365       27832 I 00800/Gallery2_ThumbsGroup_ThumbsGroupUtil: Queried unpuzzled thumbs group count: 0
03-03 18:23:57.310 27365       27832 I 00800/Gallery2_ThumbsGroup_ThumbsGroupUtil: No year needs to group foreground.
03-03 18:23:57.312 27365       27832 I 00800/FavoriteOperation: favourite synced:0, total: 0
03-03 18:23:57.313 27365       27832 I 00800/Gallery2_Clone_RestoreCloneDataService: startRestoreBackupData from media sync
03-03 18:23:57.313 27365       27832 I 00800/Gallery2_Common_AsyncService: startAsyncService null async service binder:Intent { act=delay_restore cmp=com.huawei.photos/com.huawei.gallery.backup.RestoreCloneDataService }
03-03 18:23:57.317 27365       27365 I 00800/Gallery2_Common_AsyncService: [onCreate] new handlerThread instance: restore Gallery structure data service thread
03-03 18:23:57.317 27365       27365 I 00800/Gallery2_Common_AsyncService: intent onBind:Intent { act=delay_restore cmp=com.huawei.photos/com.huawei.gallery.backup.RestoreCloneDataService }
03-03 18:23:57.317 27365       27365 I 00800/Gallery2_Clone_RestoreCloneDataService: schedule : RestoreCloneDataService onStartCommand
03-03 18:23:57.317 27365       27365 I 00800/Gallery2_Common_AsyncService: SearchService onStartCommand:Intent { act=delay_restore cmp=com.huawei.photos/com.huawei.gallery.backup.RestoreCloneDataService }
03-03 18:23:57.318 27365       27864 I 00800/Gallery2_Clone_RestoreCloneDataService: MSG_DELAY_START_SERVICE
03-03 18:23:57.318 27365       27365 I 00800/Gallery2_Common_AsyncService: ServiceConnection onServiceConnected called! ComponentName:com.huawei.gallery.backup.RestoreCloneDataService
03-03 18:23:57.335 27365       27365 I 00800/Gallery2_Common_DataManager: registerChangeNotifier uri is content://com.huawei.gallery.sdk26.provider/moveoutin
03-03 18:23:57.336 27365       27365 I 00800/Gallery2_Common_DataManager: registerChangeNotifier uri is content://com.huawei.gallery.sdk26.provider/settings/gallery
03-03 18:23:57.374  3128       10359 I 00B00/HwMSDPMovementService: handleUnregisterSink package=com.huawei.hiai
03-03 18:23:57.379  3128       10359 I 00B00/HwMSDPMovementService: handleRegisterSink, package=com.huawei.hiai
03-03 18:23:57.380  3128       10359 I 00B00/HwMSDPMovementService: handleGetSupportedModule
03-03 18:23:57.380  3128       10359 I 00B00/HwMSDPMovementImpl: mWaitCount  10
03-03 18:23:57.380  3128       10359 I 00B00/HwMSDPMovementImpl: mSupportedModule= 0
--------- beginning of hilog_system
03-03 18:23:57.458 27399     6    61 I 01300/Want: [want.cpp(GetRemoteObject:530)]ohos.aafwk.param.abilityInfoCallback is invalid.
03-03 18:23:57.458 27399     6    61 I 01300/AbilityManagerService: [ability_manager_service.cpp(IsComponentInterceptionStart:5937)]not finishing start component because interception, requestResult: 0
03-03 18:23:57.458 27399     6    61 W 01510/BinderInvoker: 484: stub: ohos.aafwk.AbilityManager deal request code: 0 cost time: 2016ms
03-03 18:23:57.459 26742  9282  9282 I 01300/AbilityManagerService: [ability_context_impl.cpp(StartAbilityForResult:211)]StartAbilityForResult. End calling StartAbilityForResult. ret=0
03-03 18:23:57.459 26742  9282  9282 I 01300/Ability: [js_ability_context.cpp(OnStartAbilityForResult:509)]OnStartAbilityForResult is called end
03-03 18:23:57.460 26742  9282  9282 I 03900/Ace: [pan_recognizer.cpp(HandleTouchUpEvent)-(0)] pan recognizer receives 0 touch up event
03-03 18:23:57.460 26742  9282  9282 D 01700/RSS: ResSchedClient::ReportData receive resType = 9, value = 2.
03-03 18:23:57.460 26742  9282  9282 D 01700/RSS: ReportData, success.
03-03 18:23:57.460 26742  9282  9282 I 03900/Ace: [flutter_ace_view.cpp(operator())-(0)] Mark 0 id Touch Event Processed
03-03 18:23:57.460 26742  9282  9282 D 02800/ClientMsgHandler: in OnDispatchEventProcessed, enter
03-03 18:23:57.460 26742  9282  9282 D 02800/ClientMsgHandler: in OnDispatchEventProcessed, leave
03-03 18:23:57.461 26742  9282  9282 I 0FEFE/JsApp: [HTTP] loopOnce running=true inflight=false url=http://192.168.81.100:81/?action=snapshot
03-03 18:23:57.461 26742  9282  9282 I 015B0/NetMgrSubsystem: NETSTACK [request_context.cpp 282] Do not use http proxy
03-03 18:23:57.461 26742  9282  9282 I 015B0/NetMgrSubsystem: NETSTACK [request_context.cpp 224] no extraData
03-03 18:23:57.462 26742  9282  9282 I 02B2B/AVPlayerNapi: {JsReset():532} JsReset In
03-03 18:23:57.462 26742  9282  9282 D 02B2B/CommonNapi: {MediaAsyncContext():515} MediaAsyncContext Create 0xB25360
03-03 18:23:57.462 26742  9282  9282 D 02B2B/CommonNapi: {CreatePromise():276} napi_create_promise
03-03 18:23:57.462 26742  9282  9282 I 02B2B/TaskQueue: {CancelNotExecutedTaskLocked():115} All task not executed are being cancelled..........[AVPlayerNapi]
03-03 18:23:57.462 26742  9282  9282 I 02B2B/AVPlayerNapi: {JsReset():563} JsReset Out
03-03 18:23:57.462 26742  9282  9301 I 02B2B/AVPlayerNapi: {operator()():555} Wait Reset Task Start
03-03 18:23:57.463 26742  9282  9315 I 02B2B/AVPlayerNapi: {operator()():493} Reset Task In
03-03 18:23:57.463 26742  9282  9315 I 02B2B/AVPlayerNapi: {operator()():502} current state is idle, invalid operation
03-03 18:23:57.463 26742  9282  9315 I 02B2B/AVPlayerNapi: {operator()():515} Reset Task Out
03-03 18:23:57.463 26742  9282  9301 I 02B2B/AVPlayerNapi: {operator()():557} Wait Reset Task Stop
03-03 18:23:57.464 26742  9282  9282 I 03900/Ace: [jsi_declarative_engine.cpp(UpdateApplicationState)-(0)] JsiDeclarativeEngine UpdateApplicationState, packageName , state: 5
03-03 18:23:57.464 26742  9282  9282 E 03900/Ace: [jsi_declarative_engine.cpp(CallAppFunc)-(0)] property "default" is not a object
03-03 18:23:57.464 26742  9282  9282 I 03900/Ace: [focus_hub.cpp(OnBlurNode)-(0)] FocusHub: Node(root/0) on blur
03-03 18:23:57.464 26742  9282  9282 I 03900/Ace: [focus_hub.cpp(OnBlurNode)-(0)] FocusHub: Node(page/2) on blur
03-03 18:23:57.464 26742  9282  9282 I 03900/Ace: [focus_hub.cpp(OnBlurNode)-(0)] FocusHub: Node(Tabs/6) on blur
03-03 18:23:57.464 26742  9282  9282 I 03900/Ace: [focus_hub.cpp(OnBlurNode)-(0)] FocusHub: Node(TabBar/8) on blur
03-03 18:23:57.464 26742  9282  9282 W 03900/Ace: [rosen_render_context.cpp(ClearFocusState)-(0)] focusStateModifier_ is null, return on line 1084
03-03 18:23:57.464 26742  9282  9282 I 03900/Ace: [overlay_manager.cpp(HideAllMenus)-(0)] OverlayManager::HideAllMenus
03-03 18:23:57.464 26742  9282  9282 W 03900/Ace: [overlay_manager.cpp(HideAllMenus)-(0)] OverlayManager: menuMap is empty
03-03 18:23:57.464 26742  9282  9282 I 03900/Ace: [overlay_manager.cpp(HideAllPopups)-(0)] OverlayManager::HideAllPopups
03-03 18:23:57.464 26742  9282  9282 W 03900/Ace: [overlay_manager.cpp(HideAllPopups)-(0)] OverlayManager: popupMap is empty
03-03 18:23:57.464 26742  9282  9282 I 03900/Ace: [pipeline_context.cpp(OnVirtualKeyboardHeightChange)-(0)] OnVirtualKeyboardAreaChange positionY:0.000000 safeArea:2560.000000 offsetFix:-1280.000000, keyboardHeight 0.000000
03-03 18:23:57.464 26742  9282  9282 I 03900/Ace: [pipeline_context.cpp(SetRootRect)-(0)] SetRootRect width 1600.000000, height 2560.000000, 0.000000
03-03 18:23:57.464 26742  9282  9282 D 01300/Ability: [ability_thread.cpp(HandleAbilityTransaction:448)]Handle ability transaction begin, name is EntryAbility.
03-03 18:23:57.464 26742  9282  9282 I 01300/Ability: [new_ability_impl.cpp(HandleAbilityTransaction:37)]NewAbilityImpl::HandleAbilityTransaction begin sourceState:5; targetState: 6; isNewWant: 0, sceneFlag: 0
03-03 18:23:57.464 26742  9282  9282 D 01300/Ability: [ability.cpp(SetLaunchParam:1127)]SetLaunchParam called.
03-03 18:23:57.464 26742  9282  9282 D 01300/Ability: [new_ability_impl.cpp(AbilityTransaction:85)]NewAbilityImpl::AbilityTransaction begin
03-03 18:23:57.464 26742  9282  9282 D 01300/Ability: [ability_impl.cpp(Background:709)]Background begin.
03-03 18:23:57.464 26742  9282  9282 D 01300/Ability: [js_ability.cpp(OnBackground:425)]OnBackground begin, ability is EntryAbility.
03-03 18:23:57.464 26742  9282  9282 D 01300/Ability: [js_ability.cpp(CallObjectMethod:833)]JsAbility::CallObjectMethod(onBackground
03-03 18:23:57.464 26742  9282  9282 D 01300/Ability: [ability.cpp(OnBackground:1549)]OnBackground begin.
03-03 18:23:57.464 26742  9282  9282 D 01300/Ability: [ability.cpp(OnBackground:1560)]GoBackground sceneFlag:0.
03-03 18:23:57.464 26742  9282  9282 I 04200/WindowScene: <114>GoBackground: reason:0
03-03 18:23:57.464 26742  9282  9282 D 04200/WindowImpl: <1376>Hide: [Client] Window [name:car0, id:91] Hide, reason:0, withAnimation:0
03-03 18:23:57.469 26742  9282  9282 D 01300/Ability: [ability_impl.cpp(AfterBackground:627)]AfterBackground begin.
03-03 18:23:57.469 26742  9282  9282 I 01300/Ability: [ability_impl.cpp(AfterBackground:633)]UIAbility, window after background.
03-03 18:23:57.469 27399     6    61 I 01300/AbilityManagerService: [ability_manager_service.cpp(AbilityTransitionDone:2922)]Ability transition done come, state:6.
03-03 18:23:57.469 27399     6    61 I 01300/AbilityManagerService: [ability_manager_service.cpp(VerificationAllToken:3719)]VerificationAllToken.
03-03 18:23:57.469 27399     6    61 D 01300/AbilityManagerService: [permission_verification.cpp(IsSACall:43)]IsSACall: is called.
03-03 18:23:57.469 27399     6    61 D 01300/AbilityManagerService: [permission_verification.cpp(GetCallingTokenID:297)]callerToken : <private>
03-03 18:23:57.469 27399     6    61 D 02F01/AccessTokenKit: [GetTokenTypeFlag]:called, tokenID=537823807
03-03 18:23:57.469 27399     6    61 D 01300/AbilityManagerService: [permission_verification.cpp(IsSACall:50)]Not SA called.
03-03 18:23:57.470 27399     6    61 D 01300/AbilityManagerService: [ability_manager_service.cpp(AbilityTransitionDone:2933)]Ability transition done come, state:6, name:EntryAbility
03-03 18:23:57.470 27399     6    61 I 01300/AbilityManagerService: [mission_list_manager.cpp(AbilityTransactionDone:995)]AbilityTransactionDone, state: BACKGROUND.
03-03 18:23:57.470 27399     6    61 D 01300/AbilityManagerService: [mission_list_manager.cpp(AbilityTransactionDone:1005)]ability: /com.example.car/entry/EntryAbility, state: BACKGROUND
03-03 18:23:57.470 27399     6    61 I 01300/AbilityManagerService: [ability_record.cpp(SaveAbilityState:1250)]SaveAbilityState : pacmap save
03-03 18:23:57.472 27399     6   129 D 01300/AbilityManagerService: [ability_record.cpp(SetRestarting:1899)]SetRestarting: 0
03-03 18:23:57.472 27399     6   129 D 01300/AbilityManagerService: [app_scheduler.cpp(MoveToBackground:139)]Move the app to background.
03-03 18:23:57.472 26742  9282  9282 I 03900/Ace: [ui_content_impl.cpp(Background)-(-1)] UIContentImpl: window background
03-03 18:23:57.472 27399     6   129 D 01300/AbilityManagerService: [mission_list_manager.cpp(CompleteBackground:1199)]not continuous startup.
03-03 18:23:57.472 27399     6   131 I 01300/AppMgrService: [app_mgr_service_inner.cpp(UpdateAbilityState:1003)]AppMgrService start to update the ability to state 4.
03-03 18:23:57.472 27399     6   131 I 01300/AppMgrService: [app_running_record.cpp(UpdateAbilityState:704)]state is :4
03-03 18:23:57.472 27399     6   131 I 01300/AppMgrService: [module_running_record.cpp(OnAbilityStateChanged:162)]Ability state change from 2 to 4, name is EntryAbility.
03-03 18:23:57.472 27399     6   131 I 01300/AbilityManagerService: [app_scheduler.cpp(OnAbilityRequestDone:205)]On ability request done, state:4
03-03 18:23:57.472 27399     6   131 I 01300/AbilityManagerService: [ability_manager_service.cpp(OnAbilityRequestDone:3067)]On ability request done, name is EntryAbility
03-03 18:23:57.472 27399     6   131 D 01300/AbilityManagerService: [mission_list_manager.cpp(OnAbilityRequestDone:861)]Ability request state 4 done.
03-03 18:23:57.472 27399     6   134 I 01300/AppMgrService: [app_state_observer_manager.cpp(operator():242)]StateChangedNotifyObserver come.
03-03 18:23:57.472 27399     6   134 D 01300/AppMgrService: [app_state_observer_manager.cpp(HandleStateChangedNotifyObserver:295)]Handle state change, module:entry, bundle:com.example.car, ability:EntryAbility, state:4,pid:9282 ,uid:20040005, abilityType:1, isAbility:1
03-03 18:23:57.472 26742  9282  9287 I 01300/AppexecfwkCore: [app_scheduler_host.cpp(OnRemoteRequest:72)]AppSchedulerHost::OnReceived, code = 1, flags= 1.
03-03 18:23:57.472 26742  9282  9287 D 01300/Appkit: [main_thread.cpp(ScheduleBackgroundApplication:384)]MainThread::scheduleBackgroundApplication called begin
03-03 18:23:57.472  2261       16060 D 01510/IPCJni: Java_ohos_rpc_MessageParcel_nativeReadRemoteObject 178: enter
03-03 18:23:57.472 26742  9282  9287 D 01300/Appkit: [main_thread.cpp(ScheduleBackgroundApplication:398)]MainThread::scheduleBackgroundApplication called end.
03-03 18:23:57.472 26742  9282  9282 D 04201/DisplayManager: <729>UpdateDisplayInfoLocked: displayId:0.
03-03 18:23:57.472  2261       16060 D 01510/IPCProcessSkeleton: FindOrNewObject 164: handle:253 proto:0 new:0
03-03 18:23:57.472 26742  9282  9282 D 04201/DisplayManager: <736>UpdateDisplayInfoLocked: get screen in screen map
03-03 18:23:57.472  2261       16060 D 01510/IPCJni: Java_ohos_rpc_RemoteProxy_nativeGetHandle 961: handle:253
03-03 18:23:57.472 26742  9282  9282 D 04200/WindowImpl: <2076>UpdateRect: winId:91, rect[0, 0, 1600, 2560], reason:6
03-03 18:23:57.473 26742  9282  9282 I 03900/Ace: [ui_content_impl.cpp(UpdateViewportConfig)-(-1)] UIContentImpl: UpdateViewportConfig Viewport config: size: (1600, 2560) orientation: 0 density: 2.000000 position: (0, 0)
03-03 18:23:57.473 26742  9282  9282 D 04200/WindowImpl: <2623>UpdateViewportConfig: UpdateViewportConfig Id:91, windowRect:[0, 0, 1600, 2560]
03-03 18:23:57.473 26742  9282  9282 D 01300/Ability: [ability_lifecycle.cpp(DispatchLifecycle:77)]LifeCycle::DispatchLifecycle: event:1
03-03 18:23:57.473 26742  9282  9282 D 01300/Ability: [ability.cpp(OnBackground:1591)]OnBackground end
03-03 18:23:57.473 26742  9282  9282 D 02D08/HISYSEVENT: size=220, sysevent={"domain_":"AAFWK","name_":"ABILITY_ONBACKGROUND","type_":4,"time_":1772533437473,"tz_":"+0800","pid_":9282,"tid_":9282,"uid_":20040005,"BUNDLE_NAME":"com.example.car","MODULE_NAME":"entry","ABILITY_NAME":"EntryAbility"}
03-03 18:23:57.473 26742  9282  9282 D 02D08/HISYSEVENT: reset send buffer size old=212992, new=786432
03-03 18:23:57.473 26742  9282  9282 D 02D08/HISYSEVENT: HiSysEvent send data successful
03-03 18:23:57.473 26742  9282  9282 D 01300/Ability: [js_ability.cpp(OnBackground:439)]OnBackground end, ability is EntryAbility.
03-03 18:23:57.473 26742  9282  9282 D 01300/Appkit: [ohos_application.cpp(OnAbilityBackground:276)]OHOSApplication::OnAbilityBackground: called
03-03 18:23:57.473 26742  9282  9282 I 01300/Ability: [ability_impl.cpp(Background:723)]Background end.
03-03 18:23:57.473 26742  9282  9282 D 01300/Ability: [new_ability_impl.cpp(AbilityTransaction:142)]NewAbilityImpl::AbilityTransaction end: retVal = 0
03-03 18:23:57.473 27398     5    75 D 02D10/HiView-EventServer: ReceiveMsg: receive data from client <private>
03-03 18:23:57.473 27398     5    75 D 02D10/HiView-EventServer: TransferEvent: event need to transfer: {"domain_":"AAFWK","name_":"ABILITY_ONBACKGROUND","type_":4,"time_":1772533437473,"tz_":"+0800","pid_":9282,"tid_":9282,"uid_":20040005,"BUNDLE_NAME":"com.example.car","MODULE_NAME":"entry","ABILITY_NAME":"EntryAbility"}
03-03 18:23:57.473 26742  9282  9282 D 01300/Ability: [ability_thread.cpp(HandleAbilityTransaction:459)]Handle ability transaction success.
03-03 18:23:57.473 27398     5    75 I 02D10/HiView-EventServer: InitSocketBuf: reset buffer size old=212992, new=786432
03-03 18:23:57.473 26742  9282  9282 D 01300/Appkit: [main_thread.cpp(HandleMemoryLevel:1684)]MainThread::HandleMemoryLevel called start.
03-03 18:23:57.473 27398     5    75 D 02D10/HiView-EventServer: TransferEvent: send data successful
03-03 18:23:57.473 27398     5    75 D 02D10/HiView-SysEventSource: Parser: parser raw message size=220, {"domain_":"AAFWK","name_":"ABILITY_ONBACKGROUND","type_":4,"time_":1772533437473,"tz_":"+0800","pid_":9282,"tid_":9282,"uid_":20040005,"BUNDLE_NAME":"com.example.car","MODULE_NAME":"entry","ABILITY_NAME":"EntryAbility"}
03-03 18:23:57.473 26742  9282  9282 D 01300/Appkit: [ohos_application.cpp(OnMemoryLevel:447)]OHOSApplication::OnMemoryLevel: called
03-03 18:23:57.474 27398     5    75 I 02D10/HiView-SysEventSource: Parser: parser result domain_=AAFWK eventName_=ABILITY_ONBACKGROUND
03-03 18:23:57.474 27398     5    75 D 02D10/HiView-EventSource: PublishPipelineEvent: EventSource PublishPipelineEvent
03-03 18:23:57.474 26742  9282  9282 D 01300/Appkit: [ohos_application.cpp(OnMemoryLevel:450)]Number of ability to be notified : [1]
03-03 18:23:57.474 26742  9282  9282 I 01300/Appkit: [ability_record_mgr.cpp(GetAbilityItem:135)]AbilityRecordMgr::GetAbilityItem : the ability found
03-03 18:23:57.474  1875        2029 D 02D10/HiView-EventServer: Start: receive data from client <private>
03-03 18:23:57.474 27398     5    85 I 02D10/HiView-SysEventService: Convert2SysEvent: domain is AAFWK, eventName is ABILITY_ONBACKGROUND.
03-03 18:23:57.474 26742  9282  9282 D 01300/Ability: [ability_thread.cpp(NotifyMemoryLevel:1180)]NotifyMemoryLevel, result:0
03-03 18:23:57.474  1875        2029 D 02D10/HiView-SysEventSource: Parser: parser raw message size=235, {"domain_":"AAFWK","name_":"ABILITY_ONBACKGROUND","type_":4,"time_":1772533437473,"tz_":"+0800","pid_":9282,"tid_":9282,"uid_":20040005,"BUNDLE_NAME":"com.example.car","MODULE_NAME":"entry","ABILITY_NAME":"EntryAbility", "transfer_":1}
03-03 18:23:57.474 26742  9282  9282 D 01300/Ability: [ability_thread.cpp(NotifyMemoryLevel:1190)]AbilityThread is an ability
03-03 18:23:57.474 26742  9282  9282 I 01300/Ability: [ability.cpp(OnMemoryLevel:591)]OnMemoryLevel start.
03-03 18:23:57.474  1875        2029 I 02D10/HiView-SysEventSource: Parser: parser result domain_=AAFWK eventName_=ABILITY_ONBACKGROUND
03-03 18:23:57.474 26742  9282  9282 I 04200/WindowScene: <186>NotifyMemoryLevel: Notify memory level: 0
03-03 18:23:57.474 26742  9282  9282 D 04200/WindowImpl: <3203>NotifyMemoryLevel: [Client] Window id: 91, notify memory level: 0
03-03 18:23:57.474 26742  9282  9282 I 03900/Ace: [ui_content_impl.cpp(NotifyMemoryLevel)-(-1)] Receive Memory level notification, level: 0
03-03 18:23:57.474  1875        2031 I 02D10/HiView-SysEventService: Convert2SysEvent: domain is AAFWK, eventName is ABILITY_ONBACKGROUND.
03-03 18:23:57.474 27398     5    85 D 02D10/HiView-SysEventDao: Insert: insert db file /data/log/hiview/sys_event_db/behavior.db with ABILITY_ONBACKGROUND
03-03 18:23:57.474 26742  9282  9282 I 03900/Ace: [pipeline_context.cpp(NotifyMemoryLevel)-(0)] PipelineContext: NotifyMemoryLevel called
03-03 18:23:57.474 26742  9282  9282 I 03900/Ace: [image_pattern.cpp(OnNotifyMemoryLevel)-(0)] Receive Memory level notification, level: 0
03-03 18:23:57.474 26742  9282  9282 D 01300/Ability: [js_ability.cpp(OnMemoryLevel:705)]OnMemoryLevel called.
03-03 18:23:57.474 26742  9282  9282 D 01300/Ability: [js_ability.cpp(CallObjectMethod:833)]JsAbility::CallObjectMethod(onMemoryLevel
03-03 18:23:57.474  1875        2031 E 02D10/Event-JsonParser: HandleEventJson: System has not eventJson domain AAFWK name ABILITY_ONBACKGROUND
03-03 18:23:57.474  1875        2031 E 02D10/HiView-SysEventService: OnEvent: HandleEventJson fail
03-03 18:23:57.474 26742  9282  9282 D 01300/Appkit: [ohos_application.cpp(OnMemoryLevel:459)]Number of abilityStage to be notified : [1]
03-03 18:23:57.474  1875        2031 D 02D10/HiView-SysEventConvertor: OnEvent: receive sys event
03-03 18:23:57.474 26742  9282  9282 D 01300/Appkit: [js_ability_stage.cpp(OnMemoryLevel:266)]OnMemoryLevel called.
03-03 18:23:57.474  1875        2031 D 02D10/HiView-SysEventConvertor: OnEvent: does not need to convert domain=AAFWK, eventName=ABILITY_ONBACKGROUND
03-03 18:23:57.474 26742  9282  9282 D 01300/Appkit: [ability_stage.cpp(OnMemoryLevel:104)]OnMemoryLevel called.
03-03 18:23:57.474 26742  9282  9282 W 01300/Appkit: [js_ability_stage.cpp(OnMemoryLevel:270)]Not found AbilityStage.js
03-03 18:23:57.474 26742  9282  9282 D 01300/Appkit: [ohos_application.cpp(OnMemoryLevel:467)]OHOSApplication::OnMemoryLevel: called
03-03 18:23:57.474  1875        2090 I 02D02/CrashCollector: OnEvent: path empty or event already processed: 
03-03 18:23:57.474 26742  9282  9282 D 01300/Appkit: [main_thread.cpp(HandleMemoryLevel:1692)]MainThread::HandleMemoryLevel called end.
03-03 18:23:57.474  1875        2090 I 02D01/EventLogger: OnEvent: event coming! id:0x0, eventName:ABILITY_ONBACKGROUND
03-03 18:23:57.474 26742  9282  9282 I 04200/VsyncStation: <107>OnVsyncTimeOut: [WM] Vsync time out
03-03 18:23:57.474  1875        2090 I 02D01/EventLogger: OnEvent: event jsonExtraInfo is {"domain_":"AAFWK","name_":"ABILITY_ONBACKGROUND","type_":4,"time_":1772533437473,"tz_":"+0800","pid_":9282,"tid_":9282,"uid_":20040005,"BUNDLE_NAME":"com.example.car","MODULE_NAME":"entry","ABILITY_NAME":"EntryAbility", "transfer_":1}
03-03 18:23:57.474 26742  9282  9282 D 01300/Appkit: [main_thread.cpp(HandleMemoryLevel:1684)]MainThread::HandleMemoryLevel called start.
03-03 18:23:57.474 26742  9282  9282 D 01300/Appkit: [ohos_application.cpp(OnMemoryLevel:447)]OHOSApplication::OnMemoryLevel: called
03-03 18:23:57.474  1875        2090 I 02D10/EventLogger-EventLoggerConfig: FindConfigLine: called
03-03 18:23:57.474 26742  9282  9282 D 01300/Appkit: [ohos_application.cpp(OnMemoryLevel:450)]Number of ability to be notified : [1]
03-03 18:23:57.474 26742  9282  9282 I 01300/Appkit: [ability_record_mgr.cpp(GetAbilityItem:135)]AbilityRecordMgr::GetAbilityItem : the ability found
03-03 18:23:57.474 26742  9282  9282 D 01300/Ability: [ability_thread.cpp(NotifyMemoryLevel:1180)]NotifyMemoryLevel, result:0
03-03 18:23:57.474 26742  9282  9282 D 01300/Ability: [ability_thread.cpp(NotifyMemoryLevel:1190)]AbilityThread is an ability
03-03 18:23:57.474 26742  9282  9282 I 01300/Ability: [ability.cpp(OnMemoryLevel:591)]OnMemoryLevel start.
03-03 18:23:57.474  1875        2090 I 02D10/EventLogger-EventLoggerConfig: FindConfigVersion: version: 1.0
03-03 18:23:57.474 26742  9282  9282 I 04200/WindowScene: <186>NotifyMemoryLevel: Notify memory level: 0
03-03 18:23:57.474 26742  9282  9282 D 04200/WindowImpl: <3203>NotifyMemoryLevel: [Client] Window id: 91, notify memory level: 0
03-03 18:23:57.474 26742  9282  9282 I 03900/Ace: [ui_content_impl.cpp(NotifyMemoryLevel)-(-1)] Receive Memory level notification, level: 0
03-03 18:23:57.474 26742  9282  9282 I 03900/Ace: [pipeline_context.cpp(NotifyMemoryLevel)-(0)] PipelineContext: NotifyMemoryLevel called
03-03 18:23:57.474 26742  9282  9282 I 03900/Ace: [image_pattern.cpp(OnNotifyMemoryLevel)-(0)] Receive Memory level notification, level: 0
03-03 18:23:57.475 26742  9282  9282 D 01300/Ability: [js_ability.cpp(OnMemoryLevel:705)]OnMemoryLevel called.
03-03 18:23:57.475 26742  9282  9282 D 01300/Ability: [js_ability.cpp(CallObjectMethod:833)]JsAbility::CallObjectMethod(onMemoryLevel
03-03 18:23:57.475 26742  9282  9282 D 01300/Appkit: [ohos_application.cpp(OnMemoryLevel:459)]Number of abilityStage to be notified : [1]
03-03 18:23:57.475 26742  9282  9282 D 01300/Appkit: [js_ability_stage.cpp(OnMemoryLevel:266)]OnMemoryLevel called.
03-03 18:23:57.475 26742  9282  9282 D 01300/Appkit: [ability_stage.cpp(OnMemoryLevel:104)]OnMemoryLevel called.
03-03 18:23:57.475 26742  9282  9282 W 01300/Appkit: [js_ability_stage.cpp(OnMemoryLevel:270)]Not found AbilityStage.js
03-03 18:23:57.475 26742  9282  9282 D 01300/Appkit: [ohos_application.cpp(OnMemoryLevel:467)]OHOSApplication::OnMemoryLevel: called
03-03 18:23:57.475 26742  9282  9282 D 01300/Appkit: [main_thread.cpp(HandleMemoryLevel:1692)]MainThread::HandleMemoryLevel called end.
03-03 18:23:57.475 26742  9282  9282 I 03900/Ace: [jsi_declarative_engine.cpp(UpdateApplicationState)-(0)] JsiDeclarativeEngine UpdateApplicationState, packageName , state: 3
03-03 18:23:57.475 26742  9282  9282 E 03900/Ace: [jsi_declarative_engine.cpp(CallAppFunc)-(0)] property "default" is not a object
03-03 18:23:57.475 26742  9282  9282 D 03F00/ArkCompiler: [gc] markingInProgress_0
03-03 18:23:57.475 26742  9282  9282 D 03F00/ArkCompiler: [gc] No ongoing Concurrent marking. Initializing...
03-03 18:23:57.475 27398     5    85 D 02D10/HiView-DOCDB: put data to doc store success, coll=collection
03-03 18:23:57.475 27398     5    85 D 02D10/HiView-SysEventDbMgr: SaveToStore: save sys event 1736, ABILITY_ONBACKGROUND
03-03 18:23:57.475 27398     5    85 D 02D10/HiView-HiviewEventReport: UpdatePluginStats pluginName=SysEventService, procName=ABILITY_ONBACKGROUND, time=1660
03-03 18:23:57.475 27398     5    85 D 02D10/HiView-Monitor: CollectCostTime: onceTotalCnt_=20, onceTotalRealTime_=91539, onceTotalProcTime_=120188, onceTotalWaitTime_=28649, overRealTotalCount_=0, overProcessTotalCount_=0, finishedCount_=278
03-03 18:23:57.476 26742  9282  9282 D 03F00/ArkCompiler: [gc] AddRegion:24 Add region:0x7776bc0000 to semi space
03-03 18:23:57.476 26742  9282  9282 D 03F00/ArkCompiler: [gc] RemoveRegion:32 Remove region:0x7776b40000 to old space
03-03 18:23:57.476 26742  9282  9282 D 03F00/ArkCompiler: [gc] AddRegion:24 Add region:0x7776b40000 to unknown space
03-03 18:23:57.476 26742  9282  9282 D 03F00/ArkCompiler: [gc] RemoveRegion:32 Remove region:0x7776b40000 to unknown space
03-03 18:23:57.476 26742  9282  9282 D 03F00/ArkCompiler: [gc] AddRegion:24 Add region:0x7776b40000 to old space
03-03 18:23:57.476  1875        2090 E 02D01/EventLogger: OnEvent: event: id:0x0, eventName:ABILITY_ONBACKGROUND does not exist in the EventLoggerConfig
03-03 18:23:57.476 26742  9282  9282 D 03F00/ArkCompiler: [gc] UpdatePointers statistic: younge space region compact moving count:0younge space region compact coping count:1old space region count:15
03-03 18:23:57.476  1875        2090 D 02D10/HiView-EventDispatchQueue: Enqueue: EventDispatchQueue Enqueue
03-03 18:23:57.476  1875        2090 D 02D10/HiView-Pipeline: OnContinue: OnContinue end.
03-03 18:23:57.476  1875        2090 I 02D10/HiView-SysEventSource: Recycle: recycle resource
03-03 18:23:57.477 26742  9282  9282 D 03F00/ArkCompiler: [gc] PartialGC::RunPhases 2.379
03-03 18:23:57.477 26742  9282  9291 D 03F00/ArkCompiler: [gc] ClearAndFreeRegion:50 Clear region from:0x777a240000 to semi space
03-03 18:23:57.477 26742  9282  9282 D 01400/OHOS::ROSEN: RSUIDirector::GoBackground
03-03 18:23:57.477 26742  9282  9282 D 01400/OHOS::ROSEN: RSRenderThread UpdateWindowStatus 0, cur activeWindowCnt_ 0
03-03 18:23:57.477 26742  9282  9291 D 03F00/ArkCompiler: [gc] ClearAndFreeRegion:50 Clear region from:0x777a2c0000 to semi space
03-03 18:23:57.478 26742  9282  9291 D 03F00/ArkCompiler: [gc] ClearAndFreeRegion:50 Clear region from:0x777a080000 to semi space
03-03 18:23:57.478 26742  9282  9282 I 03900/Ace: [pipeline_context.cpp(OnVirtualKeyboardHeightChange)-(0)] OnVirtualKeyboardAreaChange positionY:0.000000 safeArea:2560.000000 offsetFix:-1280.000000, keyboardHeight 0.000000
03-03 18:23:57.478 26742  9282  9282 I 03900/Ace: [pipeline_context.cpp(SetRootRect)-(0)] SetRootRect width 1600.000000, height 2560.000000, 0.000000
03-03 18:23:57.478 26742  9282  9282 D 01300/Appkit: [main_thread.cpp(HandleBackgroundApplication:1594)]MainThread::handleBackgroundApplication called start.
03-03 18:23:57.478 26742  9282  9282 D 01300/Appkit: [application_impl.cpp(PerformBackground:86)]ApplicationImpl::performBackground called
03-03 18:23:57.478 26742  9282  9282 D 01300/Appkit: [ohos_application.cpp(OnBackground:84)]NotifyApplicationState::OnBackground begin
03-03 18:23:57.478 26742  9282  9282 I 03F00/ArkCompiler: [gc] app is inBackground
03-03 18:23:57.478 26742  9282  9282 I 03F00/ArkCompiler: [gc] Heap Growing Type CONSERVATIVE
03-03 18:23:57.478 26742  9282  9282 I 01300/Runtime: [js_runtime.cpp(NotifyApplicationState:840)]NotifyApplicationState, isBackground 1.
03-03 18:23:57.478 26742  9282  9282 D 01300/Appkit: [ohos_application.cpp(OnBackground:90)]NotifyApplicationState::OnBackground end
03-03 18:23:57.478 26742  9282  9305 D 01402/2DGraphics: ClearRedundantResources: grContext clear redundant resources
03-03 18:23:57.478 27399     6    61 I 01300/AppexecfwkCore: [app_mgr_stub.cpp(OnRemoteRequest:119)]AppMgrStub::OnReceived, code = 2, flags= 0.
03-03 18:23:57.478 27399     6    61 D 01300/AbilityManagerService: [permission_verification.cpp(IsSACall:43)]IsSACall: is called.
03-03 18:23:57.478 27399     6    61 D 01300/AbilityManagerService: [permission_verification.cpp(GetCallingTokenID:297)]callerToken : <private>
03-03 18:23:57.478 27399     6    61 D 02F01/AccessTokenKit: [GetTokenTypeFlag]:called, tokenID=537823807
03-03 18:23:57.478 27399     6    61 D 01300/AbilityManagerService: [permission_verification.cpp(IsSACall:50)]Not SA called.
03-03 18:23:57.478 27399     6   131 D 01300/AppMgrService: [app_running_manager.cpp(IsApplicationBackground:739)]function called.
03-03 18:23:57.478 27399     6   131 D 01300/AppMgrService: [app_mgr_service_inner.cpp(OnAppStateChanged:1338)]OnAppStateChanged begin, bundleName is com.example.car, state:4
03-03 18:23:57.478 26742  9282  9282 D 01300/Appkit: [main_thread.cpp(HandleBackgroundApplication:1607)]MainThread::handleBackgroundApplication called end
03-03 18:23:57.478 27399     6   131 I 01300/AbilityManagerService: [ability_manager_service.cpp(OnAppStateChanged:3096)]On app state changed.
03-03 18:23:57.478 27399     6   131 I 01300/AppMgrService: [app_mgr_service_inner.cpp(ApplicationBackgrounded:426)]application is backgrounded
03-03 18:23:57.478 27399     6   134 I 01300/AppMgrService: [app_state_observer_manager.cpp(operator():109)]OnAppStateChanged come.
03-03 18:23:57.478 27399     6   131 D 02D08/HISYSEVENT: size=248, sysevent={"domain_":"AAFWK","name_":"APP_BACKGROUND","type_":4,"time_":1772533437478,"tz_":"+0800","pid_":6,"tid_":131,"uid_":5523,"APP_PID":9282,"BUNDLE_NAME":"com.example.car","VERSION_NAME":"1.0.0","VERSION_CODE":1000000,"PROCESS_NAME":"com.example.car"}
03-03 18:23:57.478 27399     6   134 D 01300/AppMgrService: [app_state_observer_manager.cpp(HandleAppStateChanged:258)]HandleAppStateChanged, name:com.example.car, uid:20040005, state:4, notify:1
03-03 18:23:57.478 27399     6   131 D 02D08/HISYSEVENT: reset send buffer size old=212992, new=786432
03-03 18:23:57.478 26742  9282  9282 W 03900/Ace: [flutter_ace_view.cpp(SurfaceChanged)-(-1)] pipelineContext is null, return on line 434
03-03 18:23:57.478 27399     6   134 I 01300/AppMgrService: [app_state_observer_manager.cpp(operator():166)]OnProcessStateChanged come.
03-03 18:23:57.478 27399     6   134 D 01300/AppMgrService: [app_state_observer_manager.cpp(HandleOnProcessStateChanged:373)]Process State Change, bundle:com.example.car pid:9282 uid:20040005 isContinuousTask:0
03-03 18:23:57.478 26742  9282  9282 I 03900/Ace: [flutter_ace_view.h(NotifySurfacePositionChanged)-(-1)] surface position not changed
03-03 18:23:57.478 27399     6   131 D 02D08/HISYSEVENT: HiSysEvent send data successful
03-03 18:23:57.479 26742  9282  9282 I 03900/Ace: [pipeline_context.cpp(OnSurfaceDensityChanged)-(0)] OnSurfaceDensityChanged density_(2.000000)
03-03 18:23:57.479 26742  9282  9282 I 03900/Ace: [pipeline_context.cpp(OnSurfaceDensityChanged)-(0)] OnSurfaceDensityChanged dipScale_(2.000000)
03-03 18:23:57.479 26742  9282  9282 I 03900/Ace: [pipeline_context.cpp(OnSurfaceDensityChanged)-(0)] OnSurfaceDensityChanged viewScale_(1.000000)
03-03 18:23:57.479 27398     5    75 D 02D10/HiView-EventServer: ReceiveMsg: receive data from client <private>
03-03 18:23:57.479 27398     5    75 D 02D10/HiView-EventServer: TransferEvent: event need to transfer: {"domain_":"AAFWK","name_":"APP_BACKGROUND","type_":4,"time_":1772533437478,"tz_":"+0800","pid_":6,"tid_":131,"uid_":5523,"APP_PID":9282,"BUNDLE_NAME":"com.example.car","VERSION_NAME":"1.0.0","VERSION_CODE":1000000,"PROCESS_NAME":"com.example.car"}
03-03 18:23:57.479 27398     5    75 I 02D10/HiView-EventServer: InitSocketBuf: reset buffer size old=212992, new=786432
03-03 18:23:57.479 27398     5    75 D 02D10/HiView-EventServer: TransferEvent: send data successful
03-03 18:23:57.479 27398     5    75 D 02D10/HiView-SysEventSource: Parser: parser raw message size=248, {"domain_":"AAFWK","name_":"APP_BACKGROUND","type_":4,"time_":1772533437478,"tz_":"+0800","pid_":6,"tid_":131,"uid_":5523,"APP_PID":9282,"BUNDLE_NAME":"com.example.car","VERSION_NAME":"1.0.0","VERSION_CODE":1000000,"PROCESS_NAME":"com.example.car"}
03-03 18:23:57.479 27398     5    75 I 02D10/HiView-SysEventSource: Parser: parser result domain_=AAFWK eventName_=APP_BACKGROUND
03-03 18:23:57.479 27398     5    75 D 02D10/HiView-EventSource: PublishPipelineEvent: EventSource PublishPipelineEvent
03-03 18:23:57.479  1875        2029 D 02D10/HiView-EventServer: Start: receive data from client <private>
03-03 18:23:57.479  1875        2029 D 02D10/HiView-SysEventSource: Parser: parser raw message size=263, {"domain_":"AAFWK","name_":"APP_BACKGROUND","type_":4,"time_":1772533437478,"tz_":"+0800","pid_":6,"tid_":131,"uid_":5523,"APP_PID":9282,"BUNDLE_NAME":"com.example.car","VERSION_NAME":"1.0.0","VERSION_CODE":1000000,"PROCESS_NAME":"com.example.car", "transfer_":1}
03-03 18:23:57.479 27398     5    85 I 02D10/HiView-SysEventService: Convert2SysEvent: domain is AAFWK, eventName is APP_BACKGROUND.
03-03 18:23:57.479  1875        2029 I 02D10/HiView-SysEventSource: Parser: parser result domain_=AAFWK eventName_=APP_BACKGROUND
03-03 18:23:57.479  1875        2031 I 02D10/HiView-SysEventService: Convert2SysEvent: domain is AAFWK, eventName is APP_BACKGROUND.
03-03 18:23:57.479 27398     5    85 D 02D10/HiView-SysEventDao: Insert: insert db file /data/log/hiview/sys_event_db/behavior.db with APP_BACKGROUND
03-03 18:23:57.479 27398     5    85 D 02D10/HiView-DOCDB: put data to doc store success, coll=collection
03-03 18:23:57.479 27398     5    85 D 02D10/HiView-SysEventDbMgr: SaveToStore: save sys event 1737, APP_BACKGROUND
03-03 18:23:57.479 27398     5    85 D 02D10/HiView-HiviewEventReport: UpdatePluginStats pluginName=SysEventService, procName=APP_BACKGROUND, time=272
03-03 18:23:57.479  1875        2031 E 02D10/Event-JsonParser: HandleEventJson: System has not eventJson domain AAFWK name APP_BACKGROUND
03-03 18:23:57.479 27398     5    85 D 02D10/HiView-Monitor: CollectCostTime: onceTotalCnt_=21, onceTotalRealTime_=91827, onceTotalProcTime_=120553, onceTotalWaitTime_=28726, overRealTotalCount_=0, overProcessTotalCount_=0, finishedCount_=279
03-03 18:23:57.479  1875        2031 E 02D10/HiView-SysEventService: OnEvent: HandleEventJson fail
03-03 18:23:57.479  1875        2031 D 02D10/HiView-SysEventConvertor: OnEvent: receive sys event
03-03 18:23:57.479  1875        2031 D 02D10/HiView-SysEventConvertor: OnEvent: does not need to convert domain=AAFWK, eventName=APP_BACKGROUND
03-03 18:23:57.479  1875        2090 I 02D02/CrashCollector: OnEvent: path empty or event already processed: 
03-03 18:23:57.479  1875        2090 I 02D01/EventLogger: OnEvent: event coming! id:0x0, eventName:APP_BACKGROUND
03-03 18:23:57.479  1875        2090 I 02D01/EventLogger: OnEvent: event jsonExtraInfo is {"domain_":"AAFWK","name_":"APP_BACKGROUND","type_":4,"time_":1772533437478,"tz_":"+0800","pid_":6,"tid_":131,"uid_":5523,"APP_PID":9282,"BUNDLE_NAME":"com.example.car","VERSION_NAME":"1.0.0","VERSION_CODE":1000000,"PROCESS_NAME":"com.example.car", "transfer_":1}
03-03 18:23:57.479  1875        2090 I 02D10/EventLogger-EventLoggerConfig: FindConfigLine: called
03-03 18:23:57.480  1875        2090 I 02D10/EventLogger-EventLoggerConfig: FindConfigVersion: version: 1.0
03-03 18:23:57.480 26742  9282  9282 I 03900/Ace: [text_field_pattern.cpp(HandleSurfaceChanged)-(0)] Textfield handle surface change, new width 1600, new height 2560, prev width 1600, prev height 2560
03-03 18:23:57.480 26742  9282  9282 I 03900/Ace: [pipeline_context.cpp(SetRootRect)-(0)] SetRootRect width 1600.000000, height 2560.000000, 0.000000
03-03 18:23:57.481  1875        2090 E 02D01/EventLogger: OnEvent: event: id:0x0, eventName:APP_BACKGROUND does not exist in the EventLoggerConfig
03-03 18:23:57.481  1875        2090 D 02D10/HiView-EventDispatchQueue: Enqueue: EventDispatchQueue Enqueue
03-03 18:23:57.481  1875        2090 D 02D10/HiView-Pipeline: OnContinue: OnContinue end.
03-03 18:23:57.481  1875        2090 I 02D10/HiView-SysEventSource: Recycle: recycle resource
03-03 18:23:57.484 26742  9282  9282 E 03900/Ace: [view_stack_processor.cpp(Finish)-(0)] ViewStackProcessor Finish failed, input empty render or invalid root component
03-03 18:23:57.484 26742  9282  9282 W 03900/Ace: [view_stack_processor.cpp(FlushRerenderTask)-(0)] node is null, return on line 92
03-03 18:23:57.498 26742  9282  9282 I 03900/Ace: [js_view_abstract.cpp(ParseBorderStyle)-(0)] args(undefined) is invalid, use default value.
03-03 18:23:57.512  2261        2761 E 00202/WifiEnhanceServiceImpl: ctrlHwWifiNetwork pkgName: WIFIPRO_SERVICE interfaceId: 8
03-03 18:23:57.516 26742  9282  9282 W 03900/Ace: [text_field_pattern.cpp(UpdateCaretPosition)-(0)] Not on focus, cannot update caret
03-03 18:23:57.522 26742  9282  9282 E LOGLIMIT: process car drop log, threshold:13050
03-03 18:23:57.512  2261        2761 I chatty  : uid=1000(system) wifipro_service identical 1 line
03-03 18:23:57.514  2261        2761 E 00202/WifiEnhanceServiceImpl: ctrlHwWifiNetwork pkgName: WIFIPRO_SERVICE interfaceId: 8
03-03 18:23:57.704 27365       27365 I 00800/TuringScreenReceiver: Turing enter registerReceiver
03-03 18:23:57.705 27365       27365 I 00800/TuringScreenReceiver: register screenoff receiver
03-03 18:23:57.707 27365       27365 I 00800/TuringScreenReceiver: register screenon receiver
03-03 18:23:57.707 27365       27365 I 00800/TuringScreenReceiver: register battery receiver
03-03 18:23:57.708 27365       27365 E 00800/Gallery2_Common_TuringState: start init state
03-03 18:23:57.708 27365       27365 I 00800/Gallery2_Common_TuringState: chargeStatus:2
03-03 18:23:57.711 27365       27365 I 00800/Gallery2_Common_NullTwoPhaseManager: onCreate
03-03 18:23:57.711 27365       27877 I 00800/Gallery2_Common_GalleryThermalCallback: 1.sdkService: android.os.BinderProxy@b974567
03-03 18:23:57.711 27365       27365 I 00800/Gallery2_Common_TuringState: initState PowerConnect:true ScreenOff:false BatteryPower:23
03-03 18:23:57.712 27365       27365 I 00800/TuringScreenReceiver: onReceiver action : android.intent.action.BATTERY_CHANGED
03-03 18:23:57.712 27365       27365 I 00800/Gallery2_Common_TuringState: setBattery:23
03-03 18:23:57.712 27365       27365 I 00800/Gallery2_Common_TuringState: tryStartServiceDelayed
03-03 18:23:57.712 27365       27877 I 00800/Gallery2_Common_GalleryThermalCallback: 2.registerCallback
03-03 18:23:57.713 27365       27391 I 00800/Gallery2_Common_GalleryThermalCallback: 3.sTemperatureLevel: 0
03-03 18:23:57.713 27365       27391 I 00800/Gallery2_Common_TuringState: tryStartVisionService mHandler=Handler (com.huawei.gallery.phonestatus.TuringState$1) {b381f14}
03-03 18:23:57.713 27365       27878 W 00800/Gallery2_Common_VisionServiceConsumer: startService but consumed condition not ok.
03-03 18:23:57.713 27365       27878 I 00800/Gallery2_Common_SearchServiceConsumer: startSearchServiceIfConditionOk condition not ok!
03-03 18:23:57.713 27365       27878 I 00800/Gallery2_Common_StoryAlbumServiceConsumer: startStoryAlbumServiceIfConditionOk! isScreenOff: false , batterPower: 23 , isTemperatureLevelOk true
03-03 18:23:57.713 27365       27878 I 00800/STORY_ALBUM: startStoryAlbumServiceIfConditionOk condition not ok!
03-03 18:23:57.714 27365       27878 E 00800/Gallery2_Common_ThumbWriteToKvServiceConsumer: Consumed Condition is not ok
03-03 18:23:57.715 27365       27878 I 00800/Gallery2_Common_GalleryUtils: com.huawei.featurelayer.sharedfeature.map package is exist, pInfo=PackageInfo{dd583bd com.huawei.featurelayer.sharedfeature.map}
03-03 18:23:57.720 27365       27881 I 00800/Gallery2_Common_GalleryAppImpl: initMaps
03-03 18:23:57.722 27365       27882 E 00800/Gallery2_Common_CoolStartManger: startTask: list is empty
03-03 18:23:57.732 27365       27365 I 00800/Gallery2_Common_AutoLoader: runTime: 1, runCount: 2, mCacheCount: 30, creator: com.huawei.gallery.app.picker.-$$Lambda$SelectAlbumDataAdapter$sz_zpRsT1tiXUaL23xzz7CAcIIU@103eef2
03-03 18:23:57.776 27365       27878 I 00800/Gallery2_Map_MapFragmentFactory: sMapType = 2
03-03 18:23:57.776 27365       27878 I 00800/Gallery2_Common_LocationServiceConsumer: startLocationServiceIfConditionOk condition!
03-03 18:23:57.776 27365       27881 I 00800/Gallery2_Map_MapFragmentFactory: map is ready
03-03 18:23:57.776 27365       27878 I 00800/Gallery2_Common_LocationServiceConsumer: isTuringStateOk: false
03-03 18:23:57.776 27365       27881 E 00800/Gallery2_Common_CoolStartManger: startTask: list is empty
03-03 18:23:57.776 27365       27878 I 00800/LocationStoryUtils: HwMapFeature VersionNum = 130000310
03-03 18:23:57.776 27365       27878 I 00800/Gallery2_Common_LocationServiceConsumer: startStoryAlbumServiceIfConditionOk condition not ok!
03-03 18:23:57.776 27365       27878 E 00800/Gallery2_ThumbsGroup_ThumbsGroupServiceConsumer: Consumed Condition is not ok
03-03 18:23:57.778  1875        2117 D 02D01/EngineEventSource: CreateAndPublishEvent: 990925020, trace flag:null
03-03 18:23:57.778  1875        2117 D 02D01/EngineEventVerify: CanProcessEvent: EngineEventVerify can NOT process event:990925020 .
03-03 18:23:57.779  1875        2085 W 02D01/DailyControl: OnEvent: threshold exceeded:990925020
03-03 18:23:58.233 27365       27365 I 00800/Gallery2_Common_AutoLoader: runTime: 2, runCount: 2, mCacheCount: 30, creator: com.huawei.gallery.app.picker.-$$Lambda$SelectAlbumDataAdapter$sz_zpRsT1tiXUaL23xzz7CAcIIU@103eef2
03-03 18:23:58.287 26742  9282  9282 D 03F00/ArkCompiler: [gc] AddRegion:24 Add region:0x7776cc0000 to semi space
03-03 18:23:58.317 27365       27832 I 00800/CloudLocalSyncService: schedule : stop local sync
03-03 18:23:58.317 27365       27832 I 00800/CloudLocalSyncService: localSync = 1  cloudSync = -1
03-03 18:23:58.317 27365       27832 I 00800/CloudLocalSyncService: schedule : start child service
03-03 18:23:58.317 27365       27832 E 00800/RecycleClearService: startRecycleClearService   forceStart = false, sIsClearDone = true
03-03 18:23:58.317 27365       27832 I 00800/Gallery2_Common_AsyncService: startAsyncService null async service binder:Intent { cmp=com.huawei.photos/com.huawei.gallery.media.CalcMd5Service }
03-03 18:23:58.320 27365       27365 I 00800/Gallery2_Common_AsyncService: [onCreate] new handlerThread instance: CalcMd5 service thread
03-03 18:23:58.320 27365       27365 I 00800/Gallery2_Common_AsyncService: intent onBind:Intent { cmp=com.huawei.photos/com.huawei.gallery.media.CalcMd5Service }
03-03 18:23:58.320 27365       27365 I 00800/Gallery2_CalcMd5: --schedule-- [onStartCommand] start CalcMd5Service.
03-03 18:23:58.320 27365       27365 I 00800/Gallery2_CalcMd5: empty action
03-03 18:23:58.321 27365       27832 I 00800/Gallery2_Merge_ClassifyDataMergeService: get sIsClassifyMergePending false
03-03 18:23:58.321 27365       27365 I 00800/Gallery2_Common_AsyncService: ServiceConnection onServiceConnected called! ComponentName:com.huawei.gallery.media.CalcMd5Service
03-03 18:23:58.321 27365       27832 I 00800/SystemRecycleRecoverService: startSystemRecycleRecoverService
03-03 18:23:58.322 27365       27832 I 00800/Gallery2_Common_AsyncService: startAsyncService null async service binder:Intent { cmp=com.huawei.photos/com.huawei.gallery.media.SystemRecycleRecoverService }
03-03 18:23:58.323 27365       27921 I 00800/Gallery2_CalcMd5: MSG_SCAN_ALL size is 0
03-03 18:23:58.323 27365       27365 I 00800/Gallery2_Common_AsyncService: [onCreate] new handlerThread instance: SystemRecycleRecoverService thread
03-03 18:23:58.323 27365       27365 I 00800/Gallery2_Common_AsyncService: intent onBind:Intent { cmp=com.huawei.photos/com.huawei.gallery.media.SystemRecycleRecoverService }
03-03 18:23:58.324 27365       27365 I 00800/SystemRecycleRecoverService: schedule : [onStartCommand] start SystemRecycleRecoverService.
03-03 18:23:58.324 27365       27365 I 00800/Gallery2_Common_AsyncService: SearchService onStartCommand:Intent { cmp=com.huawei.photos/com.huawei.gallery.media.SystemRecycleRecoverService }
03-03 18:23:58.324 27365       27365 I 00800/Gallery2_Common_AsyncService: ServiceConnection onServiceConnected called! ComponentName:com.huawei.gallery.media.SystemRecycleRecoverService
03-03 18:23:58.324 27365       27922 I 00800/PowerStateReceiver: registerBatteryBroadcastReceiver
03-03 18:23:58.325 27365       27921 I 00800/Gallery2_CalcMd5: MSG_SCAN_ALL size [0] takes time 3 ms
03-03 18:23:58.325 27365       27365 I 00800/PowerStateReceiver: Gallery sBatteryLevelReceiver : android.intent.action.BATTERY_CHANGED
03-03 18:23:58.326 27365       27365 I 00800/PowerStateReceiver: battery = 23
03-03 18:23:58.326 27365       27365 I 00800/PowerStateReceiver: battery current is 23
03-03 18:23:58.326 27365       27365 I 00800/PowerStateReceiver: current temperature 249
03-03 18:23:58.326 27365       27365 I 00800/CloudLocalSyncService: localSync = 1  cloudSync = -1
03-03 18:23:58.326 27365       27365 I 00800/Gallery2_Common_StateChangeTaskManager: trigger id = 4
03-03 18:23:58.326 27365       27365 I 00800/Gallery2_Common_StateChangeTaskManager: batteryChangedOrScreenSleepTask
03-03 18:23:58.326 27365       27365 E 00800/RecycleClearService: startRecycleClearService   forceStart = true, sIsClearDone = true
03-03 18:23:58.326 27365       27365 I 00800/Gallery2_Common_AsyncService: startAsyncService null async service binder:Intent { cmp=com.huawei.photos/com.huawei.gallery.media.RecycleClearService }
03-03 18:23:58.328 27365       27365 I 00800/Gallery2_Merge_ClassifyDataMergeService: request start ClassifyDataMergeService
03-03 18:23:58.328 27365       27365 I 00800/Gallery2_Common_AsyncService: startAsyncService null async service binder:Intent { cmp=com.huawei.photos/com.huawei.gallery.media.classifymerge.ClassifyDataMergeService }
03-03 18:23:58.329 27365       27365 I 00800/SystemRecycleRecoverService: startSystemRecycleRecoverService
03-03 18:23:58.330 27365       27365 I 00800/Gallery2_Search: startServiceDelay from :com.android.gallery3d.app.GalleryAppImpl@9173c9e
03-03 18:23:58.334 27365       27922 I 00800/Gallery2_Common_PhoneState: setChargeState() state: 0 from: registerBatteryBroadcastReceiver tagItem: MyPrinter@6614f07
03-03 18:23:58.335 27365       27922 I 00800/PowerStateReceiver: battery = 23
03-03 18:23:58.335 27365       27922 I 00800/PowerStateReceiver: current temperature 249
03-03 18:23:58.335 27365       27365 I 00800/PowerStateReceiver: registerBatteryBroadcastReceiver
03-03 18:23:58.335 27365       27922 I 00800/Gallery2_Common_PhoneState: charge is true chargeState is 0
03-03 18:23:58.335 27365       27365 I 00800/Gallery2_Common_PhoneState: charge is true chargeState is 0
03-03 18:23:58.335 27365       27365 I 00800/Gallery2_Common_PhoneState: screen on true
03-03 18:23:58.335 27365       27922 I 00800/Gallery2_Common_PhoneState: battery level is 23
03-03 18:23:58.336 27365       27922 I 00800/Gallery2_Common_PhoneState: screen on true
03-03 18:23:58.336 27365       27922 I 00800/SystemRecycleRecoverService: no running permission
03-03 18:23:58.337 27365       27365 I 00800/Gallery2_Search: Condition not matchchargeIn:true, ScreenOff: false
03-03 18:23:58.337 27365       27365 I 00800/GeoServiceUtil: delayStartGeoService from :com.android.gallery3d.app.GalleryAppImpl@9173c9e
