03-03 18:19:54.944  5692       21670 I 03900/Ace: [js_task_executor.cpp(~JsTaskThread)-(-1)] [Dump js-thread] duration(ms): 20228,tasksCount: 3,coupleCount: 0
03-03 18:19:54.946  5692       21673 I 03900/Ace: [js_task_executor.cpp(ThreadMain)-(-1)] new js thread for delay task start
03-03 18:19:54.951  1875        2117 D 02D01/EngineEventSource: CreateAndPublishEvent: 991384001, trace flag:null
03-03 18:19:54.951  1875        2117 D 02D01/EngineEventVerify: CanProcessEvent: EngineEventVerify can NOT process event:991384001 .
03-03 18:19:54.953  1875        2085 W 02D01/DailyControl: OnEvent: threshold exceeded:991384001
03-03 18:19:54.956  5692        6452 I 00400/HwLauncher: GestureUtil MOTION_NOTIFICATION back_application_nochange sendBroadcast extra =  category: back_application_nochange
03-03 18:19:54.962  1875        2117 D 02D01/EngineEventSource: CreateAndPublishEvent: 991384001, trace flag:null
03-03 18:19:54.962  1875        2117 D 02D01/EngineEventVerify: CanProcessEvent: EngineEventVerify can NOT process event:991384001 .
03-03 18:19:54.964  1875        2085 W 02D01/DailyControl: OnEvent: threshold exceeded:991384001
03-03 18:19:54.964  2261        2309 W 00202/HiDATA_ContentAware: mForegroundAppPackageName: com.huawei.android.launcher, score: 0
03-03 18:19:54.964  2261        2309 W 00202/HiDATA: onForegroundAppWifiSleepChange: config:false, sleeptime:-1,type: 28, appname:com.huawei.android.launcher
03-03 18:19:54.965  2261        2309 W 00202/HiDATA: APP type: 28 appName= com.huawei.android.launcher
03-03 18:19:54.965  2261        2309 W 00202/HiDATA: no game, APP_TYPE_GAME, appName =com.huawei.android.launcher
03-03 18:19:54.966  3349       27400 D 02F07/HSC_SEC_AI_PLUGIN_BG_SecurityThreatsService: onForegroundActivitiesChanged: 5692, 10109, true
03-03 18:19:54.969  5692        5744 I 00A00/HwLauncher: Themes initResource shadowColor = 0 ,colorDate = -11381672 ,colorWeek = -16098825
03-03 18:19:54.988  5692        5692 W 00200/HwLauncher: TouchInteractionService onPreInputEvent, motion is not FLAG_WINDOW_IS_EXCLUDE_TRANSFER_EVENT
03-03 18:19:54.989  5692        5692 W 00300/HwLauncher: RecentsView onWindowVisibilityChanged executed invalid
03-03 18:19:55.005 20578  8751  8751 W 03900/Ace: [scroll_paint_method.cpp(PaintScrollEffect)-(0)] scrollEdgeEffect is null, return on line 53
03-03 18:19:55.016 20578  8751  8751 W 03900/Ace: [text_field_pattern.cpp(UpdateCaretPosition)-(0)] Not on focus, cannot update caret
03-03 18:19:55.019 20578  8751  8751 W 03900/Ace: [scroll_paint_method.cpp(PaintScrollEffect)-(0)] scrollEdgeEffect is null, return on line 53
03-03 18:19:55.021  5692        5692 I 00600/HwLauncher: CalenderDynamicUpdater setHasUpdateSuccess, success: true
03-03 18:19:55.021  5692        5692 I 00600/HwLauncher: CalenderDynamicUpdater setHasUpdateSuccess, success: true
03-03 18:19:55.022  5692        5692 I 00700/HwLauncher: CalenderDynamicUpdater setHasUpdateSuccess, success: true
03-03 18:19:55.022 20578  8751  8775 D 01400/OHOS::ROSEN: RSRenderThread ProcessCommands size: 1
03-03 18:19:55.022  5692        5692 I 00200/HwLauncher: CalenderDynamicUpdater setHasUpdateSuccess, success: true
03-03 18:19:55.024 20578  8751  8775 D 01400/OHOS::ROSEN: RSRenderThread DrawFrame(202922872912991) in GPU
03-03 18:19:55.025 20578  8751  8775 D 01400/OHOS::ROSEN: SetPartialRenderStatus: 1->1, isRenderForced_=0, isEglSetDamageRegion_=1, isOpDropped_=0
03-03 18:19:55.027 20578  8751  8775 D 01400/OHOS::ROSEN: RSSurfaceOhosGl:RequestFrame, width is 1600, height is 2560
03-03 18:19:55.027 20578  8751  8775 D 01402/2DGraphics: SetUpGrContext: grContext has already created!!
03-03 18:19:55.027 20578  8751  8775 D 01402/2DGraphics: AcquireSurface: CreateCanvas successfully!!! (0xb40000777789f000)
03-03 18:19:55.027 20578  8751  8775 D 01400/OHOS::ROSEN: UpdateDirtyAndSetEGLDamageRegion dirtyRect = [0, 0, 1600, 2560]
03-03 18:19:55.028 20578  8751  8751 W 03900/Ace: [text_field_pattern.cpp(UpdateCaretPosition)-(0)] Not on focus, cannot update caret
03-03 18:19:55.029  1875        2117 D 02D01/EngineEventSource: CreateAndPublishEvent: 1101, trace flag:null
03-03 18:19:55.030  1875        2117 D 02D01/EngineEventSource: CreateAndPublishEvent: 991310253, trace flag:null
03-03 18:19:55.030  1875        2117 D 02D01/EngineEventVerify: CanProcessEvent: EngineEventVerify can NOT process event:991310253 .
03-03 18:19:55.030  1875        2085 W 02D01/DailyControl: OnEvent: threshold exceeded:991310253
03-03 18:19:55.031 20578  8751  8751 W 03900/Ace: [scroll_paint_method.cpp(PaintScrollEffect)-(0)] scrollEdgeEffect is null, return on line 53
03-03 18:19:55.036 20578  8751  8775 D 01400/OHOS::ROSEN: RSRenderThreadVisitor FlushImplicitTransactionFromRT uiTimestamp = 202922806217059
03-03 18:19:55.036 20578  8751  8775 D 01400/OHOS::ROSEN: RSRenderThreadVisitor FlushFrame surfaceNodeId = 37585258807296, uiTimestamp = 202922806217059
03-03 18:19:55.036 20578  8751  8775 D 01402/2DGraphics: RenderFrame: RenderFrame: Canvas is 0xb40000777789f000
03-03 18:19:55.036  5692        5692 W 00400/HwLauncher: BubbleTextView setDescriptionForBubbleText shortcutInfo is null
03-03 18:19:55.037  1875        2085 W 02D01/CaLog: PreWriteLog: invalid level: 2.
03-03 18:19:55.037  1875        2042 D 02D01/EventDatabase: OnEvent: reveive fold stat event:1101 is:{"STR1":"com.huawei.android.launcher","STR2":0,"STR3":0,"LONG1":11,"LONG2":140000921,"LONG3":1772533195029,"LONG4":22}
03-03 18:19:55.038  5692        5692 W 00A00/HwLauncher: BubbleTextView setDescriptionForBubbleText shortcutInfo is null
03-03 18:19:55.038  1875        2042 D 02D01/EventDatabase: OnEvent: event:1101 is: package com.huawei.android.launcher to 11
03-03 18:19:55.040  5692        5692 W 00600/HwLauncher: RecentsView onWindowVisibilityChanged executed invalid
03-03 18:19:55.040  5692       10224 I 03900/Ace: [pipeline_context.cpp(OnVirtualKeyboardAreaChange)-(-1)] OnVirtualKeyboardAreaChange positionY:0.000000 safeArea:173.000000 offsetFix:-86.500000
03-03 18:19:55.040  5692       10234 I 03900/Ace: [pipeline_context.cpp(OnVirtualKeyboardAreaChange)-(-1)] OnVirtualKeyboardAreaChange positionY:0.000000 safeArea:173.000000 offsetFix:-86.500000
03-03 18:19:55.043 20578  8751  8751 W 03900/Ace: [text_field_pattern.cpp(UpdateCaretPosition)-(0)] Not on focus, cannot update caret
03-03 18:19:55.046 20578  8751  8751 W 03900/Ace: [scroll_paint_method.cpp(PaintScrollEffect)-(0)] scrollEdgeEffect is null, return on line 53
03-03 18:19:55.046 20578  8751  8775 D 01402/2DGraphics: SwapBuffers: SwapBuffers successfully, surface is 0xb400007739c26480
03-03 18:19:55.047 20578  8751  8775 D 01400/OHOS::ROSEN: RSSurfaceOhosGl: FlushFrame success
03-03 18:19:55.047 20578  8751  8775 D 01400/OHOS::ROSEN: RSRenderThread ProcessCommands size: 2
03-03 18:19:55.050  5692       23644 I 03900/Ace: [pipeline_context.cpp(OnVirtualKeyboardAreaChange)-(14)] OnVirtualKeyboardAreaChange positionY:0.000000 safeArea:180.000000 offsetFix:-90.000000
03-03 18:19:55.050  5692        6539 I 03900/Ace: [pipeline_context.cpp(OnVirtualKeyboardAreaChange)-(1)] OnVirtualKeyboardAreaChange positionY:0.000000 safeArea:-2.000000 offsetFix:0.000000
03-03 18:19:55.050  5692       10224 I 03900/Ace: [pipeline_context.cpp(OnVirtualKeyboardAreaChange)-(32)] OnVirtualKeyboardAreaChange positionY:0.000000 safeArea:173.000000 offsetFix:-86.500000
03-03 18:19:55.050 20578  8751  8775 D 01400/OHOS::ROSEN: RSRenderThread DrawFrame(202922889576279) in GPU
03-03 18:19:55.050  5692       10218 I 03900/Ace: [pipeline_context.cpp(OnVirtualKeyboardAreaChange)-(31)] OnVirtualKeyboardAreaChange positionY:0.000000 safeArea:-2.000000 offsetFix:0.000000
03-03 18:19:55.050 20578  8751  8775 D 01400/OHOS::ROSEN: SetPartialRenderStatus: 1->1, isRenderForced_=0, isEglSetDamageRegion_=1, isOpDropped_=0
03-03 18:19:55.051  5692        5692 I 00300/HwLauncher: Launcher Icon:28 Widget:2 Folder:2 Icon in folder:13 in drawer:0 abilityForms:4
03-03 18:19:55.051 20578  8751  8775 D 01400/OHOS::ROSEN: RSSurfaceOhosGl:RequestFrame, width is 1600, height is 2560
03-03 18:19:55.051 20578  8751  8775 D 01402/2DGraphics: SetUpGrContext: grContext has already created!!
03-03 18:19:55.051 20578  8751  8775 D 01402/2DGraphics: AcquireSurface: CreateCanvas successfully!!! (0xb40000777789f000)
03-03 18:19:55.051 20578  8751  8775 D 01400/OHOS::ROSEN: UpdateDirtyAndSetEGLDamageRegion dirtyRect = [0, 0, 1600, 2560]
03-03 18:19:55.051  5692       10234 I 03900/Ace: [pipeline_context.cpp(OnVirtualKeyboardAreaChange)-(33)] OnVirtualKeyboardAreaChange positionY:0.000000 safeArea:173.000000 offsetFix:-86.500000
03-03 18:19:55.053  1875        2117 D 02D01/EngineEventSource: CreateAndPublishEvent: 1102, trace flag:null
03-03 18:19:55.054  1875        2117 D 02D01/EngineEventSource: CreateAndPublishEvent: 991310254, trace flag:null
03-03 18:19:55.054  1875        2117 D 02D01/EngineEventVerify: CanProcessEvent: EngineEventVerify can NOT process event:991310254 .
03-03 18:19:55.055 20578  8751  8775 D 01400/OHOS::ROSEN: RSRenderThreadVisitor FlushImplicitTransactionFromRT uiTimestamp = 202922872912991
03-03 18:19:55.056 20578  8751  8775 D 01400/OHOS::ROSEN: RSRenderThreadVisitor FlushFrame surfaceNodeId = 37585258807296, uiTimestamp = 202922872912991
03-03 18:19:55.056 20578  8751  8775 D 01402/2DGraphics: RenderFrame: RenderFrame: Canvas is 0xb40000777789f000
03-03 18:19:55.062  1875        2085 W 02D01/CaLog: PreWriteLog: invalid level: 2.
03-03 18:19:55.063  1875        2085 W 02D01/DailyControl: OnEvent: threshold exceeded:991310254
03-03 18:19:55.063  1875        2042 D 02D01/EventDatabase: OnEvent: reveive fold stat event:1102 is:{"STR1":"com.huawei.android.launcher","STR2":0,"STR3":0,"LONG1":11,"LONG2":140000921,"LONG3":1772533195052,"LONG4":22}
03-03 18:19:55.063  5692        5760 I 00400/HwLauncher: LocalTaskList loadTasksInBackground:5 numTasks:16 currentUserId:0
03-03 18:19:55.063  1875        2042 D 02D01/EventDatabase: OnEvent: event:1102 is: package com.huawei.android.launcher to 11
03-03 18:19:55.063 20578  8751  8775 D 01402/2DGraphics: SwapBuffers: SwapBuffers successfully, surface is 0xb400007739c26480
03-03 18:19:55.063 20578  8751  8775 D 01400/OHOS::ROSEN: RSSurfaceOhosGl: FlushFrame success
03-03 18:19:55.064 20578  8751  8775 D 01400/OHOS::ROSEN: RSRenderThread ProcessCommands size: 1
03-03 18:19:55.064 20578  8751  8775 D 01400/OHOS::ROSEN: RSRenderThread DrawFrame(202922906237927) in GPU
03-03 18:19:55.064 20578  8751  8775 D 01400/OHOS::ROSEN: SetPartialRenderStatus: 1->1, isRenderForced_=0, isEglSetDamageRegion_=1, isOpDropped_=0
03-03 18:19:55.065 20578  8751  8775 D 01400/OHOS::ROSEN: RSSurfaceOhosGl:RequestFrame, width is 1600, height is 2560
03-03 18:19:55.065 20578  8751  8775 D 01402/2DGraphics: SetUpGrContext: grContext has already created!!
03-03 18:19:55.065 20578  8751  8775 D 01402/2DGraphics: AcquireSurface: CreateCanvas successfully!!! (0xb40000777789f000)
03-03 18:19:55.065 20578  8751  8775 D 01400/OHOS::ROSEN: UpdateDirtyAndSetEGLDamageRegion dirtyRect = [0, 0, 1600, 2560]
03-03 18:19:55.066  5692        5760 I 00A00/HwLauncher: LocalTaskList loadTasksInBackground:5 numTasks:16 currentUserId:0
03-03 18:19:55.068 20578  8751  8751 I 03900/Ace: [js_view_abstract.cpp(ParseBorderStyle)-(0)] args(undefined) is invalid, use default value.
03-03 18:19:55.069  3349       13158 D 02F07/HSC_SEC_AI_PLUGIN_BG_SecurityThreatsService: onForegroundActivitiesChanged: 5692, 10109, false
03-03 18:19:55.069  3109        3161 I 01100/AppexecfwkCore: [form_mgr_host_dualfwk.cpp(OnRemoteRequest)] form mgr host OnRemoteRequest message, the message code is 22, callingPid is 5692, callingUid is 10109
03-03 18:19:55.069 20578  8751  8775 D 01400/OHOS::ROSEN: RSRenderThreadVisitor FlushImplicitTransactionFromRT uiTimestamp = 202922889576279
03-03 18:19:55.069 20578  8751  8751 W 03900/Ace: [text_field_pattern.cpp(UpdateCaretPosition)-(0)] Not on focus, cannot update caret
03-03 18:19:55.070 20578  8751  8775 D 01400/OHOS::ROSEN: RSRenderThreadVisitor FlushFrame surfaceNodeId = 37585258807296, uiTimestamp = 202922889576279
03-03 18:19:55.070 20578  8751  8775 D 01402/2DGraphics: RenderFrame: RenderFrame: Canvas is 0xb40000777789f000
03-03 18:19:55.070  3109        3161 I 01100/AppexecfwkCore: [form_mgr_host_dualfwk.cpp(HandleNotifyFormsVisible)] HandleNotifyFormsVisible called
03-03 18:19:55.070 20578  8751  8751 W 03900/Ace: [scroll_paint_method.cpp(PaintScrollEffect)-(0)] scrollEdgeEffect is null, return on line 53
03-03 18:19:55.070  3109        3161 I 01120/FormMgrService: [form_mgr_host_impl.cpp(NotifyFormsVisible)] FormMgrHostImpl NotifyFormsVisible called
03-03 18:19:55.070  3109        3161 I 01120/FormMgrService: [form_mgr_jni_adapter.cpp(NotifyFormsVisible)] begin : NotifyFormsVisible begin
03-03 18:19:55.070  3109        3161 I 01120/FormMgrJni: [form_mgr_jni.cpp(NotifyFormsVisible)] NotifyFormsVisible begin
03-03 18:19:55.071  3109        3161 I 01120/FormMgrJni: [form_mgr_jni.cpp(NotifyFormsVisible)] NotifyFormsVisible callJava
03-03 18:19:55.071  3109        3161 D 01510/IPCJni: Java_ohos_rpc_MessageParcel_nativeReadRemoteObject 178: enter
03-03 18:19:55.071  3109        3161 D 01510/IPCProcessSkeleton: FindOrNewObject 164: handle:40 proto:0 new:0
03-03 18:19:55.071  3109        3161 I 01300/FormAdapter_EnableAndVisibleOperation: notifyFormsVisible, visible is false formIds: [58111965378798936, 58111964323649841, 58111965457691543, 58111966125445072]
03-03 18:19:55.071  3109        3161 D 01510/IPCJni: Java_ohos_rpc_RemoteProxy_nativeGetHandle 961: handle:40
03-03 18:19:55.071  3109        3161 D 01510/IPCJni: Java_ohos_rpc_RemoteProxy_nativeGetHandle 961: handle:40
03-03 18:19:55.071  3109        3161 D 01300/FormAdapter_EnableAndVisibleOperation: notifyFormsVisible, start set flag, forms number is 4
03-03 18:19:55.071  3109        3161 I 01300/FormUtil: notify pms providers invisible: [10029]
03-03 18:19:55.072  3109       18661 I 01100/AppexecfwkCore: [form_mgr_host_dualfwk.cpp(OnRemoteRequest)] form mgr host OnRemoteRequest message, the message code is 23, callingPid is 5692, callingUid is 10109
03-03 18:19:55.072  3109       18661 I 01100/AppexecfwkCore: [form_mgr_host_dualfwk.cpp(HandleNotifyFormsUpdateEnabled)] HandleNotifyFormsUpdateEnabled called
03-03 18:19:55.072  3109       18661 I 01120/FormMgrService: [form_mgr_host_impl.cpp(NotifyFormsUpdateEnabled)] FormMgrHostImpl NotifyFormsUpdateEnabled called
03-03 18:19:55.072  3109       18661 I 01120/FormMgrService: [form_mgr_jni_adapter.cpp(NotifyFormsUpdateEnabled)] begin : NotifyFormsUpdateEnabled begin
03-03 18:19:55.072  3109       18661 I 01120/FormMgrJni: [form_mgr_jni.cpp(NotifyFormsUpdateEnabled)] NotifyFormsUpdateEnabled begin
03-03 18:19:55.072  3109       18661 I 01120/FormMgrJni: [form_mgr_jni.cpp(NotifyFormsUpdateEnabled)] NotifyFormsUpdateEnabled callJava
03-03 18:19:55.073  3109       18661 I 01300/FormAdapter: notifyFormsUpdateEnabled, enable update is false
03-03 18:19:55.073  3109       18661 D 01510/IPCJni: Java_ohos_rpc_MessageParcel_nativeReadRemoteObject 178: enter
03-03 18:19:55.073  3109       18661 D 01510/IPCProcessSkeleton: FindOrNewObject 164: handle:40 proto:0 new:0
03-03 18:19:55.073  3109       18661 D 01510/IPCJni: Java_ohos_rpc_RemoteProxy_nativeGetHandle 961: handle:40
03-03 18:19:55.073  3109       18661 D 01510/IPCJni: Java_ohos_rpc_RemoteProxy_nativeGetHandle 961: handle:40
03-03 18:19:55.073  3109       18661 D 01300/FormAdapter_EnableAndVisibleOperation: handleUpdateFormFlag find target client
03-03 18:19:55.073 20578  8751  8751 W 03900/Ace: [text_field_pattern.cpp(UpdateCaretPosition)-(0)] Not on focus, cannot update caret
03-03 18:19:55.074 20578  8751  8751 W 03900/Ace: [scroll_paint_method.cpp(PaintScrollEffect)-(0)] scrollEdgeEffect is null, return on line 53
03-03 18:19:55.077 20578  8751  8775 D 01402/2DGraphics: SwapBuffers: SwapBuffers successfully, surface is 0xb400007739c26480
03-03 18:19:55.077 20578  8751  8775 D 01400/OHOS::ROSEN: RSSurfaceOhosGl: FlushFrame success
03-03 18:19:55.077 20578  8751  8775 D 01400/OHOS::ROSEN: RSRenderThread ProcessCommands size: 2
03-03 18:19:55.079 20578  8751  8775 D 01400/OHOS::ROSEN: RSRenderThread DrawFrame(202922922905451) in GPU
03-03 18:19:55.079 20578  8751  8775 D 01400/OHOS::ROSEN: SetPartialRenderStatus: 1->1, isRenderForced_=0, isEglSetDamageRegion_=1, isOpDropped_=0
03-03 18:19:55.079 20578  8751  8775 D 01400/OHOS::ROSEN: RSSurfaceOhosGl:RequestFrame, width is 1600, height is 2560
03-03 18:19:55.079 20578  8751  8775 D 01402/2DGraphics: SetUpGrContext: grContext has already created!!
03-03 18:19:55.079 20578  8751  8775 D 01402/2DGraphics: AcquireSurface: CreateCanvas successfully!!! (0xb40000777789f000)
03-03 18:19:55.079 20578  8751  8775 D 01400/OHOS::ROSEN: UpdateDirtyAndSetEGLDamageRegion dirtyRect = [0, 0, 1600, 2448]
03-03 18:19:55.082 20578  8751  8775 D 01400/OHOS::ROSEN: RSRenderThreadVisitor FlushImplicitTransactionFromRT uiTimestamp = 202922922905451
03-03 18:19:55.082 20578  8751  8775 D 01400/OHOS::ROSEN: RSRenderThreadVisitor FlushFrame surfaceNodeId = 37585258807296, uiTimestamp = 202922922905451
03-03 18:19:55.082 20578  8751  8775 D 01402/2DGraphics: RenderFrame: RenderFrame: Canvas is 0xb40000777789f000
03-03 18:19:55.087 20578  8751  8775 D 01402/2DGraphics: SwapBuffers: SwapBuffers successfully, surface is 0xb400007739c26480
03-03 18:19:55.088 20578  8751  8775 D 01400/OHOS::ROSEN: RSSurfaceOhosGl: FlushFrame success
03-03 18:19:55.090 20578  8751  8751 W 03900/Ace: [text_field_pattern.cpp(UpdateCaretPosition)-(0)] Not on focus, cannot update caret
03-03 18:19:55.090 20578  8751  8751 W 03900/Ace: [scroll_paint_method.cpp(PaintScrollEffect)-(0)] scrollEdgeEffect is null, return on line 53
03-03 18:19:55.105 20578  8751  8775 D 01400/OHOS::ROSEN: RSRenderThread ProcessCommands size: 1
03-03 18:19:55.106 20578  8751  8775 D 01400/OHOS::ROSEN: RSRenderThread DrawFrame(202922956248532) in GPU
03-03 18:19:55.106 20578  8751  8775 D 01400/OHOS::ROSEN: SetPartialRenderStatus: 1->1, isRenderForced_=0, isEglSetDamageRegion_=1, isOpDropped_=0
03-03 18:19:55.106 20578  8751  8775 D 01400/OHOS::ROSEN: RSSurfaceOhosGl:RequestFrame, width is 1600, height is 2560
03-03 18:19:55.107 20578  8751  8775 D 01402/2DGraphics: SetUpGrContext: grContext has already created!!
03-03 18:19:55.107 20578  8751  8775 D 01402/2DGraphics: AcquireSurface: CreateCanvas successfully!!! (0xb40000777789f000)
03-03 18:19:55.107 20578  8751  8775 D 01400/OHOS::ROSEN: UpdateDirtyAndSetEGLDamageRegion dirtyRect = [0, 0, 1600, 2448]
03-03 18:19:55.107 20578  8751  8751 W 03900/Ace: [text_field_pattern.cpp(UpdateCaretPosition)-(0)] Not on focus, cannot update caret
03-03 18:19:55.108 20578  8751  8751 W 03900/Ace: [scroll_paint_method.cpp(PaintScrollEffect)-(0)] scrollEdgeEffect is null, return on line 53
03-03 18:19:55.109 20578  8751  8775 D 01400/OHOS::ROSEN: RSRenderThreadVisitor FlushImplicitTransactionFromRT uiTimestamp = 202922939561468
03-03 18:19:55.109 20578  8751  8775 D 01400/OHOS::ROSEN: RSRenderThreadVisitor FlushFrame surfaceNodeId = 37585258807296, uiTimestamp = 202922939561468
03-03 18:19:55.109 20578  8751  8775 D 01402/2DGraphics: RenderFrame: RenderFrame: Canvas is 0xb40000777789f000
03-03 18:19:55.112 20578  8751  8775 D 01402/2DGraphics: SwapBuffers: SwapBuffers successfully, surface is 0xb400007739c26480
03-03 18:19:55.112 20578  8751  8775 D 01400/OHOS::ROSEN: RSSurfaceOhosGl: FlushFrame success
03-03 18:19:55.122 20578  8751  8775 D 01400/OHOS::ROSEN: RSRenderThread ProcessCommands size: 1
03-03 18:19:55.122 20578  8751  8775 D 01400/OHOS::ROSEN: RSRenderThread DrawFrame(202922972917328) in GPU
03-03 18:19:55.122 20578  8751  8775 D 01400/OHOS::ROSEN: SetPartialRenderStatus: 1->1, isRenderForced_=0, isEglSetDamageRegion_=1, isOpDropped_=0
03-03 18:19:55.122 20578  8751  8775 D 01400/OHOS::ROSEN: RSSurfaceOhosGl:RequestFrame, width is 1600, height is 2560
03-03 18:19:55.122 20578  8751  8775 D 01402/2DGraphics: SetUpGrContext: grContext has already created!!
03-03 18:19:55.122 20578  8751  8775 D 01402/2DGraphics: AcquireSurface: CreateCanvas successfully!!! (0xb40000777789f000)
03-03 18:19:55.122 20578  8751  8775 D 01400/OHOS::ROSEN: UpdateDirtyAndSetEGLDamageRegion dirtyRect = [0, 0, 1600, 2448]
03-03 18:19:55.123 20578  8751  8751 W 03900/Ace: [text_field_pattern.cpp(UpdateCaretPosition)-(0)] Not on focus, cannot update caret
03-03 18:19:55.123 20578  8751  8751 W 03900/Ace: [scroll_paint_method.cpp(PaintScrollEffect)-(0)] scrollEdgeEffect is null, return on line 53
03-03 18:19:55.125 20578  8751  8775 D 01400/OHOS::ROSEN: RSRenderThreadVisitor FlushImplicitTransactionFromRT uiTimestamp = 202922956248532
03-03 18:19:55.125 20578  8751  8775 D 01400/OHOS::ROSEN: RSRenderThreadVisitor FlushFrame surfaceNodeId = 37585258807296, uiTimestamp = 202922956248532
03-03 18:19:55.125 20578  8751  8775 D 01402/2DGraphics: RenderFrame: RenderFrame: Canvas is 0xb40000777789f000
03-03 18:19:55.132 20578  8751  8775 D 01402/2DGraphics: SwapBuffers: SwapBuffers successfully, surface is 0xb400007739c26480
03-03 18:19:55.132 20578  8751  8775 D 01400/OHOS::ROSEN: RSSurfaceOhosGl: FlushFrame success
03-03 18:19:55.138 20578  8751  8775 D 01400/OHOS::ROSEN: RSRenderThread ProcessCommands size: 1
03-03 18:19:55.139 20578  8751  8775 D 01400/OHOS::ROSEN: RSRenderThread DrawFrame(202922989567588) in GPU
03-03 18:19:55.139 20578  8751  8775 D 01400/OHOS::ROSEN: SetPartialRenderStatus: 1->1, isRenderForced_=0, isEglSetDamageRegion_=1, isOpDropped_=0
03-03 18:19:55.139 20578  8751  8775 D 01400/OHOS::ROSEN: RSSurfaceOhosGl:RequestFrame, width is 1600, height is 2560
03-03 18:19:55.139 20578  8751  8775 D 01402/2DGraphics: SetUpGrContext: grContext has already created!!
03-03 18:19:55.139 20578  8751  8775 D 01402/2DGraphics: AcquireSurface: CreateCanvas successfully!!! (0xb40000777789f000)
03-03 18:19:55.139 20578  8751  8775 D 01400/OHOS::ROSEN: UpdateDirtyAndSetEGLDamageRegion dirtyRect = [0, 0, 1600, 2448]
03-03 18:19:55.139 20578  8751  8751 W 03900/Ace: [text_field_pattern.cpp(UpdateCaretPosition)-(0)] Not on focus, cannot update caret
03-03 18:19:55.140 20578  8751  8751 W 03900/Ace: [scroll_paint_method.cpp(PaintScrollEffect)-(0)] scrollEdgeEffect is null, return on line 53
03-03 18:19:55.140 20578  8751  8775 D 01400/OHOS::ROSEN: RSRenderThreadVisitor FlushImplicitTransactionFromRT uiTimestamp = 202922972917328
03-03 18:19:55.140 20578  8751  8775 D 01400/OHOS::ROSEN: RSRenderThreadVisitor FlushFrame surfaceNodeId = 37585258807296, uiTimestamp = 202922972917328
03-03 18:19:55.140 20578  8751  8775 D 01402/2DGraphics: RenderFrame: RenderFrame: Canvas is 0xb40000777789f000
03-03 18:19:55.144 20578  8751  8775 D 01402/2DGraphics: SwapBuffers: SwapBuffers successfully, surface is 0xb400007739c26480
03-03 18:19:55.144 20578  8751  8775 D 01400/OHOS::ROSEN: RSSurfaceOhosGl: FlushFrame success
03-03 18:19:55.155 20578  8751  8775 D 01400/OHOS::ROSEN: RSRenderThread ProcessCommands size: 1
03-03 18:19:55.155 20578  8751  8775 D 01400/OHOS::ROSEN: RSRenderThread DrawFrame(202923006226724) in GPU
03-03 18:19:55.155 20578  8751  8775 D 01400/OHOS::ROSEN: SetPartialRenderStatus: 1->1, isRenderForced_=0, isEglSetDamageRegion_=1, isOpDropped_=0
03-03 18:19:55.156 20578  8751  8751 I 03900/Ace: [swiper_pattern.cpp(InitSwiperIndicator)-(0)] Swiper create new indicator
03-03 18:19:55.156 20578  8751  8775 D 01400/OHOS::ROSEN: RSSurfaceOhosGl:RequestFrame, width is 1600, height is 2560
03-03 18:19:55.156 20578  8751  8775 D 01402/2DGraphics: SetUpGrContext: grContext has already created!!
03-03 18:19:55.156 20578  8751  8775 D 01402/2DGraphics: AcquireSurface: CreateCanvas successfully!!! (0xb40000777789f000)
03-03 18:19:55.156 20578  8751  8775 D 01400/OHOS::ROSEN: UpdateDirtyAndSetEGLDamageRegion dirtyRect = [0, 0, 1600, 2448]
03-03 18:19:55.157 20578  8751  8775 D 01400/OHOS::ROSEN: RSRenderThreadVisitor FlushImplicitTransactionFromRT uiTimestamp = 202922989567588
03-03 18:19:55.157 20578  8751  8775 D 01400/OHOS::ROSEN: RSRenderThreadVisitor FlushFrame surfaceNodeId = 37585258807296, uiTimestamp = 202922989567588
03-03 18:19:55.157 20578  8751  8775 D 01402/2DGraphics: RenderFrame: RenderFrame: Canvas is 0xb40000777789f000
03-03 18:19:55.159 20578  8751  8775 D 01402/2DGraphics: SwapBuffers: SwapBuffers successfully, surface is 0xb400007739c26480
03-03 18:19:55.159 20578  8751  8775 D 01400/OHOS::ROSEN: RSSurfaceOhosGl: FlushFrame success
03-03 18:19:55.162 20578  8751  8751 W 03900/Ace: [rosen_render_context.cpp(ClearFocusState)-(0)] focusStateModifier_ is null, return on line 1084
03-03 18:19:55.163 20578  8751  8751 W 03900/Ace: [text_field_pattern.cpp(UpdateCaretPosition)-(0)] Not on focus, cannot update caret
03-03 18:19:55.165 20578  8751  8751 W 03900/Ace: [scroll_paint_method.cpp(PaintScrollEffect)-(0)] scrollEdgeEffect is null, return on line 53
03-03 18:19:55.168 20578  8751  8751 I 0FEFE/JsApp: [HTTP] loopOnce running=true inflight=false url=http://192.168.81.100:81/?action=snapshot
03-03 18:19:55.165 20578  8751  8751 W 03900/Ace: [scroll_paint_method.cpp(PaintScrollEffect)-(0)] scrollEdgeEffect is null, return on line 53
03-03 18:19:55.168 20578  8751  8751 I 015B0/NetMgrSubsystem: NETSTACK [request_context.cpp 282] Do not use http proxy
03-03 18:19:55.168 20578  8751  8751 I 015B0/NetMgrSubsystem: NETSTACK [request_context.cpp 224] no extraData
03-03 18:19:55.169 20578  8751  8751 I 02B2B/AVPlayerNapi: {JsReset():532} JsReset In
03-03 18:19:55.169 20578  8751  8751 D 02B2B/CommonNapi: {MediaAsyncContext():515} MediaAsyncContext Create 0xEA37A0
03-03 18:19:55.169 20578  8751  8751 D 02B2B/CommonNapi: {CreatePromise():276} napi_create_promise
03-03 18:19:55.169 20578  8751  8751 I 02B2B/TaskQueue: {CancelNotExecutedTaskLocked():115} All task not executed are being cancelled..........[AVPlayerNapi]
03-03 18:19:55.169 20578  8751  8751 I 02B2B/AVPlayerNapi: {JsReset():563} JsReset Out
03-03 18:19:55.169 20578  8751  8784 I 02B2B/AVPlayerNapi: {operator()():493} Reset Task In
03-03 18:19:55.169 20578  8751  8770 I 02B2B/AVPlayerNapi: {operator()():555} Wait Reset Task Start
03-03 18:19:55.169 20578  8751  8784 I 02B2B/AVPlayerNapi: {operator()():502} current state is idle, invalid operation
03-03 18:19:55.169 20578  8751  8784 I 02B2B/AVPlayerNapi: {operator()():515} Reset Task Out
03-03 18:19:55.169 20578  8751  8770 I 02B2B/AVPlayerNapi: {operator()():557} Wait Reset Task Stop
03-03 18:19:55.169 20578  8751  8751 D 01300/Runtime: [js_runtime.cpp(OnReadable:428)]UvLoopHandler::OnReadable is triggered
03-03 18:19:55.169 20578  8751  8751 D 01300/Runtime: [js_runtime.cpp(OnTriggered:441)]UvLoopHandler::OnTriggered is triggered
03-03 18:19:55.169 20578  8751  8751 D 02B2B/CommonNapi: {CompleteCallback():534} CompleteCallback In
03-03 18:19:55.169 20578  8751  8751 D 02B2B/CommonNapi: {CompleteCallback():540} MediaAsyncContext Create 0xEA37A0 memoryTag = safememory
03-03 18:19:55.169 20578  8751  8751 D 02B2B/CommonNapi: {CompleteCallback():556} async callback success
03-03 18:19:55.169 20578  8751  8751 D 02B2B/CommonNapi: {Callback():582} promise napi_resolve_deferred
03-03 18:19:55.169 20578  8751  8751 I 02B2B/AVPlayerNapi: {JsSetUrl():856} JsSetUrl In
03-03 18:19:55.169 20578  8751  8751 D 02B2B/CommonNapi: {GetStringArgument():38} argument = rtsp://192.168.81.100:554/stream
03-03 18:19:55.169 20578  8751  8751 I 02B2B/AVPlayerNapi: {SetSource():812} input url is rtsp://192.168.81.100:554/stream!
03-03 18:19:55.169 20578  8751  8751 E 02B2B/AVPlayerCallback: {OnErrorCb():295} OnErrorCb:errorCode 401, errorMsg Invalid Parameter: invalid parameters, The input parameter is not fd:// or network address
03-03 18:19:55.169 20578  8751  8751 I 02B2B/AVPlayerNapi: {JsSetUrl():879} JsSetUrl Out
03-03 18:19:55.169 20578  8751  8751 I 02B2B/AVPlayerNapi: {JsPrepare():224} JsPrepare In
03-03 18:19:55.169 20578  8751  8751 D 02B2B/CommonNapi: {MediaAsyncContext():515} MediaAsyncContext Create 0xEA3200
03-03 18:19:55.169 20578  8751  8751 D 02B2B/CommonNapi: {CreatePromise():276} napi_create_promise
03-03 18:19:55.169 20578  8751  8751 E 02B2B/CommonNapi: {SignError():529} SignError: current state is not stopped or initialized, unsupport prepare operation
03-03 18:19:55.169 20578  8751  8751 I 02B2B/AVPlayerNapi: {JsPrepare():257} JsPrepare Out
03-03 18:19:55.169 20578  8751  8751 D 02B2B/CommonNapi: {~MediaAsyncContext():520} MediaAsyncContext Destroy 0xEA37A0
03-03 18:19:55.169 20578  8751  8772 I 02B2B/AVPlayerNapi: {operator()():248} Wait Prepare Task Start
03-03 18:19:55.169 20578  8751  8751 I 02B2B/AVPlayerCallback: {operator()():252} JsCallBack error, uv_queue_work start
03-03 18:19:55.169 20578  8751  8772 I 02B2B/AVPlayerNapi: {operator()():252} Wait Prepare Task End
03-03 18:19:55.169 20578  8751  8751 D 03F00/ArkCompiler: [ecmascript] Throw error: Invalid Parameter: invalid parameters, The input parameter is not fd:// or network address
03-03 18:19:55.169 20578  8751  8751 D 03F00/ArkCompiler: [ecmascript] =====================Backtrace========================
03-03 18:19:55.169 20578  8751  8751 D 03F00/ArkCompiler: # 1:  /system/lib64/libark_jsruntime.so(+245e4b)
03-03 18:19:55.169 20578  8751  8751 D 03F00/ArkCompiler: # 2:  /system/lib64/libark_jsruntime.so(+15bdaf)
03-03 18:19:55.169 20578  8751  8751 D 03F00/ArkCompiler: # 3:  /system/lib64/libark_jsruntime.so(+389ec7)
03-03 18:19:55.169 20578  8751  8751 D 03F00/ArkCompiler: # 4:  /system/lib64/libark_jsruntime.so(+3801bb)
03-03 18:19:55.169 20578  8751  8751 D 03F00/ArkCompiler: # 5:  /system/lib64/libace_napi_ark.z.so(+1dbeb)
03-03 18:19:55.169 20578  8751  8751 D 03F00/ArkCompiler: # 6:  /system/lib64/libace_napi.z.so(+184bb)
03-03 18:19:55.169 20578  8751  8751 D 03F00/ArkCompiler: # 7:  /system/lib64/libmedia_avplayer.z.so(+1e1c3)
03-03 18:19:55.169 20578  8751  8751 D 03F00/ArkCompiler: # 8:  /system/lib64/libmedia_avplayer.z.so(+ec87)
03-03 18:19:55.169 20578  8751  8751 D 03F00/ArkCompiler: # 9:  /system/lib64/libmedia_avplayer.z.so(+f01f)
03-03 18:19:55.169 20578  8751  8751 D 03F00/ArkCompiler: #10:  /system/lib64/libuv.so(+11c87)
03-03 18:19:55.169 20578  8751  8751 D 03F00/ArkCompiler: #11:  /system/lib64/libuv.so(+15daf)
03-03 18:19:55.169 20578  8751  8751 D 03F00/ArkCompiler: #12:  /system/lib64/libuv.so(+15753)
03-03 18:19:55.169 20578  8751  8751 D 03F00/ArkCompiler: #13:  /system/lib64/libuv.so(+1622b)
03-03 18:19:55.169 20578  8751  8751 D 03F00/ArkCompiler: #14:  /system/lib64/libruntime.z.so(+2b87b)
03-03 18:19:55.169 20578  8751  8751 D 03F00/ArkCompiler: #15:  /system/lib64/platformsdk/libeventhandler.z.so(+14f0f)
03-03 18:19:55.170 20578  8751  8751 E LOGLIMIT: process car drop log, threshold:13050
03-03 18:19:55.237  2261        2679 I 00202/HwWifiScoreReportEx: Score = 60, wifiConnectivityManagerEnabled = false, lowScoreCount = 0
03-03 18:19:55.331  5692        5692 W 00600/HwLauncher: MultiDevicesTaskCenterReporterUtils getRemoteDevicesTypesString remoteDevicesList is empty.
03-03 18:19:55.332  1875        2117 D 02D01/EngineEventSource: CreateAndPublishEvent: 990200931, trace flag:null
03-03 18:19:55.332  1875        2117 D 02D01/EngineEventVerify: CanProcessEvent: EngineEventVerify can NOT process event:990200931 .
03-03 18:19:55.332  1875        2085 W 02D01/DailyControl: OnEvent: threshold exceeded:990200931
03-03 18:19:55.444  5692       21669 I 03900/Ace: [js_task_executor.cpp(ThreadMain)-(-1)] js thread end
03-03 18:19:55.445  5692       21667 I 03900/Ace: [js_task_executor.cpp(ThreadMain)-(-1)] js thread end
03-03 18:19:55.446  5692       21668 I 03900/Ace: [js_task_executor.cpp(ThreadMain)-(-1)] js thread end
03-03 18:19:55.446  5692       21670 I 03900/Ace: [js_task_executor.cpp(ThreadMain)-(-1)] js thread end
03-03 18:19:55.447  5692       21673 I 03900/Ace: [js_task_executor.cpp(~JsTaskThread)-(-1)] [Dump js-thread] duration(ms): 503,tasksCount: 5,coupleCount: 3
03-03 18:19:55.447  5692       21673 I 03900/Ace: [js_task_executor.cpp(~JsTaskThread)-(-1)] [Dump js-thread] duration(ms): 510,tasksCount: 4,coupleCount: 3
03-03 18:19:55.447  5692       21673 I 03900/Ace: [js_task_executor.cpp(~JsTaskThread)-(-1)] [Dump js-thread] duration(ms): 503,tasksCount: 5,coupleCount: 3
03-03 18:19:55.447  5692       21673 I 03900/Ace: [js_task_executor.cpp(~JsTaskThread)-(-1)] [Dump js-thread] duration(ms): 510,tasksCount: 1,coupleCount: 1
03-03 18:19:55.458 17444       21070 W 01510/IPCThreadSkeleton: TlsDestructor 37: thread exit, flush commands
03-03 18:19:55.907 27399     6    61 I 01300/AppexecfwkCore: [app_mgr_stub.cpp(OnRemoteRequest:119)]AppMgrStub::OnReceived, code = 27, flags= 0.
03-03 18:19:55.908 27399     6    61 I 01300/AppMgrService: [app_mgr_service_inner.cpp(NotifyMemoryLevel:798)]AppMgrServiceInner start
03-03 18:19:55.908 27399     6    61 D 01300/AbilityManagerService: [permission_verification.cpp(IsSACall:43)]IsSACall: is called.
03-03 18:19:55.908 27399     6    61 D 01300/AbilityManagerService: [permission_verification.cpp(GetCallingTokenID:297)]callerToken : <private>
03-03 18:19:55.908 27399     6    61 D 02F01/AccessTokenKit: [GetTokenTypeFlag]:called, tokenID=1000
03-03 18:19:55.908 27399     6    61 D 01300/AbilityManagerService: [permission_verification.cpp(IsSACall:50)]Not SA called.
03-03 18:19:55.908 27399     6    61 D 01300/AbilityManagerService: [permission_verification.cpp(VerifyCallingPermission:30)]VerifyCallingPermission permission ohos.permission.MANAGER_ABILITY_FROM_GATEWAY
03-03 18:19:55.908 27399     6    61 D 01300/AbilityManagerService: [permission_verification.cpp(GetCallingTokenID:297)]callerToken : <private>
03-03 18:19:55.908 27399     6    61 D 02F01/AccessTokenKit: [VerifyAccessToken]:called, tokenID=1000, permissionName=ohos.permission.MANAGER_ABILITY_FROM_GATEWAY
03-03 18:19:55.908 27404     9     9 D 02F01/ATMStub: [OnRemoteRequest]:code 65296 token 672050185
03-03 18:19:55.908 27404     9     9 I 02F01/PermissionManagerImpl: [VerifyAccessToken]:VerifyAccessToken called, tokenID: 1000, permissionName: ohos.permission.MANAGER_ABILITY_FROM_GATEWAY
03-03 18:19:55.908 27404     9     9 I 02F01/PermissionManagerImpl: [VerifyAccessToken]:caller in white list is granted
03-03 18:19:55.908 27404     9     9 D 02F01/ATMServ: [VerifyAccessToken]:tokenID: 1000, permission: ohos.permission.MANAGER_ABILITY_FROM_GATEWAY, res 0
03-03 18:19:55.908 27399     6    61 D 02F01/ATMProxy: [VerifyAccessToken]:result from server data = 0
03-03 18:19:55.908 27399     6    61 D 01300/AbilityManagerService: [permission_verification.cpp(VerifyCallingPermission:37)]verify AccessToken success
03-03 18:19:55.908 27399     6    61 D 01300/AbilityManagerService: [permission_verification.cpp(IsGatewayCall:70)]IsGatewayCall: Permission verification succeeded.
03-03 18:19:55.909 27399     6    61 I 01300/AppMgrService: [app_running_manager.cpp(NotifyMemoryLevel:569)]call NotifyMemoryLevel, current app size 1
03-03 18:19:55.909 27399     6    61 I 01300/AppMgrService: [app_running_manager.cpp(NotifyMemoryLevel:572)]Notification app [com.example.car]
03-03 18:19:55.910  2261        2335 D 01510/IPCJni: Java_ohos_rpc_RemoteProxy_nativeSendRequest 818: success
03-03 18:19:55.944  5692       21673 I 03900/Ace: [js_task_executor.cpp(ThreadMain)-(-1)] js thread for delay task end
03-03 18:19:55.970  3349        3759 D 02F07/HSC_SEC_AI_PLUGIN_BG_SecurityThreatsService: handleMessage msg=2
03-03 18:19:55.971  3349        3759 I 02F07/HSC_SEC_AI_PLUGIN_BG_SecurityThreatsService: notifyRiskAppWhenStartUp, pid = 5692, uid = 10109
03-03 18:19:55.972  3349        3759 E 02F07/HSC_SEC_AI_PLUGIN_BG_AiProtectionUtils: AI is not supported, current platform is:kona
03-03 18:19:55.978  3349        3759 D 02F07/HSC_SEC_AI_PLUGIN_BG_VirusNotifyControl: notifyVirusWhenStartUp pkgs is empty
03-03 18:19:56.005 20578  8751  8775 D 01400/OHOS::ROSEN: RSRenderThread ProcessCommands size: 1
03-03 18:19:56.005 20578  8751  8775 D 01400/OHOS::ROSEN: RSRenderThread DrawFrame(202923856227350) in GPU
03-03 18:19:56.005 20578  8751  8775 D 01400/OHOS::ROSEN: SetPartialRenderStatus: 1->1, isRenderForced_=0, isEglSetDamageRegion_=1, isOpDropped_=0
03-03 18:19:56.005 20578  8751  8751 W 03900/Ace: [scroll_paint_method.cpp(PaintScrollEffect)-(0)] scrollEdgeEffect is null, return on line 53
03-03 18:19:56.006 20578  8751  8775 D 01400/OHOS::ROSEN: RSSurfaceOhosGl:RequestFrame, width is 1600, height is 2560
03-03 18:19:56.006 20578  8751  8775 D 01402/2DGraphics: SetUpGrContext: grContext has already created!!
03-03 18:19:56.006 20578  8751  8775 D 01402/2DGraphics: AcquireSurface: CreateCanvas successfully!!! (0xb40000777789f000)
03-03 18:19:56.006 20578  8751  8775 D 01400/OHOS::ROSEN: UpdateDirtyAndSetEGLDamageRegion dirtyRect = [0, 0, 1600, 2560]
03-03 18:19:56.007 20578  8751  8775 D 01400/OHOS::ROSEN: RSRenderThreadVisitor FlushImplicitTransactionFromRT uiTimestamp = 202923839555977
03-03 18:19:56.007 20578  8751  8775 D 01400/OHOS::ROSEN: RSRenderThreadVisitor FlushFrame surfaceNodeId = 37585258807296, uiTimestamp = 202923839555977
03-03 18:19:56.007 20578  8751  8775 D 01402/2DGraphics: RenderFrame: RenderFrame: Canvas is 0xb40000777789f000
03-03 18:19:56.010 20578  8751  8775 D 01402/2DGraphics: SwapBuffers: SwapBuffers successfully, surface is 0xb400007739c26480
03-03 18:19:56.010 20578  8751  8775 D 01400/OHOS::ROSEN: RSSurfaceOhosGl: FlushFrame success
03-03 18:19:56.022 20578  8751  8775 D 01400/OHOS::ROSEN: RSRenderThread ProcessCommands size: 1
03-03 18:19:56.022 20578  8751  8775 D 01400/OHOS::ROSEN: RSRenderThread DrawFrame(202923872892654) in GPU
03-03 18:19:56.022 20578  8751  8775 D 01400/OHOS::ROSEN: SetPartialRenderStatus: 1->1, isRenderForced_=0, isEglSetDamageRegion_=1, isOpDropped_=0
03-03 18:19:56.022 20578  8751  8751 W 03900/Ace: [scroll_paint_method.cpp(PaintScrollEffect)-(0)] scrollEdgeEffect is null, return on line 53
03-03 18:19:56.022 20578  8751  8775 D 01400/OHOS::ROSEN: RSSurfaceOhosGl:RequestFrame, width is 1600, height is 2560
03-03 18:19:56.022 20578  8751  8775 D 01402/2DGraphics: SetUpGrContext: grContext has already created!!
03-03 18:19:56.023 20578  8751  8775 D 01402/2DGraphics: AcquireSurface: CreateCanvas successfully!!! (0xb40000777789f000)
03-03 18:19:56.023 20578  8751  8775 D 01400/OHOS::ROSEN: UpdateDirtyAndSetEGLDamageRegion dirtyRect = [0, 0, 1600, 2560]
03-03 18:19:56.024 20578  8751  8775 D 01400/OHOS::ROSEN: RSRenderThreadVisitor FlushImplicitTransactionFromRT uiTimestamp = 202923856227350
03-03 18:19:56.024 20578  8751  8775 D 01400/OHOS::ROSEN: RSRenderThreadVisitor FlushFrame surfaceNodeId = 37585258807296, uiTimestamp = 202923856227350
03-03 18:19:56.024 20578  8751  8775 D 01402/2DGraphics: RenderFrame: RenderFrame: Canvas is 0xb40000777789f000
03-03 18:19:56.028 20578  8751  8775 D 01402/2DGraphics: SwapBuffers: SwapBuffers successfully, surface is 0xb400007739c26480
03-03 18:19:56.028 20578  8751  8775 D 01400/OHOS::ROSEN: RSSurfaceOhosGl: FlushFrame success
03-03 18:19:56.039 20578  8751  8775 D 01400/OHOS::ROSEN: RSRenderThread ProcessCommands size: 1
03-03 18:19:56.039 20578  8751  8751 W 03900/Ace: [scroll_paint_method.cpp(PaintScrollEffect)-(0)] scrollEdgeEffect is null, return on line 53
03-03 18:19:56.039 20578  8751  8775 D 01400/OHOS::ROSEN: RSRenderThread DrawFrame(202923889554890) in GPU
03-03 18:19:56.039 20578  8751  8775 D 01400/OHOS::ROSEN: SetPartialRenderStatus: 1->1, isRenderForced_=0, isEglSetDamageRegion_=1, isOpDropped_=0
03-03 18:19:56.039 20578  8751  8775 D 01400/OHOS::ROSEN: RSSurfaceOhosGl:RequestFrame, width is 1600, height is 2560
03-03 18:19:56.039 20578  8751  8775 D 01402/2DGraphics: SetUpGrContext: grContext has already created!!
03-03 18:19:56.040 20578  8751  8775 D 01402/2DGraphics: AcquireSurface: CreateCanvas successfully!!! (0xb40000777789f000)
03-03 18:19:56.040 20578  8751  8775 D 01400/OHOS::ROSEN: UpdateDirtyAndSetEGLDamageRegion dirtyRect = [0, 0, 1600, 2560]
03-03 18:19:56.041 20578  8751  8775 D 01400/OHOS::ROSEN: RSRenderThreadVisitor FlushImplicitTransactionFromRT uiTimestamp = 202923872892654
03-03 18:19:56.041 20578  8751  8775 D 01400/OHOS::ROSEN: RSRenderThreadVisitor FlushFrame surfaceNodeId = 37585258807296, uiTimestamp = 202923872892654
03-03 18:19:56.041 20578  8751  8775 D 01402/2DGraphics: RenderFrame: RenderFrame: Canvas is 0xb40000777789f000
03-03 18:19:56.045 20578  8751  8775 D 01402/2DGraphics: SwapBuffers: SwapBuffers successfully, surface is 0xb400007739c26480
03-03 18:19:56.045 20578  8751  8775 D 01400/OHOS::ROSEN: RSSurfaceOhosGl: FlushFrame success
03-03 18:19:56.055 20578  8751  8775 D 01400/OHOS::ROSEN: RSRenderThread ProcessCommands size: 1
03-03 18:19:56.055 20578  8751  8775 D 01400/OHOS::ROSEN: RSRenderThread DrawFrame(202923906223902) in GPU
03-03 18:19:56.056 20578  8751  8775 D 01400/OHOS::ROSEN: SetPartialRenderStatus: 1->1, isRenderForced_=0, isEglSetDamageRegion_=1, isOpDropped_=0
03-03 18:19:56.056 20578  8751  8775 D 01400/OHOS::ROSEN: RSSurfaceOhosGl:RequestFrame, width is 1600, height is 2560
03-03 18:19:56.056 20578  8751  8775 D 01402/2DGraphics: SetUpGrContext: grContext has already created!!
03-03 18:19:56.056 20578  8751  8775 D 01402/2DGraphics: AcquireSurface: CreateCanvas successfully!!! (0xb40000777789f000)
03-03 18:19:56.056 20578  8751  8775 D 01400/OHOS::ROSEN: UpdateDirtyAndSetEGLDamageRegion dirtyRect = [0, 0, 1600, 2560]
03-03 18:19:56.057 20578  8751  8775 D 01400/OHOS::ROSEN: RSRenderThreadVisitor FlushImplicitTransactionFromRT uiTimestamp = 202923889554890
03-03 18:19:56.057 20578  8751  8775 D 01400/OHOS::ROSEN: RSRenderThreadVisitor FlushFrame surfaceNodeId = 37585258807296, uiTimestamp = 202923889554890
03-03 18:19:56.057 20578  8751  8775 D 01402/2DGraphics: RenderFrame: RenderFrame: Canvas is 0xb40000777789f000
03-03 18:19:56.060 20578  8751  8775 D 01402/2DGraphics: SwapBuffers: SwapBuffers successfully, surface is 0xb400007739c26480
03-03 18:19:56.061 20578  8751  8775 D 01400/OHOS::ROSEN: RSSurfaceOhosGl: FlushFrame success
03-03 18:19:56.067 20578  8751  8751 D 03F00/ArkCompiler: [gc] AddRegion:24 Add region:0x772a940000 to semi space
03-03 18:19:56.070 20578  8751  8751 I 03900/Ace: [js_view_abstract.cpp(ParseBorderStyle)-(0)] args(undefined) is invalid, use default value.
03-03 18:19:56.073  2261        2761 E 00202/WifiEnhanceServiceImpl: ctrlHwWifiNetwork pkgName: WIFIPRO_SERVICE interfaceId: 8
03-03 18:19:56.081 20578  8751  8751 W 03900/Ace: [text_field_pattern.cpp(UpdateCaretPosition)-(0)] Not on focus, cannot update caret
03-03 18:19:56.082 20578  8751  8751 W 03900/Ace: [scroll_paint_method.cpp(PaintScrollEffect)-(0)] scrollEdgeEffect is null, return on line 53
03-03 18:19:56.084 20578  8751  8751 W 03900/Ace: [scroll_paint_method.cpp(PaintScrollEffect)-(0)] scrollEdgeEffect is null, return on line 53
03-03 18:19:56.088 20578  8751  8775 D 01400/OHOS::ROSEN: RSRenderThread ProcessCommands size: 2
03-03 18:19:56.089 20578  8751  8751 W 03900/Ace: [scroll_paint_method.cpp(PaintScrollEffect)-(0)] scrollEdgeEffect is null, return on line 53
03-03 18:19:56.089 20578  8751  8775 D 01400/OHOS::ROSEN: RSRenderThread DrawFrame(202923939564835) in GPU
03-03 18:19:56.089 20578  8751  8775 D 01400/OHOS::ROSEN: SetPartialRenderStatus: 1->1, isRenderForced_=0, isEglSetDamageRegion_=1, isOpDropped_=0
03-03 18:19:56.089 20578  8751  8775 D 01400/OHOS::ROSEN: RSSurfaceOhosGl:RequestFrame, width is 1600, height is 2560
03-03 18:19:56.089 20578  8751  8775 D 01402/2DGraphics: SetUpGrContext: grContext has already created!!
03-03 18:19:56.089 20578  8751  8775 D 01402/2DGraphics: AcquireSurface: CreateCanvas successfully!!! (0xb40000777789f000)
03-03 18:19:56.089 20578  8751  8775 D 01400/OHOS::ROSEN: UpdateDirtyAndSetEGLDamageRegion dirtyRect = [0, 0, 1600, 2560]
03-03 18:19:56.090 20578  8751  8775 D 01400/OHOS::ROSEN: RSRenderThreadVisitor FlushImplicitTransactionFromRT uiTimestamp = 202923922891987
03-03 18:19:56.090 20578  8751  8775 D 01400/OHOS::ROSEN: RSRenderThreadVisitor FlushFrame surfaceNodeId = 37585258807296, uiTimestamp = 202923922891987
03-03 18:19:56.090 20578  8751  8775 D 01402/2DGraphics: RenderFrame: RenderFrame: Canvas is 0xb40000777789f000
03-03 18:19:56.092 20578  8751  8775 D 01402/2DGraphics: SwapBuffers: SwapBuffers successfully, surface is 0xb400007739c26480
03-03 18:19:56.092 20578  8751  8775 D 01400/OHOS::ROSEN: RSSurfaceOhosGl: FlushFrame success
03-03 18:19:56.105 20578  8751  8775 D 01400/OHOS::ROSEN: RSRenderThread ProcessCommands size: 1
03-03 18:19:56.105 20578  8751  8751 W 03900/Ace: [scroll_paint_method.cpp(PaintScrollEffect)-(0)] scrollEdgeEffect is null, return on line 53
03-03 18:19:56.105 20578  8751  8775 D 01400/OHOS::ROSEN: RSRenderThread DrawFrame(202923956234671) in GPU
03-03 18:19:56.105 20578  8751  8775 D 01400/OHOS::ROSEN: SetPartialRenderStatus: 1->1, isRenderForced_=0, isEglSetDamageRegion_=1, isOpDropped_=0
03-03 18:19:56.106 20578  8751  8775 D 01400/OHOS::ROSEN: RSSurfaceOhosGl:RequestFrame, width is 1600, height is 2560
03-03 18:19:56.106 20578  8751  8775 D 01402/2DGraphics: SetUpGrContext: grContext has already created!!
03-03 18:19:56.106 20578  8751  8775 D 01402/2DGraphics: AcquireSurface: CreateCanvas successfully!!! (0xb40000777789f000)
03-03 18:19:56.106 20578  8751  8775 D 01400/OHOS::ROSEN: UpdateDirtyAndSetEGLDamageRegion dirtyRect = [0, 0, 1600, 2560]
03-03 18:19:56.106 20578  8751  8775 D 01400/OHOS::ROSEN: RSRenderThreadVisitor FlushImplicitTransactionFromRT uiTimestamp = 202923939564835
03-03 18:19:56.106 20578  8751  8775 D 01400/OHOS::ROSEN: RSRenderThreadVisitor FlushFrame surfaceNodeId = 37585258807296, uiTimestamp = 202923939564835
03-03 18:19:56.106 20578  8751  8775 D 01402/2DGraphics: RenderFrame: RenderFrame: Canvas is 0xb40000777789f000
03-03 18:19:56.108 20578  8751  8775 D 01402/2DGraphics: SwapBuffers: SwapBuffers successfully, surface is 0xb400007739c26480
03-03 18:19:56.108 20578  8751  8775 D 01400/OHOS::ROSEN: RSSurfaceOhosGl: FlushFrame success
03-03 18:19:56.123 20578  8751  8775 D 01400/OHOS::ROSEN: RSRenderThread ProcessCommands size: 1
03-03 18:19:56.123 20578  8751  8775 D 01400/OHOS::ROSEN: RSRenderThread DrawFrame(202923972904292) in GPU
03-03 18:19:56.123 20578  8751  8775 D 01400/OHOS::ROSEN: SetPartialRenderStatus: 1->1, isRenderForced_=0, isEglSetDamageRegion_=1, isOpDropped_=0
03-03 18:19:56.123 20578  8751  8751 W 03900/Ace: [scroll_paint_method.cpp(PaintScrollEffect)-(0)] scrollEdgeEffect is null, return on line 53
03-03 18:19:56.123 20578  8751  8775 D 01400/OHOS::ROSEN: RSSurfaceOhosGl:RequestFrame, width is 1600, height is 2560
03-03 18:19:56.123 20578  8751  8775 D 01402/2DGraphics: SetUpGrContext: grContext has already created!!
03-03 18:19:56.123 20578  8751  8775 D 01402/2DGraphics: AcquireSurface: CreateCanvas successfully!!! (0xb40000777789f000)
03-03 18:19:56.123 20578  8751  8775 D 01400/OHOS::ROSEN: UpdateDirtyAndSetEGLDamageRegion dirtyRect = [0, 0, 1600, 2560]
03-03 18:19:56.124 20578  8751  8775 D 01400/OHOS::ROSEN: RSRenderThreadVisitor FlushImplicitTransactionFromRT uiTimestamp = 202923956234671
03-03 18:19:56.124 20578  8751  8775 D 01400/OHOS::ROSEN: RSRenderThreadVisitor FlushFrame surfaceNodeId = 37585258807296, uiTimestamp = 202923956234671
03-03 18:19:56.124 20578  8751  8775 D 01402/2DGraphics: RenderFrame: RenderFrame: Canvas is 0xb40000777789f000
03-03 18:19:56.127 20578  8751  8775 D 01402/2DGraphics: SwapBuffers: SwapBuffers successfully, surface is 0xb400007739c26480
03-03 18:19:56.127 20578  8751  8775 D 01400/OHOS::ROSEN: RSSurfaceOhosGl: FlushFrame success
03-03 18:19:56.138 20578  8751  8775 D 01400/OHOS::ROSEN: RSRenderThread ProcessCommands size: 1
03-03 18:19:56.138 20578  8751  8775 D 01400/OHOS::ROSEN: RSRenderThread DrawFrame(202923989571574) in GPU
03-03 18:19:56.139 20578  8751  8775 D 01400/OHOS::ROSEN: SetPartialRenderStatus: 1->1, isRenderForced_=0, isEglSetDamageRegion_=1, isOpDropped_=0
03-03 18:19:56.139 20578  8751  8751 W 03900/Ace: [scroll_paint_method.cpp(PaintScrollEffect)-(0)] scrollEdgeEffect is null, return on line 53
03-03 18:19:56.139 20578  8751  8775 D 01400/OHOS::ROSEN: RSSurfaceOhosGl:RequestFrame, width is 1600, height is 2560
03-03 18:19:56.139 20578  8751  8775 D 01402/2DGraphics: SetUpGrContext: grContext has already created!!
03-03 18:19:56.139 20578  8751  8775 D 01402/2DGraphics: AcquireSurface: CreateCanvas successfully!!! (0xb40000777789f000)
03-03 18:19:56.139 20578  8751  8775 D 01400/OHOS::ROSEN: UpdateDirtyAndSetEGLDamageRegion dirtyRect = [0, 0, 1600, 2560]
03-03 18:19:56.139 20578  8751  8775 D 01400/OHOS::ROSEN: RSRenderThreadVisitor FlushImplicitTransactionFromRT uiTimestamp = 202923972904292
03-03 18:19:56.139 20578  8751  8775 D 01400/OHOS::ROSEN: RSRenderThreadVisitor FlushFrame surfaceNodeId = 37585258807296, uiTimestamp = 202923972904292
03-03 18:19:56.139 20578  8751  8775 D 01402/2DGraphics: RenderFrame: RenderFrame: Canvas is 0xb40000777789f000
03-03 18:19:56.141 20578  8751  8775 D 01402/2DGraphics: SwapBuffers: SwapBuffers successfully, surface is 0xb400007739c26480
03-03 18:19:56.141 20578  8751  8775 D 01400/OHOS::ROSEN: RSSurfaceOhosGl: FlushFrame success
03-03 18:19:56.155 20578  8751  8775 D 01400/OHOS::ROSEN: RSRenderThread ProcessCommands size: 1
03-03 18:19:56.155 20578  8751  8775 D 01400/OHOS::ROSEN: RSRenderThread DrawFrame(202924006237187) in GPU
03-03 18:19:56.155 20578  8751  8775 D 01400/OHOS::ROSEN: SetPartialRenderStatus: 1->1, isRenderForced_=0, isEglSetDamageRegion_=1, isOpDropped_=0
03-03 18:19:56.155 20578  8751  8751 W 03900/Ace: [scroll_paint_method.cpp(PaintScrollEffect)-(0)] scrollEdgeEffect is null, return on line 53
03-03 18:19:56.156 20578  8751  8775 D 01400/OHOS::ROSEN: RSSurfaceOhosGl:RequestFrame, width is 1600, height is 2560
03-03 18:19:56.156 20578  8751  8775 D 01402/2DGraphics: SetUpGrContext: grContext has already created!!
